=== 14:15:35 three-head-3 node=v22.23.2 arm=head (0dccd187d7) runner=rig args= load=22.51 27.85 26.50
RIG_ARM=head
RIG_LOG_DIR=/Users/wenshao/pr13366-rig/out/runs/three-head-3
RIG_ORDER=A,B,C
RIG_SCENARIO=three
RIG_TAP=1
[rig] {"t":209,"what":"created","label":"A","session":"8c1d0570-37f1-49ef-83a6-324a48c303b4"}
[rig] {"t":239,"what":"created","label":"B","session":"a78c96e6-0e0a-406e-a544-2db0840c2758"}
[rig] {"t":295,"what":"created","label":"C","session":"0f0f5693-1c31-4d73-85ed-6b19b9fb8d65"}
[rig] {"t":1098,"what":"lease","row":"21ebf010-8b6c-4ba1-b310-e73d5c94af5c 1"}
[rig] {"t":1486,"what":"lease","row":"- -"}
[rig] {"t":1618,"what":"lease","row":"6c22087b-d06d-4e73-807e-6f31fc60fec5 1"}
[rig] {"t":1721,"what":"terminal","label":"C","type":"turn.completed","data":"{\"stopReason\":\"end_turn\"}"}
[rig] {"t":2002,"what":"lease","row":"- -"}
[rig] {"t":2135,"what":"terminal","label":"B","type":"turn.completed","data":"{\"stopReason\":\"end_turn\"}"}
[rig] {"t":2264,"what":"lease","row":"3d9a9410-76f3-4c93-b524-e153e2da23b7 1"}
[rig] {"t":2643,"what":"lease","row":"- -"}
[rig] {"t":2843,"what":"terminal","label":"A","type":"turn.completed","data":"{\"stopReason\":\"end_turn\"}"}
RIG_RESULT {"arm":"head","scenario":"three","order":["A","B","C"],"terminals":{"A":{"type":"turn.completed","atMs":2843,"text":"SECOND_SESSION_A_DONE"},"B":{"type":"turn.completed","atMs":2135,"text":"SECOND_SESSION_B_DONE"},"C":{"type":"turn.completed","atMs":1721,"text":"SECOND_SESSION_C_DONE"}},"turns":{"A":[{"status":"completed"}],"B":[{"status":"completed"}],"C":[{"status":"completed"}]},"files":{"A":"SECOND_A","B":"SECOND_B","C":"SECOND_C"},"crossTalk":false,"queueNotices":2,"turnFailures":[],"toolExecutions":["SETTLED:3"],"finalLease":"- -","timeline":[{"t":209,"what":"created","label":"A","session":"8c1d0570-37f1-49ef-83a6-324a48c303b4"},{"t":239,"what":"created","label":"B","session":"a78c96e6-0e0a-406e-a544-2db0840c2758"},{"t":295,"what":"created","label":"C","session":"0f0f5693-1c31-4d73-85ed-6b19b9fb8d65"},{"t":1098,"what":"lease","row":"21ebf010-8b6c-4ba1-b310-e73d5c94af5c 1"},{"t":1486,"what":"lease","row":"- -"},{"t":1618,"what":"lease","row":"6c22087b-d06d-4e73-807e-6f31fc60fec5 1"},{"t":1721,"what":"terminal","label":"C","type":"turn.completed","data":"{\"stopReason\":\"end_turn\"}"},{"t":2002,"what":"lease","row":"- -"},{"t":2135,"what":"terminal","label":"B","type":"turn.completed","data":"{\"stopReason\":\"end_turn\"}"},{"t":2264,"what":"lease","row":"3d9a9410-76f3-4c93-b524-e153e2da23b7 1"},{"t":2643,"what":"lease","row":"- -"},{"t":2843,"what":"terminal","label":"A","type":"turn.completed","data":"{\"stopReason\":\"end_turn\"}"}]}
[three-head-3] exit=0 wall=12s
