# c23-approve-retry-regen-restore-ws-a5  db=cx9  2026-10-08T09:32:17.061Z
PASS  initial Turn COMPLETED after approval
PASS  later Turn waits for approval  -> tool_approval_0fa4372a254eea23479fe75649b50731
NOTE  approval answer (public)  -> 202 pending
NOTE  answer operation after 12000 ms under regen (state, error, attempts)  -> ["FAILED","workspace_unavailable","1"] settled at +1803 ms; states seen ["RUNNING","FAILED"]
NOTE  resolve calls reaching the Harness during the hold  -> ["-:200","respond:503"]
NOTE  Action row during the hold  -> ["requested"]
NOTE  Workspace file child/a2-37350.txt during the hold  -> null
PASS  regen: structural change fails the answer terminally  -> ["FAILED","workspace_unavailable","1"]
PASS  regen: nothing delivered to the Harness  -> delivered=0 file=null
NOTE  answer operation after the restore  -> ["FAILED","workspace_unavailable","1"] at +49 ms
NOTE  Action row after the restore  -> ["requested"]
NOTE  Turn after the restore  -> RUNNING  (not terminal)
NOTE  resolve calls reaching the Harness (all)  -> ["-:200","respond:503"]
NOTE  Workspace file child/a2-37350.txt / executions added  -> null / 0
PASS  restore after a structural failure: the failed answer is not resurrected  -> ["FAILED","workspace_unavailable","1"] delivered=0 file=null
NOTE  cleanup cancel of the stranded Turn  -> 202 → CANCELLED at +527 ms
NOTE  Harness calls for the Session after the first 503 (method path status)  -> ["POST /session/:id/actions/:a/resolve respond:503","POST /session/:id/cancel 204"]
NOTE  Turn history  -> [["turn_d5e9bd6a30f64a1a96c4af2c4d3a777d","COMPLETED","","0"],["turn_bc92f869ea4f4ba6824beb7f5394bc7e","CANCELLED","","0"]]
== c23-approve-retry-regen-restore-ws-a5: 5 passed, 0 failed
