# c23-approve-retry-revoke-restore-ws-a1  db=cx9  2026-10-08T09:28:12.117Z
PASS  initial Turn COMPLETED after approval
PASS  later Turn waits for approval  -> tool_approval_d6bd356a96ae530187285dd0c89f3605
NOTE  approval answer (public)  -> 202 pending
NOTE  answer operation after 12000 ms under revoke (state, error, attempts)  -> ["FAILED","workspace_unavailable","1"] settled at +1814 ms; states seen ["RUNNING","FAILED"]
NOTE  resolve calls reaching the Harness during the hold  -> ["-:200","respond:503"]
NOTE  Action row during the hold  -> ["requested"]
NOTE  Workspace file child/a2-92431.txt during the hold  -> null
FAIL  revoke: answer stays retryable (PENDING, not FAILED) while the state is changed  -> ["FAILED","workspace_unavailable","1"]
PASS  revoke: nothing delivered to the Harness while the state is changed  -> delivered=0 file=null
NOTE  answer operation after the restore  -> ["FAILED","workspace_unavailable","1"] at +34 ms
NOTE  Action row after the restore  -> ["requested"]
NOTE  Turn after the restore  -> RUNNING  (not terminal)
NOTE  resolve calls reaching the Harness (all)  -> ["-:200","respond:503"]
NOTE  Workspace file child/a2-92431.txt / executions added  -> null / 0
FAIL  restore: the committed answer is delivered (op COMPLETED, Action decided)  -> ["FAILED","workspace_unavailable","1"] ["requested"]
FAIL  restore: exactly one successful resolve reached the Harness  -> ["-:200","respond:503"]
FAIL  restore: the Turn completes and the approved write lands  -> RUNNING file=null
NOTE  cleanup cancel of the stranded Turn  -> 202 → CANCELLED at +760 ms
NOTE  Turn history  -> [["turn_50d282a2a96e41fd8f1e6e916690dd52","COMPLETED","","0"],["turn_21932b4d74b249e2b846972effe21973","CANCELLED","","0"]]
== c23-approve-retry-revoke-restore-ws-a1: 3 passed, 4 failed
