[CASE] {"arm":"old","path":"domain","name":"control","result":"committed","bodies":1,"reopen":"reopens"}
[CASE] {"arm":"old","path":"domain","name":"commandId control char","result":"ManagedSessionRecordError: payload.operationId must not contain control characters.","bodies":1,"reopen":"-"}
[CASE] {"arm":"old","path":"domain","name":"commandId 512 bytes","result":"committed","bodies":1,"reopen":"reopens"}
[CASE] {"arm":"old","path":"domain","name":"commandId 513 bytes","result":"ManagedSessionRecordError: payload.operationId exceeds 512 UTF-8 bytes.","bodies":1,"reopen":"-"}
[CASE] {"arm":"old","path":"domain","name":"commandId NFD","result":"ManagedSessionRecordError: payload.operationId must use NFC normalization.","bodies":1,"reopen":"-"}
[CASE] {"arm":"old","path":"domain","name":"commandId lone surrogate","result":"ManagedSessionRecordError: payload.operationId must be valid UTF-8 text.","bodies":1,"reopen":"-"}
[CASE] {"arm":"old","path":"domain","name":"commandId empty","result":"ManagedSessionRecordError: payload.operationId must be a non-empty string.","bodies":1,"reopen":"-"}
[CASE] {"arm":"old","path":"domain","name":"operation 4096 bytes","result":"committed","bodies":1,"reopen":"reopens"}
[CASE] {"arm":"old","path":"domain","name":"operation 4097 bytes","result":"ManagedSessionRecordError: commit.operation exceeds 4096 UTF-8 bytes.","bodies":1,"reopen":"-"}
[CASE] {"arm":"old","path":"domain","name":"operation control char","result":"ManagedSessionRecordError: commit.operation must not contain control characters.","bodies":1,"reopen":"-"}
[CASE] {"arm":"old","path":"domain","name":"operation empty","result":"ManagedSessionRecordError: commit.operation must be a non-empty string.","bodies":1,"reopen":"-"}
[CASE] {"arm":"old","path":"domain","name":"contentDigest uppercase","result":"ManagedSessionRecordError: commit.contentDigest must be a lowercase SHA-256 hex digest.","bodies":1,"reopen":"-"}
[CASE] {"arm":"old","path":"domain","name":"contentDigest 63 hex","result":"ManagedSessionRecordError: commit.contentDigest must be a lowercase SHA-256 hex digest.","bodies":1,"reopen":"-"}
[CASE] {"arm":"old","path":"domain","name":"contentDigest non-hex","result":"ManagedSessionRecordError: commit.contentDigest must be a lowercase SHA-256 hex digest.","bodies":1,"reopen":"-"}
[CASE] {"arm":"old","path":"extension","name":"control","result":"committed","bodies":1,"reopen":"reopens"}
[CASE] {"arm":"old","path":"extension","name":"commandId control char","result":"ManagedSessionRecordError: payload.operationId must not contain control characters.","bodies":1,"reopen":"-"}
[CASE] {"arm":"old","path":"extension","name":"commandId 512 bytes","result":"committed","bodies":1,"reopen":"reopens"}
[CASE] {"arm":"old","path":"extension","name":"commandId 513 bytes","result":"ManagedSessionRecordError: payload.operationId exceeds 512 UTF-8 bytes.","bodies":1,"reopen":"-"}
[CASE] {"arm":"old","path":"extension","name":"commandId NFD","result":"ManagedSessionRecordError: payload.operationId must use NFC normalization.","bodies":1,"reopen":"-"}
[CASE] {"arm":"old","path":"extension","name":"commandId lone surrogate","result":"ManagedSessionRecordError: payload.operationId must be valid UTF-8 text.","bodies":1,"reopen":"-"}
[CASE] {"arm":"old","path":"extension","name":"commandId empty","result":"ManagedSessionRecordError: payload.operationId must be a non-empty string.","bodies":1,"reopen":"-"}
[CASE] {"arm":"old","path":"extension","name":"operation 4096 bytes","result":"committed","bodies":1,"reopen":"reopens"}
[CASE] {"arm":"old","path":"extension","name":"operation 4097 bytes","result":"ManagedSessionRecordError: commit.operation exceeds 4096 UTF-8 bytes.","bodies":1,"reopen":"-"}
[CASE] {"arm":"old","path":"extension","name":"operation control char","result":"ManagedSessionRecordError: commit.operation must not contain control characters.","bodies":1,"reopen":"-"}
[CASE] {"arm":"old","path":"extension","name":"operation empty","result":"ManagedSessionRecordError: commit.operation must be a non-empty string.","bodies":1,"reopen":"-"}
[CASE] {"arm":"old","path":"extension","name":"contentDigest uppercase","result":"ManagedSessionRecordError: commit.contentDigest must be a lowercase SHA-256 hex digest.","bodies":1,"reopen":"-"}
[CASE] {"arm":"old","path":"extension","name":"contentDigest 63 hex","result":"ManagedSessionRecordError: commit.contentDigest must be a lowercase SHA-256 hex digest.","bodies":1,"reopen":"-"}
[CASE] {"arm":"old","path":"extension","name":"contentDigest non-hex","result":"ManagedSessionRecordError: commit.contentDigest must be a lowercase SHA-256 hex digest.","bodies":1,"reopen":"-"}
[RESULT] {"arm":"old","cases":28}
