# s1-profiles-head5 db=g14 arm=head5 2026-10-05T09:15:18.116Z
[setup] arm=head5 harness=http://127.0.0.1:49237 ws=ws-c
[create] hosted-workspace-files/1 -> 200; turn admit=202 terminal=turn_complete(end_turn) recoveryBlocked=false 1015ms; advertised=["read_file","write_file","edit"]
[create] hosted-workspace-files/2 -> 200; turn admit=202 terminal=turn_complete(end_turn) recoveryBlocked=false 358ms; advertised=["read_file","write_file","edit","glob"]
[create] hosted-workspace-shell/1 -> 200; turn admit=202 terminal=turn_complete(end_turn) recoveryBlocked=false 471ms; advertised=["read_file","write_file","edit","run_shell_command"]
[create] hosted-workspace-shell/2 -> 200; turn admit=202 terminal=turn_complete(end_turn) recoveryBlocked=false 368ms; advertised=["read_file","write_file","edit","run_shell_command","glob"]
[PASS] files/1 tools  -> ["read_file","write_file","edit"]
[PASS] files/2 tools  -> ["read_file","write_file","edit","glob"]
[PASS] shell/1 has no glob  -> ["read_file","write_file","edit","run_shell_command"]
[PASS] shell/2 = shell/1 + glob  -> ["read_file","write_file","edit","run_shell_command","glob"]
[pin] files/2 detach -> 204
[PASS] files/2 loaded as files/1 -> 409 hosted_tool_profile_conflict  -> 409 {"error":"hosted_tool_profile_conflict","code":"hosted_tool_profile_conflict"}
[PASS] files/2 loaded as shell/2 -> 409  -> 409 {"error":"hosted_tool_profile_conflict","code":"hosted_tool_profile_conflict"}
[PASS] files/2 reloaded with no profile keeps glob  -> 200 ["read_file","write_file","edit","glob"]
[PASS] files/1 loaded as files/2 -> 409  -> 409 {"error":"hosted_tool_profile_conflict","code":"hosted_tool_profile_conflict"}
[PASS] files/1 reloaded with no profile still has no glob  -> 200 ["read_file","write_file","edit"]
[unadvertised] admit=202 terminal=turn_error recoveryBlocked=false 388ms
[unadvertised broker] POST /runtimes:warm -> 200
[PASS] unadvertised glob: no Runtime execution prepared  -> POST /runtimes:warm -> 200
[PASS] unadvertised glob: Session not blocked  -> {"sessionId":"9720d335-4901-4fbb-8632-ed8a2a14a2cd","hasActivePrompt":false,"recoveryBlocked":false}
[PASS] unadvertised glob: next Turn completes  -> admit=202 terminal=turn_complete(end_turn) recoveryBlocked=false 493ms
[holders] []
[RESULT] s1-profiles-head5: 12 passed, 0 failed
