### /Users/wenshao/.local/share/fnm/node-versions/v22.23.2/installation/bin/node c1-cancel-refused.mjs ws-a a revoke alice
# c1-revoke-alice-late-ws-a  db=h7  2026-10-03T14:30:45.423Z
PASS  initial Turn COMPLETED  -> 39ffc462-7e42-4915-a89d-8815bddea1c8
PASS  later Turn admitted  -> 202 turn_2f06c38f3f5841748eb6fa2e6402da14
NOTE  cancel by alice under revoke  -> 202 accepted in 11 ms; workspaceTurns=false
NOTE  Turn end  -> CANCELLED  at +278 ms
NOTE  model request  -> aborted after 101 ms
NOTE  Workspace file child/late-revoke-47458.txt  -> null
NOTE  tool executions added by the later Turn  -> 0
NOTE  refusal lifted after the Turn ended  -> +1835 ms
NOTE  next later Turn after restore  -> 202  -> COMPLETED; file=AFTER
NOTE  Turn history  -> [["turn_0faaa6c4591f485f9a786dec1c946c2d","COMPLETED","","0"],["turn_2f06c38f3f5841748eb6fa2e6402da14","CANCELLED","","0"],["turn_dfbb1dcb7bce45268fced777fe2be8f7","COMPLETED","","0"]]
NOTE  command rows  -> [["SUBMIT_TURN","COMPLETED"],["CANCEL_TURN","COMPLETED"],["SUBMIT_TURN","COMPLETED"]]
== c1-revoke-alice-late-ws-a: 2 passed, 0 failed
RC=0
### /Users/wenshao/.local/share/fnm/node-versions/v22.23.2/installation/bin/node c1-cancel-refused.mjs ws-b b draining alice
# c1-draining-alice-late-ws-b  db=h7  2026-10-03T14:30:51.227Z
PASS  initial Turn COMPLETED  -> 3bf4b8cc-bb16-4f3f-8db7-0ae0502d209c
PASS  later Turn admitted  -> 202 turn_824cc2a2a9634529bc6638e59beb2450
NOTE  cancel by alice under draining  -> 202 accepted in 6 ms; workspaceTurns=false
NOTE  Turn end  -> CANCELLED  at +267 ms
NOTE  model request  -> aborted after 111 ms
NOTE  Workspace file child/late-draining-53507.txt  -> null
NOTE  tool executions added by the later Turn  -> 0
NOTE  refusal lifted after the Turn ended  -> +1829 ms
NOTE  next later Turn after restore  -> 202  -> COMPLETED; file=AFTER
NOTE  Turn history  -> [["turn_0bdc8ca61f044768b5847a6fc4bbf62f","COMPLETED","","0"],["turn_824cc2a2a9634529bc6638e59beb2450","CANCELLED","","0"],["turn_ff55127cc06c4168ad482cdca305507a","COMPLETED","","0"]]
NOTE  command rows  -> [["SUBMIT_TURN","COMPLETED"],["CANCEL_TURN","COMPLETED"],["SUBMIT_TURN","COMPLETED"]]
== c1-draining-alice-late-ws-b: 2 passed, 0 failed
RC=0
### /Users/wenshao/.local/share/fnm/node-versions/v22.23.2/installation/bin/node c1-cancel-refused.mjs ws-c c regen alice
# c1-regen-alice-late-ws-c  db=h7  2026-10-03T14:30:57.017Z
PASS  initial Turn COMPLETED  -> f35c62c5-18aa-4ba9-81d3-4e18a86dd271
PASS  later Turn admitted  -> 202 turn_c016bb95444342f3a848698adbd9d5ca
NOTE  cancel by alice under regen  -> 202 accepted in 6 ms; workspaceTurns=false
NOTE  Turn end  -> CANCELLED  at +272 ms
NOTE  model request  -> aborted after 41 ms
NOTE  Workspace file child/late-regen-58721.txt  -> null
NOTE  tool executions added by the later Turn  -> 0
NOTE  refusal lifted after the Turn ended  -> +1820 ms
NOTE  next later Turn after restore  -> 202  -> COMPLETED; file=AFTER
NOTE  Turn history  -> [["turn_dbf7aeabefff49d69407955d99283d48","COMPLETED","","0"],["turn_c016bb95444342f3a848698adbd9d5ca","CANCELLED","","0"],["turn_e7fc96b6d0aa41a881ea5009468004a5","COMPLETED","","0"]]
NOTE  command rows  -> [["SUBMIT_TURN","COMPLETED"],["CANCEL_TURN","COMPLETED"],["SUBMIT_TURN","COMPLETED"]]
== c1-regen-alice-late-ws-c: 2 passed, 0 failed
RC=0
### env RESTORE=early /Users/wenshao/.local/share/fnm/node-versions/v22.23.2/installation/bin/node c1-cancel-refused.mjs ws-ea a revoke alice
# c1-revoke-alice-early-ws-ea  db=h7  2026-10-03T14:31:01.633Z
PASS  initial Turn COMPLETED  -> a717f046-5a96-4799-aa36-e6e53a48e260
PASS  later Turn admitted  -> 202 turn_c988a218798041929cd58a2b651f70de
NOTE  cancel by alice under revoke  -> 202 accepted in 9 ms; workspaceTurns=false
NOTE  refusal lifted  -> +1075 ms
NOTE  Turn end  -> CANCELLED  at +1092 ms
NOTE  model request  -> aborted after 82 ms
NOTE  Workspace file child/late-revoke-63881.txt  -> null
NOTE  tool executions added by the later Turn  -> 0
NOTE  next later Turn after restore  -> 202  -> COMPLETED; file=AFTER
NOTE  Turn history  -> [["turn_70cc3ff81d7b407b9987f464804d5974","COMPLETED","","0"],["turn_c988a218798041929cd58a2b651f70de","CANCELLED","","0"],["turn_860127c8d9424c0c81adcc4dbb1341ac","COMPLETED","","0"]]
NOTE  command rows  -> [["SUBMIT_TURN","COMPLETED"],["CANCEL_TURN","COMPLETED"],["SUBMIT_TURN","COMPLETED"]]
== c1-revoke-alice-early-ws-ea: 2 passed, 0 failed
RC=0
### env RESTORE=early /Users/wenshao/.local/share/fnm/node-versions/v22.23.2/installation/bin/node c1-cancel-refused.mjs ws-eb b draining alice
# c1-draining-alice-early-ws-eb  db=h7  2026-10-03T14:31:08.000Z
PASS  initial Turn COMPLETED  -> fe6c62a9-140d-4c6c-8042-b1f83e13c9e2
PASS  later Turn admitted  -> 202 turn_3624e8049f8746f3bbb4629710ea8700
NOTE  cancel by alice under draining  -> 202 accepted in 5 ms; workspaceTurns=false
NOTE  refusal lifted  -> +1069 ms
NOTE  Turn end  -> CANCELLED  at +1092 ms
NOTE  model request  -> aborted after 33 ms
NOTE  Workspace file child/late-draining-70302.txt  -> null
NOTE  tool executions added by the later Turn  -> 0
NOTE  next later Turn after restore  -> 202  -> COMPLETED; file=AFTER
NOTE  Turn history  -> [["turn_866dcc822a114fe994290b8e465fc3b4","COMPLETED","","0"],["turn_3624e8049f8746f3bbb4629710ea8700","CANCELLED","","0"],["turn_48e0a3e71bf8469ca9c733a6d13729f4","COMPLETED","","0"]]
NOTE  command rows  -> [["SUBMIT_TURN","COMPLETED"],["CANCEL_TURN","COMPLETED"],["SUBMIT_TURN","COMPLETED"]]
== c1-draining-alice-early-ws-eb: 2 passed, 0 failed
RC=0
### /Users/wenshao/.local/share/fnm/node-versions/v22.23.2/installation/bin/node c1-cancel-refused.mjs ws-d d storage alice
# c1-storage-alice-late-ws-d  db=h7  2026-10-03T14:31:13.990Z
PASS  initial Turn COMPLETED  -> 047df630-4fd3-4b4f-812a-29e634a4b66f
PASS  later Turn admitted  -> 202 turn_7b751eb5320f43a8b0d7b84cdaa895ab
NOTE  cancel by alice under storage  -> 202 accepted in 5 ms; workspaceTurns=false
NOTE  Turn end  -> CANCELLED  at +260 ms
NOTE  model request  -> aborted after 64 ms
NOTE  Workspace file child/late-storage-75461.txt  -> null
NOTE  tool executions added by the later Turn  -> 0
NOTE  refusal lifted after the Turn ended  -> +1805 ms
NOTE  next later Turn after restore  -> 202  -> COMPLETED; file=AFTER
NOTE  Turn history  -> [["turn_642d06adf2464f5d835c94459daa286f","COMPLETED","","0"],["turn_7b751eb5320f43a8b0d7b84cdaa895ab","CANCELLED","","0"],["turn_25049da98e334c19b0780cc42f506b50","COMPLETED","","0"]]
NOTE  command rows  -> [["SUBMIT_TURN","COMPLETED"],["CANCEL_TURN","COMPLETED"],["SUBMIT_TURN","COMPLETED"]]
== c1-storage-alice-late-ws-d: 2 passed, 0 failed
RC=0
### /Users/wenshao/.local/share/fnm/node-versions/v22.23.2/installation/bin/node c1-cancel-refused.mjs ws-e e unread alice
# c1-unread-alice-late-ws-e  db=h7  2026-10-03T14:31:18.333Z
PASS  initial Turn COMPLETED  -> 015a4d16-47cb-4fc2-93ca-0205b722ecd9
PASS  later Turn admitted  -> 202 turn_c58ba7de39d8438fb4888c43ec464d4c
NOTE  cancel by alice under unread  -> 404 session_not_found in 4 ms; workspaceTurns=undefined
NOTE  Turn end  -> FAILED hosted_turn_failed at +30288 ms
NOTE  model request  -> NOT aborted: answered with write_file after 30000 ms
NOTE  Workspace file child/late-unread-79585.txt  -> null
NOTE  tool executions added by the later Turn  -> 0
NOTE  refusal lifted after the Turn ended  -> +31835 ms
NOTE  next later Turn after restore  -> 202  -> COMPLETED; file=AFTER
NOTE  Turn history  -> [["turn_94e2b26f3c6048738909b24cb3fae263","COMPLETED","","0"],["turn_c58ba7de39d8438fb4888c43ec464d4c","FAILED","hosted_turn_failed","0"],["turn_a37f8e3df49640e99aff8536dfbe8992","COMPLETED","","0"]]
NOTE  command rows  -> [["SUBMIT_TURN","COMPLETED"],["SUBMIT_TURN","COMPLETED"]]
== c1-unread-alice-late-ws-e: 2 passed, 0 failed
RC=0
### /Users/wenshao/.local/share/fnm/node-versions/v22.23.2/installation/bin/node c1-cancel-refused.mjs ws-f f control alice
# c1-control-alice-late-ws-f  db=h7  2026-10-03T14:31:52.498Z
PASS  initial Turn COMPLETED  -> 0c6bf2d1-42d6-4103-bf0e-460e5c2e5373
PASS  later Turn admitted  -> 202 turn_66056498b0d8413799b0a4cfb9c9f572
NOTE  cancel by alice under control  -> 202 accepted in 6 ms; workspaceTurns=true
NOTE  Turn end  -> CANCELLED  at +256 ms
NOTE  model request  -> aborted after 17 ms
NOTE  Workspace file child/late-control-13965.txt  -> null
NOTE  tool executions added by the later Turn  -> 0
NOTE  refusal lifted after the Turn ended  -> +1803 ms
NOTE  next later Turn after restore  -> 202  -> COMPLETED; file=AFTER
NOTE  Turn history  -> [["turn_67f78671fd5c4ceaa700496423c86b92","COMPLETED","","0"],["turn_66056498b0d8413799b0a4cfb9c9f572","CANCELLED","","0"],["turn_95f9d4f9b709475f9b03b9f9a3990daf","COMPLETED","","0"]]
NOTE  command rows  -> [["SUBMIT_TURN","COMPLETED"],["CANCEL_TURN","COMPLETED"],["SUBMIT_TURN","COMPLETED"]]
== c1-control-alice-late-ws-f: 2 passed, 0 failed
RC=0
### env HOLD=15000 /Users/wenshao/.local/share/fnm/node-versions/v22.23.2/installation/bin/node c1-cancel-refused.mjs ws-g g control bob
# c1-control-bob-late-ws-g  db=h7  2026-10-03T14:31:56.620Z
PASS  initial Turn COMPLETED  -> 7d9649a4-207a-41c0-8614-f492ec970911
PASS  later Turn admitted  -> 202 turn_74417229a1c14378baedf0c6a6d5d623
NOTE  cancel by bob under control  -> 409 workspace_unavailable in 4 ms; workspaceTurns=true
NOTE  Turn end  -> COMPLETED  at +15510 ms
NOTE  model request  -> NOT aborted: answered with write_file after 15000 ms
NOTE  Workspace file child/late-control-17863.txt  -> written-after-cancel
NOTE  tool executions added by the later Turn  -> 1
NOTE  refusal lifted after the Turn ended  -> +17056 ms
NOTE  next later Turn after restore  -> 202  -> COMPLETED; file=AFTER
NOTE  Turn history  -> [["turn_194f70997a1b4b5087fe9af47e0d07b8","COMPLETED","","0"],["turn_74417229a1c14378baedf0c6a6d5d623","COMPLETED","","0"],["turn_387cd0df50b54df08f423078f9a0e89e","COMPLETED","","0"]]
NOTE  command rows  -> [["SUBMIT_TURN","COMPLETED"],["SUBMIT_TURN","COMPLETED"]]
== c1-control-bob-late-ws-g: 2 passed, 0 failed
RC=0
### env HOLD=15000 /Users/wenshao/.local/share/fnm/node-versions/v22.23.2/installation/bin/node c1-cancel-refused.mjs ws-g g control carol
# c1-control-carol-late-ws-g  db=h7  2026-10-03T14:32:15.997Z
PASS  initial Turn COMPLETED  -> 384b8e51-a08c-486c-8852-cb9bba7aa0b1
PASS  later Turn admitted  -> 202 turn_033ea926c3004627b64d7fdba4f63b24
NOTE  cancel by carol under control  -> 409 workspace_unavailable in 3 ms; workspaceTurns=true
NOTE  Turn end  -> COMPLETED  at +15687 ms
NOTE  model request  -> NOT aborted: answered with write_file after 15000 ms
NOTE  Workspace file child/late-control-37183.txt  -> written-after-cancel
NOTE  tool executions added by the later Turn  -> 1
NOTE  refusal lifted after the Turn ended  -> +17236 ms
NOTE  next later Turn after restore  -> 202  -> COMPLETED; file=AFTER
NOTE  Turn history  -> [["turn_6127663df4cd49d1ac3475aab994a6d1","COMPLETED","","0"],["turn_033ea926c3004627b64d7fdba4f63b24","COMPLETED","","0"],["turn_9f0dc8b23aef45e1b111fa38cf5bc79b","COMPLETED","","0"]]
NOTE  command rows  -> [["SUBMIT_TURN","COMPLETED"],["SUBMIT_TURN","COMPLETED"]]
== c1-control-carol-late-ws-g: 2 passed, 0 failed
RC=0
### env HOLD=15000 /Users/wenshao/.local/share/fnm/node-versions/v22.23.2/installation/bin/node c1-cancel-refused.mjs ws-g g control mallory
# c1-control-mallory-late-ws-g  db=h7  2026-10-03T14:32:35.492Z
PASS  initial Turn COMPLETED  -> a0ad1758-74fb-4b63-bd57-40d8e39c97c7
PASS  later Turn admitted  -> 202 turn_ef53704bf6284ba08ad9406ee1f680eb
NOTE  cancel by mallory under control  -> 404 session_not_found in 3 ms; workspaceTurns=true
NOTE  Turn end  -> COMPLETED  at +15675 ms
NOTE  model request  -> NOT aborted: answered with write_file after 15000 ms
NOTE  Workspace file child/late-control-56679.txt  -> written-after-cancel
NOTE  tool executions added by the later Turn  -> 1
NOTE  refusal lifted after the Turn ended  -> +17222 ms
NOTE  next later Turn after restore  -> 202  -> COMPLETED; file=AFTER
NOTE  Turn history  -> [["turn_095dc9cb1ed04691837e87d5d195fa37","COMPLETED","","0"],["turn_ef53704bf6284ba08ad9406ee1f680eb","COMPLETED","","0"],["turn_2d3f4ca95f454352b40482be6a892fbb","COMPLETED","","0"]]
NOTE  command rows  -> [["SUBMIT_TURN","COMPLETED"],["SUBMIT_TURN","COMPLETED"]]
== c1-control-mallory-late-ws-g: 2 passed, 0 failed
RC=0
### env HOLD=15000 /Users/wenshao/.local/share/fnm/node-versions/v22.23.2/installation/bin/node c1-cancel-refused.mjs ws-g g revoke bob
# c1-revoke-bob-late-ws-g  db=h7  2026-10-03T14:32:54.984Z
PASS  initial Turn COMPLETED  -> fd2b5f33-722d-44b5-9d89-a651e0e73b6d
PASS  later Turn admitted  -> 202 turn_0fd91ca578e44746ab2fac853b923e96
NOTE  cancel by bob under revoke  -> 409 workspace_unavailable in 4 ms; workspaceTurns=false
NOTE  Turn end  -> FAILED hosted_turn_failed at +15440 ms
NOTE  model request  -> NOT aborted: answered with write_file after 15000 ms
NOTE  Workspace file child/late-revoke-76399.txt  -> null
NOTE  tool executions added by the later Turn  -> 0
NOTE  refusal lifted after the Turn ended  -> +16987 ms
NOTE  next later Turn after restore  -> 202  -> COMPLETED; file=AFTER
NOTE  Turn history  -> [["turn_c228cd90fcfc46959e564a23f07e11b4","COMPLETED","","0"],["turn_0fd91ca578e44746ab2fac853b923e96","FAILED","hosted_turn_failed","0"],["turn_a4a41a23df3947749aca359d74b746fb","COMPLETED","","0"]]
NOTE  command rows  -> [["SUBMIT_TURN","COMPLETED"],["SUBMIT_TURN","COMPLETED"]]
== c1-revoke-bob-late-ws-g: 2 passed, 0 failed
RC=0
### /Users/wenshao/.local/share/fnm/node-versions/v22.23.2/installation/bin/node c5-regen-admission.mjs ws-c5a a regen
# c5-regen-ws-c5a  db=h7  2026-10-03T14:33:14.247Z
PASS  initial Turn COMPLETED  -> bb10cdcc-225d-4ae8-aaf4-f3b3222d6a6f
NOTE  after regen: capability  -> workspaceTurns=false
NOTE  after regen: submit  -> 409 workspace_unavailable in 5 ms; turn=-; model calls +0
NOTE  after regen: rename  -> 409 workspace_unavailable
NOTE  rows before -> after the refused requests  -> {"turns":1,"commands":[]} -> {"turns":1,"commands":[]}
PASS  submit refused 409 workspace_unavailable  -> 409 workspace_unavailable
PASS  no Turn row written  -> 1 -> 1
PASS  rename refused 409  -> 409 workspace_unavailable
PASS  no command row written  -> 0 -> 0
PASS  after restore: rename 200 and later Turn COMPLETED  -> 200 restored regen; 202 COMPLETED
NOTE  Turn history  -> [["turn_4fd9c3ad77fd41f38651a4f78e2c4ea7","COMPLETED","","0"],["turn_77a03f738cfc45b4b34ce87c4af7b17c","COMPLETED","","0"]]
== c5-regen-ws-c5a: 6 passed, 0 failed
RC=0
### /Users/wenshao/.local/share/fnm/node-versions/v22.23.2/installation/bin/node c5-regen-admission.mjs ws-c5b b storage
# c5-storage-ws-c5b  db=h7  2026-10-03T14:33:16.990Z
PASS  initial Turn COMPLETED  -> 59b0a55a-8668-4f0c-8a1d-6dc9c1c66caf
NOTE  after storage: capability  -> workspaceTurns=false
NOTE  after storage: submit  -> 409 workspace_unavailable in 5 ms; turn=-; model calls +0
NOTE  after storage: rename  -> 409 workspace_unavailable
NOTE  rows before -> after the refused requests  -> {"turns":1,"commands":[]} -> {"turns":1,"commands":[]}
PASS  submit refused 409 workspace_unavailable  -> 409 workspace_unavailable
PASS  no Turn row written  -> 1 -> 1
PASS  rename refused 409  -> 409 workspace_unavailable
PASS  no command row written  -> 0 -> 0
PASS  after restore: rename 200 and later Turn COMPLETED  -> 200 restored storage; 202 COMPLETED
NOTE  Turn history  -> [["turn_2dd85557e1994b29b6ff7d95b3622e3f","COMPLETED","","0"],["turn_a79c17a460134162a95881b77498c76d","COMPLETED","","0"]]
== c5-storage-ws-c5b: 6 passed, 0 failed
RC=0
### /Users/wenshao/.local/share/fnm/node-versions/v22.23.2/installation/bin/node c7-replay-order.mjs ws-c7 c
# c7-replay-order-ws-c7  db=h7  2026-10-03T14:33:19.744Z
PASS  initial Turn COMPLETED  -> ddffee28-c670-4c84-a861-a50ead2f46fb
NOTE  alice: submit K1 / rename R1  -> 202 turn_71d281202b0940c595f453a0c96736f0; 200 private title
NOTE  mallory: GET session / replay alice's submit key / replay alice's rename key  -> {"actor":"mallory","read":404,"submitReplay":"404 session_not_found replay=-","renameReplay":"404 session_not_found"}
NOTE  bob: GET session / replay alice's submit key / replay alice's rename key  -> {"actor":"bob","read":200,"submitReplay":"409 workspace_unavailable replay=-","renameReplay":"409 workspace_unavailable"}
NOTE  carol: GET session / replay alice's submit key / replay alice's rename key  -> {"actor":"carol","read":200,"submitReplay":"409 workspace_unavailable replay=-","renameReplay":"409 workspace_unavailable"}
NOTE  alice after can_create revoked: replay K1 / R1  -> 202 turn_71d281202b0940c595f453a0c96736f0; 200 private title
NOTE  Turn history (no new Turn from replays)  -> [["turn_1913524922eb4862bcf58405932e460f","COMPLETED","","0"],["turn_71d281202b0940c595f453a0c96736f0","COMPLETED","","0"]]
== c7-replay-order-ws-c7: 1 passed, 0 failed
RC=0
### /Users/wenshao/.local/share/fnm/node-versions/v22.23.2/installation/bin/node c8-rename-refused.mjs bound ws-c8 d respond400
# c8-bound-respond400  db=h7  2026-10-03T14:33:21.844Z
PASS  initial Turn COMPLETED  -> c18de5fe-27b8-48de-9fd4-a7a4befe01f0
NOTE  rename under respond400  -> 503 hosted_harness_unavailable; command rows ["rename-1791038001923-3d96:FAILED"]
NOTE  same key, same title, fault cleared  -> 200 first title replay=true; rows ["rename-1791038001923-3d96:COMPLETED"]
NOTE  fresh key  -> 200 second title; rows ["fresh-1791038001923-3d96:COMPLETED","rename-1791038001923-3d96:COMPLETED"]
NOTE  POST /title calls seen by the tap  -> ["respond:400","pass:200","pass:200"]
NOTE  session.* events  -> ["session.created ","session.update.requested control:RENAME_SESSION:rename-1791038001923-3d96:requested","session.updated control:RENAME_SESSION:rename-1791038001923-3d96:completed","session.update.requested control:RENAME_SESSION:fresh-1791038001923-3d96:requested","session.updated control:RENAME_SESSION:fresh-1791038001923-3d96:completed"]
== c8-bound-respond400: 1 passed, 0 failed
RC=0
### /Users/wenshao/.local/share/fnm/node-versions/v22.23.2/installation/bin/node c8-rename-refused.mjs bound ws-c8 d respond404
# c8-bound-respond404  db=h7  2026-10-03T14:33:23.520Z
PASS  initial Turn COMPLETED  -> 15e42eb9-7433-47aa-b611-874d172d0708
NOTE  rename under respond404  -> 503 hosted_harness_unavailable; command rows ["rename-1791038003537-6f7c:FAILED"]
NOTE  same key, same title, fault cleared  -> 200 first title replay=true; rows ["rename-1791038003537-6f7c:COMPLETED"]
NOTE  fresh key  -> 200 second title; rows ["fresh-1791038003537-6f7c:COMPLETED","rename-1791038003537-6f7c:COMPLETED"]
NOTE  POST /title calls seen by the tap  -> ["respond:404","pass:200","pass:200"]
NOTE  session.* events  -> ["session.created ","session.update.requested control:RENAME_SESSION:rename-1791038003537-6f7c:requested","session.updated control:RENAME_SESSION:rename-1791038003537-6f7c:completed","session.update.requested control:RENAME_SESSION:fresh-1791038003537-6f7c:requested","session.updated control:RENAME_SESSION:fresh-1791038003537-6f7c:completed"]
== c8-bound-respond404: 1 passed, 0 failed
RC=0
### /Users/wenshao/.local/share/fnm/node-versions/v22.23.2/installation/bin/node c8-rename-refused.mjs bound ws-c8 d respond500
# c8-bound-respond500  db=h7  2026-10-03T14:33:25.329Z
PASS  initial Turn COMPLETED  -> d5ac0e20-7a66-4b0f-81f3-87da2816e674
NOTE  rename under respond500  -> 503 hosted_harness_unavailable; command rows ["rename-1791038005345-552d:FAILED"]
NOTE  same key, same title, fault cleared  -> 200 first title replay=true; rows ["rename-1791038005345-552d:COMPLETED"]
NOTE  fresh key  -> 200 second title; rows ["fresh-1791038005345-552d:COMPLETED","rename-1791038005345-552d:COMPLETED"]
NOTE  POST /title calls seen by the tap  -> ["respond:500","pass:200","pass:200"]
NOTE  session.* events  -> ["session.created ","session.update.requested control:RENAME_SESSION:rename-1791038005345-552d:requested","session.updated control:RENAME_SESSION:rename-1791038005345-552d:completed","session.update.requested control:RENAME_SESSION:fresh-1791038005345-552d:requested","session.updated control:RENAME_SESSION:fresh-1791038005345-552d:completed"]
== c8-bound-respond500: 1 passed, 0 failed
RC=0
### /Users/wenshao/.local/share/fnm/node-versions/v22.23.2/installation/bin/node c8-rename-refused.mjs bound ws-c8 d drop-before
# c8-bound-drop-before  db=h7  2026-10-03T14:33:26.932Z
PASS  initial Turn COMPLETED  -> bc4e5d71-b0ae-47e0-be77-a9a6a60cb6c6
NOTE  rename under drop-before  -> 503 hosted_harness_unavailable; command rows ["rename-1791038006951-13dd:FAILED"]
NOTE  same key, same title, fault cleared  -> 200 first title replay=true; rows ["rename-1791038006951-13dd:COMPLETED"]
NOTE  fresh key  -> 200 second title; rows ["fresh-1791038006951-13dd:COMPLETED","rename-1791038006951-13dd:COMPLETED"]
NOTE  POST /title calls seen by the tap  -> ["drop-before:-","pass:200","pass:200"]
NOTE  session.* events  -> ["session.created ","session.update.requested control:RENAME_SESSION:rename-1791038006951-13dd:requested","session.updated control:RENAME_SESSION:rename-1791038006951-13dd:completed","session.update.requested control:RENAME_SESSION:fresh-1791038006951-13dd:requested","session.updated control:RENAME_SESSION:fresh-1791038006951-13dd:completed"]
== c8-bound-drop-before: 1 passed, 0 failed
RC=0
### /Users/wenshao/.local/share/fnm/node-versions/v22.23.2/installation/bin/node c8-rename-refused.mjs unbound - - respond400
# c8-unbound-respond400  db=h7  2026-10-03T14:33:28.535Z
PASS  initial Turn COMPLETED  -> 60ef575b-c6e5-42fa-825d-be8dd101fa3e
NOTE  rename under respond400  -> 503 hosted_harness_unavailable; command rows ["rename-1791038008536-39f1:FAILED"]
NOTE  same key, same title, fault cleared  -> 200 first title replay=true; rows ["rename-1791038008536-39f1:COMPLETED"]
NOTE  fresh key  -> 200 second title; rows ["fresh-1791038008536-39f1:COMPLETED","rename-1791038008536-39f1:COMPLETED"]
NOTE  POST /title calls seen by the tap  -> ["respond:400","pass:200","pass:200"]
NOTE  session.* events  -> ["session.created ","session.update.requested control:RENAME_SESSION:rename-1791038008536-39f1:requested","session.updated control:RENAME_SESSION:rename-1791038008536-39f1:completed","session.update.requested control:RENAME_SESSION:fresh-1791038008536-39f1:requested","session.updated control:RENAME_SESSION:fresh-1791038008536-39f1:completed"]
== c8-unbound-respond400: 1 passed, 0 failed
RC=0
### /Users/wenshao/.local/share/fnm/node-versions/v22.23.2/installation/bin/node c8-rename-refused.mjs unbound - - respond500
# c8-unbound-respond500  db=h7  2026-10-03T14:33:29.462Z
PASS  initial Turn COMPLETED  -> 1884c5c7-01be-49d7-9e4c-bde312e22bcc
NOTE  rename under respond500  -> 503 hosted_harness_unavailable; command rows ["rename-1791038009463-e783:FAILED"]
NOTE  same key, same title, fault cleared  -> 200 first title replay=true; rows ["rename-1791038009463-e783:COMPLETED"]
NOTE  fresh key  -> 200 second title; rows ["fresh-1791038009463-e783:COMPLETED","rename-1791038009463-e783:COMPLETED"]
NOTE  POST /title calls seen by the tap  -> ["respond:500","pass:200","pass:200"]
NOTE  session.* events  -> ["session.created ","session.update.requested control:RENAME_SESSION:rename-1791038009463-e783:requested","session.updated control:RENAME_SESSION:rename-1791038009463-e783:completed","session.update.requested control:RENAME_SESSION:fresh-1791038009463-e783:requested","session.updated control:RENAME_SESSION:fresh-1791038009463-e783:completed"]
== c8-unbound-respond500: 1 passed, 0 failed
RC=0
### /Users/wenshao/.local/share/fnm/node-versions/v22.23.2/installation/bin/node c3-lost-delivery.mjs bound ws-c3 e drop-before 1
# c3-bound-drop-before-x1  db=h7  2026-10-03T14:33:30.412Z
PASS  initial Turn COMPLETED  -> 2b9cd9c8-0e5f-4e7b-a2a7-25a83fabc3c2
NOTE  cancel admission  -> 202 accepted
NOTE  POST /cancel attempts seen by the tap (ms after the cancel)  -> [{"at":9,"fault":"drop-before","status":null},{"at":19608,"fault":null,"status":204}]
NOTE  Turn end  -> CANCELLED  at +19914 ms
NOTE  model  -> aborted after 19925 ms held
NOTE  Workspace file written by the cancelled Turn  -> null; executions added=0
PASS  Turn ended CANCELLED  -> CANCELLED
PASS  cancel delivered after 1 lost attempt(s)  -> 2 attempts
NOTE  Turn history  -> [["turn_dac7e55f8f124f979d78248ea9ba8760","COMPLETED","","0"],["turn_7d127fe150aa42b084d7f2a50c1c5937","CANCELLED","","0"]]
== c3-bound-drop-before-x1: 3 passed, 0 failed
RC=0
### /Users/wenshao/.local/share/fnm/node-versions/v22.23.2/installation/bin/node c3-lost-delivery.mjs unbound - - drop-before 1
# c3-unbound-drop-before-x1  db=h7  2026-10-03T14:33:53.787Z
PASS  initial Turn COMPLETED  -> c2cb4284-fd15-4dfa-8df6-983ac7a01bf6
NOTE  cancel admission  -> 202 accepted
NOTE  POST /cancel attempts seen by the tap (ms after the cancel)  -> [{"at":19,"fault":"drop-before","status":null},{"at":19610,"fault":null,"status":204}]
NOTE  Turn end  -> CANCELLED  at +19885 ms
NOTE  model  -> aborted after 19971 ms held
PASS  Turn ended CANCELLED  -> CANCELLED
PASS  cancel delivered after 1 lost attempt(s)  -> 2 attempts
NOTE  Turn history  -> [["turn_d7c5c7a7eb8d469ab54b7ba0dced575d","COMPLETED","","0"],["turn_e5342405775d46d1ba8fa843a1383b38","CANCELLED","","0"]]
== c3-unbound-drop-before-x1: 3 passed, 0 failed
RC=0
BATCH-DONE 14:34:16
