## s3-inherited-pipe  head=8e9151f152 dirty=0 root=/tmp/pr12821-s3-inherited-pipe-ODAg
host pid=14601 origin=http://127.0.0.1:62228
execute -> 200 1.334913s
  {"state":"settled","executionStatus":"success","capture":{"captureStatus":"partial","captureReason":"producer_lost","deliveryStatus":"blocked","previewTruncated":true,"manifest":{"byteLength":1563}}}
checkpoint -> {"phase":"await_runtime","events":["1:activation.changed","2:checkpoint.committed","3:turn.settled","4:checkpoint.committed","5:tool.intent","6:checkpoint.committed","7:tool.receipt"],"faultLog":[]}
execute (repeat) -> 200 0.001389s  identical=yes
status -> 200 0.002421s {"state":"settled","lastSequence":2,"deliveryStatus":"blocked"}
side-effect runs so far: 1
ack(receipt seq=7, blocked) -> 200 {"state":"settled","deliveryStatus":"blocked","code":null}
ack repeat identical -> 200 {"state":"settled","code":null}
ack upgraded blocked->committed -> 409 {"code":"managed_runtime_identity_conflict"}
host stopped: CLOSED
successor reader (new process, writer lease as worker-b, O1b read-only):
{
  "successorPid": 14726,
  "checkpointPhase": "await_runtime",
  "events": [
    "1:activation.changed",
    "2:checkpoint.committed",
    "3:turn.settled",
    "4:checkpoint.committed",
    "5:tool.intent",
    "6:checkpoint.committed",
    "7:tool.receipt",
    "8:activation.changed",
    "9:activation.changed"
  ],
  "prefix_stdout": {
    "segmentCount": 2,
    "byteLength": 2097152,
    "digest": "fbdfae63cf36bea6a3e49ae877117b4c96a66a82799b3dee3c883f93268c99cc",
    "sealed": false,
    "matchesGenerator": true
  },
  "prefix_stderr": {
    "segmentCount": 1,
    "byteLength": 65536,
    "digest": "3971a74422ca69367cf7e796c01f020d34f066de2a96981a0cf6c6fc2b9384c0",
    "sealed": false,
    "matchesGenerator": true
  },
  "manifest": {
    "executionStatus": "success",
    "exitCode": 0,
    "signal": null,
    "captureStatus": "partial",
    "captureReason": "producer_lost"
  },
  "recorded": {
    "deliveryStatus": "blocked",
    "historyRevision": null
  },
  "reread_stdout": {
    "state": "incomplete",
    "manifestBytes": 2097152,
    "rereadBytes": 2097152,
    "rereadDigestMatchesManifest": true,
    "generatorBytes": 2097152,
    "rereadDigestMatchesGenerator": true
  },
  "stdoutTail5": {
    "read": "5970060f59",
    "generator": "5970060f59"
  },
  "reread_stderr": {
    "state": "incomplete",
    "manifestBytes": 65536,
    "rereadBytes": 65536,
    "rereadDigestMatchesManifest": true,
    "generatorBytes": 65536,
    "rereadDigestMatchesGenerator": true
  },
  "rePrepare": "rejected: Original Shell execution was not committed before dispatch.",
  "sideEffectRuns": 1
}
## end s3-inherited-pipe head=8e9151f152
