# s1-permission  db=lx arm=head  2026-09-30T22:49:27.787Z
NOTE  rig repair of an earlier F1 leak  -> hooks-e4c6a8a6-3ea4-4180-9f49-22f22e4f6254 owner=3a166699-ebf8-4531-82d0-222d3bda7e6f -> 200
PASS  create default-approval Session with catalog  -> status=200 approvalMode=default
PASS  1a turn completes, no human Action (PermissionRequest Hook allowed)  -> admit=202 terminal=turn_complete(end_turn) recoveryBlocked=false 984ms asked=[] file=P1
PASS  1a PermissionRequest Hook ran before PreToolUse  -> start > ups > perm(plain.txt) > pre(plain.txt) > post(plain.txt) > batch > stop > display
PASS  1a before-Hook context reaches the model only after the tool result  -> requests=[tools=0 ] [tools=1 PRE-CTX:plain.txt,POST-CTX:plain.txt,BATCH-CTX]
FAIL  1b PreToolUse deny: file not written, refusal reaches model, no PostToolUse for the refused call  -> ups > perm(blocked.txt) > pre(blocked.txt) > batch > stop > display | result write_file: "No reason provided"
PASS  1c rewritten args need a fresh approval; only the approved replacement is written  -> asked=["allow->200"] rewrite-a=null rewritten-a=REWRITTEN-BY-HOOK order=ups > perm(rewrite-a.txt) > pre(rewrite-a.txt) > post(rewritten-a.txt) > batch > stop > display
PASS  1c' denying the fresh approval writes neither path  -> asked=["deny->200"] result write_file: "The Session owner denied this tool call, so it was not run."
PASS  1d PermissionRequest Hook deny: not written, PreToolUse not run  -> ups > perm(permdeny.txt) > batch > stop > display | result write_file: "PermissionRequest Hook denied the call."
NOTE  detach default Session before the yolo Session  -> 204
PASS  1e yolo + PreToolUse ask -> Action requested; allow -> written; no PermissionRequest Hook in yolo  -> asked=["allow->200"] order=start > ups > pre(ask-y.txt) > post(ask-y.txt) > batch > stop > display
PASS  1e' yolo + ask, deny -> not written  -> asked=["deny->200"]
PASS  load again on the same Harness  -> {"load":200}
PASS  after reload: PRE-CTX/POST-CTX of 1a appear exactly once in history  -> pre=1 post=1 batch=5
NOTE  cold load waited for the old writer lease  -> 64s
PASS  cold load on a new Harness (catalog pin omitted -> restored)  -> status=200 {"sessionId":"b30bcc5e-0afd-446d-a6a2-169d544b15fd","clientId":"baa8e39c-f1c0-4c49-a30c-cbcf69538879","workspaceCwd":"/var/rig-run/lx/harness-s1b","lastEventId"
NOTE  first prompt after cold load  -> admit=202 terminal=turn_error[{"sessionId":"b30bcc5e-0afd-446d-a6a2-169d544b15fd","promptId":"5433a4d8-e5c3-416d-afe9-4ff83ed82f90","code":"hosted_turn_failed","message":"Hosted Harness turn failed."}] recoveryBlocked=false 29ms
NOTE  F1 hit: rig repair, detach+load, retry  -> hooks-02bf2d6d-3356-4492-8771-4c1ae20d0d32 owner=b30bcc5e-0afd-446d-a6a2-169d544b15fd -> 200
PASS  after cold load: contexts still exactly once; SessionStart not re-run  -> pre=1 post=1 hooks-after=ups > stop > display admit=202 terminal=turn_complete(end_turn) recoveryBlocked=false 19ms catalog=undefined@undefined
PASS  load with a different catalog pin is refused  -> status=409 hosted_tool_profile_conflict
records for Session 1: 79; executions=39
== RESULT s1-permission: 14 passed, 1 failed
