 ✓ src/serve/managed-hook-runtime.test.ts > ManagedHookRuntime > retains quota refusals without dispatch or eviction and bounds grant storage 478ms
 ✓ src/serve/managed-hook-runtime.test.ts > ManagedHookRuntime > settles command after cancel during final owner lookup without dispatch 58ms
 ✓ src/serve/managed-hook-runtime.test.ts > ManagedHookRuntime > settles http after cancel during final owner lookup without dispatch 58ms
 ✓ src/serve/managed-hook-runtime.test.ts > ManagedHookRuntime > settles command after expire during final owner lookup without dispatch 52ms
 ✓ src/serve/managed-hook-runtime.test.ts > ManagedHookRuntime > settles http after expire during final owner lookup without dispatch 55ms
 ✓ src/serve/managed-hook-runtime.test.ts > ManagedHookRuntime > executes once in the resolved directory and replays the original receipt 97ms
 ✓ src/serve/managed-hook-runtime.test.ts > ManagedHookRuntime > keeps async ownership until descendants finish after their shell exits 291ms
 ✓ src/serve/managed-hook-runtime.test.ts > ManagedHookRuntime > retains a not-started receipt when command isolation is unavailable 66ms
 ✓ src/serve/managed-hook-runtime.test.ts > ManagedHookRuntime > hides deployment recipes from catalogs 5ms
 ✓ src/serve/managed-hook-runtime.test.ts > ManagedHookRuntime > rejects inactive, cross-workspace, cross-session, expired and wrongly scoped calls 8ms
 ✓ src/serve/managed-hook-runtime.test.ts > ManagedHookRuntime > retains unknown HTTP sends and never resends the same effect 56ms
 ✓ src/serve/managed-hook-runtime.test.ts > ManagedHookRuntime > settles received HTTP failures so the logical fail policy can decide 57ms
 ✓ src/serve/managed-hook-runtime.test.ts > ManagedHookRuntime > settles cancellation only after the execution cgroup has drained 214ms
 ✓ src/serve/managed-hook-runtime.test.ts > ManagedHookRuntime > reconstructs trusted handlers and reports missing exports without dispatch 125ms
 ✓ src/serve/managed-hook-runtime.test.ts > ManagedHookRuntime > keeps oversized output as a bounded failure receipt without replay 63ms
 ✓ src/serve/managed-hook-runtime.test.ts > ManagedHookRuntime > uses native source ordering and identity while keeping session hooks independent 3ms
 ✓ src/serve/managed-hook-runtime.test.ts > ManagedHookRuntime > passes only the Session environment view and explicitly scoped variables to commands 74ms
 ✓ src/serve/managed-hook-runtime.test.ts > ManagedHookRuntime > restores handler context and runs the deployment success callback once 53ms
 ✓ src/serve/managed-hook-runtime.test.ts > ManagedHookRuntime > refuses worker model calls and never executes on a cold lookup 1ms
 Test Files  1 passed (1)
      Tests  19 passed (19)
