[0.022s] daemon health {"sessions":0,"pendingPermissions":0,"activePrompts":0}
[0.057s] session A created {"id":"cf00a0ea-8fed-4e3f-a089-03baceb9e4bd","attached":false,"clientId":"client_9dfaab8b-9aac-499a-b17d-a4c5d7db50d3"}
[0.401s] session B created {"id":"202f2723-90e1-4108-bd7f-be7eb68f2281","attached":false,"clientId":"client_12ca9986-4a53-402e-9b33-8772133740f4"}
[0.723s] session C created {"id":"ec1e064d-cab6-42f7-a401-f490c6865a7d","attached":false,"clientId":"client_d9aed002-2c8e-4021-beb4-2c0fe81017e1"}
[1.041s] prompt sent to A {"status":202,"text":"[[S:A]] [[ASK:A]] Please ask me which path to take."}
[1.275s] PERMISSION_REQUEST reached host for A {"requestId":"94d3a077-b168-4d94-8e18-d528c39c644e","title":"Ask user 1 question","nOptions":2}
[1.347s] A left unanswered on purpose (idle head-of-line session) {}
[2.852s] health after A pending {"sessions":3,"pendingPermissions":1,"activePrompts":1}
[2.856s] prompt sent to B {"status":202,"text":"[[S:B]] [[ASK:B]] Please ask me which path to take."}
[2.861s] prompt sent to C {"status":202,"text":"[[S:C]] [[ASK:C]] Please ask me which path to take."}
  sample 2.862s health={"sessions":3,"pendingPermissions":1,"activePrompts":3} A={"hasActivePrompt":true,"isWaitingForPermission":false,"isWaitingForUserQuestion":true,"pendingInteractionCount":1} B={"hasActivePrompt":true,"isWaitingForPermission":false,"isWaitingForUserQuestion":false,"pendingInteractionCount":0} C={"hasActivePrompt":true,"isWaitingForPermission":false,"isWaitingForUserQuestion":false,"pendingInteractionCount":0}
[3.123s] PERMISSION_REQUEST reached host for B {"requestId":"b957475b-314d-4da8-82ef-554ee4fd422a","title":"Ask user 1 question","nOptions":2}
[3.126s] PERMISSION_REQUEST reached host for C {"requestId":"b47d865a-e3be-47a3-919b-8f3b4a151d45","title":"Ask user 1 question","nOptions":2}
[4.879s] holding 30s with everything left pending (screenshot window) {"health":{"sessions":3,"pendingPermissions":3,"activePrompts":3}}
[34.883s] hold over {"health":{"sessions":3,"pendingPermissions":3,"activePrompts":3}}
[34.897s] vote A {"requestId":"94d3a077-b168-4d94-8e18-d528c39c644e","optionId":"proceed_once","status":200,"resp":{}}
[34.901s] vote B {"requestId":"b957475b-314d-4da8-82ef-554ee4fd422a","optionId":"proceed_once","status":200,"resp":{}}
[34.904s] vote C {"requestId":"b47d865a-e3be-47a3-919b-8f3b4a151d45","optionId":"proceed_once","status":200,"resp":{}}
[34.904s] drain pass 0 {"voted":3}
[35.007s] turn_complete for B {"stopReason":"end_turn"}
[35.016s] turn_complete for C {"stopReason":"end_turn"}
[35.020s] turn_complete for A {"stopReason":"end_turn"}
VERDICT {
 "A_first_permission_latency_s": 0.23399999999999999,
 "B_permission_reached_host": true,
 "B_latency_s": 0.267,
 "B_status_at_end": {
  "hasActivePrompt": true,
  "isWaitingForPermission": false,
  "isWaitingForUserQuestion": true,
  "pendingInteractionCount": 1
 },
 "C_permission_reached_host": true,
 "C_latency_s": 0.265,
 "C_status_at_end": {
  "hasActivePrompt": true,
  "isWaitingForPermission": false,
  "isWaitingForUserQuestion": true,
  "pendingInteractionCount": 1
 },
 "health_at_end_of_wait": {
  "sessions": 3,
  "pendingPermissions": 3,
  "activePrompts": 3
 },
 "A_turn_after_answer": {
  "t": "35.020",
  "type": "turn_complete",
  "stopReason": "end_turn"
 },
 "A_turns_total": 1,
 "B_turn_after_answer": {
  "t": "35.007",
  "type": "turn_complete",
  "stopReason": "end_turn"
 },
 "B_turns_total": 1,
 "C_turn_after_answer": {
  "t": "35.016",
  "type": "turn_complete",
  "stopReason": "end_turn"
 },
 "C_turns_total": 1,
 "health_after_drain": {
  "sessions": 3,
  "pendingPermissions": 0,
  "activePrompts": 0
 }
}
