
 RUN  v3.2.7 /Users/wenshao/git/v12546/merged/packages/core
      Coverage enabled with v8

 ✓ src/core/prompt-tool-examples.test.ts (2 tests) 116ms
 ✓ src/core/prompts.test.ts (195 tests) 290ms
 ✓ src/agents/arena/ArenaManager.test.ts (31 tests) 6195ms
   ✓ ArenaManager > backend initialization > should emit SESSION_UPDATE with type warning when backend detection returns warning  512ms
   ✓ ArenaManager > chat history forwarding > passes approvalMode to in-process backend spawn configs  509ms
   ✓ ArenaManager > chat history forwarding > should pass chatHistory to backend spawnAgent calls  509ms
   ✓ ArenaManager > chat history forwarding > should pass undefined chatHistory when not provided  557ms
   ✓ ArenaManager > chat history forwarding > builds the in-process worker prompt with headless mode and the active style  507ms
   ✓ ArenaManager > chat history forwarding > does not let a style strip the coding instructions from a peer  506ms
   ✓ ArenaManager > chat history forwarding > gives a peer no style when a custom system prompt replaces the main one  509ms
   ✓ ArenaManager > chat history forwarding > does not embed the auto-memory section in the worker system prompt  507ms
   ✓ ArenaManager > active session lifecycle > collects diff summaries and fallback approach summaries  1006ms
   ✓ ArenaManager > active session lifecycle > cancel should stop backend and move session to CANCELLED  508ms
   ✓ ArenaManager > active session lifecycle > cleanup should release backend and worktree resources after start  509ms

<--- Last few GCs --->

[1794:0xbf480c000]   124259 ms: Mark-Compact 4093.2 (4101.4) -> 4093.2 (4103.4) MB, pooled: 0 MB, 732.42 / 0.00 ms  (average mu = 0.390, current mu = 0.016) allocation failure; scavenge might not succeed

FATAL ERROR: Reached heap limit Allocation failed - JavaScript heap out of memory
----- Native stack trace -----

 1: 0x10030b1d8 node::OOMErrorHandler(char const*, v8::OOMDetails const&) [/Users/wenshao/.local/share/fnm/node-versions/v24.18.1/installation/bin/node]
 2: 0x10057dcf0 v8::internal::V8::FatalProcessOutOfMemory(v8::internal::Isolate*, char const*, v8::OOMDetails const&) [/Users/wenshao/.local/share/fnm/node-versions/v24.18.1/installation/bin/node]
 3: 0x1007dd118 v8::internal::Heap::stack() [/Users/wenshao/.local/share/fnm/node-versions/v24.18.1/installation/bin/node]
 4: 0x1007db000 v8::internal::Heap::CollectGarbage(v8::internal::AllocationSpace, v8::internal::GarbageCollectionReason, v8::GCCallbackFlags) [/Users/wenshao/.local/share/fnm/node-versions/v24.18.1/installation/bin/node]
 5: 0x1007cfb28 v8::internal::HeapAllocator::AllocateRawWithRetryOrFailSlowPath(int, v8::internal::AllocationType, v8::internal::AllocationOrigin, v8::internal::AllocationAlignment) [/Users/wenshao/.local/share/fnm/node-versions/v24.18.1/installation/bin/node]
 6: 0x10079ebfc v8::internal::FactoryBase<v8::internal::Factory>::NewRawOneByteString(int, v8::internal::AllocationType) [/Users/wenshao/.local/share/fnm/node-versions/v24.18.1/installation/bin/node]
 7: 0x10079ea38 v8::internal::FactoryBase<v8::internal::Factory>::NewStringFromOneByte(v8::base::Vector<unsigned char const>, v8::internal::AllocationType) [/Users/wenshao/.local/share/fnm/node-versions/v24.18.1/installation/bin/node]
 8: 0x10059c278 v8::String::NewFromOneByte(v8::Isolate*, unsigned char const*, v8::NewStringType, int) [/Users/wenshao/.local/share/fnm/node-versions/v24.18.1/installation/bin/node]
 9: 0x10046ea64 node::(anonymous namespace)::ExternString<v8::String::ExternalOneByteStringResource, char>::NewFromCopy(v8::Isolate*, char const*, unsigned long) [/Users/wenshao/.local/share/fnm/node-versions/v24.18.1/installation/bin/node]
10: 0x100313dd4 node::fs::AfterScanDir(uv_fs_s*) [/Users/wenshao/.local/share/fnm/node-versions/v24.18.1/installation/bin/node]
11: 0x100300c28 node::MakeLibuvRequestCallback<uv_fs_s, void (*)(uv_fs_s*)>::Wrapper(uv_fs_s*) [/Users/wenshao/.local/share/fnm/node-versions/v24.18.1/installation/bin/node]
12: 0x1011d1310 uv__work_done [/Users/wenshao/.local/share/fnm/node-versions/v24.18.1/installation/bin/node]
13: 0x1011d4d60 uv__async_io [/Users/wenshao/.local/share/fnm/node-versions/v24.18.1/installation/bin/node]
14: 0x1011e9658 uv__io_poll [/Users/wenshao/.local/share/fnm/node-versions/v24.18.1/installation/bin/node]
15: 0x1011d56b4 uv_run [/Users/wenshao/.local/share/fnm/node-versions/v24.18.1/installation/bin/node]
16: 0x1001ec6a8 node::SpinEventLoopInternal(node::Environment*) [/Users/wenshao/.local/share/fnm/node-versions/v24.18.1/installation/bin/node]
17: 0x10036456c node::NodeMainInstance::Run() [/Users/wenshao/.local/share/fnm/node-versions/v24.18.1/installation/bin/node]
18: 0x1002b7b6c node::Start(int, char**) [/Users/wenshao/.local/share/fnm/node-versions/v24.18.1/installation/bin/node]
19: 0x188b2c4e4 start [/usr/lib/dyld]

⎯⎯⎯⎯ Unhandled Rejection ⎯⎯⎯⎯⎯
Error: Channel closed
 ❯ target.send node:internal/child_process:777:16
 ❯ ProcessWorker.send ../../node_modules/tinypool/dist/index.js:140:41
 ❯ MessagePort.<anonymous> ../../node_modules/tinypool/dist/index.js:149:62
 ❯ [nodejs.internal.kHybridDispatch] node:internal/event_target:843:20
 ❯ MessagePort.<anonymous> node:internal/per_context/messageport:23:28

⎯⎯⎯⎯⎯⎯⎯⎯⎯⎯⎯⎯⎯⎯⎯⎯⎯⎯⎯⎯⎯⎯⎯⎯⎯⎯⎯⎯⎯⎯
Serialized Error: { code: 'ERR_IPC_CHANNEL_CLOSED' }



