LEADER 1: team_create {"team_name":"pr10237-cli-global","description":"PR 10237 local verification"}
LEADER 2: task_create {"subject":"PR10237_WIRE_TASK","description":"PR10237_RECEIPT: acknowledge assignment without changing task status."}
LEADER 3: task_update {"taskId":"1","owner":"alice"}
LEADER 4: agent {"name":"alice","description":"Observe assignments","prompt":"PR10237_BOOT_ALICE: stay idle until assigned. Acknowledge instructions without changing tasks."}
LEADER 5: agent {"name":"bob","description":"Observe assignments","prompt":"PR10237_BOOT_BOB: stay idle until assigned. Acknowledge instructions without changing tasks."}
LEADER 6: task_update {"taskId":"1","owner":"alice","status":"in_progress"}
WIRE received assignment: alice #1
LEADER 7: task_update {"taskId":"1","subject":"PR10237_EDITED"}
LEADER 8: task_update {"taskId":"1","owner":"alice","status":"in_progress"}
LEADER 9: task_update {"taskId":"1","owner":"bob"}
WIRE received assignment: bob #1
LEADER 10: task_list {}
{
  "label": "global",
  "exit": {
    "code": 0,
    "signal": null
  },
  "steps": 10,
  "requests": 15,
  "receipts": {
    "alice": 1,
    "bob": 1
  },
  "task": {
    "id": "1",
    "subject": "PR10237_EDITED",
    "description": "PR10237_RECEIPT: acknowledge assignment without changing task status.",
    "status": "in_progress",
    "blocks": [],
    "blockedBy": [],
    "owner": "bob"
  }
}
PASS 7/7 CLI wire + disk assertions
