[commit] e94f781523 11:17Z  fix(serve): address the round-4 review of the Broker provider controls · 19 files changed, 831 insertions(+), 83 deletions(-)
[commit] a4849e2938 12:21Z  merge of main 12793013c4 · 3 files with conflicts, resolved by hand: 3 files changed, 10 insertions(+), 48 deletions(-)
[commit] 174f974e3e 12:21Z  docs(runtime-broker): count every fault gate the profile runs · 2 files changed, 2 insertions(+), 2 deletions(-)
[commit] 50fb28301e 12:54Z  fix(serve): keep main's input rules on the provider path · 7 files changed, 119 insertions(+), 17 deletions(-)
[commit] 9cb9dc86e8 13:52Z  fix(serve): reconcile lost provider answers over Broker HTTP · 6 files changed, 179 insertions(+), 42 deletions(-)
[commit] 760174073b 14:51Z  fix(serve): fit provider artifacts and pin the retention bound · 6 files changed, 82 insertions(+), 6 deletions(-)
[commit] ebea694e4e 15:15Z  fix(runtime-broker): cancel a lost provider dispatch at its worker · 6 files changed, 61 insertions(+), 12 deletions(-)
[conflict] 2026-09-26-managed-workspace-output-next-slices.md
[conflict] 2026-09-26-managed-workspace-output-next-slices.zh-CN.md
[conflict] RuntimeBrokerService.java
[main] the merge took main 12793013c4, 38 commits past the one this branch had merged before; among them #12865, #12869, #12927, #12964, #12972 and #12975
[main] main is now be1ebc74d7, 6 commits past the one the head holds (#12945, #13022, #13021, #13025, #12987, #12990) · trial merge of the head with it: no conflict · migrations: no version twice, the highest is V18
[kind] production    8 files  +289   -82
[kind] test         11 files  +893   -22
[kind] design-doc    4 files  +90    -56
[file] +8    -1    broker-managed-runtime-provider.ts
[file] +29   -10   managed-runtime-provider-protocol.ts
[file] +174  -33   managed-runtime-provider-worker.ts
[file] +24   -19   HttpRuntimeTransport.java
[file] +31   -13   RuntimeBrokerService.java
[file] +5    -0    ProviderRuntimeProtocol.java
[file] +8    -6    RuntimeBrokerHttpServer.java
[file] +10   -0    ToolExecutionRecord.java
[claim] R4-1, Critical · released Sessions are never freed          ->  "the worker keeps the full state of up to eight released Sessions; the oldest one not being observed is retired, leaving a tombstone"
[claim] K7 and K41 of round 6 · letters outside ASCII are not pinned  ->  "both allow-list tests now include letters and digits outside ASCII"
[claim] F1 of the sandboxed verifier                                 ->  "warm now applies the Session-id allow-list"
[claim] R4-3 to R4-9                                                 ->  the client keeps the reason of an error with details · confirmation results require their fields · the response buffer grows · the cancel branch reuses the rows of the ownership check · tests for R4-7, R4-8, R4-9
[claim] after merging main, 50fb28301e                                 ->  "the Broker refuses a provider control operation with an unpaired surrogate in any key or string" · "the provider worker refuses a run_shell_command whose directory lies outside the Session's workspace" · "provider status cursors are read as exact integers"
[claim] 9cb9dc86e8                                                     ->  "Broker HTTP start, read and cancel reconcile a provider execution left UNKNOWN by a lost execute answer … without a second dispatch" · "the shell tool refuses a directory outside the workspace when the call is prepared and again just before it runs"
[claim] 760174073b                                                     ->  "the result fitter drops artifacts … when even fully cut text cannot fit beside them"
[claim] ebea694e4e                                                     ->  "cancelling it skipped the worker … the Broker reported cancel_requested while the tool kept running"; the cancellation of a lost provider dispatch now reaches its worker
[claim] recorded by the author as follow-up, not changed               ->  more than eight runtimes while retirements are in flight · a release answers after its retirement · tombstones grow by one per Session · confirmation results are not fitted · the 503 after a Broker restart repeats with the default provisioner
[main] merged as 1f1209bc70 on 29 September, 16:37 UTC, by squash onto main 8c914ebe03 · the 50 files of the squash commit are the files of the head byte for byte, except config.ts, which main had changed as well · main is at a63157304a, one commit after the merge (#12955)
