[GROUP] W1 v1 arm=ebea694e4e
[W1-v1] ascii 512 KiB                  worker execute -> 200 1024 KiB | caller: success, llmContent 4479 chars, display 1043133 chars [directory,error,exitCode,notices,outcome,output,outputFiles,pid,signal,text,truncated,type,version] truncated=true, notice=true, lone surrogates=0
[W1-v1]                                record SETTLED/success stored 1024 KiB | GET 200 | release ok | storage held=false
[W1-v1] ascii 2 MiB                    worker execute -> 200 1024 KiB | caller: success, llmContent 4479 chars, display 1043137 chars [directory,error,exitCode,notices,outcome,output,outputFiles,pid,signal,text,truncated,type,version] truncated=true, notice=true, lone surrogates=0
[W1-v1]                                record SETTLED/success stored 1024 KiB | GET 200 | release ok | storage held=false
[W1-v1] 60,000 lines                   worker execute -> 200 515 KiB | caller: success, llmContent 4474 chars, display 501310 chars [directory,error,exitCode,notices,outcome,output,outputFiles,pid,signal,text,truncated,type,version] truncated=false, notice=false, lone surrogates=0
[W1-v1]                                record SETTLED/success stored 514 KiB | GET 200 | release ok | storage held=false
[W1-v1] CJK 750 KiB                    worker execute -> 200 1024 KiB | caller: success, llmContent 4479 chars, display 345384 chars [directory,error,exitCode,notices,outcome,output,outputFiles,pid,signal,text,truncated,type,version] truncated=true, notice=true, lone surrogates=0
[W1-v1]                                record SETTLED/success stored 1024 KiB | GET 200 | release ok | storage held=false
[W1-v1] emoji 800 KiB                  worker execute -> 200 1024 KiB | caller: success, llmContent 4479 chars, display 519822 chars [directory,error,exitCode,notices,outcome,output,outputFiles,pid,signal,text,truncated,type,version] truncated=true, notice=true, lone surrogates=0
[W1-v1]                                record SETTLED/success stored 1024 KiB | GET 200 | release ok | storage held=false
[W1-v1] quotes and backslashes 400 KiB worker execute -> 200 1024 KiB | caller: success, llmContent 4479 chars, display 519816 chars [directory,error,exitCode,notices,outcome,output,outputFiles,pid,signal,text,truncated,type,version] truncated=true, notice=true, lone surrogates=0
[W1-v1]                                record SETTLED/success stored 1024 KiB | GET 200 | release ok | storage held=false
[W1-v1] edit of a 700 KiB file         worker execute -> 200 701 KiB | caller: success, llmContent 717040 chars, display 74 chars [string], notice=true, lone surrogates=0
[W1-v1]                                record SETTLED/success stored 700 KiB | GET 200 | release ok | storage held=false | file now starts with "HEAD marker-new\nyyyy"
[PASS] W1-v1.1 every large result settles, stays readable and lets the Session release (7 cases) :: 7 of 7
[GROUP] W1 v2 arm=ebea694e4e
[W1-v2] ascii 512 KiB                  worker execute -> 200 1024 KiB | caller: success, llmContent 4479 chars, display 1043131 chars [directory,error,exitCode,notices,outcome,output,outputFiles,pid,signal,text,truncated,type,version] truncated=true, notice=true, lone surrogates=0
[W1-v2]                                record SETTLED/success stored 1024 KiB | GET 200 | release ok | storage held=false
[W1-v2] ascii 2 MiB                    worker execute -> 200 1024 KiB | caller: success, llmContent 4479 chars, display 1043135 chars [directory,error,exitCode,notices,outcome,output,outputFiles,pid,signal,text,truncated,type,version] truncated=true, notice=true, lone surrogates=0
[W1-v2]                                record SETTLED/success stored 1024 KiB | GET 200 | release ok | storage held=false
[W1-v2] 60,000 lines                   worker execute -> 200 515 KiB | caller: success, llmContent 4474 chars, display 501310 chars [directory,error,exitCode,notices,outcome,output,outputFiles,pid,signal,text,truncated,type,version] truncated=false, notice=false, lone surrogates=0
[W1-v2]                                record SETTLED/success stored 514 KiB | GET 200 | release ok | storage held=false
[W1-v2] CJK 750 KiB                    worker execute -> 200 1024 KiB | caller: success, llmContent 4479 chars, display 345384 chars [directory,error,exitCode,notices,outcome,output,outputFiles,pid,signal,text,truncated,type,version] truncated=true, notice=true, lone surrogates=0
[W1-v2]                                record SETTLED/success stored 1024 KiB | GET 200 | release ok | storage held=false
[W1-v2] emoji 800 KiB                  worker execute -> 200 1024 KiB | caller: success, llmContent 4479 chars, display 519820 chars [directory,error,exitCode,notices,outcome,output,outputFiles,pid,signal,text,truncated,type,version] truncated=true, notice=true, lone surrogates=0
[W1-v2]                                record SETTLED/success stored 1024 KiB | GET 200 | release ok | storage held=false
[W1-v2] quotes and backslashes 400 KiB worker execute -> 200 1024 KiB | caller: success, llmContent 4479 chars, display 519815 chars [directory,error,exitCode,notices,outcome,output,outputFiles,pid,signal,text,truncated,type,version] truncated=true, notice=true, lone surrogates=0
[W1-v2]                                record SETTLED/success stored 1024 KiB | GET 200 | release ok | storage held=false
[W1-v2] edit of a 700 KiB file         worker execute -> 200 701 KiB | caller: success, llmContent 717042 chars, display 74 chars [string], notice=true, lone surrogates=0
[W1-v2]                                record SETTLED/success stored 700 KiB | GET 200 | release ok | storage held=false | file now starts with "HEAD marker-new\nyyyy"
[PASS] W1-v2.1 every large result settles, stays readable and lets the Session release (7 cases) :: 7 of 7
[SUMMARY] 2/2 checks passed
