[GROUP] X1 v1 arm=760174073b
[X1-v1] CJK x 250,000: caller success | worker execute -> 200 1024 KiB (100.0 % of the 1 MiB limit) | worker status (sent by the rig) 200
[X1-v1]     llmContent      execute, as the worker sent it: 4479 characters, 12 KiB on the wire, not cut
[X1-v1]                     execute, as the caller got it: the same text, byte for byte
[X1-v1]                     status, sent by the rig:        4479 characters, 12 KiB on the wire, not cut
[X1-v1]     display.output  execute, as the worker sent it: 172638 characters, 506 KiB on the wire | notice: 77456 omitted | payload kept 172544 + omitted 77456 = 250000 of 250000 | lone surrogates 0 | "?" 0
[X1-v1]                     execute, as the caller got it: the same text, byte for byte
[X1-v1]                     status, sent by the rig:        172618 characters, 506 KiB on the wire | notice: 77476 omitted | payload kept 172524 + omitted 77476 = 250000 of 250000 | lone surrogates 0 | "?" 0
[X1-v1]     display.text    execute, as the worker sent it: 172746 characters, 506 KiB on the wire | notice: 77510 omitted | payload kept 172490 + omitted 77510 = 250000 of 250000 | lone surrogates 0 | "?" 0
[X1-v1]                     execute, as the caller got it: the same text, byte for byte
[X1-v1]                     status, sent by the rig:        172726 characters, 506 KiB on the wire | notice: 77530 omitted | payload kept 172470 + omitted 77530 = 250000 of 250000 | lone surrogates 0 | "?" 0
[X1-v1]     record SETTLED/success | release ok
[X1-v1] emoji x 150,000: caller success | worker execute -> 200 1024 KiB (100.0 % of the 1 MiB limit) | worker status (sent by the rig) 200
[X1-v1]     llmContent      execute, as the worker sent it: 2560 characters, 8 KiB on the wire, not cut
[X1-v1]                     execute, as the caller got it: 2560 characters, 8 KiB on the wire, not cut
[X1-v1]                     status, sent by the rig:        2560 characters, 8 KiB on the wire, not cut
[X1-v1]                     OBSERVED: the fitter did not cut this field. The worker sent it with 1 lone surrogates (core shortened the model content before the fitter saw it); the caller has 1 "?" in their place
[X1-v1]     display.output  execute, as the worker sent it: 129982 characters, 507 KiB on the wire | notice: 20112 omitted | payload kept 129888 + omitted 20112 = 150000 of 150000 | lone surrogates 0 | "?" 0
[X1-v1]                     execute, as the caller got it: the same text, byte for byte
[X1-v1]                     status, sent by the rig:        129967 characters, 507 KiB on the wire | notice: 20127 omitted | payload kept 129873 + omitted 20127 = 150000 of 150000 | lone surrogates 0 | "?" 0
[X1-v1]     display.text    execute, as the worker sent it: 130103 characters, 507 KiB on the wire | notice: 20153 omitted | payload kept 129847 + omitted 20153 = 150000 of 150000 | lone surrogates 0 | "?" 0
[X1-v1]                     execute, as the caller got it: the same text, byte for byte
[X1-v1]                     status, sent by the rig:        130088 characters, 507 KiB on the wire | notice: 20168 omitted | payload kept 129832 + omitted 20168 = 150000 of 150000 | lone surrogates 0 | "?" 0
[X1-v1]     record SETTLED/success | release ok
[X1-v1] one letter, then emoji x 150,000: caller success | worker execute -> 200 1024 KiB (100.0 % of the 1 MiB limit) | worker status (sent by the rig) 200
[X1-v1]     llmContent      execute, as the worker sent it: 2565 characters, 8 KiB on the wire, not cut
[X1-v1]                     execute, as the caller got it: the same text, byte for byte
[X1-v1]                     status, sent by the rig:        2565 characters, 8 KiB on the wire, not cut
[X1-v1]     display.output  execute, as the worker sent it: 129984 characters, 507 KiB on the wire | notice: 20111 omitted | payload kept 129889 + omitted 20111 = 150000 of 150000 | lone surrogates 0 | "?" 0
[X1-v1]                     execute, as the caller got it: the same text, byte for byte
[X1-v1]                     status, sent by the rig:        129969 characters, 507 KiB on the wire | notice: 20126 omitted | payload kept 129874 + omitted 20126 = 150000 of 150000 | lone surrogates 0 | "?" 0
[X1-v1]     display.text    execute, as the worker sent it: 130105 characters, 507 KiB on the wire | notice: 20152 omitted | payload kept 129848 + omitted 20152 = 150000 of 150000 | lone surrogates 0 | "?" 0
[X1-v1]                     execute, as the caller got it: the same text, byte for byte
[X1-v1]                     status, sent by the rig:        130090 characters, 507 KiB on the wire | notice: 20167 omitted | payload kept 129833 + omitted 20167 = 150000 of 150000 | lone surrogates 0 | "?" 0
[X1-v1]     record SETTLED/success | release ok
[X1-v1] ascii x 600,000: caller success | worker execute -> 200 1024 KiB (100.0 % of the 1 MiB limit) | worker status (sent by the rig) 200
[X1-v1]     llmContent      execute, as the worker sent it: 4479 characters, 4 KiB on the wire, not cut
[X1-v1]                     execute, as the caller got it: the same text, byte for byte
[X1-v1]                     status, sent by the rig:        4479 characters, 4 KiB on the wire, not cut
[X1-v1]     display.output  execute, as the worker sent it: 521567 characters, 509 KiB on the wire | notice: 78527 omitted | payload kept 521473 + omitted 78527 = 600000 of 600000 | lone surrogates 0 | "?" 0
[X1-v1]                     execute, as the caller got it: the same text, byte for byte
[X1-v1]                     status, sent by the rig:        521507 characters, 509 KiB on the wire | notice: 78587 omitted | payload kept 521413 + omitted 78587 = 600000 of 600000 | lone surrogates 0 | "?" 0
[X1-v1]     display.text    execute, as the worker sent it: 521566 characters, 509 KiB on the wire | notice: 78690 omitted | payload kept 521310 + omitted 78690 = 600000 of 600000 | lone surrogates 0 | "?" 0
[X1-v1]                     execute, as the caller got it: the same text, byte for byte
[X1-v1]                     status, sent by the rig:        521506 characters, 509 KiB on the wire | notice: 78750 omitted | payload kept 521250 + omitted 78750 = 600000 of 600000 | lone surrogates 0 | "?" 0
[X1-v1]     record SETTLED/success | release ok
[X1-v1] quote and backslash x 136,534: caller success | worker execute -> 200 1024 KiB (100.0 % of the 1 MiB limit) | worker status (sent by the rig) 200
[X1-v1]     llmContent      execute, as the worker sent it: 4479 characters, 8 KiB on the wire, not cut
[X1-v1]                     execute, as the caller got it: the same text, byte for byte
[X1-v1]                     status, sent by the rig:        4479 characters, 8 KiB on the wire, not cut
[X1-v1]     display.output  execute, as the worker sent it: 259868 characters, 507 KiB on the wire | notice: 13294 omitted | payload kept 259774 + omitted 13294 = 273068 of 273068 | lone surrogates 0 | "?" 0
[X1-v1]                     execute, as the caller got it: the same text, byte for byte
[X1-v1]                     status, sent by the rig:        259838 characters, 507 KiB on the wire | notice: 13324 omitted | payload kept 259744 + omitted 13324 = 273068 of 273068 | lone surrogates 0 | "?" 0
[X1-v1]     display.text    execute, as the worker sent it: 259948 characters, 507 KiB on the wire | notice: 13376 omitted | payload kept 259692 + omitted 13376 = 273068 of 273068 | lone surrogates 0 | "?" 0
[X1-v1]                     execute, as the caller got it: the same text, byte for byte
[X1-v1]                     status, sent by the rig:        259918 characters, 507 KiB on the wire | notice: 13406 omitted | payload kept 259662 + omitted 13406 = 273068 of 273068 | lone surrogates 0 | "?" 0
[X1-v1]     record SETTLED/success | release ok
[X1-v1] two-byte letters x 300,000: caller success | worker execute -> 200 1024 KiB (100.0 % of the 1 MiB limit) | worker status (sent by the rig) 200
[X1-v1]     llmContent      execute, as the worker sent it: 4479 characters, 8 KiB on the wire, not cut
[X1-v1]                     execute, as the caller got it: the same text, byte for byte
[X1-v1]                     status, sent by the rig:        4479 characters, 8 KiB on the wire, not cut
[X1-v1]     display.output  execute, as the worker sent it: 259870 characters, 507 KiB on the wire | notice: 40224 omitted | payload kept 259776 + omitted 40224 = 300000 of 300000 | lone surrogates 0 | "?" 0
[X1-v1]                     execute, as the caller got it: the same text, byte for byte
[X1-v1]                     status, sent by the rig:        259840 characters, 507 KiB on the wire | notice: 40254 omitted | payload kept 259746 + omitted 40254 = 300000 of 300000 | lone surrogates 0 | "?" 0
[X1-v1]     display.text    execute, as the worker sent it: 259951 characters, 507 KiB on the wire | notice: 40305 omitted | payload kept 259695 + omitted 40305 = 300000 of 300000 | lone surrogates 0 | "?" 0
[X1-v1]                     execute, as the caller got it: the same text, byte for byte
[X1-v1]                     status, sent by the rig:        259921 characters, 507 KiB on the wire | notice: 40335 omitted | payload kept 259665 + omitted 40335 = 300000 of 300000 | lone surrogates 0 | "?" 0
[X1-v1]     record SETTLED/success | release ok
[X1-v1] edit of a 700 KiB file: caller success | worker execute -> 200 701 KiB | llmContent 717040 characters, kept: "The file: /rig-home" | display the stub | file now starts with "HEAD marker-new\nyyyy"
[PASS] X1-v1.1 every case settles and releases (7 cases) :: 7 of 7
[PASS] X1-v1.2 every field the fitter cut reaches the caller byte for byte, with no lone surrogate :: lone surrogates 0, cut fields that differ 0, other fields that differ 1 (emoji x 150,000 / llmContent)
[PASS] X1-v1.3 every notice counts exactly what it replaces :: 24 of 24 cut fields
[PASS] X1-v1.4 text in three-byte characters uses the budget (more than 90 % of 1 MiB) :: 100.0 %
[PASS] X1-v1.5 an edit of a large file keeps its llmContent; only the display becomes the stub
[GROUP] X1 v2 arm=760174073b
[X1-v2] CJK x 250,000: caller success | worker execute -> 200 1024 KiB (100.0 % of the 1 MiB limit) | worker status (sent by the rig) 200
[X1-v2]     llmContent      execute, as the worker sent it: 4479 characters, 12 KiB on the wire, not cut
[X1-v2]                     execute, as the caller got it: the same text, byte for byte
[X1-v2]                     status, sent by the rig:        4479 characters, 12 KiB on the wire, not cut
[X1-v2]     display.output  execute, as the worker sent it: 172638 characters, 506 KiB on the wire | notice: 77456 omitted | payload kept 172544 + omitted 77456 = 250000 of 250000 | lone surrogates 0 | "?" 0
[X1-v2]                     execute, as the caller got it: the same text, byte for byte
[X1-v2]                     status, sent by the rig:        172618 characters, 506 KiB on the wire | notice: 77476 omitted | payload kept 172524 + omitted 77476 = 250000 of 250000 | lone surrogates 0 | "?" 0
[X1-v2]     display.text    execute, as the worker sent it: 172746 characters, 506 KiB on the wire | notice: 77510 omitted | payload kept 172490 + omitted 77510 = 250000 of 250000 | lone surrogates 0 | "?" 0
[X1-v2]                     execute, as the caller got it: the same text, byte for byte
[X1-v2]                     status, sent by the rig:        172726 characters, 506 KiB on the wire | notice: 77530 omitted | payload kept 172470 + omitted 77530 = 250000 of 250000 | lone surrogates 0 | "?" 0
[X1-v2]     record SETTLED/success | release ok | storage held=false
[X1-v2] emoji x 150,000: caller success | worker execute -> 200 1024 KiB (100.0 % of the 1 MiB limit) | worker status (sent by the rig) 200
[X1-v2]     llmContent      execute, as the worker sent it: 2560 characters, 8 KiB on the wire, not cut
[X1-v2]                     execute, as the caller got it: 2560 characters, 8 KiB on the wire, not cut
[X1-v2]                     status, sent by the rig:        2560 characters, 8 KiB on the wire, not cut
[X1-v2]                     OBSERVED: the fitter did not cut this field. The worker sent it with 1 lone surrogates (core shortened the model content before the fitter saw it); the caller has 1 "?" in their place
[X1-v2]     display.output  execute, as the worker sent it: 129982 characters, 507 KiB on the wire | notice: 20112 omitted | payload kept 129888 + omitted 20112 = 150000 of 150000 | lone surrogates 0 | "?" 0
[X1-v2]                     execute, as the caller got it: the same text, byte for byte
[X1-v2]                     status, sent by the rig:        129967 characters, 507 KiB on the wire | notice: 20127 omitted | payload kept 129873 + omitted 20127 = 150000 of 150000 | lone surrogates 0 | "?" 0
[X1-v2]     display.text    execute, as the worker sent it: 130103 characters, 507 KiB on the wire | notice: 20153 omitted | payload kept 129847 + omitted 20153 = 150000 of 150000 | lone surrogates 0 | "?" 0
[X1-v2]                     execute, as the caller got it: the same text, byte for byte
[X1-v2]                     status, sent by the rig:        130088 characters, 507 KiB on the wire | notice: 20168 omitted | payload kept 129832 + omitted 20168 = 150000 of 150000 | lone surrogates 0 | "?" 0
[X1-v2]     record SETTLED/success | release ok | storage held=false
[X1-v2] one letter, then emoji x 150,000: caller success | worker execute -> 200 1024 KiB (100.0 % of the 1 MiB limit) | worker status (sent by the rig) 200
[X1-v2]     llmContent      execute, as the worker sent it: 2565 characters, 8 KiB on the wire, not cut
[X1-v2]                     execute, as the caller got it: the same text, byte for byte
[X1-v2]                     status, sent by the rig:        2565 characters, 8 KiB on the wire, not cut
[X1-v2]     display.output  execute, as the worker sent it: 129984 characters, 507 KiB on the wire | notice: 20111 omitted | payload kept 129889 + omitted 20111 = 150000 of 150000 | lone surrogates 0 | "?" 0
[X1-v2]                     execute, as the caller got it: the same text, byte for byte
[X1-v2]                     status, sent by the rig:        129969 characters, 507 KiB on the wire | notice: 20126 omitted | payload kept 129874 + omitted 20126 = 150000 of 150000 | lone surrogates 0 | "?" 0
[X1-v2]     display.text    execute, as the worker sent it: 130105 characters, 507 KiB on the wire | notice: 20152 omitted | payload kept 129848 + omitted 20152 = 150000 of 150000 | lone surrogates 0 | "?" 0
[X1-v2]                     execute, as the caller got it: the same text, byte for byte
[X1-v2]                     status, sent by the rig:        130090 characters, 507 KiB on the wire | notice: 20167 omitted | payload kept 129833 + omitted 20167 = 150000 of 150000 | lone surrogates 0 | "?" 0
[X1-v2]     record SETTLED/success | release ok | storage held=false
[X1-v2] ascii x 600,000: caller success | worker execute -> 200 1024 KiB (100.0 % of the 1 MiB limit) | worker status (sent by the rig) 200
[X1-v2]     llmContent      execute, as the worker sent it: 4479 characters, 4 KiB on the wire, not cut
[X1-v2]                     execute, as the caller got it: the same text, byte for byte
[X1-v2]                     status, sent by the rig:        4479 characters, 4 KiB on the wire, not cut
[X1-v2]     display.output  execute, as the worker sent it: 521566 characters, 509 KiB on the wire | notice: 78528 omitted | payload kept 521472 + omitted 78528 = 600000 of 600000 | lone surrogates 0 | "?" 0
[X1-v2]                     execute, as the caller got it: the same text, byte for byte
[X1-v2]                     status, sent by the rig:        521506 characters, 509 KiB on the wire | notice: 78588 omitted | payload kept 521412 + omitted 78588 = 600000 of 600000 | lone surrogates 0 | "?" 0
[X1-v2]     display.text    execute, as the worker sent it: 521565 characters, 509 KiB on the wire | notice: 78691 omitted | payload kept 521309 + omitted 78691 = 600000 of 600000 | lone surrogates 0 | "?" 0
[X1-v2]                     execute, as the caller got it: the same text, byte for byte
[X1-v2]                     status, sent by the rig:        521505 characters, 509 KiB on the wire | notice: 78751 omitted | payload kept 521249 + omitted 78751 = 600000 of 600000 | lone surrogates 0 | "?" 0
[X1-v2]     record SETTLED/success | release ok | storage held=false
[X1-v2] quote and backslash x 136,534: caller success | worker execute -> 200 1024 KiB (100.0 % of the 1 MiB limit) | worker status (sent by the rig) 200
[X1-v2]     llmContent      execute, as the worker sent it: 4479 characters, 8 KiB on the wire, not cut
[X1-v2]                     execute, as the caller got it: the same text, byte for byte
[X1-v2]                     status, sent by the rig:        4479 characters, 8 KiB on the wire, not cut
[X1-v2]     display.output  execute, as the worker sent it: 259867 characters, 507 KiB on the wire | notice: 13295 omitted | payload kept 259773 + omitted 13295 = 273068 of 273068 | lone surrogates 0 | "?" 0
[X1-v2]                     execute, as the caller got it: the same text, byte for byte
[X1-v2]                     status, sent by the rig:        259837 characters, 507 KiB on the wire | notice: 13325 omitted | payload kept 259743 + omitted 13325 = 273068 of 273068 | lone surrogates 0 | "?" 0
[X1-v2]     display.text    execute, as the worker sent it: 259948 characters, 507 KiB on the wire | notice: 13376 omitted | payload kept 259692 + omitted 13376 = 273068 of 273068 | lone surrogates 0 | "?" 0
[X1-v2]                     execute, as the caller got it: the same text, byte for byte
[X1-v2]                     status, sent by the rig:        259918 characters, 507 KiB on the wire | notice: 13406 omitted | payload kept 259662 + omitted 13406 = 273068 of 273068 | lone surrogates 0 | "?" 0
[X1-v2]     record SETTLED/success | release ok | storage held=false
[X1-v2] two-byte letters x 300,000: caller success | worker execute -> 200 1024 KiB (100.0 % of the 1 MiB limit) | worker status (sent by the rig) 200
[X1-v2]     llmContent      execute, as the worker sent it: 4479 characters, 8 KiB on the wire, not cut
[X1-v2]                     execute, as the caller got it: the same text, byte for byte
[X1-v2]                     status, sent by the rig:        4479 characters, 8 KiB on the wire, not cut
[X1-v2]     display.output  execute, as the worker sent it: 259870 characters, 507 KiB on the wire | notice: 40224 omitted | payload kept 259776 + omitted 40224 = 300000 of 300000 | lone surrogates 0 | "?" 0
[X1-v2]                     execute, as the caller got it: the same text, byte for byte
[X1-v2]                     status, sent by the rig:        259840 characters, 507 KiB on the wire | notice: 40254 omitted | payload kept 259746 + omitted 40254 = 300000 of 300000 | lone surrogates 0 | "?" 0
[X1-v2]     display.text    execute, as the worker sent it: 259950 characters, 507 KiB on the wire | notice: 40306 omitted | payload kept 259694 + omitted 40306 = 300000 of 300000 | lone surrogates 0 | "?" 0
[X1-v2]                     execute, as the caller got it: the same text, byte for byte
[X1-v2]                     status, sent by the rig:        259920 characters, 507 KiB on the wire | notice: 40336 omitted | payload kept 259664 + omitted 40336 = 300000 of 300000 | lone surrogates 0 | "?" 0
[X1-v2]     record SETTLED/success | release ok | storage held=false
[X1-v2] edit of a 700 KiB file: caller success | worker execute -> 200 701 KiB | llmContent 717042 characters, kept: "The file: /rig-home" | display the stub | file now starts with "HEAD marker-new\nyyyy"
[PASS] X1-v2.1 every case settles and releases (7 cases) :: 7 of 7
[PASS] X1-v2.2 every field the fitter cut reaches the caller byte for byte, with no lone surrogate :: lone surrogates 0, cut fields that differ 0, other fields that differ 1 (emoji x 150,000 / llmContent)
[PASS] X1-v2.3 every notice counts exactly what it replaces :: 24 of 24 cut fields
[PASS] X1-v2.4 text in three-byte characters uses the budget (more than 90 % of 1 MiB) :: 100.0 %
[PASS] X1-v2.5 an edit of a large file keeps its llmContent; only the display becomes the stub
[SUMMARY] 10/10 checks passed
