[GROUP] X2 v1 arm=merged-12e53c30c8-9cb9dc86e8
[X2-v1] lowercase UUID v4          85d12eb7-1c86-4c9c-b965-0a763f7c8d5a         acquire 200 | raw work: SETTLED/success | release 200 | Session now RELEASED
[X2-v1] uppercase UUID v4          8E38F4D2-C63E-4F79-B7A3-B1F93ADE5CB4         acquire 200 | raw work: SETTLED/success | release 200 | Session now RELEASED
[X2-v1] UUID version 7             49629ad2-21cd-7680-82e0-27a30a225aa5         acquire 200 | raw work: SETTLED/success | release 200 | Session now RELEASED
[X2-v1] not a UUID                 rig-session-1790693956189753                 acquire 200 | raw work: SETTLED/success | release 200 | Session now RELEASED
[X2-v1] dot, underscore, hyphen    rig.a_b-c.1790693956773449                   acquire 200 | raw work: SETTLED/success | release 200 | Session now RELEASED
[X2-v1] leading dot                .rig-1790693957352813                        acquire 200 | raw work: SETTLED/success | release 200 | Session now RELEASED
[X2-v1] trailing dot               rig-1790693957913384.                        acquire 200 | raw work: SETTLED/success | release 200 | Session now RELEASED
[X2-v1] 512 characters             rig-1790693958465550-aaaaaaa… (512)          acquire 200 | raw work: SETTLED/success | release 200 | Session now RELEASED
[X2-v1] with a space               rig session 1790693959012847                 acquire 400 runtime_broker_invalid_request "Runtime Broker request is invalid." | no Session row, requests that reached a worker: 0
[X2-v1] not ASCII                  会话-1790693959052312                          acquire 400 runtime_broker_invalid_request "Runtime Broker request is invalid." | no Session row, requests that reached a worker: 0
[X2-v1] with a slash               rig/session-1790693959091826                 acquire 400 runtime_broker_invalid_request "Runtime Broker request is invalid." | no Session row, requests that reached a worker: 0
[X2-v1] with a backslash           rig\\session-1790693959129223                acquire 400 runtime_broker_invalid_request "Runtime Broker request is invalid." | no Session row, requests that reached a worker: 0
[X2-v1] with two dots              rig..session-1790693959169305                acquire 400 runtime_broker_invalid_request "Runtime Broker request is invalid." | no Session row, requests that reached a worker: 0
[X2-v1] with a control character   rig\u0001session-1790693959208316            acquire 400 runtime_broker_invalid_request "Runtime Broker request is invalid." | no Session row, requests that reached a worker: 0
[X2-v1] with an emoji              rig-😀-1790693959249342                      acquire 400 runtime_broker_invalid_request "Runtime Broker request is invalid." | no Session row, requests that reached a worker: 0
[X2-v1] a single dot               .                                            acquire 400 runtime_broker_invalid_request "Runtime Broker request is invalid." | no Session row, requests that reached a worker: 0
[X2-v1] two dots alone             ..                                           acquire 400 runtime_broker_invalid_request "Runtime Broker request is invalid." | no Session row, requests that reached a worker: 0
[X2-v1] 513 characters             rig-1790693959370783-aaaaaaa… (513)          acquire 400 runtime_broker_invalid_request "acquire request.runtimeSessionId must be a bounded non-empty" | no Session row, requests that reached a worker: 0
[X2-v1] with a colon               rig:1790693959411717                         acquire 400 runtime_broker_invalid_request "Runtime Broker request is invalid." | no Session row, requests that reached a worker: 0
[X2-v1] with a percent escape      rig%2e%2e179069395945264                     acquire 400 runtime_broker_invalid_request "Runtime Broker request is invalid." | no Session row, requests that reached a worker: 0
[X2-v1] ending in a line feed      rig-1790693959496643\n                       acquire 400 runtime_broker_invalid_request "Runtime Broker request is invalid." | no Session row, requests that reached a worker: 0
[X2-v1] with a NUL                 rig\u00001790693959538183                    acquire 400 runtime_broker_invalid_request "acquire request.runtimeSessionId must be a bounded non-empty" | no Session row, requests that reached a worker: 0
[X2-v1] fullwidth letter           rigＡ-1790693959580159                        acquire 400 runtime_broker_invalid_request "Runtime Broker request is invalid." | no Session row, requests that reached a worker: 0
[X2-v1] Kelvin sign                rigK-1790693959622774                        acquire 400 runtime_broker_invalid_request "Runtime Broker request is invalid." | no Session row, requests that reached a worker: 0
[PASS] X2-v1.1 every id of the allow-list is acquired, works and releases (8 spellings) :: []
[PASS] X2-v1.2 every other id is refused at acquire, before a Session row or a worker request exists (16 spellings) :: []
[PASS] X2-v1.3 no Session is left that cannot be released :: []
[GROUP] X2 v2 arm=merged-12e53c30c8-9cb9dc86e8
[X2-v2] lowercase UUID v4          15adb788-cdb3-45fb-ab7c-bbf8d7e43c43         acquire 200 | raw work: SETTLED/success | release 200 | Session now RELEASED | storage held=false
[X2-v2] uppercase UUID v4          061EA191-63ED-438F-A0FC-02E748A2F85C         acquire 200 | raw work: SETTLED/success | release 200 | Session now RELEASED | storage held=false
[X2-v2] UUID version 7             23bfb5fe-84d9-7b6b-b1ca-930e669cc5a8         acquire 200 | raw work: SETTLED/success | release 200 | Session now RELEASED | storage held=false
[X2-v2] not a UUID                 rig-session-1790693961569694                 acquire 200 | raw work: SETTLED/success | release 200 | Session now RELEASED | storage held=false
[X2-v2] dot, underscore, hyphen    rig.a_b-c.1790693962461357                   acquire 200 | raw work: SETTLED/success | release 200 | Session now RELEASED | storage held=false
[X2-v2] leading dot                .rig-179069396316591                         acquire 200 | raw work: SETTLED/success | release 200 | Session now RELEASED | storage held=false
[X2-v2] trailing dot               rig-1790693963959442.                        acquire 200 | raw work: SETTLED/success | release 200 | Session now RELEASED | storage held=false
[X2-v2] 512 characters             rig-1790693964660635-aaaaaaa… (512)          acquire 200 | raw work: SETTLED/success | release 200 | Session now RELEASED | storage held=false
[X2-v2] with a space               rig session 179069396541765                  acquire 400 runtime_broker_invalid_request "Runtime Broker request is invalid." | no Session row, requests that reached a worker: 0 | storage held=false
[X2-v2] not ASCII                  会话-179069396554685                           acquire 400 runtime_broker_invalid_request "Runtime Broker request is invalid." | no Session row, requests that reached a worker: 0 | storage held=false
[X2-v2] with a slash               rig/session-1790693965687603                 acquire 400 runtime_broker_invalid_request "Runtime Broker request is invalid." | no Session row, requests that reached a worker: 0 | storage held=false
[X2-v2] with a backslash           rig\\session-1790693965810337                acquire 400 runtime_broker_invalid_request "Runtime Broker request is invalid." | no Session row, requests that reached a worker: 0 | storage held=false
[X2-v2] with two dots              rig..session-1790693965927915                acquire 400 runtime_broker_invalid_request "Runtime Broker request is invalid." | no Session row, requests that reached a worker: 0 | storage held=false
[X2-v2] with a control character   rig\u0001session-1790693966045711            acquire 400 runtime_broker_invalid_request "Runtime Broker request is invalid." | no Session row, requests that reached a worker: 0 | storage held=false
[X2-v2] with an emoji              rig-😀-1790693966168416                      acquire 400 runtime_broker_invalid_request "Runtime Broker request is invalid." | no Session row, requests that reached a worker: 0 | storage held=false
[X2-v2] a single dot               .                                            acquire 400 runtime_broker_invalid_request "Runtime Broker request is invalid." | no Session row, requests that reached a worker: 0 | storage held=false
[X2-v2] two dots alone             ..                                           acquire 400 runtime_broker_invalid_request "Runtime Broker request is invalid." | no Session row, requests that reached a worker: 0 | storage held=false
[X2-v2] 513 characters             rig-179069396655121-aaaaaaaa… (513)          acquire 400 runtime_broker_invalid_request "acquire request.runtimeSessionId must be a bounded non-empty" | no Session row, requests that reached a worker: 0 | storage held=false
[X2-v2] with a colon               rig:1790693966684415                         acquire 400 runtime_broker_invalid_request "Runtime Broker request is invalid." | no Session row, requests that reached a worker: 0 | storage held=false
[X2-v2] with a percent escape      rig%2e%2e1790693966799745                    acquire 400 runtime_broker_invalid_request "Runtime Broker request is invalid." | no Session row, requests that reached a worker: 0 | storage held=false
[X2-v2] ending in a line feed      rig-1790693966916822\n                       acquire 400 runtime_broker_invalid_request "Runtime Broker request is invalid." | no Session row, requests that reached a worker: 0 | storage held=false
[X2-v2] with a NUL                 rig\u00001790693967104440                    acquire 400 runtime_broker_invalid_request "acquire request.runtimeSessionId must be a bounded non-empty" | no Session row, requests that reached a worker: 0 | storage held=false
[X2-v2] fullwidth letter           rigＡ-1790693967235553                        acquire 400 runtime_broker_invalid_request "Runtime Broker request is invalid." | no Session row, requests that reached a worker: 0 | storage held=false
[X2-v2] Kelvin sign                rigK-1790693967351828                        acquire 400 runtime_broker_invalid_request "Runtime Broker request is invalid." | no Session row, requests that reached a worker: 0 | storage held=false
[PASS] X2-v2.1 every id of the allow-list is acquired, works and releases (8 spellings) :: []
[PASS] X2-v2.2 every other id is refused at acquire, before a Session row or a worker request exists (16 spellings) :: []
[PASS] X2-v2.3 no Session is left that cannot be released :: []
[SUMMARY] 6/6 checks passed
