[GROUP] X2 v1 arm=mn
[X2-v1] lowercase UUID v4          f6ed775c-8cf3-4491-b47c-56a3d658dfae         acquire 200 | raw work: SETTLED/success | release 200 | Session now RELEASED
[X2-v1] uppercase UUID v4          0F2A3C46-9CA1-44CF-882A-6C7AA71517B9         acquire 200 | raw work: SETTLED/success | release 200 | Session now RELEASED
[X2-v1] UUID version 7             c15e5fae-ce41-78bb-9bf8-ae84f3b69a47         acquire 200 | raw work: SETTLED/success | release 200 | Session now RELEASED
[X2-v1] not a UUID                 rig-session-1790700894207555                 acquire 200 | raw work: SETTLED/success | release 200 | Session now RELEASED
[X2-v1] dot, underscore, hyphen    rig.a_b-c.1790700894753302                   acquire 200 | raw work: SETTLED/success | release 200 | Session now RELEASED
[X2-v1] leading dot                .rig-1790700895299164                        acquire 200 | raw work: SETTLED/success | release 200 | Session now RELEASED
[X2-v1] trailing dot               rig-1790700895852126.                        acquire 200 | raw work: SETTLED/success | release 200 | Session now RELEASED
[X2-v1] 512 characters             rig-1790700896393664-aaaaaaa… (512)          acquire 200 | raw work: SETTLED/success | release 200 | Session now RELEASED
[X2-v1] with a space               rig session 179070089694330                  acquire 400 runtime_broker_invalid_request "Runtime Broker request is invalid." | no Session row, requests that reached a worker: 0
[X2-v1] not ASCII                  会话-1790700896990892                          acquire 400 runtime_broker_invalid_request "Runtime Broker request is invalid." | no Session row, requests that reached a worker: 0
[X2-v1] with a slash               rig/session-1790700897037675                 acquire 400 runtime_broker_invalid_request "Runtime Broker request is invalid." | no Session row, requests that reached a worker: 0
[X2-v1] with a backslash           rig\\session-1790700897086312                acquire 400 runtime_broker_invalid_request "Runtime Broker request is invalid." | no Session row, requests that reached a worker: 0
[X2-v1] with two dots              rig..session-179070089712967                 acquire 400 runtime_broker_invalid_request "Runtime Broker request is invalid." | no Session row, requests that reached a worker: 0
[X2-v1] with a control character   rig\u0001session-1790700897176509            acquire 400 runtime_broker_invalid_request "Runtime Broker request is invalid." | no Session row, requests that reached a worker: 0
[X2-v1] with an emoji              rig-😀-1790700897217111                      acquire 400 runtime_broker_invalid_request "Runtime Broker request is invalid." | no Session row, requests that reached a worker: 0
[X2-v1] a single dot               .                                            acquire 400 runtime_broker_invalid_request "Runtime Broker request is invalid." | no Session row, requests that reached a worker: 0
[X2-v1] two dots alone             ..                                           acquire 400 runtime_broker_invalid_request "Runtime Broker request is invalid." | no Session row, requests that reached a worker: 0
[X2-v1] 513 characters             rig-1790700897343947-aaaaaaa… (513)          acquire 400 runtime_broker_invalid_request "acquire request.runtimeSessionId must be a bounded non-empty" | no Session row, requests that reached a worker: 0
[X2-v1] with a colon               rig:1790700897392705                         acquire 400 runtime_broker_invalid_request "Runtime Broker request is invalid." | no Session row, requests that reached a worker: 0
[X2-v1] with a percent escape      rig%2e%2e1790700897434765                    acquire 400 runtime_broker_invalid_request "Runtime Broker request is invalid." | no Session row, requests that reached a worker: 0
[X2-v1] ending in a line feed      rig-1790700897475559\n                       acquire 400 runtime_broker_invalid_request "Runtime Broker request is invalid." | no Session row, requests that reached a worker: 0
[X2-v1] with a NUL                 rig\u00001790700897518157                    acquire 400 runtime_broker_invalid_request "acquire request.runtimeSessionId must be a bounded non-empty" | no Session row, requests that reached a worker: 0
[X2-v1] fullwidth letter           rigＡ-1790700897559456                        acquire 400 runtime_broker_invalid_request "Runtime Broker request is invalid." | no Session row, requests that reached a worker: 0
[X2-v1] Kelvin sign                rigK-1790700897605559                        acquire 400 runtime_broker_invalid_request "Runtime Broker request is invalid." | no Session row, requests that reached a worker: 0
[PASS] X2-v1.1 every id of the allow-list is acquired, works and releases (8 spellings) :: []
[PASS] X2-v1.2 every other id is refused at acquire, before a Session row or a worker request exists (16 spellings) :: []
[PASS] X2-v1.3 no Session is left that cannot be released :: []
[GROUP] X2 v2 arm=mn
[X2-v2] lowercase UUID v4          a0251395-4a51-4451-af30-d8a10c867924         acquire 200 | raw work: SETTLED/success | release 200 | Session now RELEASED | storage held=false
[X2-v2] uppercase UUID v4          A9775D17-E937-4977-A638-FE89DE6497A5         acquire 200 | raw work: SETTLED/success | release 200 | Session now RELEASED | storage held=false
[X2-v2] UUID version 7             33bd23fd-938a-729e-89a9-ad7f8dfbac30         acquire 200 | raw work: SETTLED/success | release 200 | Session now RELEASED | storage held=false
[X2-v2] not a UUID                 rig-session-1790700899594537                 acquire 200 | raw work: SETTLED/success | release 200 | Session now RELEASED | storage held=false
[X2-v2] dot, underscore, hyphen    rig.a_b-c.1790700900228890                   acquire 200 | raw work: SETTLED/success | release 200 | Session now RELEASED | storage held=false
[X2-v2] leading dot                .rig-1790700900877827                        acquire 200 | raw work: SETTLED/success | release 200 | Session now RELEASED | storage held=false
[X2-v2] trailing dot               rig-1790700901510987.                        acquire 200 | raw work: SETTLED/success | release 200 | Session now RELEASED | storage held=false
[X2-v2] 512 characters             rig-1790700902140798-aaaaaaa… (512)          acquire 200 | raw work: SETTLED/success | release 200 | Session now RELEASED | storage held=false
[X2-v2] with a space               rig session 1790700902773187                 acquire 400 runtime_broker_invalid_request "Runtime Broker request is invalid." | no Session row, requests that reached a worker: 0 | storage held=false
[X2-v2] not ASCII                  会话-1790700902875780                          acquire 400 runtime_broker_invalid_request "Runtime Broker request is invalid." | no Session row, requests that reached a worker: 0 | storage held=false
[X2-v2] with a slash               rig/session-1790700902979892                 acquire 400 runtime_broker_invalid_request "Runtime Broker request is invalid." | no Session row, requests that reached a worker: 0 | storage held=false
[X2-v2] with a backslash           rig\\session-17907009030943                  acquire 400 runtime_broker_invalid_request "Runtime Broker request is invalid." | no Session row, requests that reached a worker: 0 | storage held=false
[X2-v2] with two dots              rig..session-179070090320293                 acquire 400 runtime_broker_invalid_request "Runtime Broker request is invalid." | no Session row, requests that reached a worker: 0 | storage held=false
[X2-v2] with a control character   rig\u0001session-1790700903305741            acquire 400 runtime_broker_invalid_request "Runtime Broker request is invalid." | no Session row, requests that reached a worker: 0 | storage held=false
[X2-v2] with an emoji              rig-😀-1790700903409991                      acquire 400 runtime_broker_invalid_request "Runtime Broker request is invalid." | no Session row, requests that reached a worker: 0 | storage held=false
[X2-v2] a single dot               .                                            acquire 400 runtime_broker_invalid_request "Runtime Broker request is invalid." | no Session row, requests that reached a worker: 0 | storage held=false
[X2-v2] two dots alone             ..                                           acquire 400 runtime_broker_invalid_request "Runtime Broker request is invalid." | no Session row, requests that reached a worker: 0 | storage held=false
[X2-v2] 513 characters             rig-1790700903743436-aaaaaaa… (513)          acquire 400 runtime_broker_invalid_request "acquire request.runtimeSessionId must be a bounded non-empty" | no Session row, requests that reached a worker: 0 | storage held=false
[X2-v2] with a colon               rig:1790700903849615                         acquire 400 runtime_broker_invalid_request "Runtime Broker request is invalid." | no Session row, requests that reached a worker: 0 | storage held=false
[X2-v2] with a percent escape      rig%2e%2e1790700903959635                    acquire 400 runtime_broker_invalid_request "Runtime Broker request is invalid." | no Session row, requests that reached a worker: 0 | storage held=false
[X2-v2] ending in a line feed      rig-1790700904066178\n                       acquire 400 runtime_broker_invalid_request "Runtime Broker request is invalid." | no Session row, requests that reached a worker: 0 | storage held=false
[X2-v2] with a NUL                 rig\u00001790700904172451                    acquire 400 runtime_broker_invalid_request "acquire request.runtimeSessionId must be a bounded non-empty" | no Session row, requests that reached a worker: 0 | storage held=false
[X2-v2] fullwidth letter           rigＡ-1790700904277358                        acquire 400 runtime_broker_invalid_request "Runtime Broker request is invalid." | no Session row, requests that reached a worker: 0 | storage held=false
[X2-v2] Kelvin sign                rigK-1790700904388486                        acquire 400 runtime_broker_invalid_request "Runtime Broker request is invalid." | no Session row, requests that reached a worker: 0 | storage held=false
[PASS] X2-v2.1 every id of the allow-list is acquired, works and releases (8 spellings) :: []
[PASS] X2-v2.2 every other id is refused at acquire, before a Session row or a worker request exists (16 spellings) :: []
[PASS] X2-v2.3 no Session is left that cannot be released :: []
[SUMMARY] 6/6 checks passed
