[GROUP] X2 v1 arm=760174073b
[X2-v1] lowercase UUID v4          c6eeb9c7-7064-4938-a875-cd76bd156ef5         acquire 200 | raw work: SETTLED/success | release 200 | Session now RELEASED
[X2-v1] uppercase UUID v4          AFEE921A-6ADD-4E75-95C6-D7B46A148E55         acquire 200 | raw work: SETTLED/success | release 200 | Session now RELEASED
[X2-v1] UUID version 7             7f49981c-ea9b-7f57-a0da-57efdec5ce7b         acquire 200 | raw work: SETTLED/success | release 200 | Session now RELEASED
[X2-v1] not a UUID                 rig-session-1790695295917625                 acquire 200 | raw work: SETTLED/success | release 200 | Session now RELEASED
[X2-v1] dot, underscore, hyphen    rig.a_b-c.1790695296549300                   acquire 200 | raw work: SETTLED/success | release 200 | Session now RELEASED
[X2-v1] leading dot                .rig-1790695297295375                        acquire 200 | raw work: SETTLED/success | release 200 | Session now RELEASED
[X2-v1] trailing dot               rig-1790695298081527.                        acquire 200 | raw work: SETTLED/success | release 200 | Session now RELEASED
[X2-v1] 512 characters             rig-1790695299002104-aaaaaaa… (512)          acquire 200 | raw work: SETTLED/success | release 200 | Session now RELEASED
[X2-v1] with a space               rig session 1790695299811163                 acquire 400 runtime_broker_invalid_request "Runtime Broker request is invalid." | no Session row, requests that reached a worker: 0
[X2-v1] not ASCII                  会话-1790695299877848                          acquire 400 runtime_broker_invalid_request "Runtime Broker request is invalid." | no Session row, requests that reached a worker: 0
[X2-v1] with a slash               rig/session-1790695299943570                 acquire 400 runtime_broker_invalid_request "Runtime Broker request is invalid." | no Session row, requests that reached a worker: 0
[X2-v1] with a backslash           rig\\session-1790695300007952                acquire 400 runtime_broker_invalid_request "Runtime Broker request is invalid." | no Session row, requests that reached a worker: 0
[X2-v1] with two dots              rig..session-179069530006014                 acquire 400 runtime_broker_invalid_request "Runtime Broker request is invalid." | no Session row, requests that reached a worker: 0
[X2-v1] with a control character   rig\u0001session-1790695300109820            acquire 400 runtime_broker_invalid_request "Runtime Broker request is invalid." | no Session row, requests that reached a worker: 0
[X2-v1] with an emoji              rig-😀-1790695300159961                      acquire 400 runtime_broker_invalid_request "Runtime Broker request is invalid." | no Session row, requests that reached a worker: 0
[X2-v1] a single dot               .                                            acquire 400 runtime_broker_invalid_request "Runtime Broker request is invalid." | no Session row, requests that reached a worker: 0
[X2-v1] two dots alone             ..                                           acquire 400 runtime_broker_invalid_request "Runtime Broker request is invalid." | no Session row, requests that reached a worker: 0
[X2-v1] 513 characters             rig-1790695300409893-aaaaaaa… (513)          acquire 400 runtime_broker_invalid_request "acquire request.runtimeSessionId must be a bounded non-empty" | no Session row, requests that reached a worker: 0
[X2-v1] with a colon               rig:1790695300475760                         acquire 400 runtime_broker_invalid_request "Runtime Broker request is invalid." | no Session row, requests that reached a worker: 0
[X2-v1] with a percent escape      rig%2e%2e1790695300540649                    acquire 400 runtime_broker_invalid_request "Runtime Broker request is invalid." | no Session row, requests that reached a worker: 0
[X2-v1] ending in a line feed      rig-1790695300601963\n                       acquire 400 runtime_broker_invalid_request "Runtime Broker request is invalid." | no Session row, requests that reached a worker: 0
[X2-v1] with a NUL                 rig\u00001790695300662458                    acquire 400 runtime_broker_invalid_request "acquire request.runtimeSessionId must be a bounded non-empty" | no Session row, requests that reached a worker: 0
[X2-v1] fullwidth letter           rigＡ-1790695300737668                        acquire 400 runtime_broker_invalid_request "Runtime Broker request is invalid." | no Session row, requests that reached a worker: 0
[X2-v1] Kelvin sign                rigK-1790695300804331                        acquire 400 runtime_broker_invalid_request "Runtime Broker request is invalid." | no Session row, requests that reached a worker: 0
[PASS] X2-v1.1 every id of the allow-list is acquired, works and releases (8 spellings) :: []
[PASS] X2-v1.2 every other id is refused at acquire, before a Session row or a worker request exists (16 spellings) :: []
[PASS] X2-v1.3 no Session is left that cannot be released :: []
[GROUP] X2 v2 arm=760174073b
[X2-v2] lowercase UUID v4          364d7cb3-16aa-4ee5-8be1-3117c69f4ae1         acquire 200 | raw work: SETTLED/success | release 200 | Session now RELEASED | storage held=false
[X2-v2] uppercase UUID v4          65358551-EB34-4303-A887-4C8B5C486B8A         acquire 200 | raw work: SETTLED/success | release 200 | Session now RELEASED | storage held=false
[X2-v2] UUID version 7             6b798d38-e4a5-789a-8a98-2b11aaa5c43c         acquire 200 | raw work: SETTLED/success | release 200 | Session now RELEASED | storage held=false
[X2-v2] not a UUID                 rig-session-1790695303608301                 acquire 200 | raw work: SETTLED/success | release 200 | Session now RELEASED | storage held=false
[X2-v2] dot, underscore, hyphen    rig.a_b-c.1790695304394814                   acquire 200 | raw work: SETTLED/success | release 200 | Session now RELEASED | storage held=false
[X2-v2] leading dot                .rig-1790695305183204                        acquire 200 | raw work: SETTLED/success | release 200 | Session now RELEASED | storage held=false
[X2-v2] trailing dot               rig-1790695305973649.                        acquire 200 | raw work: SETTLED/success | release 200 | Session now RELEASED | storage held=false
[X2-v2] 512 characters             rig-1790695306776380-aaaaaaa… (512)          acquire 200 | raw work: SETTLED/success | release 200 | Session now RELEASED | storage held=false
[X2-v2] with a space               rig session 1790695307674757                 acquire 400 runtime_broker_invalid_request "Runtime Broker request is invalid." | no Session row, requests that reached a worker: 0 | storage held=false
[X2-v2] not ASCII                  会话-1790695307844756                          acquire 400 runtime_broker_invalid_request "Runtime Broker request is invalid." | no Session row, requests that reached a worker: 0 | storage held=false
[X2-v2] with a slash               rig/session-179069530798466                  acquire 400 runtime_broker_invalid_request "Runtime Broker request is invalid." | no Session row, requests that reached a worker: 0 | storage held=false
[X2-v2] with a backslash           rig\\session-1790695308121117                acquire 400 runtime_broker_invalid_request "Runtime Broker request is invalid." | no Session row, requests that reached a worker: 0 | storage held=false
[X2-v2] with two dots              rig..session-1790695308238555                acquire 400 runtime_broker_invalid_request "Runtime Broker request is invalid." | no Session row, requests that reached a worker: 0 | storage held=false
[X2-v2] with a control character   rig\u0001session-1790695308363817            acquire 400 runtime_broker_invalid_request "Runtime Broker request is invalid." | no Session row, requests that reached a worker: 0 | storage held=false
[X2-v2] with an emoji              rig-😀-1790695308470340                      acquire 400 runtime_broker_invalid_request "Runtime Broker request is invalid." | no Session row, requests that reached a worker: 0 | storage held=false
[X2-v2] a single dot               .                                            acquire 400 runtime_broker_invalid_request "Runtime Broker request is invalid." | no Session row, requests that reached a worker: 0 | storage held=false
[X2-v2] two dots alone             ..                                           acquire 400 runtime_broker_invalid_request "Runtime Broker request is invalid." | no Session row, requests that reached a worker: 0 | storage held=false
[X2-v2] 513 characters             rig-1790695308842113-aaaaaaa… (513)          acquire 400 runtime_broker_invalid_request "acquire request.runtimeSessionId must be a bounded non-empty" | no Session row, requests that reached a worker: 0 | storage held=false
[X2-v2] with a colon               rig:179069530896717                          acquire 400 runtime_broker_invalid_request "Runtime Broker request is invalid." | no Session row, requests that reached a worker: 0 | storage held=false
[X2-v2] with a percent escape      rig%2e%2e179069530908871                     acquire 400 runtime_broker_invalid_request "Runtime Broker request is invalid." | no Session row, requests that reached a worker: 0 | storage held=false
[X2-v2] ending in a line feed      rig-1790695309208182\n                       acquire 400 runtime_broker_invalid_request "Runtime Broker request is invalid." | no Session row, requests that reached a worker: 0 | storage held=false
[X2-v2] with a NUL                 rig\u00001790695309328821                    acquire 400 runtime_broker_invalid_request "acquire request.runtimeSessionId must be a bounded non-empty" | no Session row, requests that reached a worker: 0 | storage held=false
[X2-v2] fullwidth letter           rigＡ-1790695309460149                        acquire 400 runtime_broker_invalid_request "Runtime Broker request is invalid." | no Session row, requests that reached a worker: 0 | storage held=false
[X2-v2] Kelvin sign                rigK-1790695309574757                        acquire 400 runtime_broker_invalid_request "Runtime Broker request is invalid." | no Session row, requests that reached a worker: 0 | storage held=false
[PASS] X2-v2.1 every id of the allow-list is acquired, works and releases (8 spellings) :: []
[PASS] X2-v2.2 every other id is refused at acquire, before a Session row or a worker request exists (16 spellings) :: []
[PASS] X2-v2.3 no Session is left that cannot be released :: []
[SUMMARY] 6/6 checks passed
