[GROUP] X2 v1 arm=50fb28301e
[X2-v1] lowercase UUID v4          3097cd1e-34a1-4a5e-b125-2dba608ce78b         acquire 200 | raw work: SETTLED/success | release 200 | Session now RELEASED
[X2-v1] uppercase UUID v4          19230148-2C7E-4372-AB22-B6F5DAC9C399         acquire 200 | raw work: SETTLED/success | release 200 | Session now RELEASED
[X2-v1] UUID version 7             8176b1a1-0e9a-7c80-be4a-e63f6b8e34f8         acquire 200 | raw work: SETTLED/success | release 200 | Session now RELEASED
[X2-v1] not a UUID                 rig-session-1790689950948721                 acquire 200 | raw work: SETTLED/success | release 200 | Session now RELEASED
[X2-v1] dot, underscore, hyphen    rig.a_b-c.1790689951544115                   acquire 200 | raw work: SETTLED/success | release 200 | Session now RELEASED
[X2-v1] leading dot                .rig-1790689952173407                        acquire 200 | raw work: SETTLED/success | release 200 | Session now RELEASED
[X2-v1] trailing dot               rig-1790689952820760.                        acquire 200 | raw work: SETTLED/success | release 200 | Session now RELEASED
[X2-v1] 512 characters             rig-1790689953436993-aaaaaaa… (512)          acquire 200 | raw work: SETTLED/success | release 200 | Session now RELEASED
[X2-v1] with a space               rig session 179068995400994                  acquire 400 runtime_broker_invalid_request "Runtime Broker request is invalid." | no Session row, requests that reached a worker: 0
[X2-v1] not ASCII                  会话-1790689954055705                          acquire 400 runtime_broker_invalid_request "Runtime Broker request is invalid." | no Session row, requests that reached a worker: 0
[X2-v1] with a slash               rig/session-1790689954105523                 acquire 400 runtime_broker_invalid_request "Runtime Broker request is invalid." | no Session row, requests that reached a worker: 0
[X2-v1] with a backslash           rig\\session-1790689954150238                acquire 400 runtime_broker_invalid_request "Runtime Broker request is invalid." | no Session row, requests that reached a worker: 0
[X2-v1] with two dots              rig..session-1790689954195724                acquire 400 runtime_broker_invalid_request "Runtime Broker request is invalid." | no Session row, requests that reached a worker: 0
[X2-v1] with a control character   rig\u0001session-1790689954243848            acquire 400 runtime_broker_invalid_request "Runtime Broker request is invalid." | no Session row, requests that reached a worker: 0
[X2-v1] with an emoji              rig-😀-1790689954289236                      acquire 400 runtime_broker_invalid_request "Runtime Broker request is invalid." | no Session row, requests that reached a worker: 0
[X2-v1] a single dot               .                                            acquire 400 runtime_broker_invalid_request "Runtime Broker request is invalid." | no Session row, requests that reached a worker: 0
[X2-v1] two dots alone             ..                                           acquire 400 runtime_broker_invalid_request "Runtime Broker request is invalid." | no Session row, requests that reached a worker: 0
[X2-v1] 513 characters             rig-1790689954428488-aaaaaaa… (513)          acquire 400 runtime_broker_invalid_request "acquire request.runtimeSessionId must be a bounded non-empty" | no Session row, requests that reached a worker: 0
[X2-v1] with a colon               rig:1790689954476652                         acquire 400 runtime_broker_invalid_request "Runtime Broker request is invalid." | no Session row, requests that reached a worker: 0
[X2-v1] with a percent escape      rig%2e%2e1790689954523702                    acquire 400 runtime_broker_invalid_request "Runtime Broker request is invalid." | no Session row, requests that reached a worker: 0
[X2-v1] ending in a line feed      rig-1790689954575861\n                       acquire 400 runtime_broker_invalid_request "Runtime Broker request is invalid." | no Session row, requests that reached a worker: 0
[X2-v1] with a NUL                 rig\u00001790689954622421                    acquire 400 runtime_broker_invalid_request "acquire request.runtimeSessionId must be a bounded non-empty" | no Session row, requests that reached a worker: 0
[X2-v1] fullwidth letter           rigＡ-1790689954666968                        acquire 400 runtime_broker_invalid_request "Runtime Broker request is invalid." | no Session row, requests that reached a worker: 0
[X2-v1] Kelvin sign                rigK-1790689954705894                        acquire 400 runtime_broker_invalid_request "Runtime Broker request is invalid." | no Session row, requests that reached a worker: 0
[PASS] X2-v1.1 every id of the allow-list is acquired, works and releases (8 spellings) :: []
[PASS] X2-v1.2 every other id is refused at acquire, before a Session row or a worker request exists (16 spellings) :: []
[PASS] X2-v1.3 no Session is left that cannot be released :: []
[GROUP] X2 v2 arm=50fb28301e
[X2-v2] lowercase UUID v4          37df26ef-3580-47a3-8ef3-6bfeef74b298         acquire 200 | raw work: SETTLED/success | release 200 | Session now RELEASED | storage held=false
[X2-v2] uppercase UUID v4          A07A7E7D-2820-4E9B-BB22-1A98DDC6D9CF         acquire 200 | raw work: SETTLED/success | release 200 | Session now RELEASED | storage held=false
[X2-v2] UUID version 7             7eeb6e99-052c-7a90-bc94-882751e93702         acquire 200 | raw work: SETTLED/success | release 200 | Session now RELEASED | storage held=false
[X2-v2] not a UUID                 rig-session-179068995677616                  acquire 200 | raw work: SETTLED/success | release 200 | Session now RELEASED | storage held=false
[X2-v2] dot, underscore, hyphen    rig.a_b-c.1790689957437940                   acquire 200 | raw work: SETTLED/success | release 200 | Session now RELEASED | storage held=false
[X2-v2] leading dot                .rig-1790689958125570                        acquire 200 | raw work: SETTLED/success | release 200 | Session now RELEASED | storage held=false
[X2-v2] trailing dot               rig-1790689958784437.                        acquire 200 | raw work: SETTLED/success | release 200 | Session now RELEASED | storage held=false
[X2-v2] 512 characters             rig-1790689959491824-aaaaaaa… (512)          acquire 200 | raw work: SETTLED/success | release 200 | Session now RELEASED | storage held=false
[X2-v2] with a space               rig session 1790689960219993                 acquire 400 runtime_broker_invalid_request "Runtime Broker request is invalid." | no Session row, requests that reached a worker: 0 | storage held=false
[X2-v2] not ASCII                  会话-1790689960328443                          acquire 400 runtime_broker_invalid_request "Runtime Broker request is invalid." | no Session row, requests that reached a worker: 0 | storage held=false
[X2-v2] with a slash               rig/session-1790689960445741                 acquire 400 runtime_broker_invalid_request "Runtime Broker request is invalid." | no Session row, requests that reached a worker: 0 | storage held=false
[X2-v2] with a backslash           rig\\session-1790689960564161                acquire 400 runtime_broker_invalid_request "Runtime Broker request is invalid." | no Session row, requests that reached a worker: 0 | storage held=false
[X2-v2] with two dots              rig..session-1790689960675989                acquire 400 runtime_broker_invalid_request "Runtime Broker request is invalid." | no Session row, requests that reached a worker: 0 | storage held=false
[X2-v2] with a control character   rig\u0001session-1790689960790163            acquire 400 runtime_broker_invalid_request "Runtime Broker request is invalid." | no Session row, requests that reached a worker: 0 | storage held=false
[X2-v2] with an emoji              rig-😀-1790689960898652                      acquire 400 runtime_broker_invalid_request "Runtime Broker request is invalid." | no Session row, requests that reached a worker: 0 | storage held=false
[X2-v2] a single dot               .                                            acquire 400 runtime_broker_invalid_request "Runtime Broker request is invalid." | no Session row, requests that reached a worker: 0 | storage held=false
[X2-v2] two dots alone             ..                                           acquire 400 runtime_broker_invalid_request "Runtime Broker request is invalid." | no Session row, requests that reached a worker: 0 | storage held=false
[X2-v2] 513 characters             rig-1790689961257387-aaaaaaa… (513)          acquire 400 runtime_broker_invalid_request "acquire request.runtimeSessionId must be a bounded non-empty" | no Session row, requests that reached a worker: 0 | storage held=false
[X2-v2] with a colon               rig:1790689961387190                         acquire 400 runtime_broker_invalid_request "Runtime Broker request is invalid." | no Session row, requests that reached a worker: 0 | storage held=false
[X2-v2] with a percent escape      rig%2e%2e17906899615054                      acquire 400 runtime_broker_invalid_request "Runtime Broker request is invalid." | no Session row, requests that reached a worker: 0 | storage held=false
[X2-v2] ending in a line feed      rig-1790689961621911\n                       acquire 400 runtime_broker_invalid_request "Runtime Broker request is invalid." | no Session row, requests that reached a worker: 0 | storage held=false
[X2-v2] with a NUL                 rig\u00001790689961761931                    acquire 400 runtime_broker_invalid_request "acquire request.runtimeSessionId must be a bounded non-empty" | no Session row, requests that reached a worker: 0 | storage held=false
[X2-v2] fullwidth letter           rigＡ-1790689961879368                        acquire 400 runtime_broker_invalid_request "Runtime Broker request is invalid." | no Session row, requests that reached a worker: 0 | storage held=false
[X2-v2] Kelvin sign                rigK-1790689962013421                        acquire 400 runtime_broker_invalid_request "Runtime Broker request is invalid." | no Session row, requests that reached a worker: 0 | storage held=false
[PASS] X2-v2.1 every id of the allow-list is acquired, works and releases (8 spellings) :: []
[PASS] X2-v2.2 every other id is refused at acquire, before a Session row or a worker request exists (16 spellings) :: []
[PASS] X2-v2.3 no Session is left that cannot be released :: []
[SUMMARY] 6/6 checks passed
