[GROUP] X2 v1 arm=merged-4fddf47ee3-e94f781523
[X2-v1] lowercase UUID v4          cf51dd65-3017-4148-adff-f70d54c91d96         acquire 200 | raw work: SETTLED/success | release 200 | Session now RELEASED
[X2-v1] uppercase UUID v4          831EFC34-7988-45E9-8408-FB2A4F6B0E0D         acquire 200 | raw work: SETTLED/success | release 200 | Session now RELEASED
[X2-v1] UUID version 7             46b4c950-5ade-7775-b8a0-245585b551e3         acquire 200 | raw work: SETTLED/success | release 200 | Session now RELEASED
[X2-v1] not a UUID                 rig-session-1790682572566138                 acquire 200 | raw work: SETTLED/success | release 200 | Session now RELEASED
[X2-v1] dot, underscore, hyphen    rig.a_b-c.179068257312423                    acquire 200 | raw work: SETTLED/success | release 200 | Session now RELEASED
[X2-v1] leading dot                .rig-1790682573659202                        acquire 200 | raw work: SETTLED/success | release 200 | Session now RELEASED
[X2-v1] trailing dot               rig-1790682574192554.                        acquire 200 | raw work: SETTLED/success | release 200 | Session now RELEASED
[X2-v1] 512 characters             rig-1790682574727105-aaaaaaa… (512)          acquire 200 | raw work: SETTLED/success | release 200 | Session now RELEASED
[X2-v1] with a space               rig session 1790682575268750                 acquire 400 runtime_broker_invalid_request "Runtime Broker request is invalid." | no Session row, requests that reached a worker: 0
[X2-v1] not ASCII                  会话-1790682575310456                          acquire 400 runtime_broker_invalid_request "Runtime Broker request is invalid." | no Session row, requests that reached a worker: 0
[X2-v1] with a slash               rig/session-1790682575354806                 acquire 400 runtime_broker_invalid_request "Runtime Broker request is invalid." | no Session row, requests that reached a worker: 0
[X2-v1] with a backslash           rig\\session-1790682575394754                acquire 400 runtime_broker_invalid_request "Runtime Broker request is invalid." | no Session row, requests that reached a worker: 0
[X2-v1] with two dots              rig..session-1790682575435414                acquire 400 runtime_broker_invalid_request "Runtime Broker request is invalid." | no Session row, requests that reached a worker: 0
[X2-v1] with a control character   rig\u0001session-1790682575475944            acquire 400 runtime_broker_invalid_request "Runtime Broker request is invalid." | no Session row, requests that reached a worker: 0
[X2-v1] with an emoji              rig-😀-1790682575517287                      acquire 400 runtime_broker_invalid_request "Runtime Broker request is invalid." | no Session row, requests that reached a worker: 0
[X2-v1] a single dot               .                                            acquire 400 runtime_broker_invalid_request "Runtime Broker request is invalid." | no Session row, requests that reached a worker: 0
[X2-v1] two dots alone             ..                                           acquire 400 runtime_broker_invalid_request "Runtime Broker request is invalid." | no Session row, requests that reached a worker: 0
[X2-v1] 513 characters             rig-1790682575640618-aaaaaaa… (513)          acquire 400 runtime_broker_invalid_request "acquire request.runtimeSessionId must be a bounded non-empty" | no Session row, requests that reached a worker: 0
[X2-v1] with a colon               rig:179068257568040                          acquire 400 runtime_broker_invalid_request "Runtime Broker request is invalid." | no Session row, requests that reached a worker: 0
[X2-v1] with a percent escape      rig%2e%2e1790682575721263                    acquire 400 runtime_broker_invalid_request "Runtime Broker request is invalid." | no Session row, requests that reached a worker: 0
[X2-v1] ending in a line feed      rig-1790682575762195\n                       acquire 400 runtime_broker_invalid_request "Runtime Broker request is invalid." | no Session row, requests that reached a worker: 0
[X2-v1] with a NUL                 rig\u00001790682575803403                    acquire 400 runtime_broker_invalid_request "acquire request.runtimeSessionId must be a bounded non-empty" | no Session row, requests that reached a worker: 0
[X2-v1] fullwidth letter           rigＡ-1790682575844146                        acquire 400 runtime_broker_invalid_request "Runtime Broker request is invalid." | no Session row, requests that reached a worker: 0
[X2-v1] Kelvin sign                rigK-1790682575886574                        acquire 400 runtime_broker_invalid_request "Runtime Broker request is invalid." | no Session row, requests that reached a worker: 0
[PASS] X2-v1.1 every id of the allow-list is acquired, works and releases (8 spellings) :: []
[PASS] X2-v1.2 every other id is refused at acquire, before a Session row or a worker request exists (16 spellings) :: []
[PASS] X2-v1.3 no Session is left that cannot be released :: []
[GROUP] X2 v2 arm=merged-4fddf47ee3-e94f781523
[X2-v2] lowercase UUID v4          623dcf36-4310-44d1-88ff-2c9e54795581         acquire 200 | raw work: SETTLED/success | release 200 | Session now RELEASED | storage held=false
[X2-v2] uppercase UUID v4          6A22D2B5-0E83-425B-B674-D5CAFEEE64AD         acquire 200 | raw work: SETTLED/success | release 200 | Session now RELEASED | storage held=false
[X2-v2] UUID version 7             2261bf55-641d-7c36-8e42-28f8f768bfc0         acquire 200 | raw work: SETTLED/success | release 200 | Session now RELEASED | storage held=false
[X2-v2] not a UUID                 rig-session-1790682577773805                 acquire 200 | raw work: SETTLED/success | release 200 | Session now RELEASED | storage held=false
[X2-v2] dot, underscore, hyphen    rig.a_b-c.1790682578383527                   acquire 200 | raw work: SETTLED/success | release 200 | Session now RELEASED | storage held=false
[X2-v2] leading dot                .rig-179068257899084                         acquire 200 | raw work: SETTLED/success | release 200 | Session now RELEASED | storage held=false
[X2-v2] trailing dot               rig-1790682579605486.                        acquire 200 | raw work: SETTLED/success | release 200 | Session now RELEASED | storage held=false
[X2-v2] 512 characters             rig-1790682580220481-aaaaaaa… (512)          acquire 200 | raw work: SETTLED/success | release 200 | Session now RELEASED | storage held=false
[X2-v2] with a space               rig session 1790682580843748                 acquire 400 runtime_broker_invalid_request "Runtime Broker request is invalid." | no Session row, requests that reached a worker: 0 | storage held=false
[X2-v2] not ASCII                  会话-1790682580948307                          acquire 400 runtime_broker_invalid_request "Runtime Broker request is invalid." | no Session row, requests that reached a worker: 0 | storage held=false
[X2-v2] with a slash               rig/session-1790682581047818                 acquire 400 runtime_broker_invalid_request "Runtime Broker request is invalid." | no Session row, requests that reached a worker: 0 | storage held=false
[X2-v2] with a backslash           rig\\session-1790682581155188                acquire 400 runtime_broker_invalid_request "Runtime Broker request is invalid." | no Session row, requests that reached a worker: 0 | storage held=false
[X2-v2] with two dots              rig..session-1790682581254951                acquire 400 runtime_broker_invalid_request "Runtime Broker request is invalid." | no Session row, requests that reached a worker: 0 | storage held=false
[X2-v2] with a control character   rig\u0001session-1790682581351854            acquire 400 runtime_broker_invalid_request "Runtime Broker request is invalid." | no Session row, requests that reached a worker: 0 | storage held=false
[X2-v2] with an emoji              rig-😀-1790682581447134                      acquire 400 runtime_broker_invalid_request "Runtime Broker request is invalid." | no Session row, requests that reached a worker: 0 | storage held=false
[X2-v2] a single dot               .                                            acquire 400 runtime_broker_invalid_request "Runtime Broker request is invalid." | no Session row, requests that reached a worker: 0 | storage held=false
[X2-v2] two dots alone             ..                                           acquire 400 runtime_broker_invalid_request "Runtime Broker request is invalid." | no Session row, requests that reached a worker: 0 | storage held=false
[X2-v2] 513 characters             rig-1790682581733144-aaaaaaa… (513)          acquire 400 runtime_broker_invalid_request "acquire request.runtimeSessionId must be a bounded non-empty" | no Session row, requests that reached a worker: 0 | storage held=false
[X2-v2] with a colon               rig:179068258183098                          acquire 400 runtime_broker_invalid_request "Runtime Broker request is invalid." | no Session row, requests that reached a worker: 0 | storage held=false
[X2-v2] with a percent escape      rig%2e%2e1790682581928527                    acquire 400 runtime_broker_invalid_request "Runtime Broker request is invalid." | no Session row, requests that reached a worker: 0 | storage held=false
[X2-v2] ending in a line feed      rig-1790682582023489\n                       acquire 400 runtime_broker_invalid_request "Runtime Broker request is invalid." | no Session row, requests that reached a worker: 0 | storage held=false
[X2-v2] with a NUL                 rig\u00001790682582120724                    acquire 400 runtime_broker_invalid_request "acquire request.runtimeSessionId must be a bounded non-empty" | no Session row, requests that reached a worker: 0 | storage held=false
[X2-v2] fullwidth letter           rigＡ-179068258222083                         acquire 400 runtime_broker_invalid_request "Runtime Broker request is invalid." | no Session row, requests that reached a worker: 0 | storage held=false
[X2-v2] Kelvin sign                rigK-1790682582316806                        acquire 400 runtime_broker_invalid_request "Runtime Broker request is invalid." | no Session row, requests that reached a worker: 0 | storage held=false
[PASS] X2-v2.1 every id of the allow-list is acquired, works and releases (8 spellings) :: []
[PASS] X2-v2.2 every other id is refused at acquire, before a Session row or a worker request exists (16 spellings) :: []
[PASS] X2-v2.3 no Session is left that cannot be released :: []
[SUMMARY] 6/6 checks passed
