[GROUP] Q v1 arm=pr
[PASS] Q-v1.1 after two refused preparations, corrected arguments under the SAME call identity prepare :: bad=managed_runtime_tool_invalid unknown=managed_runtime_tool_invalid corrected=ok
[PASS] Q-v1.2 the corrected invocation executes once and the refusals left no record :: rows=1 state=SETTLED
[PASS] Q-v1.3 the Session releases normally afterwards
[GROUP] Q v2 arm=pr
[PASS] Q-v2.1 after two refused preparations, corrected arguments under the SAME call identity prepare :: bad=managed_runtime_tool_invalid unknown=managed_runtime_tool_invalid corrected=ok
[PASS] Q-v2.2 the corrected invocation executes once and the refusals left no record :: rows=1 state=SETTLED
[PASS] Q-v2.3 the Session releases normally afterwards
[GROUP] R v1 arm=pr
[R-v1] R1 reason of 4,028 characters (path of 4,000)
[R-v1]    worker   -> 400 managed_runtime_tool_invalid :: File path must be absolute: aaaaaaaaaaaaaaaaaaaaaaaaaaaaaaaaaaaaaaaaaaaaaaaaaaaaaaaaaaaaaaaaaaa… (4028 chars)
[R-v1]    Broker   -> 400 managed_runtime_tool_invalid :: File path must be absolute: aaaaaaaaaaaaaaaaaaaaaaaaaaaaaaaaaaaaaaaaaaaaaaaaaaaaaaaaaaaaaaaaaaa… (4028 chars)
[R-v1]    provider -> 400 managed_runtime_tool_invalid :: Managed Runtime Broker returned HTTP 400. File path must be absolute: aaaaaaaaaaaaaaaaaaaaaaaaa… (4070 chars)
[R-v1]    code kept=true reason kept at Broker=true at provider=true
[R-v1] R2 reason of 4,096 characters (path of 4,068)
[R-v1]    worker   -> 400 managed_runtime_tool_invalid :: File path must be absolute: bbbbbbbbbbbbbbbbbbbbbbbbbbbbbbbbbbbbbbbbbbbbbbbbbbbbbbbbbbbbbbbbbbb… (4096 chars)
[R-v1]    Broker   -> 400 managed_runtime_tool_invalid :: File path must be absolute: bbbbbbbbbbbbbbbbbbbbbbbbbbbbbbbbbbbbbbbbbbbbbbbbbbbbbbbbbbbbbbbbbbb… (4096 chars)
[R-v1]    provider -> 400 managed_runtime_tool_invalid :: Managed Runtime Broker returned HTTP 400. File path must be absolute: bbbbbbbbbbbbbbbbbbbbbbbbb… (4138 chars)
[R-v1]    code kept=true reason kept at Broker=true at provider=true
[R-v1] R3 reason of 4,097 characters (path of 4,069)
[R-v1]    worker   -> 400 managed_runtime_tool_invalid :: File path must be absolute: ccccccccccccccccccccccccccccccccccccccccccccccccccccccccccccccccccc… (4097 chars)
[R-v1]    Broker   -> 400 managed_runtime_attestation_invalid :: Managed Runtime control request failed (HTTP 400).
[R-v1]    provider -> 400 managed_runtime_attestation_invalid :: Managed Runtime Broker returned HTTP 400. Managed Runtime control request failed (HTTP 400).
[R-v1]    code kept=false reason kept at Broker=false at provider=false
[R-v1] R4 reason of 8,028 characters (path of 8,000)
[R-v1]    worker   -> 400 managed_runtime_tool_invalid :: File path must be absolute: ddddddddddddddddddddddddddddddddddddddddddddddddddddddddddddddddddd… (8028 chars)
[R-v1]    Broker   -> 400 managed_runtime_attestation_invalid :: Managed Runtime control request failed (HTTP 400).
[R-v1]    provider -> 400 managed_runtime_attestation_invalid :: Managed Runtime Broker returned HTTP 400. Managed Runtime control request failed (HTTP 400).
[R-v1]    code kept=false reason kept at Broker=false at provider=false
[R-v1] R5 path with newline, ESC colour codes and markup
[R-v1]    worker   -> 400 managed_runtime_tool_invalid :: File path must be absolute: rel\n\u001b[31mred\u001b[0m<b>x</b>
[R-v1]    Broker   -> 400 managed_runtime_tool_invalid :: File path must be absolute: rel\n\u001b[31mred\u001b[0m<b>x</b>
[R-v1]    provider -> 400 managed_runtime_tool_invalid :: Managed Runtime Broker returned HTTP 400. File path must be absolute: rel\n\u001b[31mred\u001b[… (105 chars)
[R-v1]    code kept=true reason kept at Broker=true at provider=true
[R-v1] R6 path with a NUL character
[R-v1]    worker   -> 400 managed_runtime_tool_invalid :: File path must be absolute: rel\u0000nul
[R-v1]    Broker   -> 400 managed_runtime_attestation_invalid :: Managed Runtime control request failed (HTTP 400).
[R-v1]    provider -> 400 managed_runtime_attestation_invalid :: Managed Runtime Broker returned HTTP 400. Managed Runtime control request failed (HTTP 400).
[R-v1]    code kept=false reason kept at Broker=false at provider=false
[R-v1] R7 path with a lone surrogate
[R-v1]    worker   -> 400 managed_runtime_tool_invalid :: File path must be absolute: rel?half
[R-v1]    Broker   -> 400 managed_runtime_tool_invalid :: File path must be absolute: rel?half
[R-v1]    provider -> 400 managed_runtime_tool_invalid :: Managed Runtime Broker returned HTTP 400. File path must be absolute: rel?half
[R-v1]    code kept=true reason kept at Broker=true at provider=true
[R-v1] R8 CJK path
[R-v1]    worker   -> 400 managed_runtime_tool_invalid :: File path must be absolute: 相对/路径.txt
[R-v1]    Broker   -> 400 managed_runtime_tool_invalid :: File path must be absolute: 相对/路径.txt
[R-v1]    provider -> 400 managed_runtime_tool_invalid :: Managed Runtime Broker returned HTTP 400. File path must be absolute: 相对/路径.txt
[R-v1]    code kept=true reason kept at Broker=true at provider=true
[R-v1] R9 4,000 CJK characters (12 KB of UTF-8)
[R-v1]    worker   -> 400 managed_runtime_tool_invalid :: File path must be absolute: 路路路路路路路路路路路路路路路路路路路路路路路路路路路路路路路路路路路路路路路路路路路路路路路路路路路路路路路路路路路路路路路路路路路… (4028 chars)
[R-v1]    Broker   -> 400 managed_runtime_tool_invalid :: File path must be absolute: 路路路路路路路路路路路路路路路路路路路路路路路路路路路路路路路路路路路路路路路路路路路路路路路路路路路路路路路路路路路路路路路路路路路… (4028 chars)
[R-v1]    provider -> 400 managed_runtime_tool_invalid :: Managed Runtime Broker returned HTTP 400. File path must be absolute: 路路路路路路路路路路路路路路路路路路路路路路路路路… (4070 chars)
[R-v1]    code kept=true reason kept at Broker=true at provider=true
[R-v1] release: true
[GROUP] S v1 arm=pr
[S-v1] S1 untouched worker answer (control)                    Broker -> 400 managed_runtime_tool_invalid :: File path must be absolute: relative/path.txt
[S-v1] S2 unknown code                                         Broker -> 400 managed_runtime_attestation_invalid :: Managed Runtime control request failed (HTTP 400).
[S-v1] S3 known code with another status (tool_invalid + 409)  Broker -> 409 managed_runtime_identity_conflict :: Managed Runtime control request failed (HTTP 409).
[S-v1] S4 extra field in the body                              Broker -> 400 managed_runtime_attestation_invalid :: Managed Runtime control request failed (HTTP 400).
[S-v1] S5 Cache-Control header removed                         Broker -> 400 managed_runtime_attestation_invalid :: Managed Runtime control request failed (HTTP 400).
[S-v1] S6 Content-Encoding header added                        Broker -> 400 managed_runtime_attestation_invalid :: Managed Runtime control request failed (HTTP 400).
[S-v1] S7 Content-Type text/plain                              Broker -> 400 managed_runtime_attestation_invalid :: Managed Runtime control request failed (HTTP 400).
[S-v1] S8 empty reason                                         Broker -> 400 managed_runtime_attestation_invalid :: Managed Runtime control request failed (HTTP 400).
[S-v1] S9 body is not JSON                                     Broker -> 400 managed_runtime_attestation_invalid :: Managed Runtime control request failed (HTTP 400).
[S-v1] S10 501 managed_runtime_provider_unsupported             Broker -> 501 managed_runtime_provider_unsupported :: Managed Runtime provider configuration is unsupported.
[S-v1] S11 413 managed_runtime_provider_too_large               Broker -> 413 managed_runtime_provider_too_large :: Managed Runtime provider response exceeds its body size limit.
[S-v1] S12 500 with a known code                                Broker -> 500 managed_runtime_unavailable :: Managed Runtime control request failed (HTTP 500).
[PASS] S-v1.exec a well-formed refusal on execute is NOT taken as proof: record UNKNOWN, one dispatch, one effect, no replay :: start=runtime_broker_execution_unknown row=UNKNOWN lines=1 executes=1
[S-v1] what the caller is told about the execute: Managed Runtime Broker returned HTTP 409. Runtime execution outcome is unknown.
[SUMMARY] 7/7 checks passed
