# s5-sequence-batch  db=r2db  2026-09-30T18:59:07.289Z
PASS  create the Session  -> session=c2225c07-e2c4-413b-9269-1eea72ad48a3 UI_BATCH names=s5b-muogyehh-a.txt,s5b-muogyehh-b.txt,s5b-muogyehh-c.txt delay=5000
PASS  approval 1: requested Action is write_file; card shown  -> action=450a78aa call=rig-call-0-0 card="? WriteFile write_file Apply this change? Reject Yes, allow once Tool arguments are unavailable for this approval."
PASS  approval 1: the card says the arguments are unavailable  -> card="? WriteFile write_file Apply this change? Reject Yes, allow once Tool arguments are unavailable for this approval."
NOTE  approval 1: are this call's arguments (batch-s5b-muogyehh-a.txt) visible?  -> no
PASS  approval 2: requested Action is write_file; card shown  -> action=7d95cb2c call=rig-call-0-1 card="? WriteFile write_file Apply this change? Reject Yes, allow once Tool arguments are unavailable for this approval."
PASS  approval 2: the card says the arguments are unavailable  -> card="? WriteFile write_file Apply this change? Reject Yes, allow once Tool arguments are unavailable for this approval."
NOTE  approval 2: are this call's arguments (batch-s5b-muogyehh-b.txt) visible?  -> no
PASS  approval 3: requested Action is write_file; card shown  -> action=c5549e0d call=rig-call-0-2 card="? WriteFile write_file Apply this change? Reject Yes, allow once Tool arguments are unavailable for this approval."
PASS  approval 3: the card says the arguments are unavailable  -> card="? WriteFile write_file Apply this change? Reject Yes, allow once Tool arguments are unavailable for this approval."
NOTE  approval 3: are this call's arguments (batch-s5b-muogyehh-c.txt) visible?  -> no
PASS  the Turn completes after the last answer  -> status=COMPLETED 
PASS  the card is gone at the end
NOTE  Actions by state  -> [["decided","3"]]
PASS  one answer per approval, all accepted  -> responds=3 statuses=[202]
PASS  every answer targeted a different Action
NOTE  the three cards of the batch are identical  -> yes
PASS  allow / deny / allow: first and third written, second not  -> [true,false,true]
NOTE  final assistant text  -> UI_DONE rounds=1 results=["[{"type":"text","text":"Successfully created and wrote to new file: /Users/wenshao/pr13107-rig/run/r2db/ws/a/child/s5b-muogyehh-a.txt."}]
NOTE  actions/query calls by the page  -> 10
NOTE  console errors  -> []
== s5-sequence-batch: 12 passed, 0 failed
