started e2e1-A arm=pr pid=838220 port=18601 db=pr13554_e2e1
E2E-RIG collector-owner=81da63cd-fc33-4667-a147-a7f3ed03c3bb pid=838220
pre-seal read 3fc47727e020: HTTP 200 <1048576 bytes sha256=9731af01bf76f32296a30f938b10bacc490cfdc6a218baf1e8dc0a4dc6f66e18>
seeded session=s1-bg-shell-40mib rows=71 bytes=42005504
pre-seal read 5f06789d6e6f: HTTP 200 <2048 bytes sha256=62bc66033341cbafe62c2fbc852b4156bf147f7d487d370c63d909dac5df0d56>
seeded session=s2-many-small rows=251 bytes=513024
seeded session=s3-empty rows=0 bytes=0
pre-seal read d7052d603c39: HTTP 200 <1048576 bytes sha256=b6deff7d3d6ad002cd6c6f81989fd4a05fb981c9f3ca92b0e14137c4477d80ab>
seeded session=s4-live-control rows=8 bytes=2108416
pre-seal read bd143318ee6d: HTTP 200 <1048576 bytes sha256=df53d2ec7e61ed79b8c2218c6ded0dd8dcc81c227303df787ccaa1a43b43ba3e>
seeded session=s5-recovery-blocked rows=4 bytes=1053696
pre-seal read f286bfdd1729: HTTP 200 <1048576 bytes sha256=ae892d997b7419842e8e3399e7e720122c85c33699a28eaefc4ebe61d57d441d>
seeded session=s6-other-tenant rows=6 bytes=2104320
retired s1-bg-shell-40mib in 218ms
retired s2-many-small in 235ms
retired s3-empty in 218ms
retired s5-recovery-blocked in 216ms
retired s6-other-tenant in 217ms
read right after retirement: HTTP 409 {"error":{"code":"tool_output_session_retired","message":"The Session output is permanently retired.","request_id":"ad758cba-e3b7-41fc-b68e-0475da33946a"}}
read after collection: HTTP 409 {"error":{"code":"tool_output_session_retired","message":"The Session output is permanently retired.","request_id":"90374736-a67c-4912-b0d9-48cea6095469"}}
