harness pid=14677 up after 5s log=/Users/wenshao/pr13163-rig/run/x8/harness-0.log
spring up after 22s
stopped spring pid=14724 sig=TERM
stopped harness pid=14677 sig=TERM
stopped model pid=14664 sig=TERM
stopped tap pid=14665 sig=TERM
harness pid=14863 up after 4s log=/Users/wenshao/pr13163-rig/run/x8/harness-1.log
spring up after 14s
### [x8] c14 revoke
started d3d28d7a-a8e5-4c61-9f88-e3d59c5a2000 turn=turn_5c062843d1074f03b9c16da44d66a732 initial=COMPLETED mode=revoke
RC=0
stopped spring pid=14909 sig=TERM
spring up after 17s
### [x8] c14-cold-cache.mjs cancel ws-krevoke-x8 a revoke
# c14-cold-cache-revoke-ws-krevoke-x8  db=x8  2026-10-07T14:32:19.372Z
NOTE  Turn before the cancel (after the Spring restart)  -> ["turn_5c062843d1074f03b9c16da44d66a732","RUNNING","","0"]
NOTE  creator cancel after the restart  -> 202 accepted
NOTE  Turn 90 s after the cancel  -> CANCELLING  (not terminal)
NOTE  POST /cancel calls reaching the Harness  -> [{"at":26615,"status":204},{"at":46128,"status":409},{"at":58082,"status":409},{"at":78097,"status":409},{"at":90327,"status":409}]
NOTE  other Harness calls for the Session since the restart  -> ["POST /session/:id/prompt 202","POST /session/:id/load 200","POST /session/:id/cancel 204","POST /session/:id/cancel 409","POST /session/:id/load 409"]
NOTE  model request  -> aborted after 61026 ms
NOTE  Turn 60 s after can_create was restored  -> CANCELLING  (not terminal)
NOTE  Workspace file  -> null
NOTE  Turn history  -> [["turn_c04b763b8e5e4aeebf704dc43833de73","COMPLETED","","0"],["turn_5c062843d1074f03b9c16da44d66a732","CANCELLING","","3"]]
== c14-cold-cache-revoke-ws-krevoke-x8: 0 passed, 0 failed
RC=0
stopped spring pid=15204 sig=TERM
stopped harness pid=14863 sig=TERM
stopped model pid=14850 sig=TERM
stopped tap pid=14851 sig=TERM
harness pid=17295 up after 4s log=/Users/wenshao/pr13163-rig/run/x8/harness-2.log
spring up after 15s
### [x8] c14 none
started fa280f9d-09d5-44db-8f80-aeba3c11fd1a turn=turn_6f2d8a205d7f496292106a9d3472c5cc initial=COMPLETED mode=none
RC=0
stopped spring pid=17337 sig=TERM
spring up after 15s
### [x8] c14-cold-cache.mjs cancel ws-knone-x8 g none
# c14-cold-cache-none-ws-knone-x8  db=x8  2026-10-07T14:35:58.263Z
NOTE  Turn before the cancel (after the Spring restart)  -> ["turn_6f2d8a205d7f496292106a9d3472c5cc","RUNNING","","0"]
NOTE  creator cancel after the restart  -> 202 accepted
NOTE  Turn 90 s after the cancel  -> CANCELLING  (not terminal)
NOTE  POST /cancel calls reaching the Harness  -> [{"at":28567,"status":204},{"at":47821,"status":409},{"at":59893,"status":409},{"at":79895,"status":409}]
NOTE  other Harness calls for the Session since the restart  -> ["POST /session/:id/prompt 202","POST /session/:id/load 200","POST /session/:id/cancel 204","POST /session/:id/cancel 409","POST /session/:id/load 409"]
NOTE  model request  -> aborted after 60288 ms
NOTE  Turn 60 s after can_create was restored  -> CANCELLING  (not terminal)
NOTE  Workspace file  -> null
NOTE  Turn history  -> [["turn_ab1e02713d704828b448d8f8b6679b67","COMPLETED","","0"],["turn_6f2d8a205d7f496292106a9d3472c5cc","CANCELLING","","3"]]
== c14-cold-cache-none-ws-knone-x8: 0 passed, 0 failed
RC=0
stopped spring pid=17594 sig=TERM
stopped harness pid=17295 sig=TERM
stopped model pid=17282 sig=TERM
stopped tap pid=17283 sig=TERM
ARM8-DONE x 14:38:37
