# p3-restart-KILL  db=m1 arm=merge  2026-10-05T16:14:26.843Z
harness pid=6889; workers [7230,7242,7256,7269]
stopped spring pid=6799 sig=KILL
worker-left pid=6963 ppid=1
worker-left pid=6996 ppid=1
worker-left pid=7023 ppid=1
worker-left pid=7053 ppid=1
worker-left pid=7230 ppid=1
worker-left pid=7242 ppid=1
worker-left pid=7256 ppid=1
worker-left pid=7269 ppid=1
spring pid=7306 up after 5s log=/Users/wenshao/pr13354-rig/run/m1/spring-1.log
spring restarted in 4336 ms; harness still pid alive
NOTE  workers after Spring restart  -> ["7230:alive:READY","7242:alive:READY","7256:alive:READY","7269:alive:READY"]
PASS  [KILL] ACTIVE delete (public) after Spring restart completes  -> {"label":"delete public","admit":202,"code":"","status":"completed","waited":340,"row":{"kind":"DELETE","state":"COMPLETED","delivery":"CONFIRMED","before_":"ACTIVE","receipt":"rcpt_c668f67d377541248e6c95efdf355e29","gen":1,"attempts":0,"err":"","proto":1,"effects":1},"wire":["POST /session/:id/detach -> 204 auth=op_b02ceb0d/g1"],"sess":"DELETED","worker":{"binding":"35e8619d-1343-4b71-b048-7d370f525bf5","bstate":"RELEASED","rid":"e806f0101ccb","pid":7230,"regState":"RETIRED","regFiles":"json,lock,ready","pidAlive":false}}
PASS  [KILL] ACTIVE delete (web) after Spring restart completes  -> {"label":"delete web","admit":202,"code":"","status":"completed","waited":172,"row":{"kind":"DELETE","state":"COMPLETED","delivery":"CONFIRMED","before_":"ACTIVE","receipt":"rcpt_ac2a81f034cd4131b5c0ce2b52bf8b02","gen":1,"attempts":0,"err":"","proto":1,"effects":1},"wire":["POST /session/:id/detach -> 204 auth=op_ec033fb3/g1"],"sess":"DELETED","worker":{"binding":"fa77fab5-ea37-4bde-987c-5c5f862f6524","bstate":"RELEASED","rid":"9c5858975887","pid":7269,"regState":"RETIRED","regFiles":"json,lock,ready","pidAlive":false}}
PASS  [KILL] ACTIVE close after Spring restart completes  -> {"label":"close public","admit":202,"code":"","status":"completed","waited":166,"row":{"kind":"CLOSE","state":"COMPLETED","delivery":"CONFIRMED","before_":"ACTIVE","receipt":"rcpt_908bf845a5624c8583457e61a14852f4","gen":1,"attempts":0,"err":"","proto":1,"effects":1},"wire":["POST /session/:id/detach -> 204 auth=op_1cc28d96/g1"],"sess":"CLOSED","worker":{"binding":"8b48825c-0ead-4daf-a2ea-a99dd8621ab3","bstate":"RELEASED","rid":"dc8edb313a1a","pid":7242,"regState":"RETIRED","regFiles":"json,lock,ready","pidAlive":false}}
PASS  [KILL] delete public: original worker stopped  -> {"binding":"35e8619d-1343-4b71-b048-7d370f525bf5","bstate":"RELEASED","rid":"e806f0101ccb","pid":7230,"regState":"RETIRED","regFiles":"json,lock,ready","pidAlive":false}
PASS  [KILL] delete web: original worker stopped  -> {"binding":"fa77fab5-ea37-4bde-987c-5c5f862f6524","bstate":"RELEASED","rid":"9c5858975887","pid":7269,"regState":"RETIRED","regFiles":"json,lock,ready","pidAlive":false}
PASS  [KILL] close public: original worker stopped  -> {"binding":"8b48825c-0ead-4daf-a2ea-a99dd8621ab3","bstate":"RELEASED","rid":"dc8edb313a1a","pid":7242,"regState":"RETIRED","regFiles":"json,lock,ready","pidAlive":false}
PASS  [KILL] control: ordinary Turn on an untouched Session after restart completes  -> {"input":202,"last":{"turn_id":"turn_f3b94ebd0c624b61be468dc57ee299a6","status":"COMPLETED","err":""},"ms":1208,"wire":["POST /session/:id/load -> 200","POST /session/:id/prompt -> 202","GET /session/:id/events -> 200"]}
== p3-restart-KILL: 7 passed, 0 failed
