nest cockpit head2 {"face":"Running | 1 | Probe nested agents | ◐ | 2 agents | 22m 51s","faceAgentCount":"2 agents","renderedAgentRows":["Agent: Parent agent","↳ general-purpose: Nested probe"],"strip":["0 / 2 Steps completed","2 Active agents","0 Needs attention"],"articleText":"Running | 1 | Probe nested agents | ◐ | 2 agents | 22m 51s | Agent: Parent agent | Running | ↳ general-purpose: Nested probe | Running"}
nest chat head2 null
nest cockpit head {"face":"Running | 1 | Probe nested agents | ◐ | 1 agent | 24m 5s","faceAgentCount":"1 agent","renderedAgentRows":["Agent: Parent agent","↳ general-purpose: Nested probe"],"strip":["0 / 2 Steps completed","2 Active agents","0 Needs attention"],"articleText":"Running | 1 | Probe nested agents | ◐ | 1 agent | 24m 5s | Agent: Parent agent | Running | ↳ general-purpose: Nested probe | Running"}
nest chat head null
NEST_EXIT=0
edges 1440 head2 64px survey-api->compare-findings:adjacent:[28,0]:right | read-tests->compare-findings:adjacent:[28,0]:right | compare-findings->write-summary:adjacent:[28,0]:right | check-docs->write-summary:lane:[18,0]:right problems 0
edges 700 head2 32px survey-api->compare-findings:adjacent:[12,0]:right | read-tests->compare-findings:adjacent:[12,0]:right | compare-findings->write-summary:adjacent:[12,0]:right | check-docs->write-summary:lane:[18,0]:right problems 0
edges 430 head2 18px survey-api->compare-findings:adjacent:[5,0]:right | read-tests->compare-findings:adjacent:[5,0]:right | compare-findings->write-summary:adjacent:[5,0]:right | check-docs->write-summary:lane:[18,0]:right X[["compare-findings",106,106]] problems 0
edges 390 head2 18px survey-api->compare-findings:adjacent:[5,0]:right | read-tests->compare-findings:adjacent:[5,0]:right | compare-findings->write-summary:adjacent:[5,0]:right | check-docs->write-summary:lane:[18,0]:right X[["compare-findings",106,106]] problems 0
EDGES_EXIT=0
a11y revert "- button \"Blocked 4 Compare findings and draft the migration plan\"" sr 0 cockpit sr 0 rows 2 big {"edgesDrawn":0,"srSummaries":0,"visibleDependsRows":25,"leaf1Height":554,"problems":[]}
a11y head2 "- 'button \"Blocked 4 Compare findings and draft the migration plan Depends on: 1 Survey the public API surface, 2 Read the existing test suite\"'" sr 2 cockpit sr 0 rows 2 big {"edgesDrawn":0,"srSummaries":0,"visibleDependsRows":25,"leaf1Height":554,"problems":[]}
/var/tmp/pr10938-wt/node_modules/sharp/dist/constructor.cjs:227
    throw new Error('Invalid input');
          ^

Error: Invalid input
    at Sharp (/var/tmp/pr10938-wt/node_modules/sharp/dist/constructor.cjs:227:11)
    at pixelDiff (file:///root/git/pr10938-harness/r2/fixes.mjs:149:93)
    at file:///root/git/pr10938-harness/r2/fixes.mjs:210:54

Node.js v22.22.2
A11Y_EXIT=1
zh revert {"htmlLang":"en","name":"- button \"被阻塞 4 Compare findings and draft the migration plan\"","problems":[]}
zh head {"htmlLang":"en","name":"- button \"被阻塞 4 Compare findings and draft the migration plan 依赖： 1 Survey the public API surface, 2 Read the existing test suite\"","problems":[]}
ZH_EXIT=0
