== tsc
tsc exit=0 errors=0
== eslint (9 files)
eslint exit=0
== prettier
prettier exit=0
Checking formatting...
All matched files use Prettier code style!
== vitest PR suites
exit=0
 Test Files  9 passed (9)
      Tests  87 passed (87)
== vitest web-shell full
exit=0
 Test Files  311 passed (311)
      Tests  7691 passed (7691)
== mutants
M1 show-all selector loses the .activityList > prefix (hits=1) KILLED Tests 1 ⎯⎯⎯⎯⎯⎯⎯ SessionWorkflowInspector stylesheet > lets the show-all control out-specify the activity grid 5ms
M2 show-all never expands (hits=1) KILLED Tests 1 ⎯⎯⎯⎯⎯⎯⎯ SessionWorkflowInspector > keeps every activity row reachable past the preview cap 20ms
M3 inspector dependency link does not select (hits=1) KILLED Tests 1 ⎯⎯⎯⎯⎯⎯⎯ SessionWorkflowInspector > selects the referenced step from a dependency, by number and title 10ms
M4 inspector upstream back to joined ids (hits=1) KILLED Tests 3 ⎯⎯⎯⎯⎯⎯⎯ SessionWorkflowInspector > selects the referenced step from a dependency, by number and title 9ms
M5 step-details panel links do not select (hits=2) KILLED Tests 1 ⎯⎯⎯⎯⎯⎯⎯ PlanExecutionView > groups executions by todo and keeps missing links unassigned 35ms
M6 node-face Depends-on row never renders (hits=1) KILLED Tests 2 ⎯⎯⎯⎯⎯⎯⎯ PlanExecutionView > states the dependency on the node when no panel can state it 11ms
M7 documentMode term dropped from the gate (hits=1) SURVIVED Tests  40 passed (40) 
M8 node runtime hidden (hits=1) KILLED Tests 1 ⎯⎯⎯⎯⎯⎯⎯ PlanExecutionView > groups executions by todo and keeps missing links unassigned 27ms
M9 selection repaints the status rule (pin removed) (hits=1) KILLED Tests 1 ⎯⎯⎯⎯⎯⎯⎯ PlanExecutionView stylesheet > keeps selection off the status rule 4ms
M10 lane pitch not published from TS (hits=1) KILLED Tests 1 ⎯⎯⎯⎯⎯⎯⎯ PlanExecutionView stylesheet > takes the edge-lane pitch from TS instead of restating it 5ms
M11 480px lane tier disabled (hits=1) KILLED Tests 1 ⎯⎯⎯⎯⎯⎯⎯ PlanExecutionView stylesheet > narrows the DAG lane at two viewport steps 5ms
M12 accessible status word removed (hits=1) KILLED Tests 2 ⎯⎯⎯⎯⎯⎯⎯ PlanExecutionView > groups executions by todo and keeps missing links unassigned 26ms
M13 R6-3 revert: 24px shoulder floor restored (hits=1) KILLED Tests 1 ⎯⎯⎯⎯⎯⎯⎯ PlanExecutionView > keeps the arrowhead pointing at the target on every gutter tier 17ms
M14 R7-3 revert: sr-only dependency summary removed (hits=1) KILLED Tests 1 ⎯⎯⎯⎯⎯⎯⎯ PlanExecutionView > names the blockers in the node accessible name when the graph draws them 11ms
M15 sr-only summary loses the visually-hidden clip (hits=1) KILLED Tests 1 ⎯⎯⎯⎯⎯⎯⎯ PlanExecutionView stylesheet > keeps the sr-only dependency summary off screen 4ms
M16 sr-only summary names raw ids, not number + title (hits=1) KILLED Tests 1 ⎯⎯⎯⎯⎯⎯⎯ PlanExecutionView > names the blockers in the node accessible name when the graph draws them 12ms
M17 sr-only summary also rendered where the chip row states it (stated twice) (hits=1) KILLED Tests 1 ⎯⎯⎯⎯⎯⎯⎯ PlanExecutionView > skips SVG edge materialization for an excessively dense plan 83ms
M18 sr-only summary keeps self-references (hits=1) KILLED Tests 1 ⎯⎯⎯⎯⎯⎯⎯ PlanExecutionView > skips SVG edge materialization for an excessively dense plan 90ms
worktree clean after restore: yes
