2026-10-03T12:20:44.9211667Z Current runner version: '2.337.0'
2026-10-03T12:20:44.9227288Z ##[group]Runner Image Provisioner
2026-10-03T12:20:44.9227866Z Hosted Compute Agent
2026-10-03T12:20:44.9228258Z Version: 20260901.588
2026-10-03T12:20:44.9228654Z Commit: f88ec8081b781fac6c440065ac7ff9e710ce3d0b
2026-10-03T12:20:44.9229053Z Build Date: 2026-09-01T19:56:44Z
2026-10-03T12:20:44.9229485Z Worker ID: {a4b06431-fb87-4544-acec-ada98231152f}
2026-10-03T12:20:44.9229887Z Azure Region: centralus
2026-10-03T12:20:44.9230243Z ##[endgroup]
2026-10-03T12:20:44.9231046Z ##[group]Operating System
2026-10-03T12:20:44.9231407Z Ubuntu
2026-10-03T12:20:44.9231753Z 24.04.5
2026-10-03T12:20:44.9232052Z LTS
2026-10-03T12:20:44.9232374Z ##[endgroup]
2026-10-03T12:20:44.9232731Z ##[group]Runner Image
2026-10-03T12:20:44.9233066Z Image: ubuntu-24.04
2026-10-03T12:20:44.9233420Z Version: 20260927.320.1
2026-10-03T12:20:44.9234141Z Included Software: https://github.com/actions/runner-images/blob/ubuntu24/20260927.320/images/ubuntu/Ubuntu2404-Readme.md
2026-10-03T12:20:44.9235257Z Image Release: https://github.com/actions/runner-images/releases/tag/ubuntu24%2F20260927.320
2026-10-03T12:20:44.9235789Z ##[endgroup]
2026-10-03T12:20:44.9236564Z ##[group]GITHUB_TOKEN Permissions
2026-10-03T12:20:44.9238111Z Actions: read
2026-10-03T12:20:44.9238522Z Contents: read
2026-10-03T12:20:44.9238871Z Metadata: read
2026-10-03T12:20:44.9239220Z SecurityEvents: write
2026-10-03T12:20:44.9239574Z ##[endgroup]
2026-10-03T12:20:44.9240966Z Secret source: Actions
2026-10-03T12:20:44.9241554Z Cache mode: write
2026-10-03T12:20:44.9242029Z Prepare workflow directory
2026-10-03T12:20:44.9439390Z Prepare all required actions
2026-10-03T12:20:44.9521126Z Complete job name: CodeQL (javascript)
2026-10-03T12:20:45.0028372Z ##[group]Run if [ 'javascript' = 'javascript' ]; then sleep 150; fi
2026-10-03T12:20:45.0029240Z [36;1mif [ 'javascript' = 'javascript' ]; then sleep 150; fi[0m
2026-10-03T12:20:45.0030065Z [36;1mecho 'leg finished'[0m
2026-10-03T12:20:45.0925838Z shell: /usr/bin/bash -e {0}
2026-10-03T12:20:45.0926406Z ##[endgroup]
2026-10-03T12:21:57.1998535Z ##[error]The operation was canceled.
2026-10-03T12:21:57.2071838Z Cleaning up orphan processes
2026-10-03T12:21:57.2231399Z Terminate orphan process: pid (1958) (sleep)
