Started ManagedAgentServerApplication in 4.091 seconds
harness via tap: 200
11:50:27 START s1 (load 24.17)
11:56:29 END rc=0
11:56:29 START s2 (load 88.48)
11:57:01 END rc=0
11:57:01 START s3 (load 85.61)
11:59:18 END rc=0
11:59:18 START s4 (load 80.83)
11:59:32 END rc=0
11:59:32 START abort (load 72.83)
12:00:34 END rc=0
12:00:34 START revoke-pr (load 61.12)
12:02:43 END rc=0
12:02:43 START b1 (load 81.29)
12:03:28 END rc=0
12:03:28 START b2 (load 86.92)
12:04:05 END rc=0
12:04:05 START b3 (load 85.50)
12:04:40 END rc=0
12:04:40 START b4 (load 81.16)
12:05:32 END rc=0
12:05:32 START b6 (load 66.62)
12:06:10 END rc=0
12:06:10 START b6b (load 51.52)
12:06:16 END rc=0
12:06:16 START gib (load 55.88)
12:09:21 END rc=0
12:09:21 START cost (load 42.86)
12:09:37 END rc=0
12:09:37 START slow (load 34.82)
12:12:49 END rc=0
12:12:49 START gone (load 41.93)
12:13:01 END rc=0
Started ManagedAgentServerApplication in 9.32 seconds
harness via tap: 200
12:13:32 START unbound (load 45.82)
12:13:34 END rc=0
12:13:34 START faults (load 45.82)
12:15:37 END rc=0
Started ManagedAgentServerApplication in 4.283 seconds
harness via tap: 200
12:15:45 BATCH DONE
