H2-START 14:00:22
model listening 18167
tap 18166 -> 18165
harness pid=482426 dist=head2 up after 2s log=/root/v13163/rig/run/h52/harness-0.log
springb pid=482470 jar=head2 store=http://127.0.0.1:18164 up after 24s log=/root/v13163/rig/run/h52/springb-0.log
spring pid=483092 jar=head2 store=http://127.0.0.1:18164 up after 7s log=/root/v13163/rig/run/h52/spring-0.log
### /usr/bin/node c1-cancel-refused.mjs ws-a a revoke alice
# c1-revoke-alice-late-ws-a  db=h52  2026-10-06T14:00:54.423Z
PASS  initial Turn COMPLETED  -> f57288e7-250c-4cce-a35a-86f137298f38
PASS  later Turn admitted  -> 202 turn_5ebb94eb12ea482fbafc683428473736
NOTE  cancel by alice under revoke  -> 202 accepted in 57 ms; workspaceTurns=false
NOTE  Turn end  -> CANCELLED  at +701 ms
NOTE  model request  -> aborted after 273 ms
NOTE  Workspace file child/late-revoke-61432.txt  -> null
NOTE  tool executions added by the later Turn  -> 0
NOTE  refusal lifted after the Turn ended  -> +2342 ms
NOTE  next later Turn after restore  -> 202  -> COMPLETED; file=AFTER
NOTE  Turn history  -> [["turn_e002826faa68449c8b06a85adac8a9e2","COMPLETED","","0"],["turn_5ebb94eb12ea482fbafc683428473736","CANCELLED","","0"],["turn_42a019ed01f645ff9b1b607360a8ec4e","COMPLETED","","0"]]
NOTE  command rows  -> [["SUBMIT_TURN","COMPLETED"],["CANCEL_TURN","COMPLETED"],["SUBMIT_TURN","COMPLETED"]]
== c1-revoke-alice-late-ws-a: 2 passed, 0 failed
RC=0
### /usr/bin/node c1-cancel-refused.mjs ws-b b draining alice
# c1-draining-alice-late-ws-b  db=h52  2026-10-06T14:01:07.902Z
PASS  initial Turn COMPLETED  -> 47f06d0f-af96-49a0-be4b-4e7a4a5b60dc
PASS  later Turn admitted  -> 202 turn_4849591e98bd42deaa4c211043005970
NOTE  cancel by alice under draining  -> 202 accepted in 35 ms; workspaceTurns=false
NOTE  Turn end  -> CANCELLED  at +649 ms
NOTE  model request  -> aborted after 147 ms
NOTE  Workspace file child/late-draining-73232.txt  -> null
NOTE  tool executions added by the later Turn  -> 0
NOTE  refusal lifted after the Turn ended  -> +2295 ms
NOTE  next later Turn after restore  -> 202  -> COMPLETED; file=AFTER
NOTE  Turn history  -> [["turn_09631b1c79ee456087f1ddbce1546912","COMPLETED","","0"],["turn_4849591e98bd42deaa4c211043005970","CANCELLED","","0"],["turn_c81a6a2c1e56452283e936b0bc71eb6a","COMPLETED","","0"]]
NOTE  command rows  -> [["SUBMIT_TURN","COMPLETED"],["CANCEL_TURN","COMPLETED"],["SUBMIT_TURN","COMPLETED"]]
== c1-draining-alice-late-ws-b: 2 passed, 0 failed
RC=0
### /usr/bin/node c1-cancel-refused.mjs ws-c c regen alice
# c1-regen-alice-late-ws-c  db=h52  2026-10-06T14:01:19.492Z
PASS  initial Turn COMPLETED  -> afe4a0c1-6dce-4b4a-9deb-d3fc8cb73375
PASS  later Turn admitted  -> 202 turn_fe8ac1cc9b104aae94acaa105a101a34
NOTE  cancel by alice under regen  -> 202 accepted in 40 ms; workspaceTurns=false
NOTE  Turn end  -> CANCELLED  at +415 ms
NOTE  model request  -> aborted after 189 ms
NOTE  Workspace file child/late-regen-84352.txt  -> null
NOTE  tool executions added by the later Turn  -> 0
NOTE  refusal lifted after the Turn ended  -> +2054 ms
NOTE  next later Turn after restore  -> 202  -> COMPLETED; file=AFTER
NOTE  Turn history  -> [["turn_417e2bbab77546988a043167d4ba9f10","COMPLETED","","0"],["turn_fe8ac1cc9b104aae94acaa105a101a34","CANCELLED","","0"],["turn_7e13188e362745ce8a91610273aaacfc","COMPLETED","","0"]]
NOTE  command rows  -> [["SUBMIT_TURN","COMPLETED"],["CANCEL_TURN","COMPLETED"],["SUBMIT_TURN","COMPLETED"]]
== c1-regen-alice-late-ws-c: 2 passed, 0 failed
RC=0
### env HOLD=15000 /usr/bin/node c1-cancel-refused.mjs ws-g g control mallory
# c1-control-mallory-late-ws-g  db=h52  2026-10-06T14:01:30.168Z
PASS  initial Turn COMPLETED  -> e43ebced-5839-40ab-9452-b1993c2799ec
PASS  later Turn admitted  -> 202 turn_a5264ed6100b4345baa6a7dc83d79be6
NOTE  cancel by mallory under control  -> 404 session_not_found in 30 ms; workspaceTurns=true
NOTE  Turn end  -> COMPLETED  at +17381 ms
NOTE  model request  -> NOT aborted: answered with write_file after 15000 ms
NOTE  Workspace file child/late-control-94820.txt  -> written-after-cancel
NOTE  tool executions added by the later Turn  -> 1
NOTE  refusal lifted after the Turn ended  -> +19008 ms
NOTE  next later Turn after restore  -> 202  -> COMPLETED; file=AFTER
NOTE  Turn history  -> [["turn_cedb5712efd341b4a7027f7834d3221b","COMPLETED","","0"],["turn_a5264ed6100b4345baa6a7dc83d79be6","COMPLETED","","0"],["turn_a765bfa2b315499ab3830ccbaa416ed9","COMPLETED","","0"]]
NOTE  command rows  -> [["SUBMIT_TURN","COMPLETED"],["SUBMIT_TURN","COMPLETED"]]
== c1-control-mallory-late-ws-g: 2 passed, 0 failed
RC=0
### env HOLD=15000 /usr/bin/node c1-cancel-refused.mjs ws-g g control bob
# c1-control-bob-late-ws-g  db=h52  2026-10-06T14:01:57.818Z
PASS  initial Turn COMPLETED  -> f9f02201-1e0c-4bf2-8c38-696ce8a55784
PASS  later Turn admitted  -> 202 turn_127f9f4364c54a19951bd6d105d4afbc
NOTE  cancel by bob under control  -> 409 workspace_unavailable in 19 ms; workspaceTurns=true
NOTE  Turn end  -> COMPLETED  at +17304 ms
NOTE  model request  -> NOT aborted: answered with write_file after 15000 ms
NOTE  Workspace file child/late-control-22016.txt  -> written-after-cancel
NOTE  tool executions added by the later Turn  -> 1
NOTE  refusal lifted after the Turn ended  -> +18944 ms
NOTE  next later Turn after restore  -> 202  -> COMPLETED; file=AFTER
NOTE  Turn history  -> [["turn_1ea8cbef900d40b9a511ce767b8b9df5","COMPLETED","","0"],["turn_127f9f4364c54a19951bd6d105d4afbc","COMPLETED","","0"],["turn_c56608ad0d2a4737a5b7a327d512298c","COMPLETED","","0"]]
NOTE  command rows  -> [["SUBMIT_TURN","COMPLETED"],["SUBMIT_TURN","COMPLETED"]]
== c1-control-bob-late-ws-g: 2 passed, 0 failed
RC=0
### /usr/bin/node c5-regen-admission.mjs ws-c5a a regen
# c5-regen-ws-c5a  db=h52  2026-10-06T14:02:24.714Z
PASS  initial Turn COMPLETED  -> 0672be0b-a5a7-4490-8ad5-ee64f8428e6f
NOTE  after regen: capability  -> workspaceTurns=false
NOTE  after regen: submit  -> 409 workspace_unavailable in 32 ms; turn=-; model calls +0
NOTE  after regen: rename  -> 409 workspace_unavailable
NOTE  rows before -> after the refused requests  -> {"turns":1,"commands":[]} -> {"turns":1,"commands":[]}
PASS  submit refused 409 workspace_unavailable  -> 409 workspace_unavailable
PASS  no Turn row written  -> 1 -> 1
PASS  rename refused 409  -> 409 workspace_unavailable
PASS  no command row written  -> 0 -> 0
PASS  after restore: rename 200 and later Turn COMPLETED  -> 200 restored regen; 202 COMPLETED
NOTE  Turn history  -> [["turn_5321e892bff1476da56f81037318fbec","COMPLETED","","0"],["turn_f1cd24ba06bf4862a83892380ea0df0a","COMPLETED","","0"]]
== c5-regen-ws-c5a: 6 passed, 0 failed
RC=0
### /usr/bin/node f4r-real-lifecycle.mjs ws-f4r f
# f4r-real-lifecycle-ws-f4r  db=h52  2026-10-06T14:02:34.366Z
PASS  initial Turn COMPLETED  -> cc21d265-4f51-4c8c-9a3d-74b300b143f1
NOTE  close while the Turn runs  -> 409 turn_active
PASS  live cancel ends the Turn CANCELLED  -> 202 -> CANCELLED 
NOTE  CLOSED: lifecycle call / operation / session row  -> 202  / completed  / CLOSED/live
NOTE  CLOSED: GET / creator cancel (public, WebShell) / mallory cancel / creator submit  -> 200 / 409 workspace_unavailable, 409 workspace_unavailable / 404 session_not_found / 409 workspace_unavailable; command rows +0, Turn rows +0
NOTE  ARCHIVED: lifecycle call / operation / session row  -> 202  / completed  / ARCHIVED/live
NOTE  ARCHIVED: GET / creator cancel (public, WebShell) / mallory cancel / creator submit  -> 200 / 409 workspace_unavailable, 409 workspace_unavailable / 404 session_not_found / 409 workspace_unavailable; command rows +0, Turn rows +0
NOTE  DELETED: lifecycle call / operation / session row  -> 202  / completed  / DELETED/deleted
NOTE  DELETED: GET / creator cancel (public, WebShell) / mallory cancel / creator submit  -> 404 / 409 workspace_unavailable, 409 workspace_unavailable / 404 session_not_found / 404 session_not_found; command rows +0, Turn rows +0
NOTE  Turn history  -> [["turn_1ef62aff44bf4b33882588e2cb0688d3","COMPLETED","","0"],["turn_210c08f4b0ad4c5ebb589e7ebc1be15c","CANCELLED","","0"]]
== f4r-real-lifecycle-ws-f4r: 2 passed, 0 failed
RC=0
### /usr/bin/node w2c-cwd-cancel.mjs live ws-w2l h
# w2c-live-ws-w2l  db=h52  2026-10-06T14:02:44.396Z
PASS  initial Turn COMPLETED in child/  -> db7d07a2-854b-4328-8e06-7dcc9f616869 file=after-w0
PASS  W2 cwd change completed (child -> child2, revision +1)  -> 202 -> completed ; binding ["child","1"] -> ["child2","2"]
NOTE  later Turn admitted in child2, then create revoked + DRAINING  -> 202 turn_f11af5d90a1d4049afdf75bd78d697bd
NOTE  creator cancel (live)  -> 202 accepted in 46 ms; workspaceTurns=false
NOTE  Turn end  -> CANCELLED  at +362 ms
NOTE  model request  -> aborted after 279 ms
NOTE  late file in child2 / child  -> null / null
NOTE  next Turn after restore writes into child2  -> 202 -> COMPLETED; child2=AFTER child=null
NOTE  command rows  -> [["SUBMIT_TURN","COMPLETED"],["CANCEL_TURN","COMPLETED"],["SUBMIT_TURN","COMPLETED"]]
NOTE  Turn history  -> [["turn_3b211e476c51442bb579032ba7388c8d","COMPLETED","","0"],["turn_f11af5d90a1d4049afdf75bd78d697bd","CANCELLED","","0"],["turn_9a7790c118f842af8f4b38b0eb833c2b","COMPLETED","","0"]]
== w2c-live-ws-w2l: 2 passed, 0 failed
RC=0
### /usr/bin/node r62-rename-race.mjs bound ws-r62 d
# r62-rename-race-bound  db=h52  2026-10-06T14:02:54.723Z
PASS  initial Turn COMPLETED  -> 8b5ed5ee-a7c5-4716-8a7e-e6c2b5f8e8c5
NOTE  1. K1 "Alpha", Harness answers 500  -> 503 hosted_harness_unavailable; rows ["K1:FAILED"]
NOTE  2. K2 "Bravo"  -> 200 Bravo; rows ["K1:FAILED","K2:COMPLETED"]; SQL title=Bravo
NOTE  3. K1 retry #1 (Harness call delayed 4 s)  -> 409 session_mutation_superseded
NOTE  4. K1 retry #2, overlapping (Harness answers 500)  -> 503 hosted_harness_unavailable; rows while #1 was in flight ["K1:PENDING","K2:COMPLETED"]
NOTE  POST /title calls at the Harness  -> ["respond:500","pass:200","respond:500","delay:200"]
NOTE  final: rows / public SQL title / Harness journal titles (in order)  -> ["K1:FAILED","K2:COMPLETED"] / Bravo / ["Bravo@r1","Alpha@r2"]
NOTE  5. K1 retried once more after the race  -> 200 Alpha; SQL title=Alpha; public GET title=Bravo
NOTE  session.* events  -> ["session.created ","session.update.requested control:RENAME_SESSION:k1-*:requested","session.update.requested control:RENAME_SESSION:k2-*:requested","session.updated control:RENAME_SESSION:k2-*:completed","session.updated control:RENAME_SESSION:k1-*:completed"]
== r62-rename-race-bound: 1 passed, 0 failed
RC=0
### /usr/bin/node c14-cold-cache.mjs start ws-kh2 e revoke
started feb96198-cf57-4196-b898-ceaac3f22049 turn=turn_5ade134f9aae43a4b8c6d2096e36058f initial=COMPLETED mode=revoke
RC=0
### restart replica A only
stopped spring pid=483092 sig=TERM
spring pid=484132 jar=head2 store=http://127.0.0.1:18164 up after 7s log=/root/v13163/rig/run/h52/spring-1.log
### /usr/bin/node c14-cold-cache.mjs cancel ws-kh2 e revoke
# c14-cold-cache-revoke-ws-kh2  db=h52  2026-10-06T14:03:27.004Z
NOTE  Turn before the cancel (after the Spring restart)  -> ["turn_5ade134f9aae43a4b8c6d2096e36058f","RUNNING","","0"]
NOTE  creator cancel after the restart  -> 202 accepted
NOTE  Turn 90 s after the cancel  -> CANCELLED  at +43483 ms
NOTE  POST /cancel calls reaching the Harness  -> [{"at":43516,"status":204}]
NOTE  other Harness calls for the Session since the restart  -> ["POST /session/:id/prompt 202","POST /session/:id/load 200","POST /session/:id/cancel 204"]
NOTE  model request  -> aborted after 60004 ms
NOTE  Turn 60 s after can_create was restored  -> CANCELLED  
NOTE  Workspace file  -> null
NOTE  Turn history  -> [["turn_9c72cec303a84a6785a0158821261201","COMPLETED","","0"],["turn_5ade134f9aae43a4b8c6d2096e36058f","CANCELLED","","0"]]
== c14-cold-cache-revoke-ws-kh2: 0 passed, 0 failed
RC=0
vite head2 up on 18170 after 1s
### env ARM=head2 /usr/bin/node c13-ui-cancel.mjs ws-u1-h2 b revoke en
# c13-ui-head2-revoke-en-ws-u1-h2  db=h52  2026-10-06T14:04:11.520Z
PASS  initial Turn COMPLETED  -> f2ddef19-26be-4770-b736-1df52445a1b4
NOTE  alice sees Cancel / composer / workspaceTurns  -> 1 / 0 / false
NOTE  panel cancel request  -> 202 {"requestId":"managed_f2d5ddc1-347e-4d2d-92fb-a66ba4ae6f2b","idempotencyKey":"managed_9508ffe3-3f5e-4ceb-bb95-20c8f5209fdf","sessionId":"f2ddef19-26be-4770-b736-1df52445a1b4","turnId":"turn_74f741467ab34691876dd972499eb95b"} -> {"sessionId":"f2ddef19-26be-4770-b736-1df52445a1b4","turnId":"turn_74f741467ab34691876dd972499eb95b","status":"accepted","replayed":false}
NOTE  Turn after the click  -> CANCELLED at +1661 ms
NOTE  refusal text visible on the page  -> yes
NOTE  Workspace file  -> null
== c13-ui-head2-revoke-en-ws-u1-h2: 1 passed, 0 failed
RC=0
stopped spring pid=484132 sig=TERM
stopped spring-b pid=482470 sig=TERM
stopped harness pid=482426 sig=TERM
stopped model pid=482399 sig=TERM
stopped tap pid=482400 sig=TERM
H2-BATCH-DONE 14:04:36
