
Running 21 tests using 2 workers

  ✓   2 [chromium] › client/e2e/web-shell.model-management.spec.ts:107:1 › default host retains add and delete controls @smoke (6.5s)
  ✓   3 [chromium] › client/e2e/web-shell.model-management.spec.ts:125:5 › host controls add=true delete=true @smoke (2.3s)
  ✓   1 [chromium] › client/e2e/web-shell.url-navigation.spec.ts:43:3 › plugins click, reload, fresh tab, and return without allocation @smoke (10.2s)
  ✓   4 [chromium] › client/e2e/web-shell.model-management.spec.ts:125:5 › host controls add=true delete=false @smoke (2.4s)
  ✓   6 [chromium] › client/e2e/web-shell.model-management.spec.ts:125:5 › host controls add=false delete=true @smoke (2.3s)
  ✓   7 [chromium] › client/e2e/web-shell.model-management.spec.ts:125:5 › host controls add=false delete=false @smoke (2.5s)
  ✓   5 [chromium] › client/e2e/web-shell.url-navigation.spec.ts:43:3 › channels click, reload, fresh tab, and return without allocation @smoke (6.3s)
  ✓   8 [chromium] › client/e2e/web-shell.model-management.spec.ts:154:3 › auth command respects add=true @smoke (2.4s)
  ✓  10 [chromium] › client/e2e/web-shell.model-management.spec.ts:154:3 › auth command respects add=false @smoke (2.9s)
  ✓   9 [chromium] › client/e2e/web-shell.url-navigation.spec.ts:43:3 › scheduled-tasks click, reload, fresh tab, and return without allocation @smoke (6.1s)
  ✓  11 [chromium] › client/e2e/web-shell.model-management.spec.ts:195:1 › closing add permission dismisses an open provider dialog @smoke (2.2s)
  ✓  13 [chromium] › client/e2e/web-shell.model-management.spec.ts:212:1 › disabled model management preserves model switching @smoke (2.8s)
  ✓  12 [chromium] › client/e2e/web-shell.url-navigation.spec.ts:43:3 › goals click, reload, fresh tab, and return without allocation @smoke (6.3s)
  ✓  14 [chromium] › client/e2e/web-shell.model-management.spec.ts:228:1 › closing deletion permission clears pending confirmation @smoke (2.6s)
  ✓  15 [chromium] › client/e2e/web-shell.url-navigation.spec.ts:43:3 › settings click, reload, fresh tab, and return without allocation @smoke (6.4s)
  ✓  16 [chromium] › client/e2e/web-shell.url-navigation.spec.ts:97:1 › embedded base restores a page, retains host parameters and keeps split hidden @smoke (4.6s)
  ✓  17 [chromium] › client/e2e/web-shell.url-navigation.spec.ts:133:1 › session survives page navigation and browser history restores sessions @smoke (2.2s)
  ✓  18 [chromium] › client/e2e/web-shell.url-navigation.spec.ts:164:1 › explicit page path wins over cockpit and slow capabilities do not erase it @smoke (1.8s)
  ✓  19 [chromium] › client/e2e/web-shell.url-navigation.spec.ts:187:1 › new task leaves a directly opened page without creating a session @smoke (1.9s)
  ✓  20 [chromium] › client/e2e/web-shell.url-navigation.spec.ts:205:1 › browser Back restores the legacy cockpit after a page @smoke (2.0s)
  ✓  21 [chromium] › client/e2e/web-shell.url-navigation.spec.ts:237:1 › failed sidebar session keeps its URL and retry targets that session @smoke (3.6s)

  21 passed (53.7s)
EXIT=0
