harness pid=20207 up after 4s log=/Users/wenshao/pr13163-rig/run/s8x/harness-0.log
spring up after 18s
### [s8x] c14 start (SETTLE_MS=15000)
started 2a4f031c-a892-42b0-99ec-2d4e768d60c3 turn=turn_8ca299229d914976ad2e501bfb5abe51 initial=COMPLETED mode=revoke
RC=0
stopped spring pid=20253 sig=TERM
spring up after 12s
### [s8x] c14 cancel
# c14-cold-cache-revoke-ws-ks-s8x  db=s8x  2026-10-07T14:45:53.609Z
NOTE  Turn before the cancel (after the Spring restart)  -> ["turn_8ca299229d914976ad2e501bfb5abe51","RUNNING","","0"]
NOTE  creator cancel after the restart  -> 202 accepted
NOTE  Turn 90 s after the cancel  -> CANCELLING  (not terminal)
NOTE  POST /cancel calls reaching the Harness  -> [{"at":20365,"status":204},{"at":39691,"status":409},{"at":51857,"status":409},{"at":71868,"status":409},{"at":84538,"status":409}]
NOTE  other Harness calls for the Session since the restart  -> ["POST /session/:id/prompt 202","POST /session/:id/load 200","POST /session/:id/cancel 204","POST /session/:id/cancel 409","POST /session/:id/load 409"]
NOTE  model request  -> aborted after 61330 ms
NOTE  Turn 60 s after can_create was restored  -> CANCELLING  (not terminal)
NOTE  Workspace file  -> null
NOTE  Turn history  -> [["turn_50171d0599ee4ffa9637c92353f85d1f","COMPLETED","","0"],["turn_8ca299229d914976ad2e501bfb5abe51","CANCELLING","","4"]]
== c14-cold-cache-revoke-ws-ks-s8x: 0 passed, 0 failed
RC=0
stopped spring pid=20446 sig=TERM
stopped harness pid=20207 sig=TERM
stopped model pid=20194 sig=TERM
stopped tap pid=20195 sig=TERM
SETTLE15-DONE x 14:48:27
