# s15-sniff-base4  db=fhbase4 arm=base4  2026-10-01T04:15:55.662Z
  admit=202 terminal=turn_complete(end_turn) recoveryBlocked=false 2037ms
  +13ms STORE POST /internal/managed-session-store/v1/sessions/<id>/transactions:commit op=submitInput bytes=5438 -> 200
  +49ms STORE POST /internal/managed-session-store/v1/sessions/<id>/transactions:commit op=commitCheckpoint bytes=5481 -> 200
  +75ms STORE GET /internal/managed-session-store/v1/sessions/<id>/resources/<id> op= bytes=0 -> 200
  +104ms STORE POST /internal/managed-session-store/v1/sessions/<id>/transactions:commit op=commitMessage bytes=4270 -> 200
  +137ms BROKER POST /runtimes:warm -> 200
  +843ms BROKER POST /tool-sessions:acquire -> 200
  +929ms STORE POST /internal/managed-session-store/v1/sessions/<id>/transactions:commit op=commitMessage bytes=4346 -> 200
  +987ms BROKER POST /executions:prepare -> 200
  +1039ms STORE POST /internal/managed-session-store/v1/sessions/<id>/transactions:commit op=toolIntent bytes=5092 -> 200
  +1090ms STORE GET /internal/managed-session-store/v1/sessions/<id>/resources/<id> op= bytes=0 -> 200
  +1124ms STORE GET /internal/managed-session-store/v1/sessions/<id>/resources/<id> op= bytes=0 -> 200
  +1157ms STORE POST /internal/managed-session-store/v1/sessions/<id>/transactions:commit op=commitCheckpoint bytes=7344 -> 200
  +1210ms BROKER POST /executions/<id>:start -> 200
  +1333ms BROKER GET /executions/<id> -> 200
  +1391ms BROKER GET /executions/<id> -> 200
  +1449ms BROKER GET /executions/<id> -> 200
  +1456ms STORE POST /internal/managed-session-store/v1/sessions/<id>/transactions:commit op=commitMessage bytes=4474 -> 200
  +1492ms STORE GET /internal/managed-session-store/v1/sessions/<id>/resources/<id> op= bytes=0 -> 200
  +1509ms STORE POST /internal/managed-session-store/v1/sessions/<id>/transactions:commit op=commitCheckpoint bytes=8158 -> 200
  +1566ms STORE GET /internal/managed-session-store/v1/sessions/<id>/resources/<id> op= bytes=0 -> 200
  +1616ms STORE POST /internal/managed-session-store/v1/sessions/<id>/transactions:commit op=commitCheckpoint bytes=7714 -> 200
  +1659ms STORE POST /internal/managed-session-store/v1/sessions/<id>/transactions:commit op=commitMessage bytes=4214 -> 200
  +1686ms STORE GET /internal/managed-session-store/v1/sessions/<id>/resources/<id> op= bytes=0 -> 200
  +1721ms STORE POST /internal/managed-session-store/v1/sessions/<id>/transactions:commit op=commitCheckpoint bytes=7706 -> 200
  +1775ms BROKER POST /tool-sessions/<id>:release -> 200
  +1849ms STORE GET /internal/managed-session-store/v1/sessions/<id>/resources/<id> op= bytes=0 -> 200
  +1871ms STORE GET /internal/managed-session-store/v1/sessions/<id>/resources/<id> op= bytes=0 -> 200
  +1906ms STORE POST /internal/managed-session-store/v1/sessions/<id>/transactions:commit op=settleTurn bytes=7816 -> 200
  +2001ms STORE GET /internal/managed-session-store/v1/sessions/<id>/resources/<id> op= bytes=0 -> 200
  +2015ms STORE GET /internal/managed-session-store/v1/sessions/<id>/resources/<id> op= bytes=0 -> 200
  +2044ms STORE GET /internal/managed-session-store/v1/sessions/<id>/resources/<id> op= bytes=0 -> 200
== RESULT s15-sniff-base4: 0 passed, 0 failed
