# s24-scale-ws-sc-pr36-1200  db=p36 arm=pr36  2026-10-02T01:33:51.393Z
PASS  create Hook Session  -> 200 session=e2d929b2-b967-4bd7-b99c-91563ec7cdc5 arm=pr36 db=p36 user=u_pr36
  op 1: 1075 ms, SELECT +1013, writes +356, hook_execution=9, status=200
  op 50: 508 ms, SELECT +907, writes +319, hook_execution=450, status=200
  op 100: 463 ms, SELECT +907, writes +319, hook_execution=900, status=200
  op 150: 459 ms, SELECT +910, writes +319, hook_execution=1350, status=200
  op 200: 576 ms, SELECT +910, writes +319, hook_execution=1800, status=200
  op 250: 397 ms, SELECT +909, writes +319, hook_execution=2250, status=200
  op 300: 449 ms, SELECT +910, writes +319, hook_execution=2700, status=200
PASS  cold load at 2700 records / 15307 resources  -> detach 204 2652 ms; load 200 8934 ms (retries 0, SELECT +62942); Hook calls during load 0; first op 200 2840 ms (SELECT +19837, Hook calls +8)
  op 350: 746 ms, SELECT +913, writes +319, hook_execution=3159, status=200
  op 400: 560 ms, SELECT +910, writes +319, hook_execution=3609, status=200
  op 450: 344 ms, SELECT +905, writes +319, hook_execution=4059, status=200
  op 500: 390 ms, SELECT +906, writes +319, hook_execution=4509, status=200
  op 550: 381 ms, SELECT +845, writes +319, hook_execution=4959, status=200
  op 600: 296 ms, SELECT +844, writes +319, hook_execution=5409, status=200
PASS  cold load at 5409 records / 30660 resources  -> detach 204 1707 ms; load 200 15949 ms (retries 0, SELECT +126020); Hook calls during load 0; first op 200 3371 ms (SELECT +39054, Hook calls +0)
  op 650: 387 ms, SELECT +845, writes +319, hook_execution=5868, status=200
  op 700: 363 ms, SELECT +841, writes +319, hook_execution=6318, status=200
  op 750: 297 ms, SELECT +841, writes +319, hook_execution=6768, status=200
  op 800: 371 ms, SELECT +842, writes +319, hook_execution=7218, status=200
  op 850: 315 ms, SELECT +842, writes +319, hook_execution=7668, status=200
  op 900: 297 ms, SELECT +841, writes +319, hook_execution=8118, status=200
PASS  cold load at 8118 records / 46013 resources  -> detach 204 1822 ms; load 200 21572 ms (retries 0, SELECT +189081); Hook calls during load 0; first op 200 5035 ms (SELECT +58406, Hook calls +0)
  op 950: 420 ms, SELECT +843, writes +319, hook_execution=8577, status=200
  op 1000: 300 ms, SELECT +841, writes +319, hook_execution=9027, status=200
  op 1050: 343 ms, SELECT +842, writes +319, hook_execution=9477, status=200
  op 1100: 302 ms, SELECT +841, writes +319, hook_execution=9927, status=200
  op 1150: 332 ms, SELECT +842, writes +319, hook_execution=10377, status=200
  op 1200: 319 ms, SELECT +841, writes +319, hook_execution=10827, status=200
PASS  cold load at 10827 records / 61366 resources  -> detach 204 1970 ms; load 200 30117 ms (retries 0, SELECT +252180); Hook calls during load 0; first op 200 7704 ms (SELECT +77732, Hook calls +0)
NOTE  elapsed  -> 638 s; non-200 operations: 0
PASS  every operation returned 200  -> 0
PASS  9 hook_execution records per operation  -> 10836 records for 1204 operations
FAIL  8 physical Hook calls per operation (no re-run on load)  -> 4096
== RESULT s24-scale-ws-sc-pr36-1200: 7 passed, 1 failed
