=== F2 07:29:18
{"ws":"wsc-g","session":"ea844327-fdc2-4bc8-af1f-c5910729333c","turn":"COMPLETED","binding":"READY","pid":1605,"proc":"S","file":"after-g"}
{"id":"op_d134ac41243c4bf282a79458a8a64d3d","session_id":"ea844327-fdc2-4bc8-af1f-c5910729333c","type":"close","status":

session at kill: CLOSING
worker-1605-alive-after-spring-kill
restart: spring pid=1687 up after 5s log=/Users/wenshao/pr13135-rig/run/lx-l2/spring-1.log
F2 session=CLOSED after 55s from restart; op=COMPLETED  0; worker 1605: gone; binding=RELEASED 596
F2 replay: {"id":"op_d134ac41243c4bf282a79458a8a64d3d","session_id":"ea844327-fdc2-4bc8-af1f-c5910729333c","type":"close","status":"completed","admissi
=== F3 07:30:26
{"ws":"wsr-h","session":"c6efef8b-351d-4acf-942b-c8c78db67098","turn":"COMPLETED","binding":"READY","pid":1780,"proc":"S","file":"after-h"}
{"ws":"wsr-i","session":"90571295-d962-492e-9e33-f715bcf18ecf","turn":"COMPLETED","binding":"READY","pid":1823,"proc":"S","file":"after-i"}
stopped spring pid=1687 sig=TERM
worker-left pid=277 ppid=1
worker-left pid=571 ppid=1
worker-left pid=916 ppid=1
worker-left pid=1034 ppid=1
worker-left pid=1780 ppid=1
worker-left pid=1823 ppid=1
spring pid=1913 up after 5s log=/Users/wenshao/pr13135-rig/run/lx-l2/spring-2.log
PASS  wsr-h: close -> completed (CLOSED)  -> {"admit":202,"code":"","dbOp":["COMPLETED","","0"],"binding":["RELEASED","1","596","0","0"],"reg":"RETIRED","oldPid":"1780:gone","fence":1,"waited":688,"body":"{\"id\":\"op_d5
PASS  wsr-i: close -> completed (CLOSED)  -> {"admit":202,"code":"","dbOp":["COMPLETED","","0"],"binding":["RELEASED","1","596","0","0"],"reg":"RETIRED","oldPid":"1823:gone","fence":1,"waited":660,"body":"{\"id\":\"op_3d
== closeall-F3-spring-term-restart: 2 passed, 0 failed
=== approval 07:30:38
PASS  Turn waits on an approval  -> action=tool_approval_da1091f221071a03de798bbfd046871a turn=RUNNING
PASS  public: close while the approval is pending refused 409 turn_active  -> status=409 code=turn_active
PASS  web: close while the approval is pending refused 409 turn_active  -> status=409 code=turn_active
PASS  refusals: Session ACTIVE, no fence  -> status=ACTIVE fence=0
NOTE  approval answered  -> 202 pending
PASS  Turn completes after approval  -> COMPLETED  file=APPROVED-K
PASS  the key refused while pending now closes the Session  -> admit=202 op=completed session=CLOSED pid=2034:gone
== s5-approval-head2-wsap-k: 6 passed, 0 failed
RUN-R2B-DONE 07:30:41
