[GROUP] P v1 arm=r1
[P-v1] P1 write_file with a relative path
[P-v1]    worker   -> 409 managed_runtime_identity_conflict :: File path must be absolute: relative/path.txt
[P-v1]    Broker   -> 409 managed_runtime_identity_conflict :: Managed Runtime control request failed (HTTP 409).
[P-v1]    provider -> 409 managed_runtime_identity_conflict :: Managed Runtime Broker returned HTTP 409.
[P-v1]    code kept=true reason kept at Broker=false at provider=false
[P-v1] P2 unknown tool name
[P-v1]    worker   -> 409 managed_runtime_identity_conflict :: Managed Runtime tool is unavailable.
[P-v1]    Broker   -> 409 managed_runtime_identity_conflict :: Managed Runtime control request failed (HTTP 409).
[P-v1]    provider -> 409 managed_runtime_identity_conflict :: Managed Runtime Broker returned HTTP 409.
[P-v1]    code kept=true reason kept at Broker=false at provider=false
[P-v1] P3 write_file without content
[P-v1]    worker   -> 409 managed_runtime_identity_conflict :: params must have required property 'content'
[P-v1]    Broker   -> 409 managed_runtime_identity_conflict :: Managed Runtime control request failed (HTTP 409).
[P-v1]    provider -> 409 managed_runtime_identity_conflict :: Managed Runtime Broker returned HTTP 409.
[P-v1]    code kept=true reason kept at Broker=false at provider=false
[P-v1] P4 write_file with an array as content
[P-v1]    worker   -> 409 managed_runtime_identity_conflict :: params/content must be string
[P-v1]    Broker   -> 409 managed_runtime_identity_conflict :: Managed Runtime control request failed (HTTP 409).
[P-v1]    provider -> 409 managed_runtime_identity_conflict :: Managed Runtime Broker returned HTTP 409.
[P-v1]    code kept=true reason kept at Broker=false at provider=false
[P-v1] P5 shell command the sleep guard blocks
[P-v1]    worker   -> 409 managed_runtime_identity_conflict :: Blocked: sleep 20 followed by: echo late. Run blocking commands in the background with is_backg… [291 chars]
[P-v1]    Broker   -> 409 managed_runtime_identity_conflict :: Managed Runtime control request failed (HTTP 409).
[P-v1]    provider -> 409 managed_runtime_identity_conflict :: Managed Runtime Broker returned HTTP 409.
[P-v1]    code kept=true reason kept at Broker=false at provider=false
[P-v1] P6 argument of 256 KiB (core bound)
[P-v1]    worker   -> 400 managed_runtime_provider_invalid :: Managed Tool JSON exceeds size limit.
[P-v1]    Broker   -> 400 managed_runtime_attestation_invalid :: Managed Runtime control request failed (HTTP 400).
[P-v1]    provider -> 400 managed_runtime_attestation_invalid :: Managed Runtime Broker returned HTTP 400.
[P-v1]    code kept=false reason kept at Broker=false at provider=false
[P-v1] P7 background shell
[P-v1]    worker   -> 409 managed_runtime_identity_conflict :: Managed Runtime does not admit background shell execution.
[P-v1]    Broker   -> 409 managed_runtime_identity_conflict :: Managed Runtime control request failed (HTTP 409).
[P-v1]    provider -> 409 managed_runtime_identity_conflict :: Managed Runtime Broker returned HTTP 409.
[P-v1]    code kept=true reason kept at Broker=false at provider=false
[P-v1] P8 media context on a tool that is not read_file
[P-v1]    worker   -> 409 managed_runtime_identity_conflict :: Managed Runtime tool does not support media context.
[P-v1]    Broker   -> 409 managed_runtime_identity_conflict :: Managed Runtime control request failed (HTTP 409).
[P-v1]    provider -> 409 managed_runtime_identity_conflict :: Managed Runtime Broker returned HTTP 409.
[P-v1]    code kept=true reason kept at Broker=false at provider=false
[P-v1] P9 preflight with a tampered argsDigest
[P-v1]    worker   -> 409 managed_runtime_identity_conflict :: Managed tool invocation identity does not match.
[P-v1]    Broker   -> 409 managed_runtime_identity_conflict :: Managed Runtime control request failed (HTTP 409).
[P-v1]    provider -> 409 managed_runtime_identity_conflict :: Managed Runtime Broker returned HTTP 409.
[P-v1]    code kept=true reason kept at Broker=false at provider=false
[P-v1] P10 bind-history naming another execution directory
[P-v1]    worker   -> 409 managed_runtime_identity_conflict :: Managed Runtime file history execution context conflicts.
[P-v1]    Broker   -> 409 managed_runtime_identity_conflict :: Managed Runtime control request failed (HTTP 409).
[P-v1]    code kept=true reason kept at Broker=false at provider=n/a
[P-v1] written files: 0 rows: 0 release: true
[GROUP] R v1 arm=r1
[R-v1] R1 reason of 4,028 characters (path of 4,000)
[R-v1]    worker   -> 409 managed_runtime_identity_conflict :: File path must be absolute: aaaaaaaaaaaaaaaaaaaaaaaaaaaaaaaaaaaaaaaaaaaaaaaaaaaaaaaaaaaaaaaaaaa… [4028 chars]
[R-v1]    Broker   -> 409 managed_runtime_identity_conflict :: Managed Runtime control request failed (HTTP 409).
[R-v1]    provider -> 409 managed_runtime_identity_conflict :: Managed Runtime Broker returned HTTP 409.
[R-v1]    code kept=true reason kept at Broker=false at provider=false
[R-v1] R2 reason of 4,096 characters (path of 4,068)
[R-v1]    worker   -> 409 managed_runtime_identity_conflict :: File path must be absolute: bbbbbbbbbbbbbbbbbbbbbbbbbbbbbbbbbbbbbbbbbbbbbbbbbbbbbbbbbbbbbbbbbbb… [4096 chars]
[R-v1]    Broker   -> 409 managed_runtime_identity_conflict :: Managed Runtime control request failed (HTTP 409).
[R-v1]    provider -> 409 managed_runtime_identity_conflict :: Managed Runtime Broker returned HTTP 409.
[R-v1]    code kept=true reason kept at Broker=false at provider=false
[R-v1] R3 reason of 4,097 characters (path of 4,069)
[R-v1]    worker   -> 409 managed_runtime_identity_conflict :: File path must be absolute: ccccccccccccccccccccccccccccccccccccccccccccccccccccccccccccccccccc… [4097 chars]
[R-v1]    Broker   -> 409 managed_runtime_identity_conflict :: Managed Runtime control request failed (HTTP 409).
[R-v1]    provider -> 409 managed_runtime_identity_conflict :: Managed Runtime Broker returned HTTP 409.
[R-v1]    code kept=true reason kept at Broker=false at provider=false
[R-v1] R4 reason of 8,028 characters (path of 8,000)
[R-v1]    worker   -> 409 managed_runtime_identity_conflict :: File path must be absolute: ddddddddddddddddddddddddddddddddddddddddddddddddddddddddddddddddddd… [8028 chars]
[R-v1]    Broker   -> 409 managed_runtime_identity_conflict :: Managed Runtime control request failed (HTTP 409).
[R-v1]    provider -> 409 managed_runtime_identity_conflict :: Managed Runtime Broker returned HTTP 409.
[R-v1]    code kept=true reason kept at Broker=false at provider=false
[R-v1] R5 path with newline, ESC colour codes and markup
[R-v1]    worker   -> 409 managed_runtime_identity_conflict :: File path must be absolute: rel\n\u001b[31mred\u001b[0m<b>x</b>
[R-v1]    Broker   -> 409 managed_runtime_identity_conflict :: Managed Runtime control request failed (HTTP 409).
[R-v1]    provider -> 409 managed_runtime_identity_conflict :: Managed Runtime Broker returned HTTP 409.
[R-v1]    code kept=true reason kept at Broker=false at provider=false
[R-v1] R6 path with a NUL character
[R-v1]    worker   -> 409 managed_runtime_identity_conflict :: File path must be absolute: rel\u0000nul
[R-v1]    Broker   -> 409 managed_runtime_identity_conflict :: Managed Runtime control request failed (HTTP 409).
[R-v1]    provider -> 409 managed_runtime_identity_conflict :: Managed Runtime Broker returned HTTP 409.
[R-v1]    code kept=true reason kept at Broker=false at provider=false
[R-v1] R7 path with a lone surrogate
[R-v1]    worker   -> 409 managed_runtime_identity_conflict :: File path must be absolute: rel?half
[R-v1]    Broker   -> 409 managed_runtime_identity_conflict :: Managed Runtime control request failed (HTTP 409).
[R-v1]    provider -> 409 managed_runtime_identity_conflict :: Managed Runtime Broker returned HTTP 409.
[R-v1]    code kept=true reason kept at Broker=false at provider=false
[R-v1] R8 CJK path
[R-v1]    worker   -> 409 managed_runtime_identity_conflict :: File path must be absolute: 相对/路径.txt
[R-v1]    Broker   -> 409 managed_runtime_identity_conflict :: Managed Runtime control request failed (HTTP 409).
[R-v1]    provider -> 409 managed_runtime_identity_conflict :: Managed Runtime Broker returned HTTP 409.
[R-v1]    code kept=true reason kept at Broker=false at provider=false
[R-v1] R9 4,000 CJK characters (12 KB of UTF-8)
[R-v1]    worker   -> 409 managed_runtime_identity_conflict :: File path must be absolute: 路路路路路路路路路路路路路路路路路路路路路路路路路路路路路路路路路路路路路路路路路路路路路路路路路路路路路路路路路路路路路路路路路路路… [4028 chars]
[R-v1]    Broker   -> 409 managed_runtime_identity_conflict :: Managed Runtime control request failed (HTTP 409).
[R-v1]    provider -> 409 managed_runtime_identity_conflict :: Managed Runtime Broker returned HTTP 409.
[R-v1]    code kept=true reason kept at Broker=false at provider=false
[R-v1] R10 shell script of 5969 characters that the sleep guard blocks
[R-v1]    worker   -> 409 managed_runtime_identity_conflict :: Blocked: sleep 30 followed by: cat > deploy.sh <<'EOF'\necho \"step 0: rsync -a build/ host0:/s… [6242 chars]
[R-v1]    Broker   -> 409 managed_runtime_identity_conflict :: Managed Runtime control request failed (HTTP 409).
[R-v1]    provider -> 409 managed_runtime_identity_conflict :: Managed Runtime Broker returned HTTP 409.
[R-v1]    code kept=true reason kept at Broker=false at provider=false
[R-v1] R11 shell script of 400 characters that the sleep guard blocks
[R-v1]    worker   -> 409 managed_runtime_identity_conflict :: Blocked: sleep 30 followed by: cat > deploy.sh <<'EOF'\necho \"step 0: rsync -a build/ host0:/s… [673 chars]
[R-v1]    Broker   -> 409 managed_runtime_identity_conflict :: Managed Runtime control request failed (HTTP 409).
[R-v1]    provider -> 409 managed_runtime_identity_conflict :: Managed Runtime Broker returned HTTP 409.
[R-v1]    code kept=true reason kept at Broker=false at provider=false
[R-v1] release: true
[SUMMARY] 0/0 checks passed
