[PASS] B0 create default -> 200 — 200 {"sessionId":"d929debb-c762-4599-934c-77a9e1585229","clientId":"b8c78931-8960-48fa-9892-08a456585ecd","workspaceCwd":"/root/rig13071/run/harness-b","lastEventId":1,"eventEpoch":"098b59e4_02c8_4e8a_bcea_9899a636d620","approvalMode":"default"}
[PASS] B1 prompt admitted — 202
[action] requested tool_approval_2a0a7ae10148c297e01f5558e4acf193 tool=write_file policy=hosted-tool-approval/1 expiresIn=599527ms
[PASS] B1 Action options durable — {"v":1,"requestId":"tool_approval_2a0a7ae10148c297e01f5558e4acf193","turnId":"8029dfbd-f8aa-49f1-9241-57c744e4c6fd","functionCallId":"call-b1","toolName":"write_file","policyRevision":"hosted-tool-approval/1","inputRevision":1,"createdAt":1790751759562,"expiresAt":1790752359562,"options":[{"id":"allow","label":"Allow"},{"id":"deny","label":"Deny"}]}
[PASS] B1 options are allow/deny — [{"id":"allow","label":"Allow"},{"id":"deny","label":"Deny"}]
[PASS] B1 nothing ran while waiting — ["POST /runtimes:warm -> 200","POST /tool-sessions:acquire -> 200"]
[PASS] B1 no tool result committed yet
[PASS] B2 resolve allow -> 200 decided — 200 {"requestId":"tool_approval_2a0a7ae10148c297e01f5558e4acf193","state":"decided","optionId":"allow"}
[PASS] B2 turn completed
[PASS] B2 file written through Runtime
[PASS] B2 broker dispatched after allow
[PASS] B3 replay same decision -> 200 same body — 200 {"requestId":"tool_approval_2a0a7ae10148c297e01f5558e4acf193","state":"decided","optionId":"allow"}
[PASS] B3 conflicting decision -> 409 action_already_resolved — 409 {"error":"action_already_resolved","code":"action_already_resolved"}
[PASS] B3 wrong inputRevision -> 400 invalid_action_response — 400 {"error":"invalid_action_response","code":"invalid_action_response"}
[PASS] B3 unknown requestId -> 404 action_not_found — 404 {"error":"action_not_found","code":"action_not_found"}
[PASS] B3 malformed body -> 400 invalid_action_response — 400 {"error":"invalid_action_response","code":"invalid_action_response"}
[PASS] B3 journal recorded the decision
[PASS] B4 second turn asks again
[PASS] B4 resolve deny -> 200 decided — 200 {"requestId":"tool_approval_de4af7482967c492ec8147f8334000ca","state":"decided","optionId":"deny"}
[PASS] B4 turn completed after refusal
[PASS] B4 denied file never written
[PASS] B4 model saw the refusal — ["[{\"type\":\"text\",\"text\":\"Successfully created and wrote to new file: /root/rig13071/roots/a/child/b1-hello.txt.\"}]","[{\"type\":\"text\",\"text\":\"The Session owner denied this tool call, so it was not run.\"}]"]
[PASS] B5 session not recovery-blocked — {"sessionId":"d929debb-c762-4599-934c-77a9e1585229","hasActivePrompt":false,"recoveryBlocked":false}
[summary] ALL PASS
