source 9ab2efd852; test files: pr=src/utils/schemaValidator.test.ts pre=src/utils/schemaValidator.pre12759.test.ts
C3   [e11fe1eb93] PR tests: FAIL (1 failed | 145 passed (146))  pre-PR tests: pass (142 passed (142))  -- compileOnce drops failedTexts.add(key)
       PR tests that fail: does not compile a copy for each rebuilt schema that fails to compile | SchemaValidator compile cache > does not compile a copy for each rebuilt schema that fails to compile
B3c  [875d6b59e6] PR tests: FAIL (2 failed | 144 passed (146))  pre-PR tests: pass (142 passed (142))  -- a new object whose text failed gets an accept-all validator
       PR tests that fail: does not compile a copy for each rebuilt schema that fails to compile | validates each rebuilt schema with an $id that fails to compile on its second use | SchemaValidator compile cache > does not compile a copy for each rebuilt schema that fails to compile | SchemaValidator compile cache > validates each rebuilt schema with an $id that fails to compile on its second use
M7   [9884734868] PR tests: FAIL (1 failed | 145 passed (146))  pre-PR tests: pass (142 passed (142))  -- a new object whose text failed is not added to direct
       PR tests that fail: does not compile a copy for each rebuilt schema that fails to compile | SchemaValidator compile cache > does not compile a copy for each rebuilt schema that fails to compile
F1   [debc888e8d] PR tests: FAIL (1 failed | 145 passed (146))  pre-PR tests: pass (142 passed (142))  -- the catch drops direct.add(schema)
       PR tests that fail: does not serialize a second time a schema object whose first compile failed | SchemaValidator compile cache > does not serialize a second time a schema object whose first compile failed
D1   [a64dff8fe9] PR tests: FAIL (3 failed | 143 passed (146))  pre-PR tests: pass (142 passed (142))  -- compileOnce drops the early return for direct
       PR tests that fail: does not compile a copy for each rebuilt schema that fails to compile | does not serialize a second time a schema object that JSON text does not describe | does not serialize a second time a schema object whose first compile failed | SchemaValidator compile cache > does not compile a copy for each rebuilt schema that fails to compile | SchemaValidator compile cache > does not serialize a second time a schema object that JSON text does not describe | SchemaValidator compile cache > does not serialize a second time a schema object whose first compile failed
A1   [8c0bed712f] PR tests: FAIL (1 failed | 145 passed (146))  pre-PR tests: pass (142 passed (142))  -- isExactJsonValue accepts an array of any prototype
       PR tests that fail: validates a schema that JSON text does not describe by its own content | SchemaValidator compile cache > validates a schema that JSON text does not describe by its own content
X1   [1c76917b67] PR tests: FAIL (1 failed | 145 passed (146))  pre-PR tests: pass (142 passed (142))  -- an inexact schema is not added to direct
       PR tests that fail: does not serialize a second time a schema object that JSON text does not describe | SchemaValidator compile cache > does not serialize a second time a schema object that JSON text does not describe
X2   [691246878c] PR tests: FAIL (1 failed | 145 passed (146))  pre-PR tests: pass (142 passed (142))  -- failedTexts is never consulted
       PR tests that fail: does not compile a copy for each rebuilt schema that fails to compile | SchemaValidator compile cache > does not compile a copy for each rebuilt schema that fails to compile
X3   [cb506947b5] PR tests: FAIL (2 failed | 144 passed (146))  pre-PR tests: FAIL (1 failed | 141 passed (142))  -- the first failing object gets accept-all instead of being compiled
       PR tests that fail: compiles a schema that fails to compile as Ajv always has | validates each rebuilt schema with an $id that fails to compile on its second use | SchemaValidator compile cache > compiles a schema that fails to compile as Ajv always has | SchemaValidator compile cache > validates each rebuilt schema with an $id that fails to compile on its second use
       pre-PR tests that fail: compiles a schema that fails to compile as Ajv always has | SchemaValidator compile cache > compiles a schema that fails to compile as Ajv always has
X4   [ed9f8bac6e] PR tests: FAIL (1 failed | 145 passed (146))  pre-PR tests: FAIL (1 failed | 141 passed (142))  -- bySchema is never filled (control: the pre-PR file already pins it)
       PR tests that fail: does not serialize a second time a schema object that JSON text describes | SchemaValidator compile cache > does not serialize a second time a schema object that JSON text describes
       pre-PR tests that fail: does not serialize a schema object it has already compiled | SchemaValidator compile cache > does not serialize a schema object it has already compiled
X5   [052d03f079] PR tests: pass (146 passed (146))  pre-PR tests: pass (142 passed (142))  -- a direct object is serialized again from its third use (audit round 3, item 2)
source after restore: 9ab2efd852 (identical); tracked files: clean
