# c23-approve-retry-revoke-cancel-ws-r2  db=x9  2026-10-08T09:14:11.014Z
PASS  initial Turn COMPLETED after approval
PASS  later Turn waits for approval  -> tool_approval_b740dbed6a3a9456a0249eb8de06c942
NOTE  approval answer (public)  -> 202 pending
NOTE  answer operation after 12000 ms under revoke (state, error, attempts)  -> ["FAILED","workspace_unavailable","1"] settled at +1061 ms; states seen ["RUNNING","FAILED"]
NOTE  resolve calls reaching the Harness during the hold  -> ["-:200","respond:503"]
NOTE  Action row during the hold  -> ["requested"]
NOTE  Workspace file child/a2-51325.txt during the hold  -> null
FAIL  revoke: answer stays retryable (PENDING, not FAILED) while the state is changed  -> ["FAILED","workspace_unavailable","1"]
PASS  revoke: nothing delivered to the Harness while the state is changed  -> delivered=0 file=null
NOTE  creator cancel with the state still changed  -> 202 accepted → CANCELLED  at +532 ms
NOTE  answer operation after the cancel  -> ["FAILED","workspace_unavailable","1"] at +45 ms; attempts 5 s later 1
NOTE  Action row after the cancel  -> ["cancelled"]
NOTE  resolve calls reaching the Harness (all)  -> ["-:200","respond:503"]
NOTE  Workspace file child/a2-51325.txt / executions added  -> null / 0
PASS  cancel: creator cancel is admitted and the Turn ends CANCELLED  -> 202 CANCELLED
PASS  cancel: the pending answer settles and stops retrying  -> ["FAILED","workspace_unavailable","1"] attempts 1→1
PASS  cancel: the approved write never lands  -> file=null delivered=0
NOTE  Turn history  -> [["turn_463b4277a953478d94501c0a60bb4d6b","COMPLETED","","0"],["turn_558b7ba67bb743138003ae1eea615d1e","CANCELLED","","0"]]
== c23-approve-retry-revoke-cancel-ws-r2: 6 passed, 1 failed
