# c23-approve-retry-draining-restore-ws-r3  db=x9  2026-10-08T09:14:34.285Z
PASS  initial Turn COMPLETED after approval
PASS  later Turn waits for approval  -> tool_approval_12c103c015c1194e04470fe59ef93821
NOTE  approval answer (public)  -> 202 pending
NOTE  answer operation after 12000 ms under draining (state, error, attempts)  -> ["FAILED","workspace_unavailable","1"] settled at +1061 ms; states seen ["RUNNING","FAILED"]
NOTE  resolve calls reaching the Harness during the hold  -> ["-:200","respond:503"]
NOTE  Action row during the hold  -> ["requested"]
NOTE  Workspace file child/a2-74565.txt during the hold  -> null
FAIL  draining: answer stays retryable (PENDING, not FAILED) while the state is changed  -> ["FAILED","workspace_unavailable","1"]
PASS  draining: nothing delivered to the Harness while the state is changed  -> delivered=0 file=null
NOTE  answer operation after the restore  -> ["FAILED","workspace_unavailable","1"] at +43 ms
NOTE  Action row after the restore  -> ["requested"]
NOTE  Turn after the restore  -> RUNNING  (not terminal)
NOTE  resolve calls reaching the Harness (all)  -> ["-:200","respond:503"]
NOTE  Workspace file child/a2-74565.txt / executions added  -> null / 0
FAIL  restore: the committed answer is delivered (op COMPLETED, Action decided)  -> ["FAILED","workspace_unavailable","1"] ["requested"]
FAIL  restore: exactly one successful resolve reached the Harness  -> ["-:200","respond:503"]
FAIL  restore: the Turn completes and the approved write lands  -> RUNNING file=null
NOTE  cleanup cancel of the stranded Turn  -> 202 → CANCELLED at +528 ms
NOTE  Turn history  -> [["turn_5b0d87e9e04f49a8a8a3fc07a2e2f291","COMPLETED","","0"],["turn_d48b3440c99749eeb63586e39f7ed5b3","CANCELLED","","0"]]
== c23-approve-retry-draining-restore-ws-r3: 3 passed, 4 failed
