# s16-f5-recheck-lx6  db=lx6  2026-10-02T23:45:17.027Z
NOTE  A kill -> close: first Turn  -> {"status":"COMPLETED","error":"","ms":3039}
NOTE  A: killed  -> 215 bindings=READY/1/0/-
NOTE  A kill -> close: close  -> {"status":"completed","ms":449} session=CLOSED
NOTE  A kill -> close: after close  -> bindings=RELEASED/1/1/receipt worker 215=gone file=after-a60 turns=COMPLETED
NOTE  A kill -> close: new Session on the same storage  -> 202 {"status":"COMPLETED","error":"","ms":2175} file=after-a6n
NOTE  B kill -> later Turn -> close: first Turn  -> {"status":"COMPLETED","error":"","ms":2171}
NOTE  B: later Turn after the kill  -> 202 {"status":"FAILED","error":"hosted_turn_failed","ms":451} in 485 ms; bindings=LOST/1/0/-
NOTE  B kill -> later Turn -> close: close  -> {"status":"completed","ms":427} session=CLOSED
NOTE  B kill -> later Turn -> close: after close  -> bindings=RELEASED/1/1/receipt worker 298=gone file=after-b60 turns=COMPLETED,FAILED
NOTE  B kill -> later Turn -> close: new Session on the same storage  -> 202 {"status":"COMPLETED","error":"","ms":2392} file=after-b6n
NOTE  C SIGSTOP -> later Turn -> close: first Turn  -> {"status":"COMPLETED","error":"","ms":2170}
NOTE  C: worker frozen  -> 373 T(stopped)
NOTE  C: later Turn against the frozen worker  -> 202 {"status":"FAILED","error":"hosted_turn_failed","ms":30306} in 30318 ms; bindings=READY/1/0/-
NOTE  C: worker before close  -> T(stopped)
NOTE  C SIGSTOP -> later Turn -> close: close  -> {"status":"completed","ms":5456} session=CLOSED
NOTE  C SIGSTOP -> later Turn -> close: after close  -> bindings=RELEASED/1/1/receipt worker 373=gone file=after-c60 turns=COMPLETED,FAILED
NOTE  C SIGSTOP -> later Turn -> close: new Session on the same storage  -> 202 {"status":"COMPLETED","error":"","ms":10511} file=after-c6n
NOTE  E kill -> 3 later Turns -> close: first Turn  -> {"status":"COMPLETED","error":"","ms":3343}
NOTE  E: later Turn 1  -> 202 {"status":"FAILED","error":"hosted_turn_failed","ms":687} in 706 ms; bindings=LOST/1/0/-
NOTE  E: later Turn 2  -> 202 {"status":"FAILED","error":"hosted_turn_failed","ms":922} in 936 ms; bindings=LOST/1/0/-
NOTE  E: later Turn 3  -> 202 {"status":"FAILED","error":"hosted_turn_failed","ms":671} in 685 ms; bindings=LOST/1/0/-
NOTE  E kill -> 3 later Turns -> close: close  -> {"status":"completed","ms":444} session=CLOSED
NOTE  E kill -> 3 later Turns -> close: after close  -> bindings=RELEASED/1/1/receipt worker 468=gone file=after-e60 turns=COMPLETED,FAILED,FAILED,FAILED
NOTE  E kill -> 3 later Turns -> close: new Session on the same storage  -> 202 {"status":"COMPLETED","error":"","ms":3554} file=after-e6n
PASS  A: close completed  -> {"status":"completed","ms":449}
PASS  A: new Session on the same storage completed  -> {"status":"COMPLETED","error":"","ms":2175}
PASS  A: original worker not running  -> 215 gone
PASS  B: close completed  -> {"status":"completed","ms":427}
PASS  B: new Session on the same storage completed  -> {"status":"COMPLETED","error":"","ms":2392}
PASS  B: original worker not running  -> 298 gone
PASS  C: close completed  -> {"status":"completed","ms":5456}
PASS  C: new Session on the same storage completed  -> {"status":"COMPLETED","error":"","ms":10511}
PASS  C: original worker not running  -> 373 gone
PASS  E: close completed  -> {"status":"completed","ms":444}
PASS  E: new Session on the same storage completed  -> {"status":"COMPLETED","error":"","ms":3554}
PASS  E: original worker not running  -> 468 gone
NOTE  operations not completed  -> []
== s16-f5-recheck-lx6: 12 passed, 0 failed
