# s3-approvals-ws-b  db=p1  2026-10-01T04:05:11.567Z
PASS  Session approval_mode = default  -> default
PASS  initial Turn asks for approval  -> tool_approval_c8b002e7ebb994b589a0c0e63bfdf67b
PASS  creator allows -> 202  -> 202
PASS  initial Turn COMPLETED, a1.txt = FIRST  -> {"status":"COMPLETED","error":"","ms":1365} FIRST
PASS  creator later Turn -> 202  -> 202 
PASS  later Turn asks for approval  -> tool_approval_e302c068f40c846ba0807c720041485a
PASS  another creator-capable actor cannot answer (D6b creator rule)  -> 403 action_forbidden
PASS  creator allows; later Turn COMPLETED, a2.txt = SECOND  -> 202 {"status":"COMPLETED","error":"","ms":916} SECOND
PASS  third Turn waits for approval  -> tool_approval_9f3bb1a71c180c9e3944e0dbec91e139
PASS  creator cancels the waiting Turn -> 202  -> 202 
PASS  waiting Turn ends CANCELLED  -> {"status":"CANCELLED","error":"","ms":568} after 676 ms
PASS  a3.txt was not written  -> null
NOTE  the pending Action after the cancel (state, receipt, digest)  -> ["cancelled"]
NOTE  public actions list after the cancel  -> []
PASS  answering the cancelled Turn's Action is refused  -> 409 action_cancelled
PASS  fourth Turn asks for approval (Workspace free after the cancel)  -> 202 tool_approval_c09315a15afcb26644f95596f1b695fe
PASS  fourth Turn COMPLETED, a4.txt = FOURTH  -> {"status":"COMPLETED","error":"","ms":1037} FOURTH
NOTE  Turn history  -> [["turn_20b8d68a343142199e2ac737ec99d4e9","COMPLETED","","0"],["turn_15c3bb105d644eab933f31697211679a","COMPLETED","","0"],["turn_02f1c6e968ec4d17be404fd78fc755cd","CANCELLED","","0"],["turn_2f435de90f244f94a193105d65c08734","COMPLETED","","0"]]
== s3-approvals-ws-b: 15 passed, 0 failed
