# s43-h43f  db=r43f arm=h43f  2026-10-03T14:48:06.659Z
NOTE  S1 never-settling module (timeout 2000) turn  -> admit=202 terminal=<none> idle after 2798 ms recoveryBlocked=true
NOTE  S1 never-settling module (timeout 2000) module top-level runs / callbacks  -> eval-start=1 eval-done=0 callback=0
NOTE  S1 never-settling module (timeout 2000) hook execution record  -> running/"dispatch_started" | recovery_blocked/"outcome_unknown"/outcome_unknown
NOTE  S1 never-settling module (timeout 2000) lease holder  -> hooks-activation-debe5263c9749ca6d2e5ca42f5fb0598a871de8016379b89d9df948c6355c949
NOTE  S1 never-settling module (timeout 2000) next prompt, same Session  -> admit=409 hosted_turn_recovery_required (2 ms)
NOTE  S1 never-settling module (timeout 2000) hook execution records after next prompt  -> running/"dispatch_started" | recovery_blocked/"outcome_unknown"/outcome_unknown
NOTE  S1 never-settling module (timeout 2000) detach  -> 503 hosted_hook_recovery_required (90 ms)
NOTE  S1 never-settling module (timeout 2000) neighbour Session (no Hooks, same Workspace)  -> admit=202 terminal=turn_error[{"sessionId":"515f857d-c7ad-4e59-8193-628c50ec3f5e","promptId":"4617ac47-199d-449c-88c4-8e565403334d","code":"hosted_turn_failed","message":"Hosted Harness turn] idle after 548 ms recoveryBlocked=false wrote=false
NOTE  S2 cancel during evaluation (timeout 60000) module evaluation started  -> after 359 ms
NOTE  S2 cancel during evaluation (timeout 60000) cancel  -> cancel=204 (3 ms) idle after 315 ms terminal=turn_complete(cancelled)
NOTE  S2 cancel during evaluation (timeout 60000) hook execution record after cancel  -> cancelled/"settled"+result | cancelled/"settled"+result
NOTE  S2 cancel during evaluation (timeout 60000) detach while evaluation still pending  -> 503 hosted_hook_recovery_required (16 ms)
NOTE  S2 cancel during evaluation (timeout 60000) gate opened -> module evaluation finished  -> after 51 ms
NOTE  S2 cancel during evaluation (timeout 60000) next prompt after evaluation finished  -> admit=202 terminal=<none> idle after 314 ms recoveryBlocked=true callbacks=0
NOTE  S2 cancel during evaluation (timeout 60000) detach after evaluation finished  -> 503 hosted_hook_recovery_required (66 ms)
NOTE  S3 300 ms evaluation, timeout 10 turn  -> admit=202 terminal=turn_complete(end_turn) idle after 1044 ms recoveryBlocked=false callbacks=1
NOTE  S3 300 ms evaluation, timeout 10 hook execution record  -> settled/"settled"+result | settled/"settled"+result
NOTE  S4a 1500 ms evaluation, timeout 10 turn  -> admit=202 terminal=<none> idle after 826 ms recoveryBlocked=true callbacks=0
NOTE  S4a 1500 ms evaluation, timeout 10 hook execution record  -> running/"dispatch_started" | recovery_blocked/"outcome_unknown"/outcome_unknown
NOTE  S4a 1500 ms evaluation, timeout 10 module after 2 s  -> eval-done=1
NOTE  S4a 1500 ms evaluation, timeout 10 next prompt, same Session  -> admit=409 hosted_turn_recovery_required (3 ms)
NOTE  S4a 1500 ms evaluation, timeout 10 detach  -> 503 hosted_hook_recovery_required (87 ms)
NOTE  S4a 1500 ms evaluation, timeout 10 load  -> 409 hosted_session_already_attached (2 ms)
NOTE  S4a 1500 ms evaluation, timeout 10 neighbour Session (no Hooks, same Workspace)  -> admit=202 terminal=turn_error[{"sessionId":"113f7f0d-91d9-46a0-b72a-562195470155","promptId":"060945e7-2f96-4c57-af5e-946c979042b5","code":"hosted_turn_failed","message":"Hosted Harness turn] idle after 636 ms recoveryBlocked=false wrote=false
NOTE  S4b 1500 ms evaluation, timeout 3000 turn  -> admit=202 terminal=turn_complete(end_turn) idle after 1964 ms recoveryBlocked=false callbacks=1
NOTE  S4b 1500 ms evaluation, timeout 3000 hook execution record  -> settled/"settled"+result | settled/"settled"+result
NOTE  S5 module throws at top level turn  -> admit=202 terminal=<none> idle after 419 ms recoveryBlocked=true
NOTE  S5 module throws at top level hook execution record  -> running/"dispatch_started" | recovery_blocked/"not_started_proven"/handler_unavailable
NOTE  S5 module throws at top level next prompt, same Session  -> admit=409 hosted_turn_recovery_required (2 ms)
NOTE  S5 module throws at top level detach  -> 204 (137 ms)
NOTE  S7 DELETE while evaluation pending cancel  -> started=205 idle after 316 ms terminal=turn_complete(cancelled)
NOTE  S7 DELETE while evaluation pending DELETE while evaluation pending  -> 503 hosted_hook_recovery_required (160 ms)
NOTE  S7 DELETE while evaluation pending lease holder  -> hooks-activation-0c2a7e42dc74ecad4943456172ed17770f78940a809398cb6beb3fc56af3d459
NOTE  S7 DELETE while evaluation pending DELETE after evaluation finished  -> 204 (128 ms) (eval-done after 51 ms)
NOTE  S7 DELETE while evaluation pending lease holder after DELETE  -> <none>
NOTE  S6 Harness replaced while evaluation pending cancel  -> started=203 idle after 315 ms terminal=turn_complete(cancelled)
NOTE  S6 Harness replaced while evaluation pending hook execution record before replacement  -> cancelled/"settled"+result | cancelled/"settled"+result
NOTE  S6 Harness replaced while evaluation pending lease holder before replacement  -> hooks-activation-1f90dcfb0060814280e5a6c86dad09a80b57921f754d07041c367bfc8e430666
NOTE  S6 Harness replaced while evaluation pending load in new Harness  -> 200 (174 ms) after 58558 ms
NOTE  S6 Harness replaced while evaluation pending Hook turn in new Harness, evaluation still pending  -> admit=202 terminal=turn_error[{"sessionId":"8e1d9db5-ebdb-43bd-81f3-0c840a29fe72","promptId":"0d1067d2-25d8-438a-8a0e-f32e25212c50","code":"hosted_turn_failed","message":"Hosted Harness turn] idle after 386 ms recoveryBlocked=true
NOTE  S6 Harness replaced while evaluation pending hook execution records  -> cancelled/"settled"+result | cancelled/"settled"+result | running/"dispatch_started" | admitted/"intent"
NOTE  S6 Harness replaced while evaluation pending lease holder  -> hooks-activation-1f90dcfb0060814280e5a6c86dad09a80b57921f754d07041c367bfc8e430666
NOTE  S6 Harness replaced while evaluation pending gate opened -> evaluation finished  -> after 51 ms
NOTE  S6 Harness replaced while evaluation pending Hook turn after evaluation finished  -> admit=409 hosted_turn_recovery_required (3 ms) callbacks=0
NOTE  S6 Harness replaced while evaluation pending lease holder after  -> hooks-activation-1f90dcfb0060814280e5a6c86dad09a80b57921f754d07041c367bfc8e430666
NOTE  S6 Harness replaced while evaluation pending detach  -> 204 (114 ms)
NOTE  S6 Harness replaced while evaluation pending Harness log: hook owner warnings  -> <none>
== RESULT s43-h43f: 0 passed, 0 failed
