   2616 P3b LEGACY durable spawn-failure attempt 1 warm -> ok=false status=409 code=runtime_broker_recovery_blocked retryable=false in 598 ms
   2739 P3b LEGACY durable   binding id=6eb0a738-17f0-4bc1-b4a6-bcce1a6f8340 gen=1 state=RECOVERY_BLOCKED lease=null lossEvidence=null stopEvidence=null
   2744 P3b LEGACY durable after spawn failure durable dir mode=rwx------
   2754 P3b LEGACY durable after spawn failure   f14b80b9f944….json mode=rw------- size=431
   2759 P3b LEGACY durable after spawn failure     state=LAUNCHING pid=0 started= endpoint=
   2764 P3b LEGACY durable after spawn failure     handle={"resourceId":"f14b80b9f9449b6a45d7fcd813eed71ae51c07e1cf265b97c07f68a21fb628ae","hostId":"6a7c4b8a14b0d66d11808bc2e4892b13","bootId":"08fabd5c-2347-4e29-a451-bff6bedd9aac","pidNamespace":"pid:[4026532380]","timeNamespace":"time:[4026532443]","identityDigest":"6dd0fc8795b29c9f1ca48fe76a39c974070ac74c63e7544aa1c12d6f98140d80"}
   2770 P3b LEGACY durable after spawn failure   f14b80b9f944….lock mode=rw------- size=0
   2776 P3b LEGACY durable after spawn failure   f14b80b9f944….ready mode=rw------- size=0
   6625 P3b LEGACY durable fixed attempt 1 warm -> ok=false status=409 code=runtime_broker_resource_conflict retryable=false in 590 ms
   6765 P3b LEGACY durable   binding id=6eb0a738-17f0-4bc1-b4a6-bcce1a6f8340 gen=1 state=RECOVERY_BLOCKED lease=null lossEvidence=null stopEvidence=null liveWorkers=0
   9696 P3b LEGACY durable fixed attempt 2 warm -> ok=false status=409 code=runtime_broker_resource_conflict retryable=false in 429 ms
   9774 P3b LEGACY durable   binding id=6eb0a738-17f0-4bc1-b4a6-bcce1a6f8340 gen=1 state=RECOVERY_BLOCKED lease=null lossEvidence=null stopEvidence=null liveWorkers=0
  14587 P3b MANAGED durable spawn-failure attempt 1 warm -> ok=false status=409 code=runtime_broker_recovery_blocked retryable=false in 468 ms
  14648 P3b MANAGED durable   binding id=63a9575b-1ac3-4b73-8ffd-08006c7feab6 gen=1 state=RECOVERY_BLOCKED lease=null lossEvidence=null stopEvidence=null
  14650 P3b MANAGED durable after spawn failure durable dir mode=rwx------
  14652 P3b MANAGED durable after spawn failure   f736d8d6c1a6….json mode=rw------- size=431
  14654 P3b MANAGED durable after spawn failure     state=LAUNCHING pid=0 started= endpoint=
  14656 P3b MANAGED durable after spawn failure     handle={"resourceId":"f736d8d6c1a6522434d008eeefdbe2f83f7953e109373528054f055fe2a3f53d","hostId":"6a7c4b8a14b0d66d11808bc2e4892b13","bootId":"08fabd5c-2347-4e29-a451-bff6bedd9aac","pidNamespace":"pid:[4026532380]","timeNamespace":"time:[4026532443]","identityDigest":"bc064a69fd101acbb0115864b9390f3d437bcee9038757b9037a7d99637cd419"}
  14657 P3b MANAGED durable after spawn failure   f736d8d6c1a6….lock mode=rw------- size=0
  14658 P3b MANAGED durable after spawn failure   f736d8d6c1a6….ready mode=rw------- size=0
  18402 P3b MANAGED durable fixed attempt 1 warm -> ok=false status=409 code=runtime_broker_resource_conflict retryable=false in 387 ms
  18509 P3b MANAGED durable   binding id=63a9575b-1ac3-4b73-8ffd-08006c7feab6 gen=1 state=RECOVERY_BLOCKED lease=null lossEvidence=null stopEvidence=null liveWorkers=0
  21486 P3b MANAGED durable fixed attempt 2 warm -> ok=false status=409 code=runtime_broker_resource_conflict retryable=false in 473 ms
  21654 P3b MANAGED durable   binding id=63a9575b-1ac3-4b73-8ffd-08006c7feab6 gen=1 state=RECOVERY_BLOCKED lease=null lossEvidence=null stopEvidence=null liveWorkers=0
  26355 P3 LEGACY ephemeral misconfigured attempt 1 warm -> ok=false status=503 code=runtime_provision_failed retryable=true in 381 ms
  26399 P3 LEGACY ephemeral   binding id=19507a2c-c00e-4902-8f5c-333facfc7f88 gen=1 state=PROVISIONING lease=null lossEvidence=null stopEvidence=null
  29402 P3 LEGACY ephemeral misconfigured attempt 2 warm -> ok=false status=503 code=runtime_provision_failed retryable=true in 495 ms
  29620 P3 LEGACY ephemeral   binding id=19507a2c-c00e-4902-8f5c-333facfc7f88 gen=1 state=PROVISIONING lease=null lossEvidence=null stopEvidence=null
  37107 P3 LEGACY ephemeral fixed attempt 1 warm -> ok=true status=0 code=null retryable=false in 1573 ms
  37167 P3 LEGACY ephemeral   binding id=19507a2c-c00e-4902-8f5c-333facfc7f88 gen=1 state=READY lease=http://127.0.0.1:37659/ lossEvidence=null stopEvidence=null liveWorkers=1
  39896 P3 LEGACY ephemeral fixed attempt 2 warm -> ok=true status=0 code=null retryable=false in 222 ms
  39929 P3 LEGACY ephemeral   binding id=19507a2c-c00e-4902-8f5c-333facfc7f88 gen=1 state=READY lease=http://127.0.0.1:37659/ lossEvidence=null stopEvidence=null liveWorkers=1
  42661 P3 LEGACY ephemeral fixed attempt 3 warm -> ok=true status=0 code=null retryable=false in 226 ms
  42786 P3 LEGACY ephemeral   binding id=19507a2c-c00e-4902-8f5c-333facfc7f88 gen=1 state=READY lease=http://127.0.0.1:37659/ lossEvidence=null stopEvidence=null liveWorkers=1
  47529 P3 LEGACY durable misconfigured attempt 1 warm -> ok=false status=409 code=runtime_broker_recovery_blocked retryable=false in 491 ms
  47555 P3 LEGACY durable   binding id=1d9c2017-5dbc-4b71-a86a-b02c3bdb11e9 gen=1 state=RECOVERY_BLOCKED lease=null lossEvidence=null stopEvidence=null
  50269 P3 LEGACY durable misconfigured attempt 2 warm -> ok=false status=409 code=runtime_broker_resource_conflict retryable=false in 199 ms
  50310 P3 LEGACY durable   binding id=1d9c2017-5dbc-4b71-a86a-b02c3bdb11e9 gen=1 state=RECOVERY_BLOCKED lease=null lossEvidence=null stopEvidence=null
  56552 P3 LEGACY durable fixed attempt 1 warm -> ok=false status=409 code=runtime_broker_resource_conflict retryable=false in 523 ms
  56611 P3 LEGACY durable   binding id=1d9c2017-5dbc-4b71-a86a-b02c3bdb11e9 gen=1 state=RECOVERY_BLOCKED lease=null lossEvidence=null stopEvidence=null liveWorkers=0
  59435 P3 LEGACY durable fixed attempt 2 warm -> ok=false status=409 code=runtime_broker_resource_conflict retryable=false in 320 ms
  59514 P3 LEGACY durable   binding id=1d9c2017-5dbc-4b71-a86a-b02c3bdb11e9 gen=1 state=RECOVERY_BLOCKED lease=null lossEvidence=null stopEvidence=null liveWorkers=0
  62150 P3 LEGACY durable fixed attempt 3 warm -> ok=false status=409 code=runtime_broker_resource_conflict retryable=false in 130 ms
  62179 P3 LEGACY durable   binding id=1d9c2017-5dbc-4b71-a86a-b02c3bdb11e9 gen=1 state=RECOVERY_BLOCKED lease=null lossEvidence=null stopEvidence=null liveWorkers=0
  64690 P3 LEGACY durable durable dir mode=rwx------
  64697 P3 LEGACY durable   d9e590e2740d….json mode=rw------- size=445
  64714 P3 LEGACY durable     state=RETIRED pid=678 started=ticks:25758655 endpoint=
  64731 P3 LEGACY durable     handle={"resourceId":"d9e590e2740d1c93009d1cb1407a5ab4b439e5770b5e310543cd5b148ce874ae","hostId":"6a7c4b8a14b0d66d11808bc2e4892b13","bootId":"08fabd5c-2347-4e29-a451-bff6bedd9aac","pidNamespace":"pid:[4026532380]","timeNamespace":"time:[4026532443]","identityDigest":"704fea688ad4c0c72f340974e30276bf4fa8a67b9e0e23296be12c1974987ef2"}
  64751 P3 LEGACY durable   d9e590e2740d….lock mode=rw------- size=0
  64760 P3 LEGACY durable   d9e590e2740d….ready mode=rw------- size=0
  66618 P3 MANAGED ephemeral misconfigured attempt 1 warm -> ok=false status=503 code=runtime_provision_failed retryable=false in 423 ms
  66716 P3 MANAGED ephemeral   binding id=7d228108-6ff9-4295-a7b9-228f3665dcce gen=1 state=RECOVERY_BLOCKED lease=null lossEvidence=null stopEvidence=null
  69287 P3 MANAGED ephemeral misconfigured attempt 2 warm -> ok=false status=409 code=runtime_broker_recovery_blocked retryable=false in 68 ms
  69351 P3 MANAGED ephemeral   binding id=7d228108-6ff9-4295-a7b9-228f3665dcce gen=1 state=RECOVERY_BLOCKED lease=null lossEvidence=null stopEvidence=null
  75467 P3 MANAGED ephemeral fixed attempt 1 warm -> ok=false status=409 code=runtime_broker_recovery_blocked retryable=false in 245 ms
  75547 P3 MANAGED ephemeral   binding id=7d228108-6ff9-4295-a7b9-228f3665dcce gen=1 state=RECOVERY_BLOCKED lease=null lossEvidence=null stopEvidence=null liveWorkers=0
  78312 P3 MANAGED ephemeral fixed attempt 2 warm -> ok=false status=409 code=runtime_broker_recovery_blocked retryable=false in 242 ms
  78475 P3 MANAGED ephemeral   binding id=7d228108-6ff9-4295-a7b9-228f3665dcce gen=1 state=RECOVERY_BLOCKED lease=null lossEvidence=null stopEvidence=null liveWorkers=0
  81150 P3 MANAGED ephemeral fixed attempt 3 warm -> ok=false status=409 code=runtime_broker_recovery_blocked retryable=false in 171 ms
  81298 P3 MANAGED ephemeral   binding id=7d228108-6ff9-4295-a7b9-228f3665dcce gen=1 state=RECOVERY_BLOCKED lease=null lossEvidence=null stopEvidence=null liveWorkers=0
  86059 P3 MANAGED durable misconfigured attempt 1 warm -> ok=false status=409 code=runtime_broker_recovery_blocked retryable=false in 599 ms
  86148 P3 MANAGED durable   binding id=9bf4dc7c-effe-41fa-958e-e5a1c27f8bab gen=1 state=RECOVERY_BLOCKED lease=null lossEvidence=null stopEvidence=null
  89739 P3 MANAGED durable misconfigured attempt 2 warm -> ok=false status=409 code=runtime_broker_resource_conflict retryable=false in 1085 ms
  90064 P3 MANAGED durable   binding id=9bf4dc7c-effe-41fa-958e-e5a1c27f8bab gen=1 state=RECOVERY_BLOCKED lease=null lossEvidence=null stopEvidence=null
  96517 P3 MANAGED durable fixed attempt 1 warm -> ok=false status=409 code=runtime_broker_resource_conflict retryable=false in 643 ms
  96688 P3 MANAGED durable   binding id=9bf4dc7c-effe-41fa-958e-e5a1c27f8bab gen=1 state=RECOVERY_BLOCKED lease=null lossEvidence=null stopEvidence=null liveWorkers=0
  99980 P3 MANAGED durable fixed attempt 2 warm -> ok=false status=409 code=runtime_broker_resource_conflict retryable=false in 782 ms
 100254 P3 MANAGED durable   binding id=9bf4dc7c-effe-41fa-958e-e5a1c27f8bab gen=1 state=RECOVERY_BLOCKED lease=null lossEvidence=null stopEvidence=null liveWorkers=0
 103701 P3 MANAGED durable fixed attempt 3 warm -> ok=false status=409 code=runtime_broker_resource_conflict retryable=false in 938 ms
 104010 P3 MANAGED durable   binding id=9bf4dc7c-effe-41fa-958e-e5a1c27f8bab gen=1 state=RECOVERY_BLOCKED lease=null lossEvidence=null stopEvidence=null liveWorkers=0
 106516 P3 MANAGED durable durable dir mode=rwx------
 106529 P3 MANAGED durable   c03ec9c4a8b9….json mode=rw------- size=431
 106531 P3 MANAGED durable     state=LAUNCHING pid=0 started= endpoint=
 106545 P3 MANAGED durable     handle={"resourceId":"c03ec9c4a8b97c28a15265a694feea44d1ef419815e6e95194534df87eb2ad15","hostId":"6a7c4b8a14b0d66d11808bc2e4892b13","bootId":"08fabd5c-2347-4e29-a451-bff6bedd9aac","pidNamespace":"pid:[4026532380]","timeNamespace":"time:[4026532443]","identityDigest":"6f52242848666d83ab834b1cb7d28f549c1097e1ee72fc0d76e983830a8d9b56"}
 106582 P3 MANAGED durable   c03ec9c4a8b9….lock mode=rw------- size=0
 106617 P3 MANAGED durable   c03ec9c4a8b9….ready mode=rw------- size=0
 110626 C1 LEGACY broker SIGKILL, then worker SIGKILL pid=1198 stat=absent
 111560 C1 LEGACY attempt 1 warm -> ok=false status=503 code=runtime_broker_runtime_lost retryable=true in 565 ms
 111581 C1 LEGACY   binding id=c4cf0f84-4cc5-4033-8073-117919cf67ec gen=1 state=LOST lease=http://127.0.0.1:37585/ lossEvidence=JOURNAL_LOST stopEvidence=null newWorkers=0
 111783 C1 LEGACY attempt 2 warm -> ok=false status=503 code=runtime_broker_runtime_lost retryable=true in 201 ms
 111799 C1 LEGACY   binding id=c4cf0f84-4cc5-4033-8073-117919cf67ec gen=1 state=LOST lease=http://127.0.0.1:37585/ lossEvidence=JOURNAL_LOST stopEvidence=null newWorkers=0
 114622 C1 MANAGED broker SIGKILL, then worker SIGKILL pid=1400 stat=absent
 115959 C1 MANAGED attempt 1 warm -> ok=false status=503 code=runtime_broker_runtime_lost retryable=true in 878 ms
 116056 C1 MANAGED   binding id=f30f8bb2-7ecc-47df-abed-f1bc5d160513 gen=1 state=LOST lease=http://127.0.0.1:45753/ lossEvidence=JOURNAL_LOST stopEvidence=null newWorkers=0
 116577 C1 MANAGED attempt 2 warm -> ok=false status=503 code=runtime_broker_runtime_lost retryable=true in 517 ms
 116702 C1 MANAGED   binding id=f30f8bb2-7ecc-47df-abed-f1bc5d160513 gen=1 state=LOST lease=http://127.0.0.1:45753/ lossEvidence=JOURNAL_LOST stopEvidence=null newWorkers=0
 118308 P1 LEGACY held attest; binding id=524a86bc-83b9-4610-9d2d-89fe8f73a65e gen=1 state=PROVISIONING lease=null lossEvidence=null stopEvidence=null
 120018 P1 LEGACY broker SIGKILL, worker SIGKILL pid=1619 stat=absent
 124191 P1 LEGACY attempt 1 warm -> ok=false status=409 code=runtime_broker_recovery_blocked retryable=false in 1239 ms
 124441 P1 LEGACY   binding id=524a86bc-83b9-4610-9d2d-89fe8f73a65e gen=1 state=RECOVERY_BLOCKED lease=null lossEvidence=null stopEvidence=null newWorkers=0
 125266 P1 LEGACY attempt 2 warm -> ok=false status=409 code=runtime_broker_resource_conflict retryable=false in 806 ms
 125425 P1 LEGACY   binding id=524a86bc-83b9-4610-9d2d-89fe8f73a65e gen=1 state=RECOVERY_BLOCKED lease=null lossEvidence=null stopEvidence=null newWorkers=0
 125690 P1 LEGACY attempt 3 warm -> ok=false status=409 code=runtime_broker_resource_conflict retryable=false in 264 ms
 125798 P1 LEGACY   binding id=524a86bc-83b9-4610-9d2d-89fe8f73a65e gen=1 state=RECOVERY_BLOCKED lease=null lossEvidence=null stopEvidence=null newWorkers=0
 126002 P1 LEGACY attempt 4 warm -> ok=false status=409 code=runtime_broker_resource_conflict retryable=false in 202 ms
 126034 P1 LEGACY   binding id=524a86bc-83b9-4610-9d2d-89fe8f73a65e gen=1 state=RECOVERY_BLOCKED lease=null lossEvidence=null stopEvidence=null newWorkers=0
 126035 P1 LEGACY durable dir mode=rwx------
 126036 P1 LEGACY   1ec2c0dc61f1….json mode=rw------- size=446
 126036 P1 LEGACY     state=RETIRED pid=1619 started=ticks:25765689 endpoint=
 126037 P1 LEGACY     handle={"resourceId":"1ec2c0dc61f1e3d101e1dfa72ff906889c9aa62ad0f6437c1f2527f6e3796854","hostId":"6a7c4b8a14b0d66d11808bc2e4892b13","bootId":"08fabd5c-2347-4e29-a451-bff6bedd9aac","pidNamespace":"pid:[4026532380]","timeNamespace":"time:[4026532443]","identityDigest":"ba21d5ce5f8e0a4f77e19e98b3eeafc8d3501b9cf864e9e2161f66b431681de1"}
 126037 P1 LEGACY   1ec2c0dc61f1….lock mode=rw------- size=0
 126037 P1 LEGACY   1ec2c0dc61f1….ready mode=rw------- size=240
 127847 P1 MANAGED held attest; binding id=33b93239-f8e1-4f22-923b-b2206cf2f2dd gen=1 state=PROVISIONING lease=null lossEvidence=null stopEvidence=null
 129544 P1 MANAGED broker SIGKILL, worker SIGKILL pid=1806 stat=absent
 133599 P1 MANAGED attempt 1 warm -> ok=false status=409 code=runtime_broker_recovery_blocked retryable=false in 1150 ms
 133808 P1 MANAGED   binding id=33b93239-f8e1-4f22-923b-b2206cf2f2dd gen=1 state=RECOVERY_BLOCKED lease=null lossEvidence=null stopEvidence=null newWorkers=0
 134851 P1 MANAGED attempt 2 warm -> ok=false status=409 code=runtime_broker_resource_conflict retryable=false in 1035 ms
 135102 P1 MANAGED   binding id=33b93239-f8e1-4f22-923b-b2206cf2f2dd gen=1 state=RECOVERY_BLOCKED lease=null lossEvidence=null stopEvidence=null newWorkers=0
 136234 P1 MANAGED attempt 3 warm -> ok=false status=409 code=runtime_broker_resource_conflict retryable=false in 1120 ms
 136636 P1 MANAGED   binding id=33b93239-f8e1-4f22-923b-b2206cf2f2dd gen=1 state=RECOVERY_BLOCKED lease=null lossEvidence=null stopEvidence=null newWorkers=0
 137836 P1 MANAGED attempt 4 warm -> ok=false status=409 code=runtime_broker_resource_conflict retryable=false in 1187 ms
 138113 P1 MANAGED   binding id=33b93239-f8e1-4f22-923b-b2206cf2f2dd gen=1 state=RECOVERY_BLOCKED lease=null lossEvidence=null stopEvidence=null newWorkers=0
 138117 P1 MANAGED durable dir mode=rwx------
 138123 P1 MANAGED   85718fab6738….json mode=rw------- size=446
 138135 P1 MANAGED     state=RETIRED pid=1806 started=ticks:25766639 endpoint=
 138146 P1 MANAGED     handle={"resourceId":"85718fab67383ebe57279b6e783287b444a296f1520651ff63494e70f09bfa76","hostId":"6a7c4b8a14b0d66d11808bc2e4892b13","bootId":"08fabd5c-2347-4e29-a451-bff6bedd9aac","pidNamespace":"pid:[4026532380]","timeNamespace":"time:[4026532443]","identityDigest":"d47de8fbcdc5475e12ec1ccad5c989cd4cd80b6abb061d3187e4bdd814dd0785"}
 138177 P1 MANAGED   85718fab6738….lock mode=rw------- size=0
 138196 P1 MANAGED   85718fab6738….ready mode=rw------- size=277
 141245 Z2 LEGACY adopt warm -> ok=true status=0 code=null retryable=false in 720 ms
 141857 Z2 LEGACY adopted worker SIGKILL pid=1996 stat=absent
 142049 Z2 LEGACY attempt 1 warm -> ok=false status=503 code=runtime_provision_failed retryable=true in 182 ms
 142084 Z2 LEGACY   binding id=42e564b8-99db-442e-a50c-76270579d9aa gen=1 state=LOST lease=http://127.0.0.1:33687/ lossEvidence=null stopEvidence=null newWorkers=0
 142336 Z2 LEGACY attempt 2 warm -> ok=false status=503 code=runtime_broker_runtime_lost retryable=true in 247 ms
 142398 Z2 LEGACY   binding id=42e564b8-99db-442e-a50c-76270579d9aa gen=1 state=LOST lease=http://127.0.0.1:33687/ lossEvidence=JOURNAL_LOST stopEvidence=null newWorkers=0
 142700 Z2 LEGACY attempt 3 warm -> ok=false status=503 code=runtime_broker_runtime_lost retryable=true in 296 ms
 142735 Z2 LEGACY   binding id=42e564b8-99db-442e-a50c-76270579d9aa gen=1 state=LOST lease=http://127.0.0.1:33687/ lossEvidence=JOURNAL_LOST stopEvidence=null newWorkers=0
 145771 Z2 MANAGED adopt warm -> ok=true status=0 code=null retryable=false in 432 ms
 146376 Z2 MANAGED adopted worker SIGKILL pid=2231 stat=absent
 146834 Z2 MANAGED attempt 1 warm -> ok=false status=503 code=runtime_provision_failed retryable=true in 443 ms
 146898 Z2 MANAGED   binding id=8131fc05-efac-4334-929e-9b7f1c493cf1 gen=1 state=LOST lease=http://127.0.0.1:37529/ lossEvidence=null stopEvidence=null newWorkers=0
 147325 Z2 MANAGED attempt 2 warm -> ok=false status=503 code=runtime_broker_runtime_lost retryable=true in 422 ms
 147393 Z2 MANAGED   binding id=8131fc05-efac-4334-929e-9b7f1c493cf1 gen=1 state=LOST lease=http://127.0.0.1:37529/ lossEvidence=JOURNAL_LOST stopEvidence=null newWorkers=0
 147852 Z2 MANAGED attempt 3 warm -> ok=false status=503 code=runtime_broker_runtime_lost retryable=true in 454 ms
 147977 Z2 MANAGED   binding id=8131fc05-efac-4334-929e-9b7f1c493cf1 gen=1 state=LOST lease=http://127.0.0.1:37529/ lossEvidence=JOURNAL_LOST stopEvidence=null newWorkers=0
 149648 P4 LEGACY ephemeral slot-1 boot failure warm -> status=503 code=managed_runtime_unavailable
 150337 P4 LEGACY ephemeral slot-1 attempt 2 warm -> ok=true status=0 code=null retryable=false in 683 ms
 150396 P4 LEGACY ephemeral   slot-1 binding id=9b8ecadd-289f-43f9-b00d-a5014444f59e gen=1 state=READY lease=http://127.0.0.1:39003/ lossEvidence=null stopEvidence=null
 151564 P4 LEGACY ephemeral OTHER workspace-b, same tenant warm -> ok=true status=0 code=null retryable=false in 831 ms
 151619 P4 LEGACY ephemeral   workspace-b binding state=READY lease=http://127.0.0.1:41269/
 153718 P4 LEGACY durable slot-1 boot failure warm -> status=503 code=managed_runtime_unavailable
 153833 P4 LEGACY durable slot-1 attempt 2 warm -> ok=false status=409 code=runtime_broker_recovery_blocked retryable=false in 113 ms
 153845 P4 LEGACY durable   slot-1 binding id=ead9f1b3-f4c7-428e-9892-f19f63b507e1 gen=1 state=RECOVERY_BLOCKED lease=null lossEvidence=null stopEvidence=null
 154292 P4 LEGACY durable OTHER workspace-b, same tenant warm -> ok=false status=409 code=runtime_placement_recovery_required retryable=false in 121 ms
 154303 P4 LEGACY durable   workspace-b binding none
 156646 P4 MANAGED ephemeral slot-1 boot failure warm -> status=503 code=runtime_provision_failed
 156686 P4 MANAGED ephemeral slot-1 attempt 2 warm -> ok=false status=409 code=runtime_broker_recovery_blocked retryable=false in 37 ms
 156747 P4 MANAGED ephemeral   slot-1 binding id=6a674a4d-d699-49bd-a8fa-7cf080097f6c gen=1 state=RECOVERY_BLOCKED lease=null lossEvidence=null stopEvidence=null
 157476 P4 MANAGED ephemeral OTHER harness-2, same workspace warm -> ok=true status=0 code=null in 724 ms
 157500 P4 MANAGED ephemeral   harness-2 binding state=READY lease=http://127.0.0.1:35695/
 159562 P4 MANAGED durable slot-1 boot failure warm -> status=409 code=runtime_broker_recovery_blocked
 159771 P4 MANAGED durable slot-1 attempt 2 warm -> ok=false status=409 code=runtime_broker_resource_conflict retryable=false in 207 ms
 159800 P4 MANAGED durable   slot-1 binding id=8474f544-06de-4517-9a53-1373bfa64a95 gen=1 state=RECOVERY_BLOCKED lease=null lossEvidence=null stopEvidence=null
 160580 P4 MANAGED durable OTHER harness-2, same workspace warm -> ok=true status=0 code=null in 779 ms
 160613 P4 MANAGED durable   harness-2 binding state=READY lease=http://127.0.0.1:43623/
 164166 T1 LEGACY adopt warm -> ok=true status=0 code=null retryable=false in 762 ms
 164261 T1 LEGACY   binding id=59728bbb-7ac6-4f3a-9ef6-bc5adf6eb719 gen=1 state=READY lease=http://127.0.0.1:38197/ lossEvidence=null stopEvidence=null
 164349 T1 LEGACY confirm with attest RESET warm -> ok=false status=503 code=managed_runtime_unavailable retryable=true in 85 ms
 164379 T1 LEGACY   binding id=59728bbb-7ac6-4f3a-9ef6-bc5adf6eb719 gen=1 state=READY lease=http://127.0.0.1:38197/ lossEvidence=null stopEvidence=null workerAlive=true
 164416 T1 LEGACY next warm warm -> ok=true status=0 code=null retryable=false in 31 ms
 164577 T1 LEGACY   binding id=59728bbb-7ac6-4f3a-9ef6-bc5adf6eb719 gen=1 state=READY lease=http://127.0.0.1:38197/ lossEvidence=null stopEvidence=null workerAlive=true newWorkers=0
 168214 T1 MANAGED adopt warm -> ok=true status=0 code=null retryable=false in 699 ms
 168261 T1 MANAGED   binding id=ec66dbf2-d333-44be-874a-e158f95b0d1d gen=1 state=READY lease=http://127.0.0.1:45695/ lossEvidence=null stopEvidence=null
 168338 T1 MANAGED confirm with attest RESET warm -> ok=false status=503 code=managed_runtime_unavailable retryable=true in 76 ms
 168438 T1 MANAGED   binding id=ec66dbf2-d333-44be-874a-e158f95b0d1d gen=1 state=READY lease=http://127.0.0.1:45695/ lossEvidence=null stopEvidence=null workerAlive=true
 168597 T1 MANAGED next warm warm -> ok=true status=0 code=null retryable=false in 154 ms
 168742 T1 MANAGED   binding id=ec66dbf2-d333-44be-874a-e158f95b0d1d gen=1 state=READY lease=http://127.0.0.1:45695/ lossEvidence=null stopEvidence=null workerAlive=true newWorkers=0
 170909 P1b LEGACY first warm -> status=503 code=managed_runtime_unavailable retryable=true
 171175 P1b LEGACY   binding id=c02826cf-d91c-4be9-9e70-9527221bdc82 gen=1 state=PROVISIONING lease=null lossEvidence=null stopEvidence=null
 171695 P1b LEGACY attempt 2 warm -> ok=false status=409 code=runtime_broker_recovery_blocked retryable=false in 517 ms
 171918 P1b LEGACY   binding id=c02826cf-d91c-4be9-9e70-9527221bdc82 gen=1 state=RECOVERY_BLOCKED lease=null lossEvidence=null stopEvidence=null liveWorkers=0
 172696 P1b LEGACY attempt 3 warm -> ok=false status=409 code=runtime_broker_resource_conflict retryable=false in 775 ms
 172753 P1b LEGACY   binding id=c02826cf-d91c-4be9-9e70-9527221bdc82 gen=1 state=RECOVERY_BLOCKED lease=null lossEvidence=null stopEvidence=null liveWorkers=0
 173219 P1b LEGACY attempt 4 warm -> ok=false status=409 code=runtime_broker_resource_conflict retryable=false in 463 ms
 173471 P1b LEGACY   binding id=c02826cf-d91c-4be9-9e70-9527221bdc82 gen=1 state=RECOVERY_BLOCKED lease=null lossEvidence=null stopEvidence=null liveWorkers=0
 175903 P1b MANAGED first warm -> status=409 code=runtime_broker_recovery_blocked retryable=false
 176000 P1b MANAGED   binding id=4fb8072d-8da0-4a9e-9ba3-3603f156b89a gen=1 state=RECOVERY_BLOCKED lease=null lossEvidence=null stopEvidence=null
 176461 P1b MANAGED attempt 2 warm -> ok=false status=409 code=runtime_broker_resource_conflict retryable=false in 459 ms
 176636 P1b MANAGED   binding id=4fb8072d-8da0-4a9e-9ba3-3603f156b89a gen=1 state=RECOVERY_BLOCKED lease=null lossEvidence=null stopEvidence=null liveWorkers=0
 177203 P1b MANAGED attempt 3 warm -> ok=false status=409 code=runtime_broker_resource_conflict retryable=false in 556 ms
 177266 P1b MANAGED   binding id=4fb8072d-8da0-4a9e-9ba3-3603f156b89a gen=1 state=RECOVERY_BLOCKED lease=null lossEvidence=null stopEvidence=null liveWorkers=0
 177761 P1b MANAGED attempt 4 warm -> ok=false status=409 code=runtime_broker_resource_conflict retryable=false in 488 ms
 177960 P1b MANAGED   binding id=4fb8072d-8da0-4a9e-9ba3-3603f156b89a gen=1 state=RECOVERY_BLOCKED lease=null lossEvidence=null stopEvidence=null liveWorkers=0
