arm=A-pr-head java 21.0.10
  renewDispatch x2000, 4-key reference : 1,240 B/call  1,563 ns/call
  renewDispatch x2000, 2,000-row reference : 4,049,592 B/call  902,830 ns/call
  settle (withResult + CAS) x500, 1-key result : 1,824 B/settle  1,853 ns/settle
  settle (withResult + CAS) x500, 2,000-row result : 3,634,136 B/settle  1,741,914 ns/settle
arm=B-trusted-copy java 21.0.10
  renewDispatch x2000, 4-key reference : 248 B/call  579 ns/call
  renewDispatch x2000, 2,000-row reference : 248 B/call  337 ns/call
  settle (withResult + CAS) x500, 1-key result : 1,000 B/settle  2,440 ns/settle
  settle (withResult + CAS) x500, 2,000-row result : 1,609,136 B/settle  766,757 ns/settle
arm=A-pr-head java 21.0.10
  renewDispatch x2000, 4-key reference : 1,240 B/call  1,623 ns/call
  renewDispatch x2000, 2,000-row reference : 4,049,592 B/call  859,118 ns/call
  settle (withResult + CAS) x500, 1-key result : 1,824 B/settle  1,571 ns/settle
  settle (withResult + CAS) x500, 2,000-row result : 3,634,136 B/settle  1,829,396 ns/settle
arm=B-trusted-copy java 21.0.10
  renewDispatch x2000, 4-key reference : 248 B/call  522 ns/call
  renewDispatch x2000, 2,000-row reference : 248 B/call  553 ns/call
  settle (withResult + CAS) x500, 1-key result : 1,000 B/settle  2,561 ns/settle
  settle (withResult + CAS) x500, 2,000-row result : 1,609,136 B/settle  785,895 ns/settle
arm=A-pr-head java 21.0.10
  renewDispatch x2000, 4-key reference : 1,240 B/call  1,971 ns/call
  renewDispatch x2000, 2,000-row reference : 4,049,592 B/call  845,055 ns/call
  settle (withResult + CAS) x500, 1-key result : 1,824 B/settle  1,552 ns/settle
  settle (withResult + CAS) x500, 2,000-row result : 3,634,136 B/settle  1,446,303 ns/settle
arm=B-trusted-copy java 21.0.10
  renewDispatch x2000, 4-key reference : 248 B/call  544 ns/call
  renewDispatch x2000, 2,000-row reference : 248 B/call  345 ns/call
  settle (withResult + CAS) x500, 1-key result : 1,000 B/settle  2,022 ns/settle
  settle (withResult + CAS) x500, 2,000-row result : 1,609,136 B/settle  802,766 ns/settle
