# c23-approve-retry-revoke-restore-ws-r7  db=h9  2026-10-08T09:06:56.634Z
PASS  initial Turn COMPLETED after approval
PASS  later Turn waits for approval  -> tool_approval_c9ee9f8ca6f2872ad2d6b5b3a23129d1
NOTE  approval answer (public)  -> 202 pending
NOTE  answer operation after 12000 ms under revoke (state, error, attempts)  -> ["RUNNING","","4"] (not settled); states seen ["RUNNING"]
NOTE  resolve calls reaching the Harness during the hold  -> ["-:200","respond:503"]
NOTE  Action row during the hold  -> ["requested"]
NOTE  Workspace file child/a2-16871.txt during the hold  -> null
PASS  revoke: answer stays retryable (PENDING, not FAILED) while the state is changed  -> ["RUNNING","","4"]
PASS  revoke: nothing delivered to the Harness while the state is changed  -> delivered=0 file=null
NOTE  dispatcher replica restarted with the state still changed (cold attachment cache)  -> spring pid=706244 jar=h9 store=http://127.0.0.1:18164 up after 7s log=/root/v13163/rig/run/h9/spring-6.log (16303 ms)
NOTE  answer operation after the restart, state still changed  -> ["RUNNING","","6"]; resolve calls ["-:200","respond:503"]
PASS  revoke: after the cold restart the answer is still retryable and undelivered  -> ["RUNNING","","6"] delivered=0
NOTE  answer operation after the restore  -> ["RUNNING","","8"] (not settled within 80 s)
NOTE  Action row after the restore  -> ["requested"]
NOTE  Turn after the restore  -> RUNNING  (not terminal)
NOTE  resolve calls reaching the Harness (all)  -> ["-:200","respond:503"]
NOTE  Workspace file child/a2-16871.txt / executions added  -> null / 0
FAIL  restore: the committed answer is delivered (op COMPLETED, Action decided)  -> ["RUNNING","","8"] ["requested"]
FAIL  restore: exactly one successful resolve reached the Harness  -> ["-:200","respond:503"]
FAIL  restore: the Turn completes and the approved write lands  -> RUNNING file=null
NOTE  cleanup cancel of the stranded Turn  -> 202 → CANCELLED at +42743 ms
NOTE  Turn history  -> [["turn_80486246e5304718932f4e3583b9fd99","COMPLETED","","0"],["turn_efbeeb6c453948db8396b2d0423ce383","CANCELLED","","8"]]
== c23-approve-retry-revoke-restore-ws-r7: 5 passed, 3 failed
