## s1-100mib-plus9  head=8e9151f152 dirty=0 root=/tmp/pr12821-s1-100mib-plus9-wKvj
host pid=43822 origin=http://127.0.0.1:60956
execute -> 200 5.544500s
  {"state":"settled","executionStatus":"success","capture":{"captureStatus":"complete","captureReason":null,"deliveryStatus":"committed","previewTruncated":true,"manifest":{"byteLength":1503}}}
checkpoint -> {"phase":"results_ready","events":["1:activation.changed","2:checkpoint.committed","3:turn.settled","4:checkpoint.committed","5:tool.intent","6:checkpoint.committed","7:tool.receipt","8:checkpoint.committed"],"faultLog":["pub stdout#0 len=1048576 t=12122","pub stdout#1 len=1048576 t=12185","pub stdout#2 len=1048576 t=12297","pub stdout#3 len=1048576 t=12553","pub stdout#4 len=1048576 t=12633","pub stdout#5 len=1048576 t=12678","pub stdout#6 len=1048576 t=12787","pub stdout#7 len=1048576 t=12885","pub stdout#8 len=1048576 t=12940","pub stdout#9 len=1048576 t=12985","pub stdout#10 len=1048576 t=13028","pub stdout#11 len=1048576 t=13071","pub stdout#12 len=1048576 t=13121","pub stdout#13 len=1048576 t=13166","pub stdout#14 len=1048576 t=13203","pub stdout#15 len=1048576 t=13246","pub stdout#16 len=1048576 t=13283","pub stdout#17 len=1048576 t=13319","pub stdout#18 len=1048576 t=13364","pub stdout#19 len=1048576 t=13402","pub stdout#20 len=1048576 t=13445","pub stdout#21 len=1048576 t=13487","pub stdout#22 len=1048576 t=13540","pub stdout#23 len=1048576 t=13578","pub stdout#24 len=1048576 t=13620","pub stdout#25 len=1048576 t=13667","pub stdout#26 len=1048576 t=13709","pub stdout#27 len=1048576 t=13747","pub stdout#28 len=1048576 t=13784","pub stdout#29 len=1048576 t=13849","pub stdout#30 len=1048576 t=13903","pub stderr#0 len=1048576 t=13905","pub stdout#31 len=1048576 t=13960","pub stdout#32 len=1048576 t=14052","pub stdout#33 len=1048576 t=14089","pub stdout#34 len=1048576 t=14131","pub stdout#35 len=1048576 t=14167","pub stdout#36 len=1048576 t=14212","pub stdout#37 len=1048576 t=14253","pub stdout#38 len=1048576 t=14289","pub stdout#39 len=1048576 t=14327","pub stdout#40 len=1048576 t=14364","pub stdout#41 len=1048576 t=14403","pub stdout#42 len=1048576 t=14439","pub stdout#43 len=1048576 t=14475","pub stdout#44 len=1048576 t=14513","pub stdout#45 len=1048576 t=14557","pub stdout#46 len=1048576 t=14594","pub stdout#47 len=1048576 t=14630","pub stdout#48 len=1048576 t=14678","pub stdout#49 len=1048576 t=14721","pub stdout#50 len=1048576 t=14759","pub stdout#51 len=1048576 t=14800","pub stdout#52 len=1048576 t=14849","pub stdout#53 len=1048576 t=14883","pub stdout#54 len=1048576 t=14921","pub stdout#55 len=1048576 t=14964","pub stdout#56 len=1048576 t=15000","pub stdout#57 len=1048576 t=15035","pub stdout#58 len=1048576 t=15073","pub stdout#59 len=1048576 t=15108","pub stdout#60 len=1048576 t=15145","pub stdout#61 len=1048576 t=15184","pub stdout#62 len=1048576 t=15232","pub stderr#1 len=1048576 t=15233","pub stdout#63 len=1048576 t=15276","pub stdout#64 len=1048576 t=15343","pub stdout#65 len=1048576 t=15387","pub stdout#66 len=1048576 t=15424","pub stdout#67 len=1048576 t=15461","pub stdout#68 len=1048576 t=15500","pub stdout#69 len=1048576 t=15538","pub stdout#70 len=1048576 t=15581","pub stdout#71 len=1048576 t=15623","pub stdout#72 len=1048576 t=15659","pub stdout#73 len=1048576 t=15696","pub stdout#74 len=1048576 t=15730","pub stdout#75 len=1048576 t=15765","pub stdout#76 len=1048576 t=15816","pub stdout#77 len=1048576 t=15874","pub stdout#78 len=1048576 t=15915","pub stdout#79 len=1048576 t=15956","pub stdout#80 len=1048576 t=15997","pub stdout#81 len=1048576 t=16035","pub stdout#82 len=1048576 t=16071","pub stdout#83 len=1048576 t=16109","pub stdout#84 len=1048576 t=16151","pub stdout#85 len=1048576 t=16193","pub stdout#86 len=1048576 t=16235","pub stdout#87 len=1048576 t=16273","pub stdout#88 len=1048576 t=16309","pub stdout#89 len=1048576 t=16347","pub stdout#90 len=1048576 t=16381","pub stdout#91 len=1048576 t=16420","pub stdout#92 len=1048576 t=16459","pub stdout#93 len=1048576 t=16495","pub stdout#94 len=1048576 t=16531","pub stderr#2 len=1048576 t=16531","pub stdout#95 len=1048576 t=16574","pub stdout#96 len=1048576 t=16648","pub stdout#97 len=1048576 t=16687","pub stdout#98 len=1048576 t=16726","pub stdout#99 len=1048576 t=16773","seal-req stderr count=3 len=3145728","pub stdout#100 len=9 t=16825","seal-req stdout count=101 len=104857609"]}
execute (repeat) -> 200 0.002440s  identical=yes
status -> 200 0.001274s {"state":"settled","lastSequence":2,"deliveryStatus":"committed"}
side-effect runs so far: 1
ack(receipt seq=7, committed) -> 200 {"state":"settled","deliveryStatus":"committed","code":null}
ack repeat identical -> 200 {"state":"settled","code":null}
ack changed historyRevision -> 409 {"code":"managed_runtime_identity_conflict"}
host stopped: CLOSED
successor reader (new process, writer lease as worker-b, O1b read-only):
{
  "successorPid": 44327,
  "checkpointPhase": "results_ready",
  "events": [
    "1:activation.changed",
    "2:checkpoint.committed",
    "3:turn.settled",
    "4:checkpoint.committed",
    "5:tool.intent",
    "6:checkpoint.committed",
    "7:tool.receipt",
    "8:checkpoint.committed",
    "9:activation.changed",
    "10:activation.changed"
  ],
  "prefix_stdout": {
    "segmentCount": 101,
    "byteLength": 104857609,
    "digest": "9b5939f775ec5ec1f5840991c01e1e648cd8ab507d30ed97e2fc1c8aa2dbe016",
    "sealed": true,
    "matchesGenerator": true
  },
  "prefix_stderr": {
    "segmentCount": 3,
    "byteLength": 3145728,
    "digest": "3d258625a86344171b1f86ac8e6a24bd9aa79022ac921b0d42db2b8d74d8f87c",
    "sealed": true,
    "matchesGenerator": true
  },
  "manifest": {
    "executionStatus": "success",
    "exitCode": 0,
    "signal": null,
    "captureStatus": "complete",
    "captureReason": null
  },
  "recorded": {
    "deliveryStatus": "committed",
    "historyRevision": 7
  },
  "reread_stdout": {
    "state": "sealed",
    "manifestBytes": 104857609,
    "rereadBytes": 104857609,
    "rereadDigestMatchesManifest": true,
    "generatorBytes": 104857609,
    "rereadDigestMatchesGenerator": true
  },
  "stdoutTail5": {
    "read": "94e31ab954",
    "generator": "94e31ab954"
  },
  "reread_stderr": {
    "state": "sealed",
    "manifestBytes": 3145728,
    "rereadBytes": 3145728,
    "rereadDigestMatchesManifest": true,
    "generatorBytes": 3145728,
    "rereadDigestMatchesGenerator": true
  },
  "rePrepare": "rejected: Original Shell execution was not committed before dispatch.",
  "sideEffectRuns": 1
}
## end s1-100mib-plus9 head=8e9151f152
