head=251117c3d5
files: cli       11 core       15; load { 22.98 23.60 23.88 }
cli exit=1
core exit=0
== r8-unit-cli:       Tests  3 failed | 535 passed | 4 skipped (542)
== r8-unit-core:       Tests  1445 passed | 5 skipped (1450)
src/serve/hosted-harness-session.test.ts > Hosted Harness no-tool session > recovers only proven-unstarted cancelled PreToolUse (result-ack-failure) 1769ms
src/serve/hosted-harness-session.test.ts > Hosted Harness no-tool session > recovers only proven-unstarted cancelled PreToolUse (terminal-write-failure) 1650ms
src/serve/hosted-harness-session.test.ts > Hosted Harness no-tool session > recovers only proven-unstarted cancelled PreToolUse (unknown) 1826ms
 M packages/cli/src/serve/hosted-harness-session.ts
× src/serve/hosted-harness-session.test.ts > Hosted Harness no-tool session > settles only a cancelled pre-model Hook (managed_hook_handler_unavailable, InstructionsLoaded, reload=false, modelStarted=false) 880ms
× src/serve/hosted-harness-session.test.ts > Hosted Harness no-tool session > settles only a cancelled pre-model Hook (managed_hook_command_isolation_unavailable, InstructionsLoaded, reload=false, modelStarted=false) 102
× src/serve/hosted-harness-session.test.ts > Hosted Harness no-tool session > settles only a cancelled pre-model Hook (managed_hook_handler_unavailable, InstructionsLoaded, reload=true, modelStarted=false) 998ms
× src/serve/hosted-harness-session.test.ts > Hosted Harness no-tool session > recovers only proven-unstarted cancelled PreToolUse (large-batch) 707ms
× src/serve/hosted-harness-session.test.ts > Hosted Harness no-tool session > recovers only proven-unstarted cancelled PreToolUse (large-batch-partial) 997ms
× src/serve/hosted-harness-session.test.ts > Hosted Harness no-tool session > recovers only proven-unstarted cancelled PreToolUse (large-batch-reload) 998ms
× src/serve/hosted-harness-session.test.ts > Hosted Harness no-tool session > recovers only proven-unstarted cancelled PreToolUse (large-batch-utf8) 996ms
× src/serve/hosted-harness-session.test.ts > Hosted Harness no-tool session > does not settle a later turn from a previously cancelled InstructionsLoaded 540ms
Tests  8 failed | 265 passed (273)
restored
