[create] 200
[turn] admit=202 terminal=turn_complete(end_turn) recoveryBlocked=false 2084ms
[oss] PUT 1 created 1 exists 0 GET 3 faults 0
[side-effects] generator ran 0 time(s); model calls 2, continuation calls 1
[broker] POST /runtimes:warm -> 200
[broker] POST /tool-sessions:acquire -> 200
[broker] POST /executions:prepare -> 200 state=prepared
[broker] POST /executions/5abe0f5b:start -> dropped-before-broker
[broker] GET /executions/5abe0f5b -> 200 state=prepared x10
[broker] POST /executions/5abe0f5b:start -> 200 state=executing
[broker] GET /executions/5abe0f5b -> 200 state=executing x2
[broker] GET /executions/5abe0f5b -> 200 state=settled
[broker] POST /executions/5abe0f5b:acknowledge -> 200 state=settled
[broker] POST /tool-sessions/16c61e6d:release -> 200
[catalog] ["f0d91e9c state=OPEN phase=REFERENCED receiptSeq=9 quarantined=0 held={\"capture\":14,\"producer\":2161,\"admission\":1468} used={\"capture\":14,\"producer\":2161,\"admission\":1468}"]
[objects] {"admission/VERIFIED":1,"manifest/VERIFIED":1,"page/VERIFIED":1,"segment/VERIFIED":1,"terminal/VERIFIED":1}
[journal] {"activation.changed":1,"input.accepted":1,"wake.requested":1,"checkpoint.committed":6,"message.committed":4,"tool.intent":1,"tool.receipt":1,"turn.settled":1}
[history] function responses in transcript: 1 (1 unique uuids)
[assistant] "done r9pre-sd"
[status] {"sessionId":"20f8ddbf-4a70-4ee2-818d-3ad344089baf","hasActivePrompt":false,"recoveryBlocked":false}
[reload] detach 204 load 200 
[status after reload] {"sessionId":"20f8ddbf-4a70-4ee2-818d-3ad344089baf","hasActivePrompt":false,"recoveryBlocked":false}
[second turn after reload] admit=202 terminal=turn_complete(end_turn) recoveryBlocked=false 546ms; generator runs 0
[broker after reload] ["POST /executions/cf7676ce-1265-439f-8663-3bc3d4d9cffe:acknowledge -> 200 state=settled","POST /tool-sessions/d84ca0f5-7145-4f80-bb28-20ece6124a04:release -> 200"]
[harness s3-r9pre-sd] []
