[RUN] label=head worker=wt-pr/dist jar=pr 2026-09-30T19:17:10.198Z
[C1] release via Broker while a call runs: refused status=409 code=runtime_session_busy BrokerResponseError: Managed Runtime Broker returned HTTP 409. Runtime Session has an active operation; worker release requests: 0
[PASS] C1.1 Broker refuses the release itself (runtime_session_busy), the worker is not asked :: refused status=409 code=runtime_session_busy BrokerResponseError: Managed Runtime Broker returned HTTP 409. Runtime Session has an active operation
[C2] rig-sent release to worker :56534: 409 {"code":"managed_runtime_provider_operation_failed","error":"Managed Runtime Session still owns unfinished work."}
[PASS] C2.1 worker answers 409 managed_runtime_provider_operation_failed "still owns unfinished work"
[C2] prepared call after the refused release: worker status 200 state=prepared
[PASS] C2.2 the prepared call is still prepared on the worker
[PASS] C2.3 the Broker journal still holds the prepared call as PREPARED :: state=PREPARED
[PASS] C2.4 the running call settles successfully :: success
[C2] start of the preserved call: refused status=- code=managed_runtime_unavailable ManagedRuntimeProviderError: Managed Runtime Broker Session is being released or is closed.; file absent
[FAIL] C2.5 the preserved call still runs and writes its file :: refused status=- code=managed_runtime_unavailable ManagedRuntimeProviderError: Managed Runtime Broker Session is being released or is closed.
[FAIL] C2.6 the Session then releases through the Broker :: refused status=409 code=runtime_session_busy BrokerResponseError: Managed Runtime Broker returned HTTP 409. Runtime Session has an active operation
[E] raw :start answered 200 state=executing after the Broker's 30 s execute request
[E] plain GET -> 200 state=executing; worker status requests: 0
[FAIL] E.0 a GET of the running call is answered from a worker status read
[E] E.1 lastSeq=9007199254740992 firstAvailableSeq=0: GET -> 200  state=executing  (worker reads 0, rewritten 0)
[FAIL] E.1 worker lastSeq 2^53 is refused by the Broker :: 200 
[E] E.2 lastSeq=9007199254740991 firstAvailableSeq=9007199254740992: GET -> 200  state=executing  (worker reads 0, rewritten 0)
[FAIL] E.2 worker firstAvailableSeq 2^53 (lastSeq 2^53 - 1) is refused by the Broker :: 200 
[E] E.3 lastSeq=9007199254740991 firstAvailableSeq=0: GET -> 200  state=executing  (worker reads 0, rewritten 0)
[PASS] E.3 worker lastSeq 2^53 - 1 is accepted by the Broker :: 200 
[E] client status() under the lastSeq 2^53 rewrite: ok {"state":"executing","cancelRequested":false,"lastSeq":0,"firstAvailableSeq":0,"progressGap":false,"progress":[]}
[E] journal after the rewritten answers: EXECUTING/-
[PASS] E.4 the call still settles successfully afterwards :: "success"
[PASS] E.5 the Session releases :: ok true
[PASS] F.1 acquire + manifest accept an uppercase Runtime Session UUID :: ok {"tools":[{"name":"read_file","displayName":"ReadFile","description":"Reads and returns the content of a specified file. The file_path argument MUST be an absol
[F] in-repo client, uppercase Session: bind refused status=- code=managed_tool_invalid_request ManagedToolProtocolError: Managed Tool invocation data is invalid. | begin-turn refused status=409 code=managed_runtime_identity_conflict ManagedRuntimeProviderProtocolError: Managed Runtime provider Session identity conflicts.
[PASS] F.2 in-repo client: bind-history and begin-turn are refused before any Broker request (core lower-cases identities)
[F] raw Broker begin-turn, Session and identity uppercase: 409 managed_runtime_identity_conflict "Managed Runtime provider Session identity conflicts."; worker saw: ["409 managed_runtime_identity_conflict"]
[PASS] F.3 Broker admits the uppercase identity (I6) and forwards it; the worker refuses it 409 identity_conflict :: 409 managed_runtime_identity_conflict worker=409 managed_runtime_identity_conflict
[F] raw Broker begin-turn, Session uppercase, identity lowercase: 400 runtime_control_operation_invalid "Runtime provider operation or identity is invalid."; worker saw: []
[PASS] F.4 a lowercase identity in the uppercase Session is refused by the Broker itself (strict equals), worker not asked :: 400 runtime_control_operation_invalid
[PASS] F.5 the uppercase Session releases :: ok true
[SUMMARY] 13/18 checks passed — failed: C2.5, C2.6, E.0, E.1, E.2
