### /Users/wenshao/.local/share/fnm/node-versions/v22.23.2/installation/bin/node c10-blocked.mjs ws-restored-head a restored
# c10-blocked-restored-ws-restored-head  db=b1  2026-10-02T15:25:59.497Z
FAIL  initial Turn COMPLETED  -> fdfdb557-0da2-41a7-828f-d86b33a6444b
NOTE  first write landed, model holding before the second  -> one-blk-restored-60339.txt=null
NOTE  second write vs revoked grant  -> Harness "recovery blocked"=false at +30384 ms; Turn=FAILED; two-blk-restored-60339.txt=null
NOTE  creator cancel (restored)  -> 202 accepted
NOTE  Turn after 70 s  -> FAILED hosted_turn_failed 
NOTE  next later Turn  -> 202 turn_9d4f53d466a1452eaef7723e0117771f
NOTE  Turn history  -> [["turn_19d9bd3fae1a45b4b2df0a227377de95","FAILED","hosted_turn_failed","0"],["turn_a3074e8f5272493fbc99503be854322e","FAILED","hosted_turn_failed","0"],["turn_9d4f53d466a1452eaef7723e0117771f","ACCEPTED","","0"]]
== c10-blocked-restored-ws-restored-head: 0 passed, 1 failed
RC=0
### /Users/wenshao/.local/share/fnm/node-versions/v22.23.2/installation/bin/node c10-blocked.mjs ws-none-head a none
# c10-blocked-none-ws-none-head  db=b1  2026-10-02T15:27:14.717Z
FAIL  initial Turn COMPLETED  -> f3b8912d-c7d2-40b6-9f91-1268c3ab3cc5
NOTE  first write landed, model holding before the second  -> one-blk-none-35546.txt=null
NOTE  second write vs revoked grant  -> Harness "recovery blocked"=false at +30405 ms; Turn=FAILED; two-blk-none-35546.txt=null
NOTE  Turn after 70 s  -> FAILED hosted_turn_failed 
NOTE  next later Turn  -> 202 turn_0bc6d183f13b4cd9b39786d2050c7b3f
NOTE  Turn history  -> [["turn_20acf143ca204584979dd6a9f963cf0d","FAILED","hosted_turn_failed","0"],["turn_ff507b256220408699f74a442aa425ff","FAILED","hosted_turn_failed","0"],["turn_0bc6d183f13b4cd9b39786d2050c7b3f","ACCEPTED","","0"]]
== c10-blocked-none-ws-none-head: 0 passed, 1 failed
RC=0
BATCH-DONE 15:28:28
