### /Users/wenshao/.local/share/fnm/node-versions/v22.23.2/installation/bin/node c1-cancel-refused.mjs ws-a a revoke alice
# c1-revoke-alice-late-ws-a  db=d1  2026-10-02T14:30:11.727Z
PASS  initial Turn COMPLETED  -> 7dcd3a7f-7535-4337-8778-2322e6847549
PASS  later Turn admitted  -> 202 turn_ad20a50c512345378b1ab6a22f4c5b8e
NOTE  cancel by alice under revoke  -> 409 workspace_unavailable in 23 ms; workspaceTurns=false
NOTE  Turn end  -> FAILED hosted_turn_failed at +30402 ms
NOTE  model request  -> NOT aborted: answered with write_file after 30000 ms
NOTE  Workspace file child/late-revoke-19337.txt  -> null
NOTE  tool executions added by the later Turn  -> 0
NOTE  refusal lifted after the Turn ended  -> +32049 ms
NOTE  next later Turn after restore  -> 202  -> COMPLETED; file=AFTER
NOTE  Turn history  -> [["turn_c9f3b6dbc72d45f3b12e104b1b6199df","COMPLETED","","0"],["turn_ad20a50c512345378b1ab6a22f4c5b8e","FAILED","hosted_turn_failed","0"],["turn_91bf7d4ea0b74d0eb5ddc89c1c471408","COMPLETED","","0"]]
NOTE  command rows  -> [["SUBMIT_TURN","COMPLETED"],["SUBMIT_TURN","COMPLETED"]]
== c1-revoke-alice-late-ws-a: 2 passed, 0 failed
RC=0
### env RESTORE=early /Users/wenshao/.local/share/fnm/node-versions/v22.23.2/installation/bin/node c1-cancel-refused.mjs ws-b b revoke alice
# c1-revoke-alice-early-ws-b  db=d1  2026-10-02T14:30:57.479Z
PASS  initial Turn COMPLETED  -> f05fcc68-fff4-4d9e-8a3d-7da2030f152c
PASS  later Turn admitted  -> 202 turn_28d4f91d621f4776b9935effbd496318
NOTE  cancel by alice under revoke  -> 409 workspace_unavailable in 12 ms; workspaceTurns=false
NOTE  refusal lifted  -> +1177 ms
NOTE  Turn end  -> COMPLETED  at +33489 ms
NOTE  model request  -> NOT aborted: answered with write_file after 30000 ms
NOTE  Workspace file child/late-revoke-62918.txt  -> written-after-cancel
NOTE  tool executions added by the later Turn  -> 1
NOTE  next later Turn after restore  -> 202  -> COMPLETED; file=AFTER
NOTE  Turn history  -> [["turn_a5d1abd4e14a4484a38ce205e1ce19a1","COMPLETED","","0"],["turn_28d4f91d621f4776b9935effbd496318","COMPLETED","","0"],["turn_315991e65ca14d51a74a1ac94d3220c9","COMPLETED","","0"]]
NOTE  command rows  -> [["SUBMIT_TURN","COMPLETED"],["SUBMIT_TURN","COMPLETED"]]
== c1-revoke-alice-early-ws-b: 2 passed, 0 failed
RC=0
### env RESTORE=early /Users/wenshao/.local/share/fnm/node-versions/v22.23.2/installation/bin/node c1-cancel-refused.mjs ws-c c draining alice
# c1-draining-alice-early-ws-c  db=d1  2026-10-02T14:31:43.040Z
PASS  initial Turn COMPLETED  -> 01722be9-9cd2-4c70-b6ba-59371eefdf09
PASS  later Turn admitted  -> 202 turn_f08b8536aaa3458fbedd562dac7793e2
NOTE  cancel by alice under draining  -> 409 workspace_unavailable in 21 ms; workspaceTurns=false
NOTE  refusal lifted  -> +1203 ms
NOTE  Turn end  -> COMPLETED  at +32813 ms
NOTE  model request  -> NOT aborted: answered with write_file after 30000 ms
NOTE  Workspace file child/late-draining-9643.txt  -> written-after-cancel
NOTE  tool executions added by the later Turn  -> 1
NOTE  next later Turn after restore  -> 202  -> COMPLETED; file=AFTER
NOTE  Turn history  -> [["turn_164f6e63e1f44259a5dafce58f8425ba","COMPLETED","","0"],["turn_f08b8536aaa3458fbedd562dac7793e2","COMPLETED","","0"],["turn_75e5e562bb7d44af9bc57aee843cdd18","COMPLETED","","0"]]
NOTE  command rows  -> [["SUBMIT_TURN","COMPLETED"],["SUBMIT_TURN","COMPLETED"]]
== c1-draining-alice-early-ws-c: 2 passed, 0 failed
RC=0
### /Users/wenshao/.local/share/fnm/node-versions/v22.23.2/installation/bin/node c1-cancel-refused.mjs ws-d d regen alice
# c1-regen-alice-late-ws-d  db=d1  2026-10-02T14:32:28.415Z
PASS  initial Turn COMPLETED  -> 1f4f31f3-ec1a-4f8a-b8e7-a4c363e219e4
PASS  later Turn admitted  -> 202 turn_9b014875a1434b9cb165534cc30cfec8
NOTE  cancel by alice under regen  -> 202 accepted in 76 ms; workspaceTurns=true
NOTE  Turn end  -> CANCELLED  at +507 ms
NOTE  model request  -> aborted after 283 ms
NOTE  Workspace file child/late-regen-53580.txt  -> null
NOTE  tool executions added by the later Turn  -> 0
NOTE  refusal lifted after the Turn ended  -> +2237 ms
NOTE  next later Turn after restore  -> 202  -> COMPLETED; file=AFTER
NOTE  Turn history  -> [["turn_cd16215651c4405caf138ed338730b00","COMPLETED","","0"],["turn_9b014875a1434b9cb165534cc30cfec8","CANCELLED","","0"],["turn_983344ea41eb41ebaeb8693b6107aeab","COMPLETED","","0"]]
NOTE  command rows  -> [["SUBMIT_TURN","COMPLETED"],["CANCEL_TURN","COMPLETED"],["SUBMIT_TURN","COMPLETED"]]
== c1-regen-alice-late-ws-d: 2 passed, 0 failed
RC=0
### /Users/wenshao/.local/share/fnm/node-versions/v22.23.2/installation/bin/node c1-cancel-refused.mjs ws-e e control alice
# c1-control-alice-late-ws-e  db=d1  2026-10-02T14:32:41.158Z
PASS  initial Turn COMPLETED  -> b7c6116a-cf05-44d9-9464-646e98c052b6
PASS  later Turn admitted  -> 202 turn_8b0ba3d410d94b73a1a2b72c440cfc19
NOTE  cancel by alice under control  -> 202 accepted in 21 ms; workspaceTurns=true
NOTE  Turn end  -> CANCELLED  at +526 ms
NOTE  model request  -> aborted after 132 ms
NOTE  Workspace file child/late-control-67922.txt  -> null
NOTE  tool executions added by the later Turn  -> 0
NOTE  refusal lifted after the Turn ended  -> +2138 ms
NOTE  next later Turn after restore  -> 202  -> COMPLETED; file=AFTER
NOTE  Turn history  -> [["turn_a3063c1c71c742c8aaeab7eb2f7b15b1","COMPLETED","","0"],["turn_8b0ba3d410d94b73a1a2b72c440cfc19","CANCELLED","","0"],["turn_2ef60e0ac75f49d3a71dea2bb918c760","COMPLETED","","0"]]
NOTE  command rows  -> [["SUBMIT_TURN","COMPLETED"],["CANCEL_TURN","COMPLETED"],["SUBMIT_TURN","COMPLETED"]]
== c1-control-alice-late-ws-e: 2 passed, 0 failed
RC=0
### /Users/wenshao/.local/share/fnm/node-versions/v22.23.2/installation/bin/node c5-regen-admission.mjs ws-f f regen
# c5-regen-ws-f  db=d1  2026-10-02T14:32:53.721Z
PASS  initial Turn COMPLETED  -> 9bff533b-8e44-42fe-ac58-441d5833e748
NOTE  after regen: capability  -> workspaceTurns=true
NOTE  after regen: submit  -> 202 turn_dac7e39716ac4cacbcaee4309c2f6601 in 37 ms; turn={"status":"FAILED","error":"workspace_unavailable","ms":260}; model calls +0
NOTE  after regen: rename  -> 409 workspace_unavailable
NOTE  rows before -> after the refused requests  -> {"turns":1,"commands":[]} -> {"turns":2,"commands":["SUBMIT_TURN:COMPLETED","RENAME_SESSION:FAILED"]}
FAIL  submit refused 409 workspace_unavailable  -> 202 undefined
FAIL  no Turn row written  -> 1 -> 2
PASS  rename refused 409  -> 409 workspace_unavailable
FAIL  no command row written  -> 0 -> 2
PASS  after restore: rename 200 and later Turn COMPLETED  -> 200 restored regen; 202 COMPLETED
NOTE  Turn history  -> [["turn_02c8982d837e43fabae6662549c7b4ad","COMPLETED","","0"],["turn_dac7e39716ac4cacbcaee4309c2f6601","FAILED","workspace_unavailable","0"],["turn_ffcf45bc1a0543a3b5f924c196da4043","COMPLETED","","0"]]
== c5-regen-ws-f: 3 passed, 3 failed
RC=0
### /Users/wenshao/.local/share/fnm/node-versions/v22.23.2/installation/bin/node c5-regen-admission.mjs ws-g g storage
# c5-storage-ws-g  db=d1  2026-10-02T14:33:09.261Z
PASS  initial Turn COMPLETED  -> eea6e873-95f7-4554-98fc-f73e3468a047
NOTE  after storage: capability  -> workspaceTurns=true
NOTE  after storage: submit  -> 202 turn_e99a670be53a489b899834377799365a in 16 ms; turn={"status":"FAILED","error":"workspace_unavailable","ms":250}; model calls +0
NOTE  after storage: rename  -> 409 workspace_unavailable
NOTE  rows before -> after the refused requests  -> {"turns":1,"commands":[]} -> {"turns":2,"commands":["SUBMIT_TURN:COMPLETED","RENAME_SESSION:FAILED"]}
FAIL  submit refused 409 workspace_unavailable  -> 202 undefined
FAIL  no Turn row written  -> 1 -> 2
PASS  rename refused 409  -> 409 workspace_unavailable
FAIL  no command row written  -> 0 -> 2
PASS  after restore: rename 200 and later Turn COMPLETED  -> 200 restored storage; 202 COMPLETED
NOTE  Turn history  -> [["turn_7f99bb3e55d241ca8e8be8f8e0ac8289","COMPLETED","","0"],["turn_e99a670be53a489b899834377799365a","FAILED","workspace_unavailable","0"],["turn_d288407258ba47fca8d8112441195f16","COMPLETED","","0"]]
== c5-storage-ws-g: 3 passed, 3 failed
RC=0
### /Users/wenshao/.local/share/fnm/node-versions/v22.23.2/installation/bin/node c7-replay-order.mjs ws-a a
# c7-replay-order-ws-a  db=d1  2026-10-02T14:33:20.314Z
PASS  initial Turn COMPLETED  -> 8a0f2d56-9dab-4a1c-ac36-3bc122e2706d
NOTE  alice: submit K1 / rename R1  -> 202 turn_606fbcef1d7e44b9a56eca0efdd0721c; 200 private title
NOTE  mallory: GET session / replay alice's submit key / replay alice's rename key  -> {"actor":"mallory","read":404,"submitReplay":"404 session_not_found replay=-","renameReplay":"404 session_not_found"}
NOTE  bob: GET session / replay alice's submit key / replay alice's rename key  -> {"actor":"bob","read":200,"submitReplay":"409 workspace_unavailable replay=-","renameReplay":"409 workspace_unavailable"}
NOTE  carol: GET session / replay alice's submit key / replay alice's rename key  -> {"actor":"carol","read":200,"submitReplay":"409 workspace_unavailable replay=-","renameReplay":"409 workspace_unavailable"}
NOTE  alice after can_create revoked: replay K1 / R1  -> 409 workspace_unavailable; 409 workspace_unavailable
NOTE  Turn history (no new Turn from replays)  -> [["turn_b448fc3b20664ba2883a39590309323c","COMPLETED","","0"],["turn_606fbcef1d7e44b9a56eca0efdd0721c","COMPLETED","","0"]]
== c7-replay-order-ws-a: 1 passed, 0 failed
RC=0
### /Users/wenshao/.local/share/fnm/node-versions/v22.23.2/installation/bin/node c8-rename-refused.mjs bound ws-b b respond400
# c8-bound-respond400  db=d1  2026-10-02T14:33:26.184Z
PASS  initial Turn COMPLETED  -> 73c76cc7-e996-44ed-8c2f-c682f6ecf857
NOTE  rename under respond400  -> 503 hosted_harness_unavailable; command rows ["rename-1790951606219-7b33:FAILED"]
NOTE  same key, same title, fault cleared  -> 200 first title replay=true; rows ["rename-1790951606219-7b33:COMPLETED"]
NOTE  fresh key  -> 200 second title; rows ["fresh-1790951606219-7b33:COMPLETED","rename-1790951606219-7b33:COMPLETED"]
NOTE  POST /title calls seen by the tap  -> ["respond:400","pass:200","pass:200"]
NOTE  session.* events  -> ["session.created ","session.update.requested control:RENAME_SESSION:rename-1790951606219-7b33:requested","session.updated control:RENAME_SESSION:rename-1790951606219-7b33:completed","session.update.requested control:RENAME_SESSION:fresh-1790951606219-7b33:requested","session.updated control:RENAME_SESSION:fresh-1790951606219-7b33:completed"]
== c8-bound-respond400: 1 passed, 0 failed
RC=0
### /Users/wenshao/.local/share/fnm/node-versions/v22.23.2/installation/bin/node c8-rename-refused.mjs unbound - - respond400
# c8-unbound-respond400  db=d1  2026-10-02T14:33:30.199Z
PASS  initial Turn COMPLETED  -> 5a385917-9e56-49c6-8018-81749c74fd35
NOTE  rename under respond400  -> 503 hosted_harness_unavailable; command rows ["rename-1790951610208-b872:FAILED"]
NOTE  same key, same title, fault cleared  -> 200 first title replay=true; rows ["rename-1790951610208-b872:COMPLETED"]
NOTE  fresh key  -> 200 second title; rows ["fresh-1790951610208-b872:COMPLETED","rename-1790951610208-b872:COMPLETED"]
NOTE  POST /title calls seen by the tap  -> ["respond:400","pass:200","pass:200"]
NOTE  session.* events  -> ["session.created ","session.update.requested control:RENAME_SESSION:rename-1790951610208-b872:requested","session.updated control:RENAME_SESSION:rename-1790951610208-b872:completed","session.update.requested control:RENAME_SESSION:fresh-1790951610208-b872:requested","session.updated control:RENAME_SESSION:fresh-1790951610208-b872:completed"]
== c8-unbound-respond400: 1 passed, 0 failed
RC=0
### /Users/wenshao/.local/share/fnm/node-versions/v22.23.2/installation/bin/node c8-rename-refused.mjs unbound - - respond500
# c8-unbound-respond500  db=d1  2026-10-02T14:33:32.178Z
PASS  initial Turn COMPLETED  -> 1d09d0cf-3fd6-437b-a92c-6fce381f29e8
NOTE  rename under respond500  -> 503 hosted_harness_unavailable; command rows ["rename-1790951612188-4219:FAILED"]
NOTE  same key, same title, fault cleared  -> 200 first title replay=true; rows ["rename-1790951612188-4219:COMPLETED"]
NOTE  fresh key  -> 200 second title; rows ["fresh-1790951612188-4219:COMPLETED","rename-1790951612188-4219:COMPLETED"]
NOTE  POST /title calls seen by the tap  -> ["respond:500","pass:200","pass:200"]
NOTE  session.* events  -> ["session.created ","session.update.requested control:RENAME_SESSION:rename-1790951612188-4219:requested","session.updated control:RENAME_SESSION:rename-1790951612188-4219:completed","session.update.requested control:RENAME_SESSION:fresh-1790951612188-4219:requested","session.updated control:RENAME_SESSION:fresh-1790951612188-4219:completed"]
== c8-unbound-respond500: 1 passed, 0 failed
RC=0
### /Users/wenshao/.local/share/fnm/node-versions/v22.23.2/installation/bin/node c3-lost-delivery.mjs unbound - - drop-before 1
# c3-unbound-drop-before-x1  db=d1  2026-10-02T14:33:33.568Z
PASS  initial Turn COMPLETED  -> 02ac0204-171f-4002-9c7f-7677625dd2ee
NOTE  cancel admission  -> 202 accepted
NOTE  POST /cancel attempts seen by the tap (ms after the cancel)  -> [{"at":12,"fault":"drop-before","status":null},{"at":19543,"fault":null,"status":204}]
NOTE  Turn end  -> CANCELLED  at +19779 ms
NOTE  model  -> aborted after 19918 ms held
PASS  Turn ended CANCELLED  -> CANCELLED
PASS  cancel delivered after 1 lost attempt(s)  -> 2 attempts
NOTE  Turn history  -> [["turn_c562067e21584a6287847b39dd5a6e65","COMPLETED","","0"],["turn_ad1f6eb5c01e4d20bad2a821c1bd45be","CANCELLED","","0"]]
== c3-unbound-drop-before-x1: 3 passed, 0 failed
RC=0
BATCH-DONE 14:33:56
