### /Users/wenshao/.local/share/fnm/node-versions/v22.23.2/installation/bin/node c5-regen-admission.mjs ws-a a regen
# c5-regen-ws-a  db=h1  2026-10-02T14:20:29.709Z
PASS  initial Turn COMPLETED  -> 1042dc37-fe89-4802-b0ee-8cd6d7be688c
NOTE  after regen: capability  -> workspaceTurns=false
NOTE  after regen: submit  -> 409 workspace_unavailable in 4 ms; turn=-; model calls +0
NOTE  after regen: rename  -> 409 workspace_unavailable
NOTE  rows before -> after the refused requests  -> {"turns":1,"commands":[]} -> {"turns":1,"commands":[]}
PASS  submit refused 409 workspace_unavailable  -> 409 workspace_unavailable
PASS  no Turn row written  -> 1 -> 1
PASS  rename refused 409  -> 409 workspace_unavailable
PASS  no command row written  -> 0 -> 0
PASS  after restore: rename 200 and later Turn COMPLETED  -> 200 restored regen; 202 COMPLETED
NOTE  Turn history  -> [["turn_d8da01aaa7b9430f8158ffeaaa34b6a3","COMPLETED","","0"],["turn_81c440a01e054236ae3f758ca4900140","COMPLETED","","0"]]
== c5-regen-ws-a: 6 passed, 0 failed
RC=0
### /Users/wenshao/.local/share/fnm/node-versions/v22.23.2/installation/bin/node c5-regen-admission.mjs ws-b b storage
# c5-storage-ws-b  db=h1  2026-10-02T14:20:32.630Z
PASS  initial Turn COMPLETED  -> be5c9eec-a3a4-4c0c-95fe-86ccdd824a9f
NOTE  after storage: capability  -> workspaceTurns=false
NOTE  after storage: submit  -> 409 workspace_unavailable in 7 ms; turn=-; model calls +0
NOTE  after storage: rename  -> 409 workspace_unavailable
NOTE  rows before -> after the refused requests  -> {"turns":1,"commands":[]} -> {"turns":1,"commands":[]}
PASS  submit refused 409 workspace_unavailable  -> 409 workspace_unavailable
PASS  no Turn row written  -> 1 -> 1
PASS  rename refused 409  -> 409 workspace_unavailable
PASS  no command row written  -> 0 -> 0
PASS  after restore: rename 200 and later Turn COMPLETED  -> 200 restored storage; 202 COMPLETED
NOTE  Turn history  -> [["turn_63f9fdcd272e46169ad6248c3f50a82a","COMPLETED","","0"],["turn_b0e0cdbaaedc444f9783a511cc0e4bc4","COMPLETED","","0"]]
== c5-storage-ws-b: 6 passed, 0 failed
RC=0
### /Users/wenshao/.local/share/fnm/node-versions/v22.23.2/installation/bin/node c7-replay-order.mjs ws-c c
# c7-replay-order-ws-c  db=h1  2026-10-02T14:20:35.848Z
PASS  initial Turn COMPLETED  -> dba8eee6-038d-4737-ae61-661aead18527
NOTE  alice: submit K1 / rename R1  -> 202 turn_4571148e931449808f4830f7fffae797; 200 private title
NOTE  mallory: GET session / replay alice's submit key / replay alice's rename key  -> {"actor":"mallory","read":404,"submitReplay":"202 turn_4571148e931449808f4830f7fffae797 replay=-","renameReplay":"200 private title"}
NOTE  bob: GET session / replay alice's submit key / replay alice's rename key  -> {"actor":"bob","read":200,"submitReplay":"202 turn_4571148e931449808f4830f7fffae797 replay=-","renameReplay":"200 private title"}
NOTE  carol: GET session / replay alice's submit key / replay alice's rename key  -> {"actor":"carol","read":200,"submitReplay":"202 turn_4571148e931449808f4830f7fffae797 replay=-","renameReplay":"200 private title"}
NOTE  alice after can_create revoked: replay K1 / R1  -> 202 turn_4571148e931449808f4830f7fffae797; 200 private title
NOTE  Turn history (no new Turn from replays)  -> [["turn_1750d8e17cd448cf820841ee23995748","COMPLETED","","0"],["turn_4571148e931449808f4830f7fffae797","COMPLETED","","0"]]
== c7-replay-order-ws-c: 1 passed, 0 failed
RC=0
### /Users/wenshao/.local/share/fnm/node-versions/v22.23.2/installation/bin/node c8-rename-refused.mjs bound ws-d d respond400
# c8-bound-respond400  db=h1  2026-10-02T14:20:37.902Z
PASS  initial Turn COMPLETED  -> 9739bc74-d575-4eb5-bcaa-d18410adac93
NOTE  rename under respond400  -> 409 session_mutation_refused; command rows []
NOTE  same key, same title, fault cleared  -> 500 internal_error replay=-; rows []
NOTE  fresh key  -> 200 second title; rows ["fresh-1790950837918-3a2e:COMPLETED"]
NOTE  POST /title calls seen by the tap  -> ["respond:400","pass:200"]
NOTE  session.* events  -> ["session.created ","session.update.requested control:RENAME_SESSION:rename-1790950837918-3a2e:requested","session.update.requested control:RENAME_SESSION:fresh-1790950837918-3a2e:requested","session.updated control:RENAME_SESSION:fresh-1790950837918-3a2e:completed"]
== c8-bound-respond400: 1 passed, 0 failed
RC=0
### /Users/wenshao/.local/share/fnm/node-versions/v22.23.2/installation/bin/node c8-rename-refused.mjs bound ws-d d respond404
# c8-bound-respond404  db=h1  2026-10-02T14:20:39.762Z
PASS  initial Turn COMPLETED  -> 1d84821e-7966-4dac-b3db-9f663efb3b9b
NOTE  rename under respond404  -> 409 session_mutation_refused; command rows []
NOTE  same key, same title, fault cleared  -> 500 internal_error replay=-; rows []
NOTE  fresh key  -> 200 second title; rows ["fresh-1790950839779-4ce3:COMPLETED"]
NOTE  POST /title calls seen by the tap  -> ["respond:404","pass:200"]
NOTE  session.* events  -> ["session.created ","session.update.requested control:RENAME_SESSION:rename-1790950839779-4ce3:requested","session.update.requested control:RENAME_SESSION:fresh-1790950839779-4ce3:requested","session.updated control:RENAME_SESSION:fresh-1790950839779-4ce3:completed"]
== c8-bound-respond404: 1 passed, 0 failed
RC=0
### /Users/wenshao/.local/share/fnm/node-versions/v22.23.2/installation/bin/node c8-rename-refused.mjs bound ws-d d respond500
# c8-bound-respond500  db=h1  2026-10-02T14:20:41.579Z
PASS  initial Turn COMPLETED  -> 4db64b50-a276-49af-9b87-bd784789b6a7
NOTE  rename under respond500  -> 503 hosted_harness_unavailable; command rows ["rename-1790950841596-9007:PENDING"]
NOTE  same key, same title, fault cleared  -> 200 first title replay=true; rows ["rename-1790950841596-9007:COMPLETED"]
NOTE  fresh key  -> 200 second title; rows ["fresh-1790950841596-9007:COMPLETED","rename-1790950841596-9007:COMPLETED"]
NOTE  POST /title calls seen by the tap  -> ["respond:500","pass:200","pass:200"]
NOTE  session.* events  -> ["session.created ","session.update.requested control:RENAME_SESSION:rename-1790950841596-9007:requested","session.updated control:RENAME_SESSION:rename-1790950841596-9007:completed","session.update.requested control:RENAME_SESSION:fresh-1790950841596-9007:requested","session.updated control:RENAME_SESSION:fresh-1790950841596-9007:completed"]
== c8-bound-respond500: 1 passed, 0 failed
RC=0
### /Users/wenshao/.local/share/fnm/node-versions/v22.23.2/installation/bin/node c8-rename-refused.mjs bound ws-d d drop-before
# c8-bound-drop-before  db=h1  2026-10-02T14:20:43.417Z
PASS  initial Turn COMPLETED  -> 02fdee86-6412-483a-9a0c-c67cf45dcd6e
NOTE  rename under drop-before  -> 503 hosted_harness_unavailable; command rows ["rename-1790950843435-6c50:PENDING"]
NOTE  same key, same title, fault cleared  -> 200 first title replay=true; rows ["rename-1790950843435-6c50:COMPLETED"]
NOTE  fresh key  -> 200 second title; rows ["fresh-1790950843435-6c50:COMPLETED","rename-1790950843435-6c50:COMPLETED"]
NOTE  POST /title calls seen by the tap  -> ["drop-before:-","pass:200","pass:200"]
NOTE  session.* events  -> ["session.created ","session.update.requested control:RENAME_SESSION:rename-1790950843435-6c50:requested","session.updated control:RENAME_SESSION:rename-1790950843435-6c50:completed","session.update.requested control:RENAME_SESSION:fresh-1790950843435-6c50:requested","session.updated control:RENAME_SESSION:fresh-1790950843435-6c50:completed"]
== c8-bound-drop-before: 1 passed, 0 failed
RC=0
### /Users/wenshao/.local/share/fnm/node-versions/v22.23.2/installation/bin/node c8-rename-refused.mjs unbound - - respond400
# c8-unbound-respond400  db=h1  2026-10-02T14:20:45.014Z
PASS  initial Turn COMPLETED  -> fb401c9d-b9ea-4704-a8d0-34bf334223ed
NOTE  rename under respond400  -> 409 session_mutation_refused; command rows []
NOTE  same key, same title, fault cleared  -> 500 internal_error replay=-; rows []
NOTE  fresh key  -> 200 second title; rows ["fresh-1790950845015-a897:COMPLETED"]
NOTE  POST /title calls seen by the tap  -> ["respond:400","pass:200"]
NOTE  session.* events  -> ["session.created ","session.update.requested control:RENAME_SESSION:rename-1790950845015-a897:requested","session.update.requested control:RENAME_SESSION:fresh-1790950845015-a897:requested","session.updated control:RENAME_SESSION:fresh-1790950845015-a897:completed"]
== c8-unbound-respond400: 1 passed, 0 failed
RC=0
### /Users/wenshao/.local/share/fnm/node-versions/v22.23.2/installation/bin/node c8-rename-refused.mjs unbound - - respond500
# c8-unbound-respond500  db=h1  2026-10-02T14:20:45.940Z
PASS  initial Turn COMPLETED  -> 3fd210ea-c065-4246-a6ac-d88a3d06fcf7
NOTE  rename under respond500  -> 503 hosted_harness_unavailable; command rows ["rename-1790950845942-139d:PENDING"]
NOTE  same key, same title, fault cleared  -> 200 first title replay=true; rows ["rename-1790950845942-139d:COMPLETED"]
NOTE  fresh key  -> 200 second title; rows ["fresh-1790950845942-139d:COMPLETED","rename-1790950845942-139d:COMPLETED"]
NOTE  POST /title calls seen by the tap  -> ["respond:500","pass:200","pass:200"]
NOTE  session.* events  -> ["session.created ","session.update.requested control:RENAME_SESSION:rename-1790950845942-139d:requested","session.updated control:RENAME_SESSION:rename-1790950845942-139d:completed","session.update.requested control:RENAME_SESSION:fresh-1790950845942-139d:requested","session.updated control:RENAME_SESSION:fresh-1790950845942-139d:completed"]
== c8-unbound-respond500: 1 passed, 0 failed
RC=0
BATCH-DONE 14:20:46
