### /Users/wenshao/.local/share/fnm/node-versions/v22.23.2/installation/bin/node c4-cross-owner.mjs bound ws-e e 0 revoke
# c4-bound-lost0-revoke  db=h1  2026-10-02T14:23:51.499Z
PASS  initial Turn COMPLETED  -> 92d244ce-1d40-4778-b611-d885ccf6a663
NOTE  running Turn owner (submitted through Spring A)  -> ["f94ce915-48b0-47f9-969e-66a7e73436f1","1790951093179"]
NOTE  cancel admitted by Spring B  -> 202 accepted in 79 ms
NOTE  POST /cancel attempts seen by the tap (ms after the cancel)  -> [{"at":19569,"fault":null,"status":204}]
NOTE  Turn end  -> CANCELLED  at +19675 ms
NOTE  model  -> aborted after 19935 ms held
NOTE  Workspace file  -> null; executions added=0
PASS  Turn ended CANCELLED  -> CANCELLED
NOTE  Turn history  -> [["turn_800a7746814b49679aa49a1469cd7670","COMPLETED","","0"],["turn_d5fd7cdd36b249c3a0edc5a473f71ec7","CANCELLED","","0"]]
== c4-bound-lost0-revoke: 2 passed, 0 failed
RC=0
### /Users/wenshao/.local/share/fnm/node-versions/v22.23.2/installation/bin/node c4-cross-owner.mjs bound ws-f f 1 revoke
# c4-bound-lost1-revoke  db=h1  2026-10-02T14:24:14.912Z
PASS  initial Turn COMPLETED  -> 12e38cd6-c55a-4c66-b052-961ca7d7e46e
NOTE  running Turn owner (submitted through Spring A)  -> ["f94ce915-48b0-47f9-969e-66a7e73436f1","1790951116581"]
NOTE  cancel admitted by Spring B  -> 202 accepted in 14 ms
NOTE  POST /cancel attempts seen by the tap (ms after the cancel)  -> [{"at":19578,"fault":"drop-before","status":null},{"at":39594,"fault":null,"status":204}]
NOTE  Turn end  -> CANCELLED  at +39875 ms
NOTE  model  -> aborted after 39932 ms held
NOTE  Workspace file  -> null; executions added=0
PASS  Turn ended CANCELLED  -> CANCELLED
NOTE  Turn history  -> [["turn_a5726d4fac894cf4a5384e3e0f26281f","COMPLETED","","0"],["turn_40b85fa94bf746abb5a6a22b04fee70d","CANCELLED","","0"]]
== c4-bound-lost1-revoke: 2 passed, 0 failed
RC=0
### /Users/wenshao/.local/share/fnm/node-versions/v22.23.2/installation/bin/node c4-cross-owner.mjs bound ws-g g 0 none
# c4-bound-lost0-none  db=h1  2026-10-02T14:24:58.592Z
PASS  initial Turn COMPLETED  -> 860903eb-4216-408c-9034-021628539b18
NOTE  running Turn owner (submitted through Spring A)  -> ["f94ce915-48b0-47f9-969e-66a7e73436f1","1790951161582"]
NOTE  cancel admitted by Spring B  -> 202 accepted in 34 ms
NOTE  POST /cancel attempts seen by the tap (ms after the cancel)  -> [{"at":19480,"fault":null,"status":204}]
NOTE  Turn end  -> CANCELLED  at +19701 ms
NOTE  model  -> aborted after 19869 ms held
NOTE  Workspace file  -> null; executions added=0
PASS  Turn ended CANCELLED  -> CANCELLED
NOTE  Turn history  -> [["turn_ed0ebc7d77e648cda4bd33fecd93560b","COMPLETED","","0"],["turn_c90855f5c8d84df7951ca2b5bb5890b2","CANCELLED","","0"]]
== c4-bound-lost0-none: 2 passed, 0 failed
RC=0
### /Users/wenshao/.local/share/fnm/node-versions/v22.23.2/installation/bin/node c4-cross-owner.mjs unbound - - 0 none
# c4-unbound-lost0-none  db=h1  2026-10-02T14:25:23.407Z
PASS  initial Turn COMPLETED  -> c9f8539c-c5a0-4248-b42a-8852fc1b5177
NOTE  running Turn owner (submitted through Spring A)  -> ["f94ce915-48b0-47f9-969e-66a7e73436f1","1790951183912"]
NOTE  cancel admitted by Spring B  -> 202 accepted in 21 ms
NOTE  POST /cancel attempts seen by the tap (ms after the cancel)  -> [{"at":19484,"fault":null,"status":204}]
NOTE  Turn end  -> CANCELLED  at +19706 ms
NOTE  model  -> aborted after 19905 ms held
PASS  Turn ended CANCELLED  -> CANCELLED
NOTE  Turn history  -> [["turn_194ede1fa5ae41919b53b1d980afd41c","COMPLETED","","0"],["turn_15b7d97377474d92b1020188cffe7649","CANCELLED","","0"]]
== c4-unbound-lost0-none: 2 passed, 0 failed
RC=0
BATCH-DONE 14:25:45
