### env HOLD=60000 /Users/wenshao/.local/share/fnm/node-versions/v22.23.2/installation/bin/node c3-lost-delivery.mjs unbound - - drop-before 1
# c3-unbound-drop-before-x1  db=m1  2026-10-02T14:36:49.412Z
PASS  initial Turn COMPLETED  -> 788dee94-081f-4e66-8ad5-30e83d1390c3
NOTE  cancel admission  -> 202 accepted
NOTE  POST /cancel attempts seen by the tap (ms after the cancel)  -> [{"at":63,"fault":"drop-before","status":null}]
NOTE  Turn end  -> FAILED hosted_turn_failed at +59874 ms
NOTE  model  -> answered after the cancel
FAIL  Turn ended CANCELLED  -> FAILED
FAIL  cancel delivered after 1 lost attempt(s)  -> 1 attempts
NOTE  Turn history  -> [["turn_853f2896b00544a18e24df3a836cb7d6","COMPLETED","","0"],["turn_db06de38185c47d38a48588966d0abfb","FAILED","hosted_turn_failed","0"]]
== c3-unbound-drop-before-x1: 1 passed, 2 failed
RC=0
### env HOLD=60000 /Users/wenshao/.local/share/fnm/node-versions/v22.23.2/installation/bin/node c4-cross-owner.mjs unbound - - 0 none
# c4-unbound-lost0-none  db=m1  2026-10-02T14:37:53.355Z
PASS  initial Turn COMPLETED  -> 506665f0-3dbc-4f71-816b-36efd27344f0
NOTE  running Turn owner (submitted through Spring A)  -> ["6e64501d-4471-40bc-b404-c70f3f04b770","1790951933884"]
NOTE  cancel admitted by Spring B  -> 202 accepted in 152 ms
NOTE  POST /cancel attempts seen by the tap (ms after the cancel)  -> []
NOTE  Turn end  -> FAILED hosted_turn_failed at +60074 ms
NOTE  model  -> answered after the cancel
FAIL  Turn ended CANCELLED  -> FAILED
NOTE  Turn history  -> [["turn_2f52ebe51c674f1bb7a6e58d283e1dd2","COMPLETED","","0"],["turn_3a9897c7072e4a8c8ce6fd726a991e8b","FAILED","hosted_turn_failed","0"]]
== c4-unbound-lost0-none: 1 passed, 1 failed
RC=0
### /Users/wenshao/.local/share/fnm/node-versions/v22.23.2/installation/bin/node c8-rename-refused.mjs unbound - - respond400
# c8-unbound-respond400  db=m1  2026-10-02T14:38:56.109Z
PASS  initial Turn COMPLETED  -> 9a0b9a75-0ff1-43f8-b6ba-ec2efa228d74
NOTE  rename under respond400  -> 503 hosted_harness_unavailable; command rows ["rename-1790951936111-7944:PENDING"]
NOTE  same key, same title, fault cleared  -> 200 first title replay=true; rows ["rename-1790951936111-7944:COMPLETED"]
NOTE  fresh key  -> 200 second title; rows ["fresh-1790951936111-7944:COMPLETED","rename-1790951936111-7944:COMPLETED"]
NOTE  POST /title calls seen by the tap  -> ["respond:400","pass:200","pass:200"]
NOTE  session.* events  -> ["session.created ","session.update.requested control:RENAME_SESSION:rename-1790951936111-7944:requested","session.updated control:RENAME_SESSION:rename-1790951936111-7944:completed","session.update.requested control:RENAME_SESSION:fresh-1790951936111-7944:requested","session.updated control:RENAME_SESSION:fresh-1790951936111-7944:completed"]
== c8-unbound-respond400: 1 passed, 0 failed
RC=0
BATCH-DONE 14:38:57
