# s26-tamper-ws-tm1-base36  db=tmb36 arm=base36  2026-10-02T01:53:47.546Z
PASS  seed Session  -> 200 | admit=202 terminal=turn_complete(end_turn) recoveryBlocked=false 3169ms | admit=202 terminal=turn_complete(end_turn) recoveryBlocked=false 2593ms | detach 204
NOTE  resource kinds  -> managed-activation-boundary=1 managed-activation-install=1 managed-admission=2 managed-checkpoint=11 managed-definition=1 managed-file_history=4 managed-hook-catalog=1 managed-hook-input=26 managed-hook-messages=13 managed-hook-plan=13 managed-hook-result=26 managed-hook_execution=78 managed-hook_registration=3 managed-hosted-model-route=4 managed-hosted-model-usage=4 managed-input=2 managed-message=10 managed-root=1 managed-tool-definition=2 managed-tool-input=2 managed-tool-outcome=2 managed-turn-result=2
PASS  control load before tampering  -> 200 
  managed-hook_registration missing: 503 managed_session_open_failed | head READY - | managed_session_open_failed
  managed-hook_registration flip: 503 managed_session_open_failed | head READY - | managed_session_open_failed
  managed-hook_registration truncate: 503 managed_session_open_failed | head READY - | managed_session_open_failed
  managed-hook-catalog missing: 503 managed_session_open_failed | head READY - | managed_session_open_failed
  managed-hook-catalog flip: 503 managed_session_open_failed | head READY - | managed_session_open_failed
  managed-hook-catalog truncate: 503 managed_session_open_failed | head READY - | managed_session_open_failed
  managed-hook_execution missing: 503 managed_session_open_failed | head READY - | managed_session_open_failed
  managed-hook_execution flip: 503 managed_session_open_failed | head READY - | managed_session_open_failed
  managed-hook_execution truncate: 503 managed_session_open_failed | head READY - | managed_session_open_failed
  managed-hook-plan missing: 503 managed_session_open_failed | head READY - | managed_session_open_failed
  managed-hook-plan flip: 503 managed_session_open_failed | head READY - | managed_session_open_failed
  managed-hook-plan truncate: 503 managed_session_open_failed | head READY - | managed_session_open_failed
  managed-hook-input missing: 503 managed_session_open_failed | head READY - | managed_session_open_failed
  managed-hook-input flip: 503 managed_session_open_failed | head READY - | managed_session_open_failed
  managed-hook-input truncate: 503 managed_session_open_failed | head READY - | managed_session_open_failed
  managed-hook-result missing: 503 managed_session_open_failed | head READY - | managed_session_open_failed
  managed-hook-result flip: 503 managed_session_open_failed | head READY - | managed_session_open_failed
  managed-hook-result truncate: 503 managed_session_open_failed | head READY - | managed_session_open_failed
  managed-hook-messages missing: 409 hosted_turn_recovery_required | head READY - | hosted_turn_recovery_required
  managed-hook-messages flip: 409 hosted_turn_recovery_required | head READY - | hosted_turn_recovery_required
  managed-hook-messages truncate: 409 hosted_turn_recovery_required | head READY - | hosted_turn_recovery_required
  managed-checkpoint missing: 409 hosted_turn_recovery_required | head READY - | hosted_turn_recovery_required
  managed-checkpoint flip: 409 hosted_turn_recovery_required | head READY - | hosted_turn_recovery_required
  managed-checkpoint truncate: 409 hosted_turn_recovery_required | head READY - | hosted_turn_recovery_required
  managed-tool-outcome missing: 409 hosted_turn_recovery_required | head READY - | hosted_turn_recovery_required
  managed-tool-outcome flip: 409 hosted_turn_recovery_required | head READY - | hosted_turn_recovery_required
  managed-tool-outcome truncate: 409 hosted_turn_recovery_required | head READY - | hosted_turn_recovery_required
  managed-message missing: 409 hosted_turn_recovery_required | head READY - | hosted_turn_recovery_required
  managed-message flip: 409 hosted_turn_recovery_required | head READY - | hosted_turn_recovery_required
  managed-message truncate: 409 hosted_turn_recovery_required | head READY - | hosted_turn_recovery_required
PASS  control load after restoring every row, then a turn  -> 200  admit=202 terminal=turn_complete(end_turn) recoveryBlocked=false 2011ms
PASS  every tampered case is refused  -> none loaded
== RESULT s26-tamper-ws-tm1-base36: 4 passed, 0 failed
