[CJK stdout 200 KB, tail offset 0] admit=202 terminal=turn_complete(end_turn) recoveryBlocked=false 1019ms
[  model input] 8190 B; marker x1; exit 0: true; omitted-marker: false; [Recent stderr]: false; odd chars in recent-stderr block: 0, in whole input: 0; worker path: false; ansi fragments: 0; U+FFFD: 0
[CJK stdout 200 KB, tail offset 1] admit=202 terminal=turn_complete(end_turn) recoveryBlocked=false 1047ms
[  model input] 8188 B; marker x1; exit 0: true; omitted-marker: false; [Recent stderr]: false; odd chars in recent-stderr block: 0, in whole input: 0; worker path: false; ansi fragments: 0; U+FFFD: 0
[CJK stdout 200 KB, tail offset 2] admit=202 terminal=turn_complete(end_turn) recoveryBlocked=false 1150ms
[  model input] 8189 B; marker x1; exit 0: true; omitted-marker: false; [Recent stderr]: false; odd chars in recent-stderr block: 0, in whole input: 0; worker path: false; ansi fragments: 0; U+FFFD: 0
[CJK log lines 200 KB, tail offset 0] admit=202 terminal=turn_complete(end_turn) recoveryBlocked=false 1046ms
[  model input] 8191 B; marker x1; exit 0: true; omitted-marker: false; [Recent stderr]: false; odd chars in recent-stderr block: 0, in whole input: 0; worker path: false; ansi fragments: 0; U+FFFD: 0
[CJK log lines 200 KB, tail offset 1] admit=202 terminal=turn_complete(end_turn) recoveryBlocked=false 940ms
[  model input] 8192 B; marker x1; exit 0: true; omitted-marker: false; [Recent stderr]: false; odd chars in recent-stderr block: 0, in whole input: 0; worker path: false; ansi fragments: 0; U+FFFD: 0
[CJK log lines 200 KB, tail offset 2] admit=202 terminal=turn_complete(end_turn) recoveryBlocked=false 944ms
[  model input] 8190 B; marker x1; exit 0: true; omitted-marker: false; [Recent stderr]: false; odd chars in recent-stderr block: 0, in whole input: 0; worker path: false; ansi fragments: 0; U+FFFD: 0
[CJK stdout 90 KB] admit=202 terminal=turn_complete(end_turn) recoveryBlocked=false 1313ms
[  model input] 8192 B; marker x1; exit 0: true; omitted-marker: false; [Recent stderr]: false; odd chars in recent-stderr block: 0, in whole input: 0; worker path: false; ansi fragments: 0; U+FFFD: 0
[ANSI-coloured stdout 200 KB, tail offset 0] admit=202 terminal=turn_complete(end_turn) recoveryBlocked=false 1486ms
[  model input] 8192 B; marker x1; exit 0: true; omitted-marker: false; [Recent stderr]: false; odd chars in recent-stderr block: 0, in whole input: 0; worker path: false; ansi fragments: 0; U+FFFD: 0
[ANSI-coloured stdout 200 KB, tail offset 1] admit=202 terminal=turn_complete(end_turn) recoveryBlocked=false 1157ms
[  model input] 8192 B; marker x1; exit 0: true; omitted-marker: false; [Recent stderr]: false; odd chars in recent-stderr block: 0, in whole input: 0; worker path: false; ansi fragments: 0; U+FFFD: 0
[ANSI-coloured stdout 200 KB, tail offset 2] admit=202 terminal=turn_complete(end_turn) recoveryBlocked=false 1272ms
[  model input] 8192 B; marker x1; exit 0: true; omitted-marker: false; [Recent stderr]: false; odd chars in recent-stderr block: 0, in whole input: 0; worker path: false; ansi fragments: 0; U+FFFD: 0
