23:50:37.047 machine_id=b93db7cc451b4dcaaeee85b90effc54f boot_id=0a939ae1-b61c-49f1-a444-401fe1f666c8 uptime=139321s kernel=6.12.63+deb13-amd64
23:50:37.055    source /srv/pr13260/src/a on /dev/loop0 ext4 | target /srv/pr13260/dst/a on /dev/loop1 ext4 | history /var/lib/pr13260/home-w1c_s1l/file-history on /dev/nvme0n1p3 ext4
23:50:37.055    server jar=legacy-server.jar dist=dist-head | migration jar=/opt/pr13260/head-server-workspace-migration.jar | bundle jar=/opt/pr13260/head-server-workspace-bundle.jar | db=w1c_s1l
23:50:46.283    health=200 === 2026-10-05T23:50:37.116Z start pid=1680352 boot_id=0a939ae1-b61c-49f1-a444-401fe1f666c8 machine_id=b93db7cc451b4dcaaeee85b90effc54f jar=legacy-server.jar dist=dist-head qwen_home=/var/lib/pr13260/home-w1c_s1l mounts=[ st-a=/srv/pr13260/src/a st-b=/srv/pr13260/src/b] verified=false durable=true harness=true db=w1c_s1l
23:50:46.655    stopped (migrations applied)
23:50:47.438   maint register-a: exit=0 782 ms -> Workspace storage maintenance operation verified.
23:50:48.242   maint register-b: exit=0 804 ms -> Workspace storage maintenance operation verified.
23:50:52.398    health=200 === 2026-10-05T23:50:48.279Z start pid=1681289 boot_id=0a939ae1-b61c-49f1-a444-401fe1f666c8 machine_id=b93db7cc451b4dcaaeee85b90effc54f jar=legacy-server.jar dist=dist-head qwen_home=/var/lib/pr13260/home-w1c_s1l mounts=[ st-a=/srv/pr13260/src/a st-b=/srv/pr13260/src/b] verified=true durable=true harness=true db=w1c_s1l
23:50:53.110    inspect a: state=ready revision=1 operation=null completed=1d3b883c-97fe-46f3-bab8-a1e2bff57d53 holder=false identity=match marker=match registration=valid
23:50:53.804    inspect b: state=ready revision=1 operation=null completed=43ae7fab-ce2d-4f33-a3a0-da400ee5fc36 holder=false identity=match marker=match registration=valid
23:50:55.242 == populate st-a (two Workspaces) and st-b
23:50:55.488    F1 a7e68269-360c-41f9-b775-f2171f2df596 (ws-a1/project) create=200
23:50:56.898      F1 f1 WRITE notes.txt v1: turn_complete
23:50:57.756      F1 f2 WRITE notes.txt v2: turn_complete
23:50:58.727      F1 f3 WRITE deep/x.txt deep1: turn_complete
23:50:59.409      F1 f4 READ notes.txt: turn_complete
23:50:59.440    U 1c4aacd9-1ad8-4e58-b696-28e891ff7f9b (ws-a1/project) create=200
23:51:00.576      U u1 WRITE undo.txt first: turn_complete
23:51:01.325      U u2 WRITE undo.txt second: turn_complete
23:51:01.698      U rewind u2 (pre-migration undo receipt): 200 filesChanged=["undo.txt"] conflict=false -> undo.txt=first
23:51:01.732    F2 2eaa99e7-933b-4471-9eec-cbfc6e9caaef (ws-a2/project2) create=200
23:51:02.874      F2 x1 WRITE other.txt x1: turn_complete
23:51:03.621      F2 x2 WRITE other.txt x2: turn_complete
23:51:03.649    F3 98d44830-bad8-4528-80aa-6428d43b5f8f (ws-a1/project) create=200
23:51:04.786      F3 c1 WRITE closed.txt c1: turn_complete
23:51:04.816    D1 aa5cc51c-f845-4a5f-bc48-375b89577c71 (ws-a1/project) create=200
23:51:05.954      D1 d1 WRITE del.txt d1: turn_complete
23:51:05.981    B1 855f7e40-9460-4996-88cd-c038bb4ec438 (ws-b1/project) create=200
23:51:07.114      B1 b1 WRITE b.txt b1: turn_complete
23:51:08.027    lifecycle F2 close: 202 op=op_3de74 state=completed + archive: 202 op=op_70c3f state=completed | F3 close: 202 op=op_f9c8f state=completed | D1 close: 202 op=op_b1e31 state=completed + delete: 202 op=op_af73c state=completed
23:51:08.091    statuses: U=ACTIVE F2=ARCHIVED B1=ACTIVE F3=CLOSED F1=ACTIVE D1=DELETED
23:51:08.093    durable workers alive before maintenance: 3 [1681927@/var/lib/pr13260/w1c_s1l, 1681995@/var/lib/pr13260/w1c_s1l, 1682177@/var/lib/pr13260/w1c_s1l]
23:51:08.175    st-a placements: 0542a320:RELEASED:pid 1682140 gone, 47ea3506:READY:pid 1681995 ALIVE, 9a8bea4e:RELEASED:pid 1682020 gone, cf4c8420:READY:pid 1681927 ALIVE, fddf87d1:RELEASED:pid 1682154 gone
23:51:08.251    st-b placements: 230f2d19:READY:pid 1682177 ALIVE
23:51:08.391    Harness stopped
23:51:08.759    service stopped (KillMode=process: durable workers survive)
23:51:08.843    writer leases lapsed after 84 ms; workers still alive: 3/3
23:51:08.911      1c4aacd9-1ad8-4e58-b696-28e891ff7f9b ws-a1 ACTIVE   head=SEALED rev=45 seq=48 history=1 files
23:51:08.911      2eaa99e7-933b-4471-9eec-cbfc6e9caaef ws-a2 ARCHIVED head=SEALED rev=42 seq=45 history=1 files
23:51:08.911      98d44830-bad8-4528-80aa-6428d43b5f8f ws-a1 CLOSED   head=SEALED rev=23 seq=24 history=-
23:51:08.911      a7e68269-360c-41f9-b775-f2171f2df596 ws-a1 ACTIVE   head=SEALED rev=78 seq=85 history=2 files
23:51:08.911      aa5cc51c-f845-4a5f-bc48-375b89577c71 ws-a1 DELETED  head=DELETED rev=23 seq=24 history=-
23:51:08.982    row state=READY rev=1 op=- completed=1d3b883c dev=1792 ino=13 birth=2026-10-05T23:50:36.927926976Z reg=82dbd88a holder=- root=/srv/pr13260/src/a
23:51:12.282    request /var/lib/pr13260/requests/mig-s1legacy.json: migration=d5a3b4ac fence=2e835e89 capture=0bfb0005 revision=1
23:51:12.282 == 1 retire (old placements still running)
23:51:13.815   mig s1legacy-retire: exit=0 1532 ms -> state=RETIRED lastError=null
23:51:13.815    st-a workers alive before retire: 2; after retire: 0 (1681995:gone 1681927:gone)
23:51:13.903    st-a placements: 0542a320:RELEASED:pid 1682140 gone, 47ea3506:RELEASED:pid 1681995 gone, 9a8bea4e:RELEASED:pid 1682020 gone, cf4c8420:RELEASED:pid 1681927 gone, fddf87d1:RELEASED:pid 1682154 gone
23:51:13.966    st-b placements (unrelated storage, must survive): 230f2d19:READY:pid 1682177 ALIVE
23:51:14.254    st-a bindings: RELEASED/-×5 | st-b bindings: READY/-×1 | fence=d5a3b4ac | migration row state=RETIRED lastError=-
23:51:15.327    retire replay: exit=0 identical stdout=true
23:51:15.533 == 2 W1a fence + W1b capture (operator bundle copy)
23:51:16.252   maint s1legacy-fence: exit=0 718 ms -> Workspace storage maintenance operation verified.
23:51:27.496   w1b s1legacy-capture: exit=0 11148 ms java≤400 MiB node≤109 MiB -> state=SEALED sessions=5/5 assets=897 pendingRefs=0 lastError=null contentVerified=true authorityCompatible=true activation=false entries=446 manifest=ad6b095a56c4
23:51:27.496 == 3 external offline copy to the target filesystem (cp -a)
23:51:27.499    source dev=1792 ino=13 | target dev=1793 ino=13 | target marker == source marker: true
23:51:27.499 == 4 prepare / prepare replay / promote / promote replay
23:51:40.016   mig s1legacy-prepare: exit=0 12517 ms -> state=PREPARED lastError=null result: revision=1 contentVerified=true authorityCompatible=true manifest=ad6b095a56c4
23:51:40.660   mig s1legacy-prepare-replay: exit=0 644 ms -> state=PREPARED lastError=null result: revision=1 contentVerified=true authorityCompatible=true manifest=ad6b095a56c4
23:51:40.660    prepare replay identical receipt=true (644 ms vs 12517 ms)
23:51:52.990   mig s1legacy-promote: exit=0 12259 ms -> state=COMPLETED lastError=null result: revision=2 contentVerified=true authorityCompatible=true manifest=ad6b095a56c4
23:51:53.635   mig s1legacy-promote-replay: exit=0 644 ms -> state=COMPLETED lastError=null result: revision=2 contentVerified=true authorityCompatible=true manifest=ad6b095a56c4
23:51:54.266   mig s1legacy-inspect: exit=0 631 ms -> state=COMPLETED lastError=null result: revision=2 contentVerified=true authorityCompatible=true manifest=ad6b095a56c4
23:51:54.343    before promote: row state=FENCED rev=1 op=2e835e89 completed=- dev=1792 ino=13 birth=2026-10-05T23:50:36.927926976Z reg=82dbd88a holder=-
23:51:54.343    after promote : row state=READY rev=2 op=- completed=d5a3b4ac dev=1793 ino=13 birth=2026-10-05T23:51:27.495991910Z reg=32ed48cd holder=- root=/srv/pr13260/dst/a
23:51:54.478    promote replay identical receipt=true; revision after replay=2; fence row=cleared
23:51:57.752    authority tables changed (4/45): managed_workspace_execution_lease(2→2) managed_workspace_migration(0→1) qwen_runtime_binding(6→6) qwen_runtime_binding_slot(6→6)
23:51:57.753    source tree unchanged=true source marker unchanged=true history tree unchanged=true
23:51:57.753    source marker: root=/srv/pr13260/src/a dev=1792 ino=13 reg=82dbd88a
23:51:57.753    target marker: root=/srv/pr13260/dst/a dev=1793 ino=13 reg=32ed48cd
23:51:57.830 == 5 deployment remap + restart (same QWEN_HOME), fresh file work and undo
23:52:01.996    health=200 === 2026-10-05T23:51:57.871Z start pid=1686915 boot_id=0a939ae1-b61c-49f1-a444-401fe1f666c8 machine_id=b93db7cc451b4dcaaeee85b90effc54f jar=legacy-server.jar dist=dist-head qwen_home=/var/lib/pr13260/home-w1c_s1l mounts=[ st-a=/srv/pr13260/dst/a st-b=/srv/pr13260/src/b] verified=true durable=true harness=true db=w1c_s1l
23:52:03.366    B1 cold load=200
23:52:03.858    F1 cold load=200
23:52:04.143    U cold load=200
23:52:05.336      B1 b2 WRITE b.txt b2: turn_complete
23:52:07.075      F1 f5 WRITE notes.txt v3: turn_complete
23:52:07.075      notes.txt target=v3 source=v2
23:52:08.520      F1 f6 WRITE fresh.txt after-migration: turn_complete
23:52:08.520      fresh.txt target=after-migration source=<ENOENT>
23:52:09.397      F1 undo f6 (new prompt): 200 filesChanged=["fresh.txt"] conflict=false -> fresh.txt target=<ENOENT>
23:52:10.106      F1 undo f5 (new prompt): 200 filesChanged=["notes.txt"] conflict=false -> notes.txt target=v2
23:52:10.795      F1 undo f2 (PRE-migration prompt, retained backup): 200 filesChanged=["notes.txt","deep/x.txt"] conflict=false -> notes.txt target=v1 source=v2
23:52:11.632      U undo u1 (PRE-migration prompt that created undo.txt): 200 filesChanged=["undo.txt"] conflict=false -> undo.txt target=<ENOENT> source=first
23:52:12.463      F1 f7 READ notes.txt: turn_complete
23:52:12.585    st-a bindings now: RELEASED@/srv/pr13260/src/a | RELEASED@/srv/pr13260/src/a | READY@/srv/pr13260/dst/a | RELEASED@/srv/pr13260/src/a | READY@/srv/pr13260/dst/a | RELEASED@/srv/pr13260/src/a | RELEASED@/srv/pr13260/src/a
23:52:12.593    source tree still unchanged after post-migration work: true
23:52:12.598 == 6 legacy Runtime status / cancel / release after migration (saved pre-migration ownership)
23:52:12.747    pre-migration rows: 11 Runtime Sessions [RELEASED], 10 executions [SETTLED]
23:52:13.673    release (11): 404 runtime_session_not_found ×7, 409 workspace_unavailable ×4
23:52:13.673    execution status (10): 200 ×10
23:52:13.673    execution cancel (10): 200 ×10
23:52:13.673    controls: {"unknownRuntime":"404 runtime_session_not_found","otherHarness":"409 workspace_unavailable","execWrongRuntime":"409 runtime_execution_conflict"}
23:52:13.908    pre-migration Runtime/execution/binding rows unchanged=true; workers at source before/after=0/0; source tree unchanged=true
23:52:15.878      F1 f8 WRITE after-legacy.txt ok: turn_complete
23:52:15.878      after-legacy.txt target=ok source=<ENOENT>
23:52:16.387 S1-DONE
