23:43:34.766 machine_id=b93db7cc451b4dcaaeee85b90effc54f boot_id=0a939ae1-b61c-49f1-a444-401fe1f666c8 uptime=138899s kernel=6.12.63+deb13-amd64
23:43:34.766    arm=nofsync promote jar=/opt/pr13260/nofsync-server-workspace-migration.jar
23:43:41.944    health=200 === 2026-10-05T23:43:34.815Z start pid=1644553 boot_id=0a939ae1-b61c-49f1-a444-401fe1f666c8 machine_id=b93db7cc451b4dcaaeee85b90effc54f jar=head-server.jar dist=dist-head qwen_home=/var/lib/pr13260/home-w1c_s9n mounts=[ st-a=/srv/pr13260/src/a st-b=/srv/pr13260/src/b] verified=false durable=true harness=true db=w1c_s9n
23:43:42.310    stopped (migrations applied)
23:43:42.997   maint register-a: exit=0 686 ms -> Workspace storage maintenance operation verified.
23:43:43.691   maint register-b: exit=0 693 ms -> Workspace storage maintenance operation verified.
23:43:46.854    health=200 === 2026-10-05T23:43:43.755Z start pid=1645397 boot_id=0a939ae1-b61c-49f1-a444-401fe1f666c8 machine_id=b93db7cc451b4dcaaeee85b90effc54f jar=head-server.jar dist=dist-head qwen_home=/var/lib/pr13260/home-w1c_s9n mounts=[ st-a=/srv/pr13260/src/a st-b=/srv/pr13260/src/b] verified=true durable=true harness=true db=w1c_s9n
23:43:47.516    inspect a: state=ready revision=1 operation=null completed=36470b8a-11bd-4d8d-a4f6-21ea8c1f27a9 holder=false identity=match marker=match registration=valid
23:43:48.201    inspect b: state=ready revision=1 operation=null completed=aabc94bc-78e3-45ea-bd12-b84a6a35a58c holder=false identity=match marker=match registration=valid
23:43:51.115    F WRITE notes.txt v1: turn_complete
23:43:51.973    F WRITE notes.txt v2: turn_complete
23:43:52.945    F WRITE deep/x.txt d1: turn_complete
23:43:53.492 == logged target device
23:43:53.556    /dev/mapper/pr13260-pl fd:d6 data=/dev/loop3 log=/dev/loop4 mounted /srv/pr13260/pl (rw,noatime,commit=60)
23:43:54.970   mig s9-nofsync-retire: exit=0 1338 ms -> state=RETIRED lastError=null
23:43:54.970    state=RETIRED lastError=null
23:43:55.655   maint s9-nofsync-fence: exit=0 685 ms -> Workspace storage maintenance operation verified.
23:44:00.243   w1b s9-nofsync-capture: exit=0 4492 ms java≤305 MiB node≤105 MiB -> state=SEALED sessions=1/1 assets=267 pendingRefs=0 lastError=null contentVerified=true authorityCompatible=true activation=false entries=136 manifest=eab6daebf204
23:44:05.249   mig s9-nofsync-prepare: exit=0 4995 ms -> state=PREPARED lastError=null result: revision=1 contentVerified=true authorityCompatible=true manifest=eab6daebf204
23:44:05.452 == promote (paused once when its marker temporary appears, for the mid snapshot)
23:44:12.509    prepare: state=PREPARED lastError=null result: revision=1 contentVerified=true authorityCompatible=true manifest=eab6daebf204
23:44:12.509    promote: exit=0 COMPLETED rev=2 paused at 4800 ms (mid row PREPARED, fence installed) | row state=READY rev=2 op=- completed=7c3862ba dev=64982 ino=13 birth=2026-10-05T23:44:00.243448054Z reg=78977017 holder=-
23:44:12.578 S9-RECORD-DONE
