### /Users/wenshao/.local/share/fnm/node-versions/v22.23.2/installation/bin/node c1-cancel-refused.mjs ws-a a revoke alice
# c1-revoke-alice-late-ws-a  db=b4x  2026-10-03T07:34:27.433Z
PASS  initial Turn COMPLETED  -> c7e42f33-ac17-45a2-b573-bd5ace697f71
PASS  later Turn admitted  -> 202 turn_db3a25f8692a42ed81ef849fb0ee74f0
NOTE  cancel by alice under revoke  -> 409 workspace_unavailable in 10 ms; workspaceTurns=false
NOTE  Turn end  -> FAILED hosted_turn_failed at +30343 ms
NOTE  model request  -> NOT aborted: answered with write_file after 30000 ms
NOTE  Workspace file child/late-revoke-73443.txt  -> null
NOTE  tool executions added by the later Turn  -> 0
NOTE  refusal lifted after the Turn ended  -> +31913 ms
NOTE  next later Turn after restore  -> 202  -> COMPLETED; file=AFTER
NOTE  Turn history  -> [["turn_45d0dc62a1364746a408352feed54b42","COMPLETED","","0"],["turn_db3a25f8692a42ed81ef849fb0ee74f0","FAILED","hosted_turn_failed","0"],["turn_8b09c81ef72a4d4caf545211115706e9","COMPLETED","","0"]]
NOTE  command rows  -> [["SUBMIT_TURN","COMPLETED"],["SUBMIT_TURN","COMPLETED"]]
== c1-revoke-alice-late-ws-a: 2 passed, 0 failed
RC=0
### /Users/wenshao/.local/share/fnm/node-versions/v22.23.2/installation/bin/node c1-cancel-refused.mjs ws-b b draining alice
# c1-draining-alice-late-ws-b  db=b4x  2026-10-03T07:35:07.450Z
PASS  initial Turn COMPLETED  -> 29c8f593-42be-42f8-a53a-b835998648dd
PASS  later Turn admitted  -> 202 turn_874a707831d940fe87c44588842df525
NOTE  cancel by alice under draining  -> 409 workspace_unavailable in 15 ms; workspaceTurns=false
NOTE  Turn end  -> FAILED hosted_turn_failed at +30260 ms
NOTE  model request  -> NOT aborted: answered with write_file after 30000 ms
NOTE  Workspace file child/late-draining-10799.txt  -> null
NOTE  tool executions added by the later Turn  -> 0
NOTE  refusal lifted after the Turn ended  -> +31819 ms
NOTE  next later Turn after restore  -> 202  -> COMPLETED; file=AFTER
NOTE  Turn history  -> [["turn_cda2b8dfa7cb41038dd20575b7f0d8cb","COMPLETED","","0"],["turn_874a707831d940fe87c44588842df525","FAILED","hosted_turn_failed","0"],["turn_d002d9493026434e9c31c2acc23fdc11","COMPLETED","","0"]]
NOTE  command rows  -> [["SUBMIT_TURN","COMPLETED"],["SUBMIT_TURN","COMPLETED"]]
== c1-draining-alice-late-ws-b: 2 passed, 0 failed
RC=0
### /Users/wenshao/.local/share/fnm/node-versions/v22.23.2/installation/bin/node c1-cancel-refused.mjs ws-c c regen alice
# c1-regen-alice-late-ws-c  db=b4x  2026-10-03T07:35:43.927Z
PASS  initial Turn COMPLETED  -> 4a2f001c-8a3e-4588-aab8-9c588d58f877
PASS  later Turn admitted  -> 202 turn_97f3f1ecfd66431c851b75794b34fed6
NOTE  cancel by alice under regen  -> 202 accepted in 9 ms; workspaceTurns=true
NOTE  Turn end  -> CANCELLED  at +490 ms
NOTE  model request  -> aborted after 137 ms
NOTE  Workspace file child/late-regen-45668.txt  -> null
NOTE  tool executions added by the later Turn  -> 0
NOTE  refusal lifted after the Turn ended  -> +2055 ms
NOTE  next later Turn after restore  -> 202  -> COMPLETED; file=AFTER
NOTE  Turn history  -> [["turn_336f6281e28549a0990738b309f5dcc7","COMPLETED","","0"],["turn_97f3f1ecfd66431c851b75794b34fed6","CANCELLED","","0"],["turn_0e58ba48c5af4b05b5d0f64887190b2c","COMPLETED","","0"]]
NOTE  command rows  -> [["SUBMIT_TURN","COMPLETED"],["CANCEL_TURN","COMPLETED"],["SUBMIT_TURN","COMPLETED"]]
== c1-regen-alice-late-ws-c: 2 passed, 0 failed
RC=0
### env RESTORE=early /Users/wenshao/.local/share/fnm/node-versions/v22.23.2/installation/bin/node c1-cancel-refused.mjs ws-ea a revoke alice
# c1-revoke-alice-early-ws-ea  db=b4x  2026-10-03T07:35:49.427Z
PASS  initial Turn COMPLETED  -> efede6e0-4246-41ef-ba0c-2fea7c251823
PASS  later Turn admitted  -> 202 turn_ae015085644d48708039bc3fb0c5cb7a
NOTE  cancel by alice under revoke  -> 409 workspace_unavailable in 5 ms; workspaceTurns=false
NOTE  refusal lifted  -> +1079 ms
NOTE  Turn end  -> COMPLETED  at +30738 ms
NOTE  model request  -> NOT aborted: answered with write_file after 30000 ms
NOTE  Workspace file child/late-revoke-51347.txt  -> written-after-cancel
NOTE  tool executions added by the later Turn  -> 1
NOTE  next later Turn after restore  -> 202  -> COMPLETED; file=AFTER
NOTE  Turn history  -> [["turn_df2270cc7bd7434f8e98a9c4ebee2247","COMPLETED","","0"],["turn_ae015085644d48708039bc3fb0c5cb7a","COMPLETED","","0"],["turn_3e0cd3b0ff784ac0ac1dfc173f6381cd","COMPLETED","","0"]]
NOTE  command rows  -> [["SUBMIT_TURN","COMPLETED"],["SUBMIT_TURN","COMPLETED"]]
== c1-revoke-alice-early-ws-ea: 2 passed, 0 failed
RC=0
### env RESTORE=early /Users/wenshao/.local/share/fnm/node-versions/v22.23.2/installation/bin/node c1-cancel-refused.mjs ws-eb b draining alice
# c1-draining-alice-early-ws-eb  db=b4x  2026-10-03T07:36:25.043Z
PASS  initial Turn COMPLETED  -> c6d20580-f99e-4dd3-8a37-2eecba0f0855
PASS  later Turn admitted  -> 202 turn_a4a31563d68042c1ab933bd44c3cacb7
NOTE  cancel by alice under draining  -> 409 workspace_unavailable in 4 ms; workspaceTurns=false
NOTE  refusal lifted  -> +1060 ms
NOTE  Turn end  -> COMPLETED  at +30865 ms
NOTE  model request  -> NOT aborted: answered with write_file after 30000 ms
NOTE  Workspace file child/late-draining-86547.txt  -> written-after-cancel
NOTE  tool executions added by the later Turn  -> 1
NOTE  next later Turn after restore  -> 202  -> COMPLETED; file=AFTER
NOTE  Turn history  -> [["turn_a1d81918e2544466b31866d7e882f177","COMPLETED","","0"],["turn_a4a31563d68042c1ab933bd44c3cacb7","COMPLETED","","0"],["turn_d22e95a9a03e4104b483babdd0fe1cd5","COMPLETED","","0"]]
NOTE  command rows  -> [["SUBMIT_TURN","COMPLETED"],["SUBMIT_TURN","COMPLETED"]]
== c1-draining-alice-early-ws-eb: 2 passed, 0 failed
RC=0
### /Users/wenshao/.local/share/fnm/node-versions/v22.23.2/installation/bin/node c5-regen-admission.mjs ws-c5a a regen
# c5-regen-ws-c5a  db=b4x  2026-10-03T07:37:00.268Z
PASS  initial Turn COMPLETED  -> a0f2424f-4882-4366-a23e-3c560d9eaecb
NOTE  after regen: capability  -> workspaceTurns=true
NOTE  after regen: submit  -> 202 turn_32e775c7d3a142258af62eb17408fd0a in 6 ms; turn={"status":"FAILED","error":"workspace_unavailable","ms":24}; model calls +0
NOTE  after regen: rename  -> 409 workspace_unavailable
NOTE  rows before -> after the refused requests  -> {"turns":1,"commands":[]} -> {"turns":2,"commands":["SUBMIT_TURN:COMPLETED","RENAME_SESSION:FAILED"]}
FAIL  submit refused 409 workspace_unavailable  -> 202 undefined
FAIL  no Turn row written  -> 1 -> 2
PASS  rename refused 409  -> 409 workspace_unavailable
FAIL  no command row written  -> 0 -> 2
PASS  after restore: rename 200 and later Turn COMPLETED  -> 200 restored regen; 202 COMPLETED
NOTE  Turn history  -> [["turn_c36729f29ff44c2e8c46498d6d5b3f9e","COMPLETED","","0"],["turn_32e775c7d3a142258af62eb17408fd0a","FAILED","workspace_unavailable","0"],["turn_c24286564acb4fdfbdc0f75df886a00f","COMPLETED","","0"]]
== c5-regen-ws-c5a: 3 passed, 3 failed
RC=0
### /Users/wenshao/.local/share/fnm/node-versions/v22.23.2/installation/bin/node c5-regen-admission.mjs ws-c5b b storage
# c5-storage-ws-c5b  db=b4x  2026-10-03T07:37:04.605Z
PASS  initial Turn COMPLETED  -> db1f58de-8845-4408-8e36-6bfd4f1f0f30
NOTE  after storage: capability  -> workspaceTurns=true
NOTE  after storage: submit  -> 202 turn_5dcfc640da9b46c9902d53895f23b291 in 7 ms; turn={"status":"FAILED","error":"workspace_unavailable","ms":19}; model calls +0
NOTE  after storage: rename  -> 409 workspace_unavailable
NOTE  rows before -> after the refused requests  -> {"turns":1,"commands":[]} -> {"turns":2,"commands":["SUBMIT_TURN:COMPLETED","RENAME_SESSION:FAILED"]}
FAIL  submit refused 409 workspace_unavailable  -> 202 undefined
FAIL  no Turn row written  -> 1 -> 2
PASS  rename refused 409  -> 409 workspace_unavailable
FAIL  no command row written  -> 0 -> 2
PASS  after restore: rename 200 and later Turn COMPLETED  -> 200 restored storage; 202 COMPLETED
NOTE  Turn history  -> [["turn_3c3d4e56ef524b84aa10055061d6d2a3","COMPLETED","","0"],["turn_5dcfc640da9b46c9902d53895f23b291","FAILED","workspace_unavailable","0"],["turn_04ba24062c5247eeaf652710d1b0bff2","COMPLETED","","0"]]
== c5-storage-ws-c5b: 3 passed, 3 failed
RC=0
### /Users/wenshao/.local/share/fnm/node-versions/v22.23.2/installation/bin/node c7-replay-order.mjs ws-c7 c
# c7-replay-order-ws-c7  db=b4x  2026-10-03T07:37:08.387Z
PASS  initial Turn COMPLETED  -> 9316e7cc-5b1f-4516-b284-2ef44d6707e1
NOTE  alice: submit K1 / rename R1  -> 202 turn_00082046d6ef47fba2f2eea8c409accb; 200 private title
NOTE  mallory: GET session / replay alice's submit key / replay alice's rename key  -> {"actor":"mallory","read":404,"submitReplay":"404 session_not_found replay=-","renameReplay":"404 session_not_found"}
NOTE  bob: GET session / replay alice's submit key / replay alice's rename key  -> {"actor":"bob","read":200,"submitReplay":"409 workspace_unavailable replay=-","renameReplay":"409 workspace_unavailable"}
NOTE  carol: GET session / replay alice's submit key / replay alice's rename key  -> {"actor":"carol","read":200,"submitReplay":"409 workspace_unavailable replay=-","renameReplay":"409 workspace_unavailable"}
NOTE  alice after can_create revoked: replay K1 / R1  -> 409 workspace_unavailable; 409 workspace_unavailable
NOTE  Turn history (no new Turn from replays)  -> [["turn_dbbe2c9fb0b542578fa1cfe3a57c6db5","COMPLETED","","0"],["turn_00082046d6ef47fba2f2eea8c409accb","COMPLETED","","0"]]
== c7-replay-order-ws-c7: 1 passed, 0 failed
RC=0
### /Users/wenshao/.local/share/fnm/node-versions/v22.23.2/installation/bin/node c8-rename-refused.mjs bound ws-c8 d respond400
# c8-bound-respond400  db=b4x  2026-10-03T07:37:11.080Z
PASS  initial Turn COMPLETED  -> 4e9e7b54-b0c0-47a4-86fc-8828bd931125
NOTE  rename under respond400  -> 503 hosted_harness_unavailable; command rows ["rename-1791013031200-40dc:FAILED"]
NOTE  same key, same title, fault cleared  -> 200 first title replay=true; rows ["rename-1791013031200-40dc:COMPLETED"]
NOTE  fresh key  -> 200 second title; rows ["fresh-1791013031200-40dc:COMPLETED","rename-1791013031200-40dc:COMPLETED"]
NOTE  POST /title calls seen by the tap  -> ["respond:400","pass:200","pass:200"]
NOTE  session.* events  -> ["session.created ","session.update.requested control:RENAME_SESSION:rename-1791013031200-40dc:requested","session.updated control:RENAME_SESSION:rename-1791013031200-40dc:completed","session.update.requested control:RENAME_SESSION:fresh-1791013031200-40dc:requested","session.updated control:RENAME_SESSION:fresh-1791013031200-40dc:completed"]
== c8-bound-respond400: 1 passed, 0 failed
RC=0
### /Users/wenshao/.local/share/fnm/node-versions/v22.23.2/installation/bin/node c8-rename-refused.mjs bound ws-c8 d respond404
# c8-bound-respond404  db=b4x  2026-10-03T07:37:13.573Z
PASS  initial Turn COMPLETED  -> 5789241f-8aa5-4c71-b7de-e5ed88d0f8dc
NOTE  rename under respond404  -> 503 hosted_harness_unavailable; command rows ["rename-1791013033592-584b:FAILED"]
NOTE  same key, same title, fault cleared  -> 200 first title replay=true; rows ["rename-1791013033592-584b:COMPLETED"]
NOTE  fresh key  -> 200 second title; rows ["fresh-1791013033592-584b:COMPLETED","rename-1791013033592-584b:COMPLETED"]
NOTE  POST /title calls seen by the tap  -> ["respond:404","pass:200","pass:200"]
NOTE  session.* events  -> ["session.created ","session.update.requested control:RENAME_SESSION:rename-1791013033592-584b:requested","session.updated control:RENAME_SESSION:rename-1791013033592-584b:completed","session.update.requested control:RENAME_SESSION:fresh-1791013033592-584b:requested","session.updated control:RENAME_SESSION:fresh-1791013033592-584b:completed"]
== c8-bound-respond404: 1 passed, 0 failed
RC=0
### /Users/wenshao/.local/share/fnm/node-versions/v22.23.2/installation/bin/node c8-rename-refused.mjs bound ws-c8 d respond500
# c8-bound-respond500  db=b4x  2026-10-03T07:37:16.235Z
PASS  initial Turn COMPLETED  -> 6d1627fc-6755-499e-a272-925d8062a055
NOTE  rename under respond500  -> 503 hosted_harness_unavailable; command rows ["rename-1791013036254-1f31:FAILED"]
NOTE  same key, same title, fault cleared  -> 200 first title replay=true; rows ["rename-1791013036254-1f31:COMPLETED"]
NOTE  fresh key  -> 200 second title; rows ["fresh-1791013036254-1f31:COMPLETED","rename-1791013036254-1f31:COMPLETED"]
NOTE  POST /title calls seen by the tap  -> ["respond:500","pass:200","pass:200"]
NOTE  session.* events  -> ["session.created ","session.update.requested control:RENAME_SESSION:rename-1791013036254-1f31:requested","session.updated control:RENAME_SESSION:rename-1791013036254-1f31:completed","session.update.requested control:RENAME_SESSION:fresh-1791013036254-1f31:requested","session.updated control:RENAME_SESSION:fresh-1791013036254-1f31:completed"]
== c8-bound-respond500: 1 passed, 0 failed
RC=0
### /Users/wenshao/.local/share/fnm/node-versions/v22.23.2/installation/bin/node c8-rename-refused.mjs bound ws-c8 d drop-before
# c8-bound-drop-before  db=b4x  2026-10-03T07:37:18.620Z
PASS  initial Turn COMPLETED  -> 2f65c8e0-f22d-4f20-94a9-5a2375b5cead
NOTE  rename under drop-before  -> 503 hosted_harness_unavailable; command rows ["rename-1791013038646-4301:FAILED"]
NOTE  same key, same title, fault cleared  -> 200 first title replay=true; rows ["rename-1791013038646-4301:COMPLETED"]
NOTE  fresh key  -> 200 second title; rows ["fresh-1791013038646-4301:COMPLETED","rename-1791013038646-4301:COMPLETED"]
NOTE  POST /title calls seen by the tap  -> ["drop-before:-","pass:200","pass:200"]
NOTE  session.* events  -> ["session.created ","session.update.requested control:RENAME_SESSION:rename-1791013038646-4301:requested","session.updated control:RENAME_SESSION:rename-1791013038646-4301:completed","session.update.requested control:RENAME_SESSION:fresh-1791013038646-4301:requested","session.updated control:RENAME_SESSION:fresh-1791013038646-4301:completed"]
== c8-bound-drop-before: 1 passed, 0 failed
RC=0
### /Users/wenshao/.local/share/fnm/node-versions/v22.23.2/installation/bin/node c8-rename-refused.mjs unbound - - respond400
# c8-unbound-respond400  db=b4x  2026-10-03T07:37:21.019Z
PASS  initial Turn COMPLETED  -> 03eab3e1-ebe7-4b6b-880f-2c9f0e764403
NOTE  rename under respond400  -> 503 hosted_harness_unavailable; command rows ["rename-1791013041021-0dec:FAILED"]
NOTE  same key, same title, fault cleared  -> 200 first title replay=true; rows ["rename-1791013041021-0dec:COMPLETED"]
NOTE  fresh key  -> 200 second title; rows ["fresh-1791013041021-0dec:COMPLETED","rename-1791013041021-0dec:COMPLETED"]
NOTE  POST /title calls seen by the tap  -> ["respond:400","pass:200","pass:200"]
NOTE  session.* events  -> ["session.created ","session.update.requested control:RENAME_SESSION:rename-1791013041021-0dec:requested","session.updated control:RENAME_SESSION:rename-1791013041021-0dec:completed","session.update.requested control:RENAME_SESSION:fresh-1791013041021-0dec:requested","session.updated control:RENAME_SESSION:fresh-1791013041021-0dec:completed"]
== c8-unbound-respond400: 1 passed, 0 failed
RC=0
### /Users/wenshao/.local/share/fnm/node-versions/v22.23.2/installation/bin/node c8-rename-refused.mjs unbound - - respond500
# c8-unbound-respond500  db=b4x  2026-10-03T07:37:22.080Z
PASS  initial Turn COMPLETED  -> b2707ce1-2d21-4af4-88fb-e55fa3ad4048
NOTE  rename under respond500  -> 503 hosted_harness_unavailable; command rows ["rename-1791013042082-d08d:FAILED"]
NOTE  same key, same title, fault cleared  -> 200 first title replay=true; rows ["rename-1791013042082-d08d:COMPLETED"]
NOTE  fresh key  -> 200 second title; rows ["fresh-1791013042082-d08d:COMPLETED","rename-1791013042082-d08d:COMPLETED"]
NOTE  POST /title calls seen by the tap  -> ["respond:500","pass:200","pass:200"]
NOTE  session.* events  -> ["session.created ","session.update.requested control:RENAME_SESSION:rename-1791013042082-d08d:requested","session.updated control:RENAME_SESSION:rename-1791013042082-d08d:completed","session.update.requested control:RENAME_SESSION:fresh-1791013042082-d08d:requested","session.updated control:RENAME_SESSION:fresh-1791013042082-d08d:completed"]
== c8-unbound-respond500: 1 passed, 0 failed
RC=0
BATCH-DONE 07:37:23
