{
 "limit": {
  "mode": "enforce",
  "admissionEnforced": true,
  "maxConcurrentChildren": 1,
  "perChildCeilingMb": 768,
  "refusals": 0
 },
 "before": {
  "children": {
   "rssBytes": 0,
   "sampled": 0,
   "oldestReadingAgeMs": null,
   "heap": null
  }
 },
 "after": {
  "children": {
   "rssBytes": 201859072,
   "sampled": 1,
   "oldestReadingAgeMs": 3000,
   "heap": {
    "peakOldGenerationBytes": 116539392,
    "peakLiveSetBytes": 106934608,
    "peakTotalHeapBytes": 150093824,
    "majorGcCount": 2,
    "majorGcMs": 13.051511004567146,
    "unclassifiedSpaceNames": [],
    "reported": 1
   }
  }
 }
}
