[arm] r3: harness http://127.0.0.1:54095
[T1] --- ws-g TAIL: admit=202 terminal=turn_complete(end_turn) recoveryBlocked=false 1645ms text="TAIL done after 1 tool rounds"
[T1 broker] ["1x POST /runtimes:warm -> 200","1x POST /tool-sessions:acquire -> 200","1x POST /tool-sessions/<id>:publisher -> 200","1x POST /executions:prepare -> 200","1x POST /executions/<id>:start -> 200","16x GET /executions/<id> -> 200","1x POST /executions/<id>:acknowledge -> 200","1x POST /tool-sessions/<id>:release -> 200"]
[T1 result] run_shell_command status=error capture=complete/committed recordBytes=10562 exit=2 tail42=true tail43=false tail44=false fffd=false gap=true
[T1 model saw] ["round 0: [{\"type\":\"text\",\"text\":\"Shell execution: error. Output preview is truncated. Complete stdout and stderr are retained in "]
[T1 listeners after turn] []
[T1 fs] runs.txt="t\n"
[T1 after] recoveryBlocked=false; detach+load -> 200; next text turn: admit=202 terminal=turn_complete(end_turn) recoveryBlocked=false 125ms
[T2] --- ws-h BIGFAIL: admit=202 terminal=turn_complete(end_turn) recoveryBlocked=false 840ms text="BIGFAIL done after 1 tool rounds"
[T2 broker] ["1x POST /runtimes:warm -> 200","1x POST /tool-sessions:acquire -> 200","1x POST /tool-sessions/<id>:publisher -> 200","1x POST /executions:prepare -> 200","1x POST /executions/<id>:start -> 200","5x GET /executions/<id> -> 200","1x POST /executions/<id>:acknowledge -> 200","1x POST /tool-sessions/<id>:release -> 200"]
[T2 result] run_shell_command status=error capture=complete/committed recordBytes=10361 exit=4 tail42=false tail43=false tail44=false fffd=false gap=true
[T2 model saw] ["round 0: [{\"type\":\"text\",\"text\":\"Shell execution: error. Output preview is truncated. Complete stdout and stderr are retained in "]
[T2 listeners after turn] []
[T2 fs] runs.txt="t\n"
[T2 after] recoveryBlocked=false; detach+load -> 200; next text turn: admit=202 terminal=turn_complete(end_turn) recoveryBlocked=false 124ms
[T3] --- ws-i CTRLERR: admit=202 terminal=turn_complete(end_turn) recoveryBlocked=false 845ms text="CTRLERR done after 1 tool rounds"
[T3 broker] ["1x POST /runtimes:warm -> 200","1x POST /tool-sessions:acquire -> 200","1x POST /tool-sessions/<id>:publisher -> 200","1x POST /executions:prepare -> 200","1x POST /executions/<id>:start -> 200","4x GET /executions/<id> -> 200","1x POST /executions/<id>:acknowledge -> 200","1x POST /tool-sessions/<id>:release -> 200"]
[T3 result] run_shell_command status=error capture=complete/committed recordBytes=54061 exit=3 tail42=false tail43=false tail44=false fffd=false gap=true
[T3 model saw] ["round 0: [{\"type\":\"text\",\"text\":\"Shell execution: error. Output preview is truncated. Complete stdout and stderr are retained in "]
[T3 listeners after turn] []
[T3 fs] 
[T3 after] recoveryBlocked=false; detach+load -> 200; next text turn: admit=202 terminal=turn_complete(end_turn) recoveryBlocked=false 124ms
[T4] --- ws-j CJK: admit=202 terminal=turn_complete(end_turn) recoveryBlocked=false 3925ms text="CJK done after 1 tool rounds"
[T4 broker] ["1x POST /runtimes:warm -> 200","1x POST /tool-sessions:acquire -> 200","1x POST /tool-sessions/<id>:publisher -> 200","1x POST /executions:prepare -> 200","1x POST /executions/<id>:start -> 200","60x GET /executions/<id> -> 200","1x POST /executions/<id>:acknowledge -> 200","1x POST /tool-sessions/<id>:release -> 200"]
[T4 result] run_shell_command status=error capture=complete/committed recordBytes=10407 exit=5 tail42=false tail43=false tail44=true fffd=true gap=true
[T4 model saw] ["round 0: [{\"type\":\"text\",\"text\":\"Shell execution: error. Output preview is truncated. Complete stdout and stderr are retained in "]
[T4 listeners after turn] []
[T4 fs] 
[T4 after] recoveryBlocked=false; detach+load -> 200; next text turn: admit=202 terminal=turn_complete(end_turn) recoveryBlocked=false 124ms
[F2a] --- ws-k BG: admit=202 terminal=turn_complete(end_turn) recoveryBlocked=false 119ms text="BG done after 1 tool rounds"
[F2a broker] ["1x POST /runtimes:warm -> null"]
[F2a result] run_shell_command status=- capture=-/- recordBytes=734 exit=none tail42=false tail43=false tail44=false fffd=false gap=false
[F2a error text] "Hosted Shell requires a foreground command in the saved directory. Background jobs and Monitor are unavailable; correct the arguments before retrying."
[F2a model saw] ["round 0: [{\"type\":\"text\",\"text\":\"Hosted Shell requires a foreground command in the saved directory. Background jobs and Monitor a"]
[F2a listeners after turn] []
[F2a fs] 
[F2a after] recoveryBlocked=false; detach+load -> 200; next text turn: admit=202 terminal=turn_complete(end_turn) recoveryBlocked=false 123ms
[F2b] --- ws-l MIXBG: admit=202 terminal=turn_complete(end_turn) recoveryBlocked=false 739ms text="MIXBG done after 2 tool rounds"
[F2b broker] ["1x POST /runtimes:warm -> 200","1x POST /tool-sessions:acquire -> 200","1x POST /tool-sessions/<id>:publisher -> 200","1x POST /executions:prepare -> 200","1x POST /executions/<id>:start -> 200","3x GET /executions/<id> -> 200","1x POST /executions/<id>:acknowledge -> 200","1x POST /tool-sessions/<id>:release -> 200"]
[F2b result] write_file status=- capture=-/- recordBytes=952 exit=none tail42=false tail43=false tail44=false fffd=false gap=false
[F2b error text] "This tool was not executed because another call in the batch has invalid Shell arguments. Retry the batch with corrected arguments."
[F2b result] run_shell_command status=- capture=-/- recordBytes=952 exit=none tail42=false tail43=false tail44=false fffd=false gap=false
[F2b error text] "Hosted Shell requires a foreground command in the saved directory. Background jobs and Monitor are unavailable; correct the arguments before retrying."
[F2b result] run_shell_command status=success capture=complete/committed recordBytes=1081 exit=0 tail42=false tail43=false tail44=false fffd=false gap=false
[F2b model saw] ["round 0: [{\"type\":\"text\",\"text\":\"This tool was not executed because another call in the batch has invalid Shell arguments. Retry  | [{\"type\":\"text\",\"text\":\"Hosted Shell requires a foreground command in the saved directory. Background jobs and Monitor a","round 1: [{\"type\":\"text\",\"text\":\"Command: echo fg >> mix.txt\\nDirectory: (root)\\nOutput: (empty)\\nError: (none)\\nExit Code: 0\\nSi"]
[F2b listeners after turn] []
[F2b fs] mix.txt="fg\n"
[F2b after] recoveryBlocked=false; detach+load -> 200; next text turn: admit=202 terminal=turn_complete(end_turn) recoveryBlocked=false 128ms
[F2c] --- ws-m INTER: admit=202 terminal=turn_complete(end_turn) recoveryBlocked=false 954ms text="INTER done after 3 tool rounds"
[F2c broker] ["1x POST /runtimes:warm -> 200","1x POST /tool-sessions:acquire -> 200","1x POST /tool-sessions/<id>:publisher -> 200","2x POST /executions:prepare -> 200","2x POST /executions/<id>:start -> 200","5x GET /executions/<id> -> 200","2x POST /executions/<id>:acknowledge -> 200","1x POST /tool-sessions/<id>:release -> 200"]
[F2c result] run_shell_command status=success capture=complete/committed recordBytes=1083 exit=0 tail42=false tail43=false tail44=false fffd=false gap=false
[F2c result] run_shell_command status=- capture=-/- recordBytes=737 exit=none tail42=false tail43=false tail44=false fffd=false gap=false
[F2c error text] "Hosted Shell requires a foreground command in the saved directory. Background jobs and Monitor are unavailable; correct the arguments before retrying."
[F2c result] run_shell_command status=success capture=complete/committed recordBytes=1083 exit=0 tail42=false tail43=false tail44=false fffd=false gap=false
[F2c model saw] ["round 0: [{\"type\":\"text\",\"text\":\"Command: echo r1 >> inter.txt\\nDirectory: (root)\\nOutput: (empty)\\nError: (none)\\nExit Code: 0\\n","round 1: [{\"type\":\"text\",\"text\":\"Hosted Shell requires a foreground command in the saved directory. Background jobs and Monitor a","round 2: [{\"type\":\"text\",\"text\":\"Command: echo r3 >> inter.txt\\nDirectory: (root)\\nOutput: (empty)\\nError: (none)\\nExit Code: 0\\n"]
[F2c listeners after turn] []
[F2c fs] inter.txt="r1\nr3\n"
[F2c after] recoveryBlocked=false; detach+load -> 200; next text turn: admit=202 terminal=turn_complete(end_turn) recoveryBlocked=false 136ms
[F2d] --- ws-n DIRARG: admit=202 terminal=turn_complete(end_turn) recoveryBlocked=false 745ms text="DIRARG done after 2 tool rounds"
[F2d broker] ["1x POST /runtimes:warm -> 200","1x POST /tool-sessions:acquire -> 200","1x POST /tool-sessions/<id>:publisher -> 200","1x POST /executions:prepare -> 200","1x POST /executions/<id>:start -> 200","3x GET /executions/<id> -> 200","1x POST /executions/<id>:acknowledge -> 200","1x POST /tool-sessions/<id>:release -> 200"]
[F2d result] run_shell_command status=- capture=-/- recordBytes=738 exit=none tail42=false tail43=false tail44=false fffd=false gap=false
[F2d error text] "Hosted Shell requires a foreground command in the saved directory. Background jobs and Monitor are unavailable; correct the arguments before retrying."
[F2d result] run_shell_command status=success capture=complete/committed recordBytes=1081 exit=0 tail42=false tail43=false tail44=false fffd=false gap=false
[F2d model saw] ["round 0: [{\"type\":\"text\",\"text\":\"Hosted Shell requires a foreground command in the saved directory. Background jobs and Monitor a","round 1: [{\"type\":\"text\",\"text\":\"Command: echo d >> dir.txt\\nDirectory: (root)\\nOutput: (empty)\\nError: (none)\\nExit Code: 0\\nSig"]
[F2d listeners after turn] []
[F2d fs] dir.txt="d\n"
[F2d after] recoveryBlocked=false; detach+load -> 200; next text turn: admit=202 terminal=turn_complete(end_turn) recoveryBlocked=false 129ms
[harness errors] []
