[arm] cand2: harness http://127.0.0.1:63073; Store via proxy http://127.0.0.1:63072; Broker via proxy http://127.0.0.1:63071
[Q1] --- ws-h2: read_file of a Chinese document (175999 bytes UTF-8, 63999 chars)
[Q1] D: admit=202 terminal=turn_complete(end_turn) recoveryBlocked=false 781ms
[Q1 broker] POST /runtimes:warm -> 200
[Q1 broker] POST /tool-sessions:acquire -> 200
[Q1 broker] POST /executions:prepare -> 200
[Q1 broker] POST /executions/6ab7843b-ed87-476e-9cb3-ad9032c29406:start -> 200
[Q1 broker] GET /executions/6ab7843b-ed87-476e-9cb3-ad9032c29406 -> 200
[Q1 broker] POST /tool-sessions/5b1445b0-63e3-4828-8b3f-040df9fe7e99:release -> 200
[Q1] harness: undefined
[Q1] execution rows: [["SETTLED","success","57"],["SETTLED","cancelled","4"]]; held storages=["2632e288","28ca26d0","cddc081c","37b425c8","335f0a9c","343b8688","3ae1185e","95eb0643","32182c86","8e83ed6c"]
[Q1 D] next prompt -> 202; reload -> 200
[Q1] E (other Session, same Workspace): admit=202 terminal=turn_complete(end_turn) recoveryBlocked=false 640ms E.txt=written
[Q1] E retry: admit=202 terminal=turn_complete(end_turn) recoveryBlocked=false 347ms E2.txt=written
[Q2] --- ws-i2: Session Store answers 503 to the first commit after acquire (the assistant tool-call record)
[Q2] G: admit=202 terminal=<none> recoveryBlocked=true 521ms injected=1
[Q2 broker] POST /runtimes:warm -> 200
[Q2 broker] POST /tool-sessions:acquire -> 200
[Q2 broker] POST /tool-sessions/b44392af-2ac1-401b-b3ff-fb1dcdd00777:release -> 200
[Q2] store commits after t0: 200,200,200,503-injected
[Q2] harness: Hosted Harness turn b44392af-2ac1-401b-b3ff-fb1dcdd00777 is recovery blocked: ManagedSessionStoreHttpError: Managed Session Store returned HTTP 503.
[Q2] G.txt=absent; prepared executions=63 total; held storages=["2632e288","28ca26d0","cddc081c","37b425c8","335f0a9c","343b8688","3ae1185e","95eb0643","32182c86","8e83ed6c"]
[Q2 G] next prompt -> 409 {"error":"hosted_turn_recovery_required","code":"hosted_turn_recovery_required"}; reload -> 409
[Q2] K (other Session, same Workspace): admit=202 terminal=turn_complete(end_turn) recoveryBlocked=false 747ms K.txt=written
[model] CJKREAD#0 CJKREAD#1 TEXT#0 WRITE_E#0 WRITE_E#1 WRITE_E2#0 WRITE_E2#1 WRITE_G#0 WRITE_K#0 WRITE_K#1
