[arm] r2: harness http://127.0.0.1:62887; Store via proxy http://127.0.0.1:62882; Broker via proxy http://127.0.0.1:62881
[Q1] --- ws-b2: read_file of a Chinese document (175999 bytes UTF-8, 63999 chars)
[Q1] D: admit=202 terminal=<none> recoveryBlocked=true 667ms
[Q1 broker] POST /runtimes:warm -> 200
[Q1 broker] POST /tool-sessions:acquire -> 200
[Q1 broker] POST /executions:prepare -> 200
[Q1 broker] POST /executions/efe38d21-1c1d-47c9-a984-588a1ac89154:start -> 200
[Q1 broker] GET /executions/efe38d21-1c1d-47c9-a984-588a1ac89154 -> 200
[Q1 broker] POST /executions/efe38d21-1c1d-47c9-a984-588a1ac89154:cancel -> 200
[Q1] harness: Hosted Harness turn 37b425c8-036c-46f5-b725-d039d2bd9e6d is recovery blocked: ManagedSessionRecordError: resource bytes exceed the 65536-byte inline limit; OSS storage is not enabled.
[Q1] execution rows: [["SETTLED","success","56"],["SETTLED","cancelled","4"]]; held storages=["2632e288","28ca26d0","cddc081c","37b425c8","335f0a9c","3ae1185e","95eb0643","32182c86","8e83ed6c"]
[Q1 D] next prompt -> 409 {"error":"hosted_turn_recovery_required","code":"hosted_turn_recovery_required"}; reload -> 409
[Q1] E (other Session, same Workspace): admit=202 terminal=turn_error recoveryBlocked=false 421ms E.txt=absent
[Q1] E retry: admit=202 terminal=turn_error recoveryBlocked=false 110ms E2.txt=absent
[Q2] --- ws-g2: Session Store answers 503 to the first commit after acquire (the assistant tool-call record)
[Q2] G: admit=202 terminal=<none> recoveryBlocked=true 422ms injected=1
[Q2 broker] POST /runtimes:warm -> 200
[Q2 broker] POST /tool-sessions:acquire -> 200
[Q2] store commits after t0: 200,200,200,503-injected
[Q2] harness: Hosted Harness turn 343b8688-ff90-4706-b93d-398115fb1b68 is recovery blocked: ManagedSessionStoreHttpError: Managed Session Store returned HTTP 503.
[Q2] G.txt=absent; prepared executions=60 total; held storages=["2632e288","28ca26d0","cddc081c","37b425c8","335f0a9c","343b8688","3ae1185e","95eb0643","32182c86","8e83ed6c"]
[Q2 G] next prompt -> 409 {"error":"hosted_turn_recovery_required","code":"hosted_turn_recovery_required"}; reload -> 409
[Q2] K (other Session, same Workspace): admit=202 terminal=turn_error recoveryBlocked=false 417ms K.txt=absent
[model] CJKREAD#0 WRITE_E#0 WRITE_E2#0 WRITE_G#0 WRITE_K#0
