# s43-h43h  db=r43h3 arm=h43h  2026-10-05T09:26:21.363Z
NOTE  S1 never-settling module (timeout 2000) turn  -> admit=202 terminal=<none> idle after 3017 ms recoveryBlocked=true
NOTE  S1 never-settling module (timeout 2000) module top-level runs / callbacks  -> eval-start=1 eval-done=0 callback=0
NOTE  S1 never-settling module (timeout 2000) hook execution record  -> running/"dispatch_started" | recovery_blocked/"outcome_unknown"/outcome_unknown
NOTE  S1 never-settling module (timeout 2000) lease holder  -> hooks-activation-4b2a174d6d04ae89c5db44e035f49b7e1eb5ec075750a00aa5d79587c14ca30c
NOTE  S1 never-settling module (timeout 2000) next prompt, same Session  -> admit=409 hosted_turn_recovery_required (5 ms)
NOTE  S1 never-settling module (timeout 2000) hook execution records after next prompt  -> running/"dispatch_started" | recovery_blocked/"outcome_unknown"/outcome_unknown
NOTE  S1 never-settling module (timeout 2000) detach  -> 503 hosted_hook_recovery_required (163 ms)
NOTE  S1 never-settling module (timeout 2000) neighbour Session (no Hooks, same Workspace)  -> admit=202 STILL ACTIVE after 30100 ms wrote=false
NOTE  S2 cancel during evaluation (timeout 60000) module evaluation started  -> after 697 ms
NOTE  S2 cancel during evaluation (timeout 60000) cancel  -> cancel=204 (3 ms) idle after 212 ms terminal=<none>
NOTE  S2 cancel during evaluation (timeout 60000) hook execution record after cancel  -> running/"dispatch_started" | recovery_blocked/"outcome_unknown"/outcome_unknown
NOTE  S2 cancel during evaluation (timeout 60000) detach while evaluation still pending  -> 503 hosted_hook_recovery_required (76 ms)
NOTE  S2 cancel during evaluation (timeout 60000) gate opened -> module evaluation finished  -> after 52 ms
NOTE  S2 cancel during evaluation (timeout 60000) next prompt after evaluation finished  -> admit=409 hosted_turn_recovery_required (3 ms) callbacks=0
NOTE  S2 cancel during evaluation (timeout 60000) detach after evaluation finished  -> 204 (178 ms)
NOTE  S2b cancel, evaluation finishes, next turn (no detach in between) cancel  -> started=311 idle after 214 ms terminal=<none>
NOTE  S2b cancel, evaluation finishes, next turn (no detach in between) status after cancel  -> recoveryBlocked=true records=running/"dispatch_started" | recovery_blocked/"outcome_unknown"/outcome_unknown
NOTE  S2b cancel, evaluation finishes, next turn (no detach in between) status after the module finished  -> recoveryBlocked=true (eval-done after 52 ms)
NOTE  S2b cancel, evaluation finishes, next turn (no detach in between) next prompt after evaluation finished  -> admit=409 hosted_turn_recovery_required (2 ms) (eval-done after 52 ms) callbacks=0
NOTE  S2b cancel, evaluation finishes, next turn (no detach in between) hook execution records  -> running/"dispatch_started" | recovery_blocked/"outcome_unknown"/outcome_unknown
NOTE  S2b cancel, evaluation finishes, next turn (no detach in between) detach  -> 204 (169 ms)
NOTE  S2b cancel, evaluation finishes, next turn (no detach in between) hook execution records after detach  -> cancelled/"settled"+result | cancelled/"settled"+result
NOTE  S2b cancel, evaluation finishes, next turn (no detach in between) load  -> 200 (231 ms) recoveryRequired
NOTE  S2b cancel, evaluation finishes, next turn (no detach in between) prompt after detach + load  -> admit=409 hosted_turn_recovery_required (4 ms) callbacks=0
NOTE  S2c next turn while evaluation still pending (timeout 3000) cancel  -> started=306 idle after 212 ms terminal=<none>
NOTE  S2c next turn while evaluation still pending (timeout 3000) next prompt while evaluation pending  -> admit=409 hosted_turn_recovery_required (2 ms) eval-start=1
NOTE  S2c next turn while evaluation still pending (timeout 3000) hook execution records  -> running/"dispatch_started" | recovery_blocked/"outcome_unknown"/outcome_unknown
NOTE  S2c next turn while evaluation still pending (timeout 3000) prompt after evaluation finished  -> admit=409 hosted_turn_recovery_required (2 ms) callbacks=0
NOTE  S2c next turn while evaluation still pending (timeout 3000) detach  -> 204 (144 ms)
NOTE  S3 300 ms evaluation, timeout 10 turn  -> admit=202 terminal=turn_complete(end_turn) idle after 936 ms recoveryBlocked=false callbacks=1
NOTE  S3 300 ms evaluation, timeout 10 hook execution record  -> settled/"settled"+result | settled/"settled"+result
NOTE  S4a 1500 ms evaluation, timeout 10 turn  -> admit=202 terminal=<none> idle after 839 ms recoveryBlocked=true callbacks=0
NOTE  S4a 1500 ms evaluation, timeout 10 hook execution record  -> running/"dispatch_started" | recovery_blocked/"outcome_unknown"/outcome_unknown
NOTE  S4a 1500 ms evaluation, timeout 10 module after 2 s  -> eval-done=1
NOTE  S4a 1500 ms evaluation, timeout 10 next prompt, same Session  -> admit=409 hosted_turn_recovery_required (2 ms)
NOTE  S4a 1500 ms evaluation, timeout 10 detach  -> 503 hosted_hook_recovery_required (71 ms)
NOTE  S4a 1500 ms evaluation, timeout 10 load  -> 409 hosted_session_already_attached (3 ms)
NOTE  S4a 1500 ms evaluation, timeout 10 neighbour Session (no Hooks, same Workspace)  -> admit=202 STILL ACTIVE after 30003 ms wrote=false
NOTE  S4b 1500 ms evaluation, timeout 3000 turn  -> admit=202 terminal=turn_complete(end_turn) idle after 2306 ms recoveryBlocked=false callbacks=1
NOTE  S4b 1500 ms evaluation, timeout 3000 hook execution record  -> settled/"settled"+result | settled/"settled"+result
NOTE  S5 module throws at top level turn  -> admit=202 terminal=<none> idle after 416 ms recoveryBlocked=true
NOTE  S5 module throws at top level hook execution record  -> running/"dispatch_started" | recovery_blocked/"not_started_proven"/handler_unavailable
NOTE  S5 module throws at top level next prompt, same Session  -> admit=409 hosted_turn_recovery_required (2 ms)
NOTE  S5 module throws at top level detach  -> 204 (183 ms)
NOTE  S7 DELETE while evaluation pending cancel  -> started=313 idle after 218 ms terminal=<none>
NOTE  S7 DELETE while evaluation pending DELETE while evaluation pending  -> 503 hosted_hook_recovery_required (51 ms)
NOTE  S7 DELETE while evaluation pending lease holder  -> hooks-activation-86ec393e5e631400181d441f5f873c44cd4485a01342985dde2ef9bb15f8dda9
NOTE  S7 DELETE while evaluation pending DELETE after evaluation finished  -> 204 (282 ms) (eval-done after 52 ms)
NOTE  S7 DELETE while evaluation pending lease holder after DELETE  -> <none>
NOTE  S6 Harness replaced while evaluation pending cancel  -> started=257 idle after 214 ms terminal=<none>
NOTE  S6 Harness replaced while evaluation pending hook execution record before replacement  -> running/"dispatch_started" | recovery_blocked/"outcome_unknown"/outcome_unknown
NOTE  S6 Harness replaced while evaluation pending lease holder before replacement  -> hooks-activation-d819746552d5a3237d876468beb3832e74f4bdc470191be58c1e703014405470
NOTE  S6 Harness replaced while evaluation pending load in new Harness  -> 200 (283 ms) after 58775 ms recoveryRequired
NOTE  S6 Harness replaced while evaluation pending Hook turn in new Harness, evaluation still pending  -> admit=409 hosted_turn_recovery_required (2 ms)
NOTE  S6 Harness replaced while evaluation pending hook execution records  -> running/"dispatch_started" | recovery_blocked/"outcome_unknown"/outcome_unknown
NOTE  S6 Harness replaced while evaluation pending lease holder  -> hooks-activation-d819746552d5a3237d876468beb3832e74f4bdc470191be58c1e703014405470
NOTE  S6 Harness replaced while evaluation pending gate opened -> evaluation finished  -> after 51 ms
NOTE  S6 Harness replaced while evaluation pending Hook turn after evaluation finished  -> admit=409 hosted_turn_recovery_required (3 ms) callbacks=0
NOTE  S6 Harness replaced while evaluation pending lease holder after  -> hooks-activation-d819746552d5a3237d876468beb3832e74f4bdc470191be58c1e703014405470
NOTE  S6 Harness replaced while evaluation pending detach  -> 204 (164 ms)
NOTE  S6 Harness replaced while evaluation pending Harness log: hook owner warnings  -> <none>
== RESULT s43-h43h: 0 passed, 0 failed
