M00 dex=e2ebec3c91f6 fails=0 NEW[] OLD[] OTHER[] SUMMARY {'PASS': 28, 'ASSUMPTION': 4} 
C01 dex=4593635685bb fails=4 NEW[cancellationKeepsOldPickerSlotUntilItsLateResultArrives,recreationDropsOrphanResultBeforeAllowingANewRequest,] OLD[cancellationKeepsOldPickerSlotUntilItsLateResultArrives,recreationDropsOrphanResultBeforeAllowingANewRequest,] OTHER[] SUMMARY {'FAIL': 4, 'PASS': 24, 'ASSUMPTION': 4} 
C02 dex=e4671aa40031 fails=2 NEW[unsupportedModeAndStaleDocumentCancelWithoutLaunching,] OLD[unsupportedModeAndStaleDocumentCancelWithoutLaunching,] OTHER[] SUMMARY {'PASS': 26, 'FAIL': 2, 'ASSUMPTION': 4} 
C03 dex=f2abcf61e3c4 fails=2 NEW[unsupportedModeAndStaleDocumentCancelWithoutLaunching,] OLD[unsupportedModeAndStaleDocumentCancelWithoutLaunching,] OTHER[] SUMMARY {'PASS': 26, 'FAIL': 2, 'ASSUMPTION': 4} 
C04 dex=455e231eb059 fails=0 NEW[] OLD[] OTHER[] SUMMARY {'PASS': 28, 'ASSUMPTION': 4} 
C05 dex=72cadd31f176 fails=1 NEW[singleMimeHintBecomesTheIntentType,] OLD[] OTHER[] SUMMARY {'PASS': 27, 'FAIL': 1, 'ASSUMPTION': 4} 
C06 dex=754b4ffe95b4 fails=2 NEW[intentUsesReadOnlyDocumentsAndPreservesMultipleMimeHints,] OLD[intentUsesReadOnlyDocumentsAndPreservesMultipleMimeHints,] OTHER[] SUMMARY {'PASS': 26, 'FAIL': 2, 'ASSUMPTION': 4} 
C07 dex=d23615dc1afe fails=2 NEW[intentUsesReadOnlyDocumentsAndPreservesMultipleMimeHints,] OLD[intentUsesReadOnlyDocumentsAndPreservesMultipleMimeHints,] OTHER[] SUMMARY {'PASS': 26, 'FAIL': 2, 'ASSUMPTION': 4} 
C08 dex=df5152bcbccd fails=2 NEW[intentUsesReadOnlyDocumentsAndPreservesMultipleMimeHints,] OLD[intentUsesReadOnlyDocumentsAndPreservesMultipleMimeHints,] OTHER[] SUMMARY {'PASS': 26, 'FAIL': 2, 'ASSUMPTION': 4} 
C09 dex=7f568c704073 fails=0 NEW[] OLD[] OTHER[] SUMMARY {'PASS': 28, 'ASSUMPTION': 4} 
C10 dex=8fbcd27fd00c fails=2 NEW[missingPickerCancelsAndReleasesSlot,] OLD[changedDocumentDiscardsResultAndMissingPickerCancels,] OTHER[] SUMMARY {'PASS': 26, 'FAIL': 2, 'ASSUMPTION': 4} 
C11 dex=a27fa3b65895 fails=2 NEW[cancellationKeepsOldPickerSlotUntilItsLateResultArrives,] OLD[cancellationKeepsOldPickerSlotUntilItsLateResultArrives,] OTHER[] SUMMARY {'PASS': 26, 'FAIL': 2, 'ASSUMPTION': 4} 
C12 dex=afb668e144fb fails=1 NEW[changedDocumentDiscardsAnOtherwiseValidGrantedResult,] OLD[] OTHER[] SUMMARY {'PASS': 27, 'FAIL': 1, 'ASSUMPTION': 4} 
C13 dex=11595d790937 fails=0 NEW[] OLD[] OTHER[] SUMMARY {'PASS': 28, 'ASSUMPTION': 4} 
C14 dex=fdad52a276ca fails=0 NEW[] OLD[] OTHER[] SUMMARY {'PASS': 28, 'ASSUMPTION': 4} 
C15 dex=69425a748910 fails=5 NEW[changedDocumentDiscardsAnOtherwiseValidGrantedResult,multipleGrantedDocumentsPreserveOrderAndRemoveDuplicates,oneHundredDocumentsAreAcceptedAndOneHundredOneAreRejected,providerOwnedByPickerContextIsRejectedDespiteReadGrant,singleGrantedDocumentDeliversReadableSyntheticBytes,] OLD[] OTHER[] SUMMARY {'PASS': 23, 'FAIL': 5, 'ASSUMPTION': 4} 
C16 dex=81b99336b2c8 fails=1 NEW[readGrantFlagAndActualGrantAreBothRequired,] OLD[] OTHER[] SUMMARY {'PASS': 27, 'FAIL': 1, 'ASSUMPTION': 4} 
C17 dex=333918d3f208 fails=0 NEW[] OLD[] OTHER[] SUMMARY {'PASS': 28, 'ASSUMPTION': 4} 
C18 dex=59241a743984 fails=1 NEW[oneHundredDocumentsAreAcceptedAndOneHundredOneAreRejected,] OLD[] OTHER[] SUMMARY {'PASS': 27, 'FAIL': 1, 'ASSUMPTION': 4} 
C19 dex=477b405e3c7a fails=1 NEW[oneHundredDocumentsAreAcceptedAndOneHundredOneAreRejected,] OLD[] OTHER[] SUMMARY {'PASS': 27, 'FAIL': 1, 'ASSUMPTION': 4} 
C20 dex=82357d957ddd fails=2 NEW[oneHundredDocumentsAreAcceptedAndOneHundredOneAreRejected,singleGrantedDocumentDeliversReadableSyntheticBytes,] OLD[] OTHER[] SUMMARY {'PASS': 26, 'FAIL': 2, 'ASSUMPTION': 4} 
C21 dex=8e33f4dc4040 fails=0 NEW[] OLD[] OTHER[] SUMMARY {'PASS': 28, 'ASSUMPTION': 4} 
C22 dex=ed8b618c122b fails=1 NEW[multipleGrantedDocumentsPreserveOrderAndRemoveDuplicates,] OLD[] OTHER[] SUMMARY {'PASS': 27, 'FAIL': 1, 'ASSUMPTION': 4} 
C23 dex=1898c2c8a0fe fails=0 NEW[] OLD[] OTHER[] SUMMARY {'PASS': 28, 'ASSUMPTION': 4} 
C24 dex=e436251cf6ab fails=1 NEW[singleModeRejectsSeveralOtherwiseValidDocuments,] OLD[] OTHER[] SUMMARY {'PASS': 27, 'FAIL': 1, 'ASSUMPTION': 4} 
C25 dex=7c67aca070bb fails=0 NEW[] OLD[] OTHER[] SUMMARY {'PASS': 28, 'ASSUMPTION': 4} 
C26 dex=32fef05b0b21 fails=0 NEW[] OLD[] OTHER[] SUMMARY {'PASS': 28, 'ASSUMPTION': 4} 
C27 dex=dbf21b4f8328 fails=1 NEW[providerOwnedByPickerContextIsRejectedDespiteReadGrant,] OLD[] OTHER[] SUMMARY {'PASS': 27, 'FAIL': 1, 'ASSUMPTION': 4} 
C28 dex=f9fcf6b02e78 fails=3 NEW[readGrantFlagAndActualGrantAreBothRequired,unsafeAndUnreadableResultsFailClosed,] OLD[unsafeAndUnreadableResultsFailClosed,] OTHER[] SUMMARY {'PASS': 25, 'FAIL': 3, 'ASSUMPTION': 4} 
C29 dex=065a150a0802 fails=3 NEW[mimeHintsKeepGenericFilesAndNormalizeArchives,singleMimeHintBecomesTheIntentType,] OLD[mimeHintsKeepGenericFilesAndNormalizeArchives,] OTHER[] SUMMARY {'PASS': 25, 'FAIL': 3, 'ASSUMPTION': 4} 
C30 dex=c3029f47642c fails=2 NEW[mimeHintsKeepGenericFilesAndNormalizeArchives,] OLD[mimeHintsKeepGenericFilesAndNormalizeArchives,] OTHER[] SUMMARY {'PASS': 26, 'FAIL': 2, 'ASSUMPTION': 4} 
C31 dex=7a2f57539992 fails=2 NEW[mimeHintsKeepGenericFilesAndNormalizeArchives,] OLD[mimeHintsKeepGenericFilesAndNormalizeArchives,] OTHER[] SUMMARY {'PASS': 26, 'FAIL': 2, 'ASSUMPTION': 4} 
C32 dex=49142604a5c1 fails=2 NEW[mimeHintsKeepGenericFilesAndNormalizeArchives,] OLD[mimeHintsKeepGenericFilesAndNormalizeArchives,] OTHER[] SUMMARY {'PASS': 26, 'FAIL': 2, 'ASSUMPTION': 4} 
W01 dex=006815d26ba2 fails=0 NEW[] OLD[] OTHER[] SUMMARY {'PASS': 28, 'ASSUMPTION': 4} 
W02 dex=5ce702a26a0a fails=0 NEW[] OLD[] OTHER[] SUMMARY {'PASS': 28, 'ASSUMPTION': 4} 
W03 dex=e2d985edfe7d fails=0 NEW[] OLD[] OTHER[] SUMMARY {'PASS': 28, 'ASSUMPTION': 4} 
W04 dex=a1587d585e54 fails=0 NEW[] OLD[] OTHER[] SUMMARY {'PASS': 28, 'ASSUMPTION': 4} 
W05 dex=e5369209058f fails=0 NEW[] OLD[] OTHER[] SUMMARY {'PASS': 28, 'ASSUMPTION': 4} 
W06 dex=76b7fe297d14 fails=0 NEW[] OLD[] OTHER[] SUMMARY {'PASS': 28, 'ASSUMPTION': 4} 
W07 dex=be2b1d2b15b8 fails=0 NEW[] OLD[] OTHER[] SUMMARY {'PASS': 28, 'ASSUMPTION': 4} 
W08 dex=9bb5cc87ac7a fails=0 NEW[] OLD[] OTHER[] SUMMARY {'PASS': 28, 'ASSUMPTION': 4} 
W09 dex=0702bc336919 fails=0 NEW[] OLD[] OTHER[] SUMMARY {'PASS': 28, 'ASSUMPTION': 4} 
DRIVE-DONE
