head mariadb renew offset=5 opRefusedAt=-1 dxRefusedAt=-1 opCas=true dxCas=true
head mariadb renew offset=55 opRefusedAt=-1 dxRefusedAt=-1 opCas=true dxCas=true
head mariadb renew offset=105 opRefusedAt=-1 dxRefusedAt=-1 opCas=true dxCas=true
head mariadb renew offset=155 opRefusedAt=-1 dxRefusedAt=-1 opCas=true dxCas=true
head mariadb renew offset=205 opRefusedAt=-1 dxRefusedAt=-1 opCas=true dxCas=true
head mariadb renew offset=255 opRefusedAt=-1 dxRefusedAt=-1 opCas=true dxCas=true
head mariadb renew offset=305 opRefusedAt=-1 dxRefusedAt=-1 opCas=true dxCas=true
head mariadb renew offset=355 opRefusedAt=-1 dxRefusedAt=-1 opCas=true dxCas=true
head mariadb renew offset=405 opRefusedAt=-1 dxRefusedAt=-1 opCas=true dxCas=true
head mariadb renew offset=455 opRefusedAt=-1 dxRefusedAt=-1 opCas=true dxCas=true
head mariadb renew offset=505 opRefusedAt=-1 dxRefusedAt=-1 opCas=true dxCas=true
head mariadb renew offset=555 opRefusedAt=-1 dxRefusedAt=-1 opCas=true dxCas=true
head mariadb renew offset=605 opRefusedAt=-1 dxRefusedAt=-1 opCas=true dxCas=true
head mariadb renew offset=655 opRefusedAt=-1 dxRefusedAt=-1 opCas=true dxCas=true
head mariadb renew offset=705 opRefusedAt=-1 dxRefusedAt=-1 opCas=true dxCas=true
head mariadb renew offset=755 opRefusedAt=-1 dxRefusedAt=-1 opCas=true dxCas=true
head mariadb renew offset=805 opRefusedAt=-1 dxRefusedAt=-1 opCas=true dxCas=true
head mariadb renew offset=855 opRefusedAt=-1 dxRefusedAt=-1 opCas=true dxCas=true
head mariadb renew offset=905 opRefusedAt=-1 dxRefusedAt=-1 opCas=true dxCas=true
head mariadb renew offset=955 opRefusedAt=-1 dxRefusedAt=-1 opCas=true dxCas=true
head mariadb binding lease=1000 offset=5 granted=1995 lifetime=2013
head mariadb binding lease=1000 offset=55 granted=1945 lifetime=1993
head mariadb binding lease=1000 offset=105 granted=1895 lifetime=1924
head mariadb binding lease=1000 offset=155 granted=1845 lifetime=1857
head mariadb binding lease=1000 offset=205 granted=1795 lifetime=1871
head mariadb binding lease=1000 offset=255 granted=1745 lifetime=1829
head mariadb binding lease=1000 offset=305 granted=1695 lifetime=1787
head mariadb binding lease=1000 offset=355 granted=1645 lifetime=1826
head mariadb binding lease=1000 offset=405 granted=1595 lifetime=1774
head mariadb binding lease=1000 offset=455 granted=1545 lifetime=1689
head mariadb binding lease=1000 offset=505 granted=1495 lifetime=1693
head mariadb binding lease=1000 offset=555 granted=1445 lifetime=1605
head mariadb binding lease=1000 offset=605 granted=1395 lifetime=1448
head mariadb binding lease=1000 offset=655 granted=1345 lifetime=1423
head mariadb binding lease=1000 offset=705 granted=1295 lifetime=1417
head mariadb binding lease=1000 offset=755 granted=1245 lifetime=1362
head mariadb binding lease=1000 offset=805 granted=1195 lifetime=1210
head mariadb binding lease=1000 offset=855 granted=1145 lifetime=1202
head mariadb binding lease=1000 offset=905 granted=1095 lifetime=1185
head mariadb binding lease=1000 offset=955 granted=1045 lifetime=1171
head mariadb binding lease=1500 offset=5 granted=1995 lifetime=2157
head mariadb binding lease=1500 offset=55 granted=1945 lifetime=2021
head mariadb binding lease=1500 offset=105 granted=1895 lifetime=2000
head mariadb binding lease=1500 offset=155 granted=1845 lifetime=1963
head mariadb binding lease=1500 offset=205 granted=1795 lifetime=1937
head mariadb binding lease=1500 offset=255 granted=1745 lifetime=1780
head mariadb binding lease=1500 offset=305 granted=1695 lifetime=1713
head mariadb binding lease=1500 offset=355 granted=1645 lifetime=1663
head mariadb binding lease=1500 offset=405 granted=1595 lifetime=1620
head mariadb binding lease=1500 offset=455 granted=1545 lifetime=1562
head mariadb binding lease=1500 offset=505 granted=2495 lifetime=2519
head mariadb binding lease=1500 offset=555 granted=2445 lifetime=2477
head mariadb binding lease=1500 offset=605 granted=2395 lifetime=2461
head mariadb binding lease=1500 offset=655 granted=2345 lifetime=2453
head mariadb binding lease=1500 offset=705 granted=2295 lifetime=2440
head mariadb binding lease=1500 offset=755 granted=2245 lifetime=2402
head mariadb binding lease=1500 offset=805 granted=2195 lifetime=2374
head mariadb binding lease=1500 offset=855 granted=2145 lifetime=2170
head mariadb binding lease=1500 offset=905 granted=2095 lifetime=2107
head mariadb binding lease=1500 offset=955 granted=2045 lifetime=2067
head mariadb dispatch lease=1000 offset=5 granted=1995 lifetime=2006
head mariadb dispatch lease=1000 offset=55 granted=1945 lifetime=1964
head mariadb dispatch lease=1000 offset=105 granted=1895 lifetime=1909
head mariadb dispatch lease=1000 offset=155 granted=1845 lifetime=1863
head mariadb dispatch lease=1000 offset=205 granted=1795 lifetime=1837
head mariadb dispatch lease=1000 offset=255 granted=1745 lifetime=1782
head mariadb dispatch lease=1000 offset=305 granted=1695 lifetime=1721
head mariadb dispatch lease=1000 offset=355 granted=1645 lifetime=1668
head mariadb dispatch lease=1000 offset=405 granted=1595 lifetime=1620
head mariadb dispatch lease=1000 offset=455 granted=1545 lifetime=1571
head mariadb dispatch lease=1000 offset=505 granted=1495 lifetime=1525
head mariadb dispatch lease=1000 offset=555 granted=1445 lifetime=1498
head mariadb dispatch lease=1000 offset=605 granted=1395 lifetime=1416
head mariadb dispatch lease=1000 offset=655 granted=1345 lifetime=1393
head mariadb dispatch lease=1000 offset=705 granted=1295 lifetime=1366
head mariadb dispatch lease=1000 offset=755 granted=1245 lifetime=1345
head mariadb dispatch lease=1000 offset=805 granted=1195 lifetime=1325
head mariadb dispatch lease=1000 offset=855 granted=1145 lifetime=1281
head mariadb dispatch lease=1000 offset=905 granted=1095 lifetime=1252
head mariadb dispatch lease=1000 offset=955 granted=1045 lifetime=1210
head mariadb clock zone=+00:00 samples=5000 medianOffsetUs=-1143 outsideBracket=886 backwards=0 torn=0 worstUs=147434
head mariadb clock zone=+08:00 samples=5000 medianOffsetUs=-2486 outsideBracket=0 backwards=0 torn=0 worstUs=0
head mariadb clock zone=-04:00 samples=5000 medianOffsetUs=-3872 outsideBracket=0 backwards=0 torn=0 worstUs=0
head mysql clock zone=+00:00 samples=5000 medianOffsetUs=-4 outsideBracket=0 backwards=0 torn=0 worstUs=0
head mysql clock zone=+08:00 samples=5000 medianOffsetUs=-4 outsideBracket=0 backwards=0 torn=0 worstUs=0
head mysql clock zone=-04:00 samples=5000 medianOffsetUs=-5 outsideBracket=0 backwards=0 torn=0 worstUs=0
head h2 clock zone=null samples=5000 medianOffsetUs=-1 outsideBracket=0 backwards=0 torn=0 worstUs=0
