  [38;5;103m┌──────────────────────────────────────────────────────────────────────────┐
[39m  [38;5;103m│[39m [1m[38;5;183m>_ Qwen Code[0m[38;5;103m (v0.24.7)[39m                                                   [38;5;103m│
[39m  [38;5;103m│[39m                                                                          [38;5;103m│
[39m  [38;5;103m│[39m [38;5;103mAPI Key | dummy-model (/model to change)[39m                                 [38;5;103m│
[39m  [38;5;103m│[39m [38;5;103m/root/verify/pr9273/e2e/qproj[39m                                            [38;5;103m│
[39m  [38;5;103m└──────────────────────────────────────────────────────────────────────────┘
[39m  [38;5;103mTips: You can run any shell commands from Qwen Code using ! (e.g. !ls).

[38;5;153m────────────────────────────────────────────────────────────────────────────────
> [4m[39m [0m[38;5;103m Type your message or @path/to/file
[38;5;153m────────────────────────────────────────────────────────────────────────────────
[39m  [38;5;183m➜ qproj · dummy-model
[39m  [38;5;153mAuto mode[38;5;103m (shift + tab to cycle)











