model listening 18167
tap 18166 -> 18165
harness pid=473700 dist=head up after 2s log=/root/v13163/rig/run/tg7h/harness-0.log
springb pid=473744 jar=head store=http://127.0.0.1:18164 up after 25s log=/root/v13163/rig/run/tg7h/springb-0.log
spring pid=474519 jar=head store=http://127.0.0.1:18164 up after 7s log=/root/v13163/rig/run/tg7h/spring-0.log
# td-start-ws-td-head  db=tg7h  2026-10-06T13:42:21.189Z
PASS  initial Turn COMPLETED  -> abb0cca9-0a57-4930-9b72-996881e03e12
PASS  Turn recovery-blocked in the live Harness  -> Turn=RUNNING one=step-one two=null
== td-start-ws-td-head: 2 passed, 0 failed
stopped spring pid=474519 sig=TERM
spring pid=475070 jar=head store=http://127.0.0.1:18164 up after 7s log=/root/v13163/rig/run/tg7h/spring-1.log
# td-race-head-granted-ws-td-head  db=tg7h  2026-10-06T13:42:56.006Z
NOTE  can_create restored just before the cancel  -> so the Broker admits the passive re-acquire
NOTE  creator cancel after the Spring restart (create still revoked)  -> 202 accepted
NOTE  Broker acquire answered (answer held by the tap)  -> at +32036 ms status=200 held=6000 ms
NOTE  concurrent teardown DELETE /session/:id straight to the Harness  -> at +32748 ms -> 409 {"error":"hosted_turn_active","code":"hosted_turn_active"}
NOTE  Turn end  -> CANCELLING  (not terminal)
NOTE  Broker calls through the tap since the cancel  -> ["POST /internal/runtime-broker/v1/tool-sessions:acquire 200 [delay-after]"]
NOTE  Spring -> Harness calls for the Session since the cancel  -> ["POST /session/:id/load 200 passive","POST /session/:id/managed-runtime/cancel 409 hosted_turn_recovery_required","POST /session/:id/managed-runtime/cancel 409 hosted_turn_recovery_required","POST /session/:id/managed-runtime/cancel 409 hosted_turn_recovery_required","POST /session/:id/managed-runtime/cancel 409 hosted_turn_recovery_required","POST /session/:id/managed-runtime/cancel 409 hosted_turn_recovery_required","POST /session/:id/managed-runtime/cancel 409 hosted_turn_recovery_required","POST /session/:id/managed-runtime/cancel 409 hosted_turn_recovery_required"]
NOTE  Harness stderr for the Session  -> ["2026-10-06T13:42:23.100Z [INFO] [DAEMON] route=POST /session/abb0cca9-0a57-4930-9b72-996881e03e12/prompt sessionId=abb0cca9-0a57-4930-9b72-996881e03e12 clientId=9587e049-f736-4922-99cf-803332a9db04 durationMs=51 status=202 request completed","2026-10-06T13:42:28.317Z [INFO] [DAEMON] route=POST /session/abb0cca9-0a57-4930-9b72-996881e03e12/prompt sessionId=abb0cca9-0a57-4930-9b72-996881e03e12 clientId=9587e049-f736-4922-99cf-803332a9db04 durationMs=48 status=202 request completed","2026-10-06T13:43:29.359Z [WARN] [DAEMON] route=DELETE /session/abb0cca9-0a57-4930-9b72-996881e03e12 sessionId=abb0cca9-0a57-4930-9b72-996881e03e12 durationMs=2 status=409 request completed","2026-10-06T13:43:34.872Z [INFO] [DAEMON] route=POST /session/abb0cca9-0a57-4930-9b72-996881e03e12/load sessionId=abb0cca9-0a57-4930-9b72-996881e03e12 durationMs=6332 status=200 request completed","2026-10-06T13:43:34.903Z [WARN] [DAEMON] route=POST /session/abb0cca9-0a57-4930-9b72-996881e03e12/managed-runtime/cancel sessionId=abb0cca9-0a57-4930-9b72-996881e03e12 clientId=9587e049-f736-4922-99cf-803332a9db04 durationMs=5 status=409 request completed","2026-10-06T13:43:36.320Z [WARN] [DAEMON] route=POST /session/abb0cca9-0a57-4930-9b72-996881e03e12/managed-runtime/cancel sessionId=abb0cca9-0a57-4930-9b72-996881e03e12 clientId=9587e049-f736-4922-99cf-803332a9db04 durationMs=2 status=409 request completed","2026-10-06T13:43:39.325Z [WARN] [DAEMON] route=POST /session/abb0cca9-0a57-4930-9b72-996881e03e12/managed-runtime/cancel sessionId=abb0cca9-0a57-4930-9b72-996881e03e12 clientId=9587e049-f736-4922-99cf-803332a9db04 durationMs=2 status=409 request completed","2026-10-06T13:43:44.330Z [WARN] [DAEMON] route=POST /session/abb0cca9-0a57-4930-9b72-996881e03e12/managed-runtime/cancel sessionId=abb0cca9-0a57-4930-9b72-996881e03e12 clientId=9587e049-f736-4922-99cf-803332a9db04 durationMs=3 status=409 request completed","2026-10-06T13:43:53.366Z [WARN] [DAEMON] route=POST /session/abb0cca9-0a57-4930-9b72-996881e03e12/managed-runtime/cancel sessionId=abb0cca9-0a57-4930-9b72-996881e03e12 clientId=9587e049-f736-4922-99cf-803332a9db04 durationMs=2 status=409 request completed","2026-10-06T13:44:10.406Z [WARN] [DAEMON] route=POST /session/abb0cca9-0a57-4930-9b72-996881e03e12/managed-runtime/cancel sessionId=abb0cca9-0a57-4930-9b72-996881e03e12 clientId=9587e049-f736-4922-99cf-803332a9db04 durationMs=3 status=409 request completed","2026-10-06T13:44:42.476Z [WARN] [DAEMON] route=POST /session/abb0cca9-0a57-4930-9b72-996881e03e12/managed-runtime/cancel sessionId=abb0cca9-0a57-4930-9b72-996881e03e12 clientId=9587e049-f736-4922-99cf-803332a9db04 durationMs=2 status=409 request completed"]
NOTE  Runtime Session records  -> [["17e41c2412be","RELEASED","3","2026-10-06 13:42:27.000000"],["118aeda690ee","READY","1","2026-10-06 13:42:28.903949"]]
NOTE  Turn 30 s after can_create restored  -> CANCELLING  (not terminal)
NOTE  Turn history  -> [["turn_777870ae410547c79d05eb8711170e16","COMPLETED","","0"],["turn_3f21e247254d46ba8d3369dabcc734b3","CANCELLING","","7"]]
== td-race-head-granted-ws-td-head: 0 passed, 0 failed
stopped spring pid=475070 sig=TERM
stopped spring-b pid=473744 sig=TERM
stopped harness pid=473700 sig=TERM
stopped model pid=473668 sig=TERM
stopped tap pid=473669 sig=TERM
stopped btap pid=473665 sig=TERM
TD-DONE 13:45:17
