=== P45 128 MiB stdout, storage unthrottled (rep 1) (23:03:52) load 26.79 44.36 55.19 :: SO=134217728 SE=4096 CAPTURE=1073741824
  A [turn] admit=202 terminal=turn_complete(end_turn) recoveryBlocked=false 29966ms
  A [side-effects] generator ran 1 time(s), wrote all output in 22483 ms; model calls 2, continuation calls 1
  A [requests] POST 137 {"200":2,"200/receipt":135} async-header=absent; status polls 0 {}; recover 0
  A [request-latency] POST ms p50 116 p90 227 max 1783 sum 20594; publication window 27352 ms
  A [ops] n/a/SUCCEEDED x135
  A [bytes stdout] 128 seg 134217728 B EXACT
  B [turn] admit=202 terminal=turn_complete(end_turn) recoveryBlocked=false 54136ms
  B [side-effects] generator ran 1 time(s), wrote all output in 45221 ms; model calls 2, continuation calls 1
  B [requests] POST 137 {"200":1,"202/PENDING":135,"200/receipt":1} async-header=1,absent; status polls 150 {"SUCCEEDED":135,"PENDING":15}; recover 0
  B [request-latency] POST ms p50 37 p90 122 max 321 sum 7966; publication window 51543 ms
  B [ops] ASYNC/SUCCEEDED x135
  B [bytes stdout] 128 seg 134217728 B EXACT
  pr4c45-1791644632: ops 135, sum time-to-receipt 46777 ms; segment median 299 ms (n=129); seal/prefix/finish seal:2058 seal:269 finish:2061
  pa45-1791644632: ops 135, sum time-to-receipt 20543 ms; segment median 117 ms (n=129); seal/prefix/finish seal:1663 seal:12 finish:1783
=== P46 128 MiB stdout, storage unthrottled (rep 2) (23:04:53) load 43.27 45.53 54.86 :: SO=134217728 SE=4096 CAPTURE=1073741824
  A [turn] admit=202 terminal=turn_complete(end_turn) recoveryBlocked=false 14416ms
  A [side-effects] generator ran 1 time(s), wrote all output in 8092 ms; model calls 2, continuation calls 1
  A [requests] POST 137 {"200":2,"200/receipt":135} async-header=absent; status polls 0 {}; recover 0
  A [request-latency] POST ms p50 35 p90 51 max 1734 sum 8372; publication window 13182 ms
  A [ops] n/a/SUCCEEDED x135
  A [bytes stdout] 128 seg 134217728 B EXACT
  B [turn] admit=202 terminal=turn_complete(end_turn) recoveryBlocked=false 53195ms
  B [side-effects] generator ran 1 time(s), wrote all output in 39484 ms; model calls 2, continuation calls 1
  B [requests] POST 137 {"200":1,"202/PENDING":135,"200/receipt":1} async-header=1,absent; status polls 170 {"SUCCEEDED":135,"PENDING":35}; recover 0
  B [request-latency] POST ms p50 26 p90 44 max 85 sum 4096; publication window 51570 ms
  B [ops] ASYNC/SUCCEEDED x135
  B [bytes stdout] 128 seg 134217728 B EXACT
  pr4c46-1791644693: ops 135, sum time-to-receipt 47676 ms; segment median 282 ms (n=129); seal/prefix/finish seal:3359 seal:311 finish:6296
  pa46-1791644693: ops 135, sum time-to-receipt 8333 ms; segment median 35 ms (n=129); seal/prefix/finish seal:1734 seal:13 finish:1544
=== P47 512 MiB stdout until the default 120 s Shell timeout (rep 1) (23:05:55) load 76.19 53.83 57.24 :: SO=536870912 SE=4096 CAPTURE=1073741824
  A [turn] admit=202 terminal=turn_complete(end_turn) recoveryBlocked=false 191298ms
  A [side-effects] generator ran 1 time(s), wrote all output in 100017 ms; model calls 2, continuation calls 1
  A [requests] POST 521 {"200":2,"200/receipt":519} async-header=absent; status polls 96 {"PENDING":94,"SUCCEEDED":2}; recover 0
  A [request-latency] POST ms p50 119 p90 223 max 44217 sum 155722; publication window 187291 ms
  A [ops] n/a/SUCCEEDED x519
  A [bytes stdout] 512 seg 536870912 B EXACT
  B [turn] admit=202 terminal=turn_complete(end_turn) recoveryBlocked=false 170029ms
  B [side-effects] generator ran 1 time(s), wrote all output in NaN ms; model calls 2, continuation calls 1
  B [requests] POST 297 {"200":1,"202/PENDING":295,"200/receipt":1} async-header=1,absent; status polls 457 {"SUCCEEDED":295,"PENDING":162}; recover 0
  B [request-latency] POST ms p50 78 p90 157 max 770 sum 29165; publication window 165715 ms
  B [ops] ASYNC/SUCCEEDED x295
  B [bytes stdout] 288 seg 301072384 B differs from oracle (partial?)
  pa47-1791644755: ops 519, sum time-to-receipt 155707 ms; segment median 119 ms (n=513); seal/prefix/finish seal:40961 seal:251 finish:44458
  pr4c47-1791644755: ops 295, sum time-to-receipt 150581 ms; segment median 343 ms (n=289); seal/prefix/finish seal:20941 seal:409 finish:21683
=== P48 512 MiB stdout until the default 120 s Shell timeout (rep 2) (23:09:35) load 59.38 70.20 64.68 :: SO=536870912 SE=4096 CAPTURE=1073741824
  A [turn] admit=202 terminal=turn_complete(end_turn) recoveryBlocked=false 193708ms
  A [side-effects] generator ran 1 time(s), wrote all output in 94984 ms; model calls 2, continuation calls 1
  A [requests] POST 521 {"200":2,"200/receipt":519} async-header=absent; status polls 110 {"PENDING":109,"SUCCEEDED":1}; recover 0
  A [request-latency] POST ms p50 114 p90 226 max 59955 sum 160056; publication window 188281 ms
  A [ops] n/a/SUCCEEDED x519
  A [bytes stdout] 512 seg 536870912 B EXACT
  B [turn] admit=202 terminal=turn_complete(end_turn) recoveryBlocked=false 179606ms
  B [side-effects] generator ran 1 time(s), wrote all output in NaN ms; model calls 2, continuation calls 1
  B [requests] POST 289 {"200":1,"202/PENDING":287,"200/receipt":1} async-header=1,absent; status polls 477 {"SUCCEEDED":287,"PENDING":190}; recover 0
  B [request-latency] POST ms p50 89 p90 187 max 768 sum 33549; publication window 175430 ms
  B [ops] ASYNC/SUCCEEDED x287
  B [bytes stdout] 280 seg 292683776 B differs from oracle (partial?)
  pa48-1791644975: ops 519, sum time-to-receipt 158860 ms; segment median 114 ms (n=513); seal/prefix/finish seal:29650 seal:45 finish:59999
  pr4c48-1791644975: ops 287, sum time-to-receipt 158633 ms; segment median 352 ms (n=281); seal/prefix/finish seal:16396 seal:501 finish:32365
## paired done 23:13:27
lat-r4b done 23:13:27
