=== 14:33:12 cancelqe-merge-1 node=v22.23.2 arm=merge (886eb4b9f2) runner=rig args= load=22.44 24.94 25.66
RIG_ARM=merge
RIG_CANCEL=B@12000
RIG_FIRST_B_MS=3000
RIG_FOLLOWUP_EAGER=1
RIG_FOLLOWUP=B
RIG_HOLD_A_MS=30000
RIG_LOG_DIR=/Users/wenshao/pr13366-rig/out/runs/cancelqe-merge-1
RIG_SCENARIO=cancel-queued-eager
RIG_TAP=1
[rig] {"t":268,"what":"created","label":"A","session":"b14bf6d2-a9d6-4d23-aca2-f149d97b4f20"}
[rig] {"t":298,"what":"created","label":"B","session":"98a64e86-e7ca-4593-a00c-d793f352d36c"}
[rig] {"t":979,"what":"lease","row":"ae6412f0-7d62-4381-b35e-e2d0d492c4ce 1"}
[rig] {"t":12055,"what":"cancel","label":"B","turn":"turn_c5834eda9045454a86336629d26ca8a3","turnStatus":"running","status":202,"body":"{\"session_id\":\"98a64e86-e7ca-4593-a00c-d793f352d36c\",\"turn_id\":\"turn_c5834eda9045454a86336629d26ca8a3\",\"status\":\"accepted\",\"replayed\":false}"}
[rig] {"t":12350,"what":"terminal","label":"B","type":"turn.cancelled","data":"{\"stopReason\":\"cancelled\"}"}
[rig] {"t":12363,"what":"followup","label":"B2","status":202}
[rig] {"t":31587,"what":"lease","row":"cd763495-d706-420f-918a-244e4d884894 1"}
[rig] {"t":31690,"what":"terminal","label":"A","type":"turn.completed","data":"{\"stopReason\":\"end_turn\"}"}
[rig] {"t":32224,"what":"lease","row":"- -"}
[rig] {"t":32324,"what":"terminal","label":"B2","type":"turn.completed","data":"{\"stopReason\":\"end_turn\"}"}
RIG_RESULT {"arm":"merge","scenario":"cancel-queued-eager","order":["A","B"],"terminals":{"A":{"type":"turn.completed","atMs":31690,"text":"SECOND_SESSION_A_DONE"},"B":{"type":"turn.cancelled","atMs":12350,"text":""},"B2":{"type":"turn.completed","atMs":32324,"text":"SECOND_SESSION_B2_DONE"}},"turns":{"A":[{"status":"completed"}],"B":[{"status":"completed"},{"status":"cancelled"}]},"files":{"A":"SECOND_A","B":null,"B2":"SECOND_B2"},"crossTalk":false,"queueNotices":2,"turnFailures":[],"toolExecutions":["SETTLED:2"],"finalLease":"- -","eventTypes":{"A":["session.created","turn.accepted","environment.provisioning","turn.started","environment.ready","item.output_text.delta","turn.completed"],"B":["session.created","turn.accepted","environment.provisioning","turn.started","environment.ready","turn.cancel.requested","turn.cancelled"],"B2":["turn.accepted","environment.provisioning","environment.ready","turn.started","item.output_text.delta","turn.completed"]},"timeline":[{"t":268,"what":"created","label":"A","session":"b14bf6d2-a9d6-4d23-aca2-f149d97b4f20"},{"t":298,"what":"created","label":"B","session":"98a64e86-e7ca-4593-a00c-d793f352d36c"},{"t":979,"what":"lease","row":"ae6412f0-7d62-4381-b35e-e2d0d492c4ce 1"},{"t":12055,"what":"cancel","label":"B","turn":"turn_c5834eda9045454a86336629d26ca8a3","turnStatus":"running","status":202,"body":"{\"session_id\":\"98a64e86-e7ca-4593-a00c-d793f352d36c\",\"turn_id\":\"turn_c5834eda9045454a86336629d26ca8a3\",\"status\":\"accepted\",\"replayed\":false}"},{"t":12350,"what":"terminal","label":"B","type":"turn.cancelled","data":"{\"stopReason\":\"cancelled\"}"},{"t":12363,"what":"followup","label":"B2","status":202},{"t":31587,"what":"lease","row":"cd763495-d706-420f-918a-244e4d884894 1"},{"t":31690,"what":"terminal","label":"A","type":"turn.completed","data":"{\"stopReason\":\"end_turn\"}"},{"t":32224,"what":"lease","row":"- -"},{"t":32324,"what":"terminal","label":"B2","type":"turn.completed","data":"{\"stopReason\":\"end_turn\"}"}]}
[cancelqe-merge-1] exit=0 wall=47s
