# recover-reboot-resume  db=r3h-boot arm=head  2026-10-10T15:22:05.662Z
PASS  [reboot] boot identity changed (actual OS reboot) and machine-id unchanged  -> {"before":"e7557259-e7d5-4b09-9e3e-41e0acaf953e","after":"5287d54d-8e83-4950-b9e8-16ad905dffd3"}
restart: harness pid=92 up after 3s log=/Users/wenshao/pr13673-rig/run/r3h-boot/harness-1.log | spring pid=133 up after 5s log=/Users/wenshao/pr13673-rig/run/r3h-boot/spring-1.log
NOTE  operation timeline after the fault (state/delivery/error/claim)  -> ["+0.2s RUNNING/LEASED//g1","+26.4s COMPLETED/CONFIRMED//g2"]
PASS  [reboot] original operation COMPLETED and target DELETED within 180s of the fault  -> {"op":{"state":"COMPLETED","err":"","gen":2,"attempts":0},"session":"DELETED","ms":26382}
PASS  [reboot] End and Delete command Hooks each executed exactly once (no replay)  -> ["SessionEnd:ran@15:21:37.487","SessionDelete:ran@15:21:38.355"]
PASS  [reboot] effect receipt bytes unchanged  -> {"same":true}
PASS  [reboot] exactly one retirement row  -> [{"op":"op_a7028ff363534d84bf5c36371f7ef86c","generation":1}]
PASS  [reboot] original binding/generation/handle/seed/lease kept, no replacement generation  -> {"bindings":[{"id":"da9b3e8e-c28","gen":1,"state":"RELEASED","drainReq":1,"drainRcpt":1,"opGen":2}]}
PASS  [reboot] binding drained with a persisted stop receipt for the original resource  -> {"state":"RELEASED","drainRcpt":1,"receipt":{"handleKind":"local-process","handle":"{\"resourceId\":\"85b549714f793ba3112f28a96467687481c97a145ecc012c1fa20e70cab89c6b\",\"hostId\":\"34d75b12038d43be99419f1f606aa520\",\"bootId\":\"e7557259-e7d5-4b09-9e3e-41e0acaf953e\",\"pidNamespace\":\"pid:[4026532507]\",\"timeNamespace\":\"time:[4026532571]\",\"identityDigest\":\"27ff9bd5b9752c3f5623d0e3283c9f037f9ea58da31261879d0691ec15ad5db1\"}","generation":1,"version":1,"provisionRequestId":"da9b3e8e-c281-497d-9786-19704015f67e:1","stoppedAt":"2026-10-10T15:22:37.974190725Z","handleVersion":2,"bindingId":"da9b3e8e-c281-497d-9786-19704015f67e"}}
PASS  [reboot] all original RuntimeSessions RELEASED  -> ["hooks-activation-4d32000866e:bootstrap:RELEASED"]
PASS  [reboot] storage holder cleared (no LOCAL holder row still held)  -> [{"st":null,"held":0,"b":null,"g":null,"rs":null},{"st":null,"held":0,"b":null,"g":null,"rs":null}]
PASS  [reboot] original target worker process gone (pid 7655)  -> {"before":{"binding":"da9b3e8e-c281-497d-9786-19704015f67e","bstate":"READY","rid":"85b549714f79","pid":7655,"regState":"READY","regFiles":"json,lock,ready","pidAlive":true},"after":{"binding":"da9b3e8e-c281-497d-9786-19704015f67e","bstate":"RELEASED","rid":"85b549714f79","pid":7655,"regState":"RETIRED","regFiles":"json,lock,ready","pidAlive":false}}
PASS  [reboot] no replacement worker for the target  -> []
PASS  [reboot] no model replay after the fault  -> {"atFault":6,"now":6}
PASS  [reboot] shared workspace files byte-identical (target + neighbor files kept)  -> {"before":{"neighbor-mv2jl2lx.txt":"fc2543d5dcb3ebf4","target-mv2jl4c4.txt":"3dc0db889344edf0"},"after":{"neighbor-mv2jl2lx.txt":"fc2543d5dcb3ebf4","target-mv2jl4c4.txt":"3dc0db889344edf0"}}
PASS  [reboot] neighbor Session not retired  -> {"status":"ACTIVE"}
NOTE  journal head (target)  -> {"state":"DELETED","writer":"","leaseUntil":""}
NOTE  harness drain fence (target)  -> [{"phase":"DRAINING","op":"op_a7028ff363534d84bf5c36371f7ef86c","gen":1}]
NOTE  neighbor follow-up Turn after the retirement (its worker was part of the fault)  -> {"send":202,"turn":"COMPLETED","ms":5029,"timeout":false,"neighborWriterStaleRenewals":0,"cause":"ok"}
NOTE  elapsed since the reboot was ordered  -> 64.7 s
== recover-reboot-resume: 14 passed, 0 failed
