spring up after 7s
### [h10] c19 bound
# c19-rename-race-bound  db=h10  2026-10-06T11:24:17.250Z
PASS  initial Turn COMPLETED  -> 3c4d0ed4-b900-46b7-b701-1727e1d0300f
NOTE  R1 (K1 → A, Harness 500)  -> 503 hosted_harness_unavailable; K1 row FAILED
NOTE  K2 → B  -> 200 title B
NOTE  R2 (K1 → A retry, Harness call held 8 s, then 200)  -> 409 session_mutation_superseded; K1 row while held PENDING
NOTE  R3 (K1 → A retry overlapping R2, Harness 500)  -> 503 hosted_harness_unavailable; K1 row after R3 FAILED
NOTE  database title afterwards  -> title B
NOTE  title calls the Harness applied, in order  -> ["title B","title A"]
NOTE  Harness title calls with faults  -> ["title A:respond:500","title B:-:200","title A:respond:500","title A:delay:200"]
NOTE  R4 (K1 → A once more, no fault)  -> 200 title A; database title then title A; K1 row COMPLETED
== c19-rename-race-bound: 1 passed, 0 failed
### [h10] c19 unbound
# c19-rename-race-unbound  db=h10  2026-10-06T11:24:31.090Z
PASS  initial Turn COMPLETED  -> 0184d7f8-ac49-4be8-8b7b-73c4c420efb0
NOTE  R1 (K1 → A, Harness 500)  -> 503 hosted_harness_unavailable; K1 row FAILED
NOTE  K2 → B  -> 200 title B
NOTE  R2 (K1 → A retry, Harness call held 8 s, then 200)  -> 409 session_mutation_superseded; K1 row while held PENDING
NOTE  R3 (K1 → A retry overlapping R2, Harness 500)  -> 503 hosted_harness_unavailable; K1 row after R3 FAILED
NOTE  database title afterwards  -> title B
NOTE  title calls the Harness applied, in order  -> ["title B","title A"]
NOTE  Harness title calls with faults  -> ["title A:respond:500","title B:-:200","title A:respond:500","title A:delay:200"]
NOTE  R4 (K1 → A once more, no fault)  -> 200 title A; database title then title A; K1 row COMPLETED
== c19-rename-race-unbound: 1 passed, 0 failed
### [h10] c14 revoke (settle 3 s)
started 960480ef-c2ff-4e92-a591-7910f7ed40ff turn=turn_1d33972a878246faa648cf6c40f23b70 initial=COMPLETED mode=revoke
stopped spring pid=62197 sig=TERM
spring up after 6s
# c14-cold-cache-revoke-ws-ksrevoke  db=h10  2026-10-06T11:25:03.431Z
NOTE  Turn before the cancel (after the Spring restart)  -> ["turn_1d33972a878246faa648cf6c40f23b70","RUNNING","","0"]
NOTE  creator cancel after the restart  -> 202 accepted
NOTE  Turn 90 s after the cancel  -> CANCELLED  at +41483 ms
NOTE  POST /cancel calls reaching the Harness  -> [{"at":41215,"status":204}]
NOTE  other Harness calls for the Session since the restart  -> ["POST /session/:id/prompt 202","POST /session/:id/load 200","POST /session/:id/cancel 204"]
NOTE  model request  -> aborted after 60102 ms
NOTE  Turn 60 s after can_create was restored  -> CANCELLED  
NOTE  Workspace file  -> null
NOTE  Turn history  -> [["turn_1f9db55869ea437e99aae8e23c8badff","COMPLETED","","0"],["turn_1d33972a878246faa648cf6c40f23b70","CANCELLED","","0"]]
== c14-cold-cache-revoke-ws-ksrevoke: 0 passed, 0 failed
### [h10] c14 none (settle 3 s)
started 55f668d9-23be-4026-ab29-9a152c8d1ba4 turn=turn_70a5a8cbb3c94ae781d36b18ddf88f08 initial=COMPLETED mode=none
stopped spring pid=63899 sig=TERM
spring up after 4s
# c14-cold-cache-none-ws-ksnone  db=h10  2026-10-06T11:26:04.567Z
NOTE  Turn before the cancel (after the Spring restart)  -> ["turn_70a5a8cbb3c94ae781d36b18ddf88f08","RUNNING","","0"]
NOTE  creator cancel after the restart  -> 202 accepted
NOTE  Turn 90 s after the cancel  -> CANCELLED  at +44106 ms
NOTE  POST /cancel calls reaching the Harness  -> [{"at":43901,"status":204}]
NOTE  other Harness calls for the Session since the restart  -> ["POST /session/:id/prompt 202","POST /session/:id/load 200","POST /session/:id/cancel 204"]
NOTE  model request  -> aborted after 60662 ms
NOTE  Turn 60 s after can_create was restored  -> CANCELLED  
NOTE  Workspace file  -> null
NOTE  Turn history  -> [["turn_2eb0240a58c9461f8b05a44600a7c0b0","COMPLETED","","0"],["turn_70a5a8cbb3c94ae781d36b18ddf88f08","CANCELLED","","0"]]
== c14-cold-cache-none-ws-ksnone: 0 passed, 0 failed
stopped spring pid=67552 sig=TERM
stopped harness pid=62128 sig=TERM
stopped model pid=62106 sig=TERM
stopped tap pid=62107 sig=TERM
spring up after 5s
### [b10] c19 bound
# c19-rename-race-bound  db=b10  2026-10-06T11:27:07.619Z
PASS  initial Turn COMPLETED  -> 68d37311-fcc5-47b8-9fd3-fe285726f009
NOTE  R1 (K1 → A, Harness 500)  -> 503 hosted_harness_unavailable; K1 row FAILED
NOTE  K2 → B  -> 200 title B
NOTE  R2 (K1 → A retry, Harness call held 8 s, then 200)  -> 200 title A; K1 row while held PENDING
NOTE  R3 (K1 → A retry overlapping R2, Harness 500)  -> 503 hosted_harness_unavailable; K1 row after R3 FAILED
NOTE  database title afterwards  -> title A
NOTE  title calls the Harness applied, in order  -> ["title B","title A"]
NOTE  Harness title calls with faults  -> ["title A:respond:500","title B:-:200","title A:respond:500","title A:delay:200"]
NOTE  R4 (K1 → A once more, no fault)  -> 200 title A; database title then title A; K1 row COMPLETED
== c19-rename-race-bound: 1 passed, 0 failed
### [b10] c19 unbound
# c19-rename-race-unbound  db=b10  2026-10-06T11:27:20.439Z
PASS  initial Turn COMPLETED  -> f5dc1915-5673-4f36-9883-9ce80c135184
NOTE  R1 (K1 → A, Harness 500)  -> 503 hosted_harness_unavailable; K1 row FAILED
NOTE  K2 → B  -> 200 title B
NOTE  R2 (K1 → A retry, Harness call held 8 s, then 200)  -> 200 title A; K1 row while held PENDING
NOTE  R3 (K1 → A retry overlapping R2, Harness 500)  -> 503 hosted_harness_unavailable; K1 row after R3 FAILED
NOTE  database title afterwards  -> title A
NOTE  title calls the Harness applied, in order  -> ["title B","title A"]
NOTE  Harness title calls with faults  -> ["title A:respond:500","title B:-:200","title A:respond:500","title A:delay:200"]
NOTE  R4 (K1 → A once more, no fault)  -> 200 title A; database title then title A; K1 row COMPLETED
== c19-rename-race-unbound: 1 passed, 0 failed
stopped spring pid=70904 sig=TERM
stopped harness pid=70855 sig=TERM
stopped model pid=70831 sig=TERM
stopped tap pid=70832 sig=TERM
RERUN10-DONE 11:27:32
