
 RUN  v3.2.7 pr12463-head/packages/core
      Coverage enabled with v8

 ✓ src/permissions/destructive-commands.test.ts (31 tests) 8ms
 ✓ src/permissions/autoMode.test.ts (98 tests) 59ms
 ✓ src/followup/speculationToolGate.test.ts (32 tests) 61ms
 ✓ src/agents/backends/InProcessBackend.test.ts (51 tests) 115ms
 ✓ src/tools/shell.session-commit-tracking.test.ts (11 tests) 704ms
 ✓ src/tools/shell.backgroundStatus.test.ts (3 tests) 1867ms
   ✓ background shell status sidecar (integration, real spawn) > reports running (with pid) while a quiet child keeps the output file empty, then completed  1652ms
 ✓ src/core/coreToolScheduler.test.ts (442 tests) 2969ms
 ✓ src/config/config.test.ts (825 tests) 4637ms
   ✓ Server Config (config.ts) > bounds the re-assert retry and is a no-op with no registration  506ms
   ✓ Server Config (config.ts) > gives up on the peer inbox advertise after a bounded retry  504ms
 ✓ src/tools/shell.test.ts (360 tests) 4406ms

 Test Files  9 passed (9)
      Tests  1853 passed (1853)
   Start at  21:20:10
   Duration  11.98s (transform 8.58s, setup 189ms, collect 33.94s, tests 14.83s, environment 2ms, prepare 883ms)

JUNIT report written to pr12463-head/packages/core/junit.xml
 % Coverage report from v8
