# p1-delete  db=h1 arm=head  2026-10-05T15:21:54.018Z
PASS  [public-0-muveeb9b] setup: both Sessions ACTIVE with live workers  -> {"s":{"binding":"290c301d-9805-4ca3-a215-31d853ebf941","bstate":"READY","rid":"989a22359062","pid":416,"regState":"READY","regFiles":"json,lock,ready","pidAlive":true},"n":{"binding":"ad8c5d3c-52bb-488d-92fb-919ff6240aa6","bstate":"READY","rid":"8564bdead887","pid":417,"regState":"READY","regFiles":"json,lock,ready","pidAlive":true}}
PASS  [public-0-muveeb9b] capability delete=true  -> {"close":true,"archive":false,"unarchive":false,"delete":true,"lifecycle":false}
PASS  [public-0-muveeb9b] DELETE accepted 202 with operation  -> 202 op=op_c20c3e84e21b4f6192baa252114d4a21 
PASS  [public-0-muveeb9b] operation completed  -> completed after 161 ms
PASS  [public-0-muveeb9b] op row COMPLETED proto=1 effects receipt saved, receipt id  -> {"kind":"DELETE","state":"COMPLETED","delivery":"CONFIRMED","before_":"ACTIVE","receipt":"rcpt_ecbd407cc10c4da8b419e915f53b32fd","gen":1,"attempts":0,"err":"","proto":1,"effects":1}
PASS  [public-0-muveeb9b] Session DELETED tombstone (deleted_at set)  -> {"mid":"DELETING","final":"DELETED","deleted_at":1791213716399}
PASS  [public-0-muveeb9b] retirement row written  -> [{"op":"op_c20c3e84e21b4f6192baa252114d4a21","generation":1}]
PASS  [public-0-muveeb9b] original worker stopped (pid gone), registration RETIRED, binding RELEASED with drain receipt  -> {"w0pid":416,"w1":{"binding":"290c301d-9805-4ca3-a215-31d853ebf941","bstate":"RELEASED","rid":"989a22359062","pid":416,"regState":"RETIRED","regFiles":"json,lock,ready","pidAlive":false},"binds":[{"state":"RELEASED","stopEv":0,"drainRcpt":1}]}
PASS  [public-0-muveeb9b] Session hidden after delete (404)  -> 404 session_not_found
PASS  [public-0-muveeb9b] completed operation still readable  -> 200 completed
PASS  [public-0-muveeb9b] Harness wire: lifecycle-authorized detach, no legacy DELETE /session (no-catalog Session: no-Hook receipt from Store, no /lifecycle call)  -> ["POST /session/:id/detach -> 204 auth=op_c20c3e84/g1"]
PASS  [public-0-muveeb9b] replay same key -> same operation  -> 202 op_c20c3e84e21b4f6192baa252114d4a21 replay=undefined
PASS  [public-0-muveeb9b] shared files intact (deleted Session's file + neighbour's file)
PASS  [public-0-muveeb9b] neighbour unaffected: worker alive, new Turn completes, new file written  -> {"nw1":{"binding":"ad8c5d3c-52bb-488d-92fb-919ff6240aa6","bstate":"READY","rid":"8564bdead887","pid":417,"regState":"READY","regFiles":"json,lock,ready","pidAlive":true},"input":202,"last":{"turn_id":"turn_82ad0e9ec4fd4b7ba09b9081599afe63","status":"COMPLETED","err":""}}
NOTE  [public-0-muveeb9b] last events  -> ["item.output_text.delta","turn.completed","session.delete.requested","session.deleted"]
PASS  [public-1-muveee40] setup: both Sessions ACTIVE with live workers  -> {"s":{"binding":"0b85795b-8537-4274-81e5-b71ff289a76a","bstate":"READY","rid":"4f0319700e76","pid":443,"regState":"READY","regFiles":"json,lock,ready","pidAlive":true},"n":{"binding":"2b2b1748-c70f-4186-b873-d37769a204ed","bstate":"READY","rid":"a84add9c015e","pid":444,"regState":"READY","regFiles":"json,lock,ready","pidAlive":true}}
PASS  [public-1-muveee40] capability delete=true  -> {"close":true,"archive":false,"unarchive":false,"delete":true,"lifecycle":false}
PASS  [public-1-muveee40] DELETE accepted 202 with operation  -> 202 op=op_57a57ba635df430c96796dc79bc5b7fa 
PASS  [public-1-muveee40] operation completed  -> completed after 160 ms
PASS  [public-1-muveee40] op row COMPLETED proto=1 effects receipt saved, receipt id  -> {"kind":"DELETE","state":"COMPLETED","delivery":"CONFIRMED","before_":"ACTIVE","receipt":"rcpt_08617561f05f497db23f7b61f912a830","gen":1,"attempts":0,"err":"","proto":1,"effects":1}
PASS  [public-1-muveee40] Session DELETED tombstone (deleted_at set)  -> {"mid":"DELETING","final":"DELETED","deleted_at":1791213720069}
PASS  [public-1-muveee40] retirement row written  -> [{"op":"op_57a57ba635df430c96796dc79bc5b7fa","generation":1}]
PASS  [public-1-muveee40] original worker stopped (pid gone), registration RETIRED, binding RELEASED with drain receipt  -> {"w0pid":443,"w1":{"binding":"0b85795b-8537-4274-81e5-b71ff289a76a","bstate":"RELEASED","rid":"4f0319700e76","pid":443,"regState":"RETIRED","regFiles":"json,lock,ready","pidAlive":false},"binds":[{"state":"RELEASED","stopEv":0,"drainRcpt":1}]}
PASS  [public-1-muveee40] Session hidden after delete (404)  -> 404 session_not_found
PASS  [public-1-muveee40] completed operation still readable  -> 200 completed
PASS  [public-1-muveee40] Harness wire: lifecycle-authorized detach, no legacy DELETE /session (no-catalog Session: no-Hook receipt from Store, no /lifecycle call)  -> ["POST /session/:id/detach -> 204 auth=op_57a57ba6/g1"]
PASS  [public-1-muveee40] replay same key -> same operation  -> 202 op_57a57ba635df430c96796dc79bc5b7fa replay=undefined
PASS  [public-1-muveee40] shared files intact (deleted Session's file + neighbour's file)
PASS  [public-1-muveee40] neighbour unaffected: worker alive, new Turn completes, new file written  -> {"nw1":{"binding":"2b2b1748-c70f-4186-b873-d37769a204ed","bstate":"READY","rid":"a84add9c015e","pid":444,"regState":"READY","regFiles":"json,lock,ready","pidAlive":true},"input":202,"last":{"turn_id":"turn_5232058d58cd4b1c80e9856783484024","status":"COMPLETED","err":""}}
NOTE  [public-1-muveee40] last events  -> ["item.output_text.delta","turn.completed","session.delete.requested","session.deleted"]
PASS  [public-2-muveegs5] setup: both Sessions ACTIVE with live workers  -> {"s":{"binding":"8cbe6e43-56bc-4349-b28b-bd6010190da9","bstate":"READY","rid":"aa058a03d5fe","pid":469,"regState":"READY","regFiles":"json,lock,ready","pidAlive":true},"n":{"binding":"d8bf8869-0bc3-42d1-a5dd-64abf5397a26","bstate":"READY","rid":"6de72d5426d1","pid":470,"regState":"READY","regFiles":"json,lock,ready","pidAlive":true}}
PASS  [public-2-muveegs5] capability delete=true  -> {"close":true,"archive":false,"unarchive":false,"delete":true,"lifecycle":false}
PASS  [public-2-muveegs5] DELETE accepted 202 with operation  -> 202 op=op_4f35fd68d9dc4e09b93875ad79bdb33f 
PASS  [public-2-muveegs5] operation completed  -> completed after 160 ms
PASS  [public-2-muveegs5] op row COMPLETED proto=1 effects receipt saved, receipt id  -> {"kind":"DELETE","state":"COMPLETED","delivery":"CONFIRMED","before_":"ACTIVE","receipt":"rcpt_c6e57672cb8c4893b65b9babd0d6a573","gen":1,"attempts":0,"err":"","proto":1,"effects":1}
PASS  [public-2-muveegs5] Session DELETED tombstone (deleted_at set)  -> {"mid":"DELETING","final":"DELETED","deleted_at":1791213723532}
PASS  [public-2-muveegs5] retirement row written  -> [{"op":"op_4f35fd68d9dc4e09b93875ad79bdb33f","generation":1}]
PASS  [public-2-muveegs5] original worker stopped (pid gone), registration RETIRED, binding RELEASED with drain receipt  -> {"w0pid":469,"w1":{"binding":"8cbe6e43-56bc-4349-b28b-bd6010190da9","bstate":"RELEASED","rid":"aa058a03d5fe","pid":469,"regState":"RETIRED","regFiles":"json,lock,ready","pidAlive":false},"binds":[{"state":"RELEASED","stopEv":0,"drainRcpt":1}]}
PASS  [public-2-muveegs5] Session hidden after delete (404)  -> 404 session_not_found
PASS  [public-2-muveegs5] completed operation still readable  -> 200 completed
PASS  [public-2-muveegs5] Harness wire: lifecycle-authorized detach, no legacy DELETE /session (no-catalog Session: no-Hook receipt from Store, no /lifecycle call)  -> ["POST /session/:id/detach -> 204 auth=op_4f35fd68/g1"]
PASS  [public-2-muveegs5] replay same key -> same operation  -> 202 op_4f35fd68d9dc4e09b93875ad79bdb33f replay=undefined
PASS  [public-2-muveegs5] shared files intact (deleted Session's file + neighbour's file)
PASS  [public-2-muveegs5] neighbour unaffected: worker alive, new Turn completes, new file written  -> {"nw1":{"binding":"d8bf8869-0bc3-42d1-a5dd-64abf5397a26","bstate":"READY","rid":"6de72d5426d1","pid":470,"regState":"READY","regFiles":"json,lock,ready","pidAlive":true},"input":202,"last":{"turn_id":"turn_0fea30a72b7e4b47b729e129e0e15801","status":"COMPLETED","err":""}}
NOTE  [public-2-muveegs5] last events  -> ["item.output_text.delta","turn.completed","session.delete.requested","session.deleted"]
PASS  [web-0-muveejga] setup: both Sessions ACTIVE with live workers  -> {"s":{"binding":"72386964-1993-4ca7-9e58-c1a546b7e98e","bstate":"READY","rid":"8a52ec543415","pid":494,"regState":"READY","regFiles":"json,lock,ready","pidAlive":true},"n":{"binding":"137fe1f8-8dde-494c-b5da-d194de4e2a2b","bstate":"READY","rid":"95863e6f234a","pid":495,"regState":"READY","regFiles":"json,lock,ready","pidAlive":true}}
PASS  [web-0-muveejga] capability delete=true  -> {"close":true,"archive":false,"unarchive":false,"delete":true}
PASS  [web-0-muveejga] DELETE accepted 202 with operation  -> 202 op=op_c05256c3353c4b02a197ea8440528a8e 
PASS  [web-0-muveejga] operation completed  -> completed after 163 ms
PASS  [web-0-muveejga] op row COMPLETED proto=1 effects receipt saved, receipt id  -> {"kind":"DELETE","state":"COMPLETED","delivery":"CONFIRMED","before_":"ACTIVE","receipt":"rcpt_e13fd392cf964558b815223edf7740e6","gen":1,"attempts":0,"err":"","proto":1,"effects":1}
PASS  [web-0-muveejga] Session DELETED tombstone (deleted_at set)  -> {"mid":"DELETING","final":"DELETED","deleted_at":1791213726988}
PASS  [web-0-muveejga] retirement row written  -> [{"op":"op_c05256c3353c4b02a197ea8440528a8e","generation":1}]
PASS  [web-0-muveejga] original worker stopped (pid gone), registration RETIRED, binding RELEASED with drain receipt  -> {"w0pid":494,"w1":{"binding":"72386964-1993-4ca7-9e58-c1a546b7e98e","bstate":"RELEASED","rid":"8a52ec543415","pid":494,"regState":"RETIRED","regFiles":"json,lock,ready","pidAlive":false},"binds":[{"state":"RELEASED","stopEv":0,"drainRcpt":1}]}
PASS  [web-0-muveejga] Session hidden after delete (404)  -> 404 session_not_found
PASS  [web-0-muveejga] completed operation still readable  -> 200 completed
PASS  [web-0-muveejga] Harness wire: lifecycle-authorized detach, no legacy DELETE /session (no-catalog Session: no-Hook receipt from Store, no /lifecycle call)  -> ["POST /session/:id/detach -> 204 auth=op_c05256c3/g1"]
PASS  [web-0-muveejga] replay same key -> same operation  -> 202 op_c05256c3353c4b02a197ea8440528a8e replay=undefined
PASS  [web-0-muveejga] shared files intact (deleted Session's file + neighbour's file)
PASS  [web-0-muveejga] neighbour unaffected: worker alive, new Turn completes, new file written  -> {"nw1":{"binding":"137fe1f8-8dde-494c-b5da-d194de4e2a2b","bstate":"READY","rid":"95863e6f234a","pid":495,"regState":"READY","regFiles":"json,lock,ready","pidAlive":true},"input":202,"last":{"turn_id":"turn_607064c0cf8743f19aa842052004d548","status":"COMPLETED","err":""}}
NOTE  [web-0-muveejga] last events  -> ["item.output_text.delta","turn.completed","session.delete.requested","session.deleted"]
PASS  [web-1-muveelyz] setup: both Sessions ACTIVE with live workers  -> {"s":{"binding":"aae53c92-d755-40dc-954c-da520c1ca9bd","bstate":"READY","rid":"1328b2cddd12","pid":521,"regState":"READY","regFiles":"json,lock,ready","pidAlive":true},"n":{"binding":"d5bb1b7c-0afa-4e68-8875-4f5bfba63649","bstate":"READY","rid":"8a9b64239aec","pid":522,"regState":"READY","regFiles":"json,lock,ready","pidAlive":true}}
PASS  [web-1-muveelyz] capability delete=true  -> {"close":true,"archive":false,"unarchive":false,"delete":true}
PASS  [web-1-muveelyz] DELETE accepted 202 with operation  -> 202 op=op_99f1a93a50cd48e683a3ce7f75d8ef8f 
PASS  [web-1-muveelyz] operation completed  -> completed after 163 ms
PASS  [web-1-muveelyz] op row COMPLETED proto=1 effects receipt saved, receipt id  -> {"kind":"DELETE","state":"COMPLETED","delivery":"CONFIRMED","before_":"ACTIVE","receipt":"rcpt_7956c84c12da44e8ad9c90b0d531e9cb","gen":1,"attempts":0,"err":"","proto":1,"effects":1}
PASS  [web-1-muveelyz] Session DELETED tombstone (deleted_at set)  -> {"mid":"DELETING","final":"DELETED","deleted_at":1791213730263}
PASS  [web-1-muveelyz] retirement row written  -> [{"op":"op_99f1a93a50cd48e683a3ce7f75d8ef8f","generation":1}]
PASS  [web-1-muveelyz] original worker stopped (pid gone), registration RETIRED, binding RELEASED with drain receipt  -> {"w0pid":521,"w1":{"binding":"aae53c92-d755-40dc-954c-da520c1ca9bd","bstate":"RELEASED","rid":"1328b2cddd12","pid":521,"regState":"RETIRED","regFiles":"json,lock,ready","pidAlive":false},"binds":[{"state":"RELEASED","stopEv":0,"drainRcpt":1}]}
PASS  [web-1-muveelyz] Session hidden after delete (404)  -> 404 session_not_found
PASS  [web-1-muveelyz] completed operation still readable  -> 200 completed
PASS  [web-1-muveelyz] Harness wire: lifecycle-authorized detach, no legacy DELETE /session (no-catalog Session: no-Hook receipt from Store, no /lifecycle call)  -> ["POST /session/:id/detach -> 204 auth=op_99f1a93a/g1"]
PASS  [web-1-muveelyz] replay same key -> same operation  -> 202 op_99f1a93a50cd48e683a3ce7f75d8ef8f replay=undefined
PASS  [web-1-muveelyz] shared files intact (deleted Session's file + neighbour's file)
PASS  [web-1-muveelyz] neighbour unaffected: worker alive, new Turn completes, new file written  -> {"nw1":{"binding":"d5bb1b7c-0afa-4e68-8875-4f5bfba63649","bstate":"READY","rid":"8a9b64239aec","pid":522,"regState":"READY","regFiles":"json,lock,ready","pidAlive":true},"input":202,"last":{"turn_id":"turn_941b5f06d4d8404ead5348574d87c91f","status":"COMPLETED","err":""}}
NOTE  [web-1-muveelyz] last events  -> ["item.output_text.delta","turn.completed","session.delete.requested","session.deleted"]
PASS  [web-2-muveeomz] setup: both Sessions ACTIVE with live workers  -> {"s":{"binding":"0aa39c39-2956-4bcc-99f7-ecbc52798731","bstate":"READY","rid":"e8d74143902e","pid":546,"regState":"READY","regFiles":"json,lock,ready","pidAlive":true},"n":{"binding":"ba3cd312-4e7b-4c7f-a09f-36aa70612d06","bstate":"READY","rid":"bf8c0dc31f29","pid":547,"regState":"READY","regFiles":"json,lock,ready","pidAlive":true}}
PASS  [web-2-muveeomz] capability delete=true  -> {"close":true,"archive":false,"unarchive":false,"delete":true}
PASS  [web-2-muveeomz] DELETE accepted 202 with operation  -> 202 op=op_c386766ddf4247b685469076aea7e6ef 
PASS  [web-2-muveeomz] operation completed  -> completed after 159 ms
PASS  [web-2-muveeomz] op row COMPLETED proto=1 effects receipt saved, receipt id  -> {"kind":"DELETE","state":"COMPLETED","delivery":"CONFIRMED","before_":"ACTIVE","receipt":"rcpt_35ff04b40e8547baa135cbd99a1171fe","gen":1,"attempts":0,"err":"","proto":1,"effects":1}
PASS  [web-2-muveeomz] Session DELETED tombstone (deleted_at set)  -> {"mid":"DELETING","final":"DELETED","deleted_at":1791213733722}
PASS  [web-2-muveeomz] retirement row written  -> [{"op":"op_c386766ddf4247b685469076aea7e6ef","generation":1}]
PASS  [web-2-muveeomz] original worker stopped (pid gone), registration RETIRED, binding RELEASED with drain receipt  -> {"w0pid":546,"w1":{"binding":"0aa39c39-2956-4bcc-99f7-ecbc52798731","bstate":"RELEASED","rid":"e8d74143902e","pid":546,"regState":"RETIRED","regFiles":"json,lock,ready","pidAlive":false},"binds":[{"state":"RELEASED","stopEv":0,"drainRcpt":1}]}
PASS  [web-2-muveeomz] Session hidden after delete (404)  -> 404 session_not_found
PASS  [web-2-muveeomz] completed operation still readable  -> 200 completed
PASS  [web-2-muveeomz] Harness wire: lifecycle-authorized detach, no legacy DELETE /session (no-catalog Session: no-Hook receipt from Store, no /lifecycle call)  -> ["POST /session/:id/detach -> 204 auth=op_c386766d/g1"]
PASS  [web-2-muveeomz] replay same key -> same operation  -> 202 op_c386766ddf4247b685469076aea7e6ef replay=undefined
PASS  [web-2-muveeomz] shared files intact (deleted Session's file + neighbour's file)
PASS  [web-2-muveeomz] neighbour unaffected: worker alive, new Turn completes, new file written  -> {"nw1":{"binding":"ba3cd312-4e7b-4c7f-a09f-36aa70612d06","bstate":"READY","rid":"bf8c0dc31f29","pid":547,"regState":"READY","regFiles":"json,lock,ready","pidAlive":true},"input":202,"last":{"turn_id":"turn_74b99f5a04824e7eb349773e025513a9","status":"COMPLETED","err":""}}
NOTE  [web-2-muveeomz] last events  -> ["item.output_text.delta","turn.completed","session.delete.requested","session.deleted"]
== p1-delete: 84 passed, 0 failed
