[fuzz] arm=42a059af96 cases=3000 already fitting=1282 with a cut=1152 progress evicted=886 display stubbed=356 hooks dropped=199 llmContent stubbed=394
[fuzz] budget used by values that were cut: mean 46.4 %, lowest 0.2 %
[PASS] F1 the fitted value fits the budget
[PASS] F2 a value that fits is returned unchanged
[FAIL] F3 no lone surrogate is introduced :: 249 cases
        case 2 kind=status budget=2000: display.notices[1]: lone surrogates 0 -> 1
        case 35 kind=status budget=2566: error.message: lone surrogates 0 -> 2
        case 49 kind=execute budget=16384: llmContent: lone surrogates 0 -> 2
        case 49 kind=execute budget=16384: error.message: lone surrogates 0 -> 2
        case 61 kind=execute budget=4096: llmContent: lone surrogates 0 -> 1
[FAIL] F4 a notice counts exactly the code points it replaces :: 450 cases
        case 2 kind=status budget=2000: display.notices[1]: notice says 181, 91 code points are gone
        case 11 kind=execute budget=4096: llmContent: notice says 27277, 25257 code points are gone
        case 32 kind=status budget=16384: returnDisplay: notice says 89, 107 code points are gone
        case 35 kind=status budget=2566: error.message: notice says 147140, 73571 code points are gone
        case 49 kind=execute budget=16384: llmContent: notice says 16430, 8216 code points are gone
[FAIL] F5 what is kept is a head and a tail of the original :: 93 cases
        case 85 kind=cancel budget=2000: llmContent[0].text: kept text is not a head and a tail of the original
        case 85 kind=cancel budget=2000: error.message: kept text is not a head and a tail of the original
        case 119 kind=execute budget=65536: display.output: kept text is not a head and a tail of the original
        case 119 kind=execute budget=65536: error.message: kept text is not a head and a tail of the original
        case 130 kind=status budget=2000: display.text: kept text is not a head and a tail of the original
[FAIL] F6 llmContent becomes the stub only when cut text could not fit :: 307 cases
        case 18 kind=cancel budget=262144: llmContent became the stub although cut text would take 473 bytes
        case 26 kind=cancel budget=2000: llmContent became the stub although cut text would take 913 bytes
        case 31 kind=cancel budget=2000: llmContent became the stub although cut text would take 245 bytes
        case 36 kind=execute budget=4096: llmContent became the stub although cut text would take 241 bytes
        case 65 kind=status budget=2000: llmContent became the stub although cut text would take 290 bytes
[FAIL] F7 no field grows :: 4 cases
        case 523 kind=execute budget=2000: display.text: 216 -> 276 bytes
        case 911 kind=execute budget=65536: error.message: 105 -> 187 bytes
        case 2677 kind=status budget=4096: returnDisplay: 274 -> 278 bytes
        case 2978 kind=execute budget=2000: display.output: 266 -> 274 bytes
[PASS] threw the fitter does not throw
[SUMMARY] 3/8 checks passed
