[GROUP] X1 v1 arm=42a059af96
[X1-v1] CJK x 250,000: caller success | worker execute -> 200 745 KiB (72.8 % of the 1 MiB limit) | worker status (sent by the rig) 200
[X1-v1]     llmContent      execute, as the worker sent it: 4479 characters, 12 KiB on the wire, not cut
[X1-v1]                     execute, as the caller got it: the same text, byte for byte
[X1-v1]                     status, sent by the rig:        4479 characters, 12 KiB on the wire, not cut
[X1-v1]     display.output  execute, as the worker sent it: 250000 characters, 732 KiB on the wire, not cut
[X1-v1]                     execute, as the caller got it: the same text, byte for byte
[X1-v1]                     status, sent by the rig:        250000 characters, 732 KiB on the wire, not cut
[X1-v1]     display.text    execute, as the worker sent it: 192 characters, 0 KiB on the wire | notice: 250065 omitted | payload kept 1 + omitted 250065 = 250066 of 250000 (not exact) | lone surrogates 0 | "?" 0
[X1-v1]                     execute, as the caller got it: the same text, byte for byte
[X1-v1]                     status, sent by the rig:        192 characters, 0 KiB on the wire | notice: 250065 omitted | payload kept 1 + omitted 250065 = 250066 of 250000 (not exact) | lone surrogates 0 | "?" 0
[X1-v1]     record SETTLED/success | release ok
[X1-v1] emoji x 150,000: caller success | worker execute -> 200 867 KiB (84.6 % of the 1 MiB limit) | worker status (sent by the rig) 200
[X1-v1]     llmContent      execute, as the worker sent it: 2560 characters, 8 KiB on the wire, not cut
[X1-v1]                     execute, as the caller got it: 2560 characters, 8 KiB on the wire, not cut
[X1-v1]                     status, sent by the rig:        2560 characters, 8 KiB on the wire, not cut
[X1-v1]                     OBSERVED: the fitter did not cut this field. The worker sent it with 1 lone surrogates (core shortened the model content before the fitter saw it); the caller has 1 "?" in their place
[X1-v1]     display.output  execute, as the worker sent it: 150000 characters, 586 KiB on the wire, not cut
[X1-v1]                     execute, as the caller got it: the same text, byte for byte
[X1-v1]                     status, sent by the rig:        150000 characters, 586 KiB on the wire, not cut
[X1-v1]     display.text    execute, as the worker sent it: 69763 characters, 272 KiB on the wire | notice: 160990 omitted | payload kept 0 + omitted 160990 = 160990 of 150000 (not exact) | lone surrogates 2 | "?" 0
[X1-v1]                     execute, as the caller got it: 69763 characters, 272 KiB on the wire | notice: 160990 omitted | payload kept 0 + omitted 160990 = 160990 of 150000 (not exact) | lone surrogates 0 | "?" 2
[X1-v1]                     status, sent by the rig:        69703 characters, 272 KiB on the wire | notice: 161110 omitted | payload kept 0 + omitted 161110 = 161110 of 150000 (not exact) | lone surrogates 2 | "?" 0
[X1-v1]     record SETTLED/success | release ok
[X1-v1] one letter, then emoji x 150,000: caller success | worker execute -> 200 867 KiB (84.6 % of the 1 MiB limit) | worker status (sent by the rig) 200
[X1-v1]     llmContent      execute, as the worker sent it: 2565 characters, 8 KiB on the wire, not cut
[X1-v1]                     execute, as the caller got it: the same text, byte for byte
[X1-v1]                     status, sent by the rig:        2565 characters, 8 KiB on the wire, not cut
[X1-v1]     display.output  execute, as the worker sent it: 150001 characters, 586 KiB on the wire, not cut
[X1-v1]                     execute, as the caller got it: the same text, byte for byte
[X1-v1]                     status, sent by the rig:        150001 characters, 586 KiB on the wire, not cut
[X1-v1]     display.text    execute, as the worker sent it: 69769 characters, 272 KiB on the wire | notice: 160979 omitted | payload kept 34772 + omitted 160979 = 195751 of 150000 (not exact) | lone surrogates 1 | "?" 0
[X1-v1]                     execute, as the caller got it: 69769 characters, 272 KiB on the wire | notice: 160979 omitted | payload kept 34772 + omitted 160979 = 195751 of 150000 (not exact) | lone surrogates 0 | "?" 1
[X1-v1]                     status, sent by the rig:        69709 characters, 272 KiB on the wire | notice: 161099 omitted | payload kept 34742 + omitted 161099 = 195841 of 150000 (not exact) | lone surrogates 1 | "?" 0
[X1-v1]     record SETTLED/success | release ok
[X1-v1] ascii x 600,000: caller success | worker execute -> 200 1024 KiB (100.0 % of the 1 MiB limit) | worker status (sent by the rig) 200
[X1-v1]     llmContent      execute, as the worker sent it: 4479 characters, 4 KiB on the wire, not cut
[X1-v1]                     execute, as the caller got it: the same text, byte for byte
[X1-v1]                     status, sent by the rig:        4479 characters, 4 KiB on the wire, not cut
[X1-v1]     display.output  execute, as the worker sent it: 600000 characters, 586 KiB on the wire, not cut
[X1-v1]                     execute, as the caller got it: the same text, byte for byte
[X1-v1]                     status, sent by the rig:        600000 characters, 586 KiB on the wire, not cut
[X1-v1]     display.text    execute, as the worker sent it: 443108 characters, 433 KiB on the wire | notice: 157149 omitted | payload kept 442851 + omitted 157149 = 600000 of 600000 | lone surrogates 0 | "?" 0
[X1-v1]                     execute, as the caller got it: the same text, byte for byte
[X1-v1]                     status, sent by the rig:        442988 characters, 433 KiB on the wire | notice: 157269 omitted | payload kept 442731 + omitted 157269 = 600000 of 600000 | lone surrogates 0 | "?" 0
[X1-v1]     record SETTLED/success | release ok
[X1-v1] quote and backslash x 136,534: caller success | worker execute -> 200 972 KiB (94.9 % of the 1 MiB limit) | worker status (sent by the rig) 200
[X1-v1]     llmContent      execute, as the worker sent it: 4479 characters, 8 KiB on the wire, not cut
[X1-v1]                     execute, as the caller got it: the same text, byte for byte
[X1-v1]                     status, sent by the rig:        4479 characters, 8 KiB on the wire, not cut
[X1-v1]     display.output  execute, as the worker sent it: 273068 characters, 533 KiB on the wire, not cut
[X1-v1]                     execute, as the caller got it: the same text, byte for byte
[X1-v1]                     status, sent by the rig:        273068 characters, 533 KiB on the wire, not cut
[X1-v1]     display.text    execute, as the worker sent it: 220053 characters, 430 KiB on the wire | notice: 53271 omitted | payload kept 219797 + omitted 53271 = 273068 of 273068 | lone surrogates 0 | "?" 0
[X1-v1]                     execute, as the caller got it: the same text, byte for byte
[X1-v1]                     status, sent by the rig:        219933 characters, 429 KiB on the wire | notice: 53391 omitted | payload kept 219677 + omitted 53391 = 273068 of 273068 | lone surrogates 0 | "?" 0
[X1-v1]     record SETTLED/success | release ok
[X1-v1] two-byte letters x 300,000: caller success | worker execute -> 200 867 KiB (84.6 % of the 1 MiB limit) | worker status (sent by the rig) 200
[X1-v1]     llmContent      execute, as the worker sent it: 4479 characters, 8 KiB on the wire, not cut
[X1-v1]                     execute, as the caller got it: the same text, byte for byte
[X1-v1]                     status, sent by the rig:        4479 characters, 8 KiB on the wire, not cut
[X1-v1]     display.output  execute, as the worker sent it: 300000 characters, 586 KiB on the wire, not cut
[X1-v1]                     execute, as the caller got it: the same text, byte for byte
[X1-v1]                     status, sent by the rig:        300000 characters, 586 KiB on the wire, not cut
[X1-v1]     display.text    execute, as the worker sent it: 139268 characters, 272 KiB on the wire | notice: 160989 omitted | payload kept 139011 + omitted 160989 = 300000 of 300000 | lone surrogates 0 | "?" 0
[X1-v1]                     execute, as the caller got it: the same text, byte for byte
[X1-v1]                     status, sent by the rig:        139148 characters, 272 KiB on the wire | notice: 161109 omitted | payload kept 138891 + omitted 161109 = 300000 of 300000 | lone surrogates 0 | "?" 0
[X1-v1]     record SETTLED/success | release ok
[X1-v1] edit of a 700 KiB file: caller success | worker execute -> 200 0 KiB | llmContent the stub | display the stub | file now starts with "HEAD marker-new\nyyyy"
[PASS] X1-v1.1 every case settles and releases (7 cases) :: 7 of 7
[FAIL] X1-v1.2 every field the fitter cut reaches the caller byte for byte, with no lone surrogate :: lone surrogates 0, cut fields that differ 2, other fields that differ 1 (emoji x 150,000 / llmContent)
[FAIL] X1-v1.3 every notice counts exactly what it replaces :: 6 of 12 cut fields
[FAIL] X1-v1.4 text in three-byte characters uses the budget (more than 90 % of 1 MiB) :: 72.8 %
[FAIL] X1-v1.5 an edit of a large file keeps its llmContent; only the display becomes the stub
[GROUP] X1 v2 arm=42a059af96
[X1-v2] CJK x 250,000: caller success | worker execute -> 200 745 KiB (72.8 % of the 1 MiB limit) | worker status (sent by the rig) 200
[X1-v2]     llmContent      execute, as the worker sent it: 4479 characters, 12 KiB on the wire, not cut
[X1-v2]                     execute, as the caller got it: the same text, byte for byte
[X1-v2]                     status, sent by the rig:        4479 characters, 12 KiB on the wire, not cut
[X1-v2]     display.output  execute, as the worker sent it: 250000 characters, 732 KiB on the wire, not cut
[X1-v2]                     execute, as the caller got it: the same text, byte for byte
[X1-v2]                     status, sent by the rig:        250000 characters, 732 KiB on the wire, not cut
[X1-v2]     display.text    execute, as the worker sent it: 192 characters, 0 KiB on the wire | notice: 250065 omitted | payload kept 1 + omitted 250065 = 250066 of 250000 (not exact) | lone surrogates 0 | "?" 0
[X1-v2]                     execute, as the caller got it: the same text, byte for byte
[X1-v2]                     status, sent by the rig:        192 characters, 0 KiB on the wire | notice: 250065 omitted | payload kept 1 + omitted 250065 = 250066 of 250000 (not exact) | lone surrogates 0 | "?" 0
[X1-v2]     record SETTLED/success | release ok | storage held=false
[X1-v2] emoji x 150,000: caller success | worker execute -> 200 867 KiB (84.6 % of the 1 MiB limit) | worker status (sent by the rig) 200
[X1-v2]     llmContent      execute, as the worker sent it: 2560 characters, 8 KiB on the wire, not cut
[X1-v2]                     execute, as the caller got it: 2560 characters, 8 KiB on the wire, not cut
[X1-v2]                     status, sent by the rig:        2560 characters, 8 KiB on the wire, not cut
[X1-v2]                     OBSERVED: the fitter did not cut this field. The worker sent it with 1 lone surrogates (core shortened the model content before the fitter saw it); the caller has 1 "?" in their place
[X1-v2]     display.output  execute, as the worker sent it: 150000 characters, 586 KiB on the wire, not cut
[X1-v2]                     execute, as the caller got it: the same text, byte for byte
[X1-v2]                     status, sent by the rig:        150000 characters, 586 KiB on the wire, not cut
[X1-v2]     display.text    execute, as the worker sent it: 69761 characters, 272 KiB on the wire | notice: 160992 omitted | payload kept 69504 + omitted 160992 = 230496 of 150000 (not exact) | lone surrogates 0 | "?" 0
[X1-v2]                     execute, as the caller got it: the same text, byte for byte
[X1-v2]                     status, sent by the rig:        69701 characters, 272 KiB on the wire | notice: 161112 omitted | payload kept 69444 + omitted 161112 = 230556 of 150000 (not exact) | lone surrogates 0 | "?" 0
[X1-v2]     record SETTLED/success | release ok | storage held=false
[X1-v2] one letter, then emoji x 150,000: caller success | worker execute -> 200 867 KiB (84.6 % of the 1 MiB limit) | worker status (sent by the rig) 200
[X1-v2]     llmContent      execute, as the worker sent it: 2565 characters, 8 KiB on the wire, not cut
[X1-v2]                     execute, as the caller got it: the same text, byte for byte
[X1-v2]                     status, sent by the rig:        2565 characters, 8 KiB on the wire, not cut
[X1-v2]     display.output  execute, as the worker sent it: 150001 characters, 586 KiB on the wire, not cut
[X1-v2]                     execute, as the caller got it: the same text, byte for byte
[X1-v2]                     status, sent by the rig:        150001 characters, 586 KiB on the wire, not cut
[X1-v2]     display.text    execute, as the worker sent it: 69768 characters, 272 KiB on the wire | notice: 160981 omitted | payload kept 34738 + omitted 160981 = 195719 of 150000 (not exact) | lone surrogates 1 | "?" 0
[X1-v2]                     execute, as the caller got it: 69768 characters, 272 KiB on the wire | notice: 160981 omitted | payload kept 34738 + omitted 160981 = 195719 of 150000 (not exact) | lone surrogates 0 | "?" 1
[X1-v2]                     status, sent by the rig:        69708 characters, 272 KiB on the wire | notice: 161101 omitted | payload kept 34708 + omitted 161101 = 195809 of 150000 (not exact) | lone surrogates 1 | "?" 0
[X1-v2]     record SETTLED/success | release ok | storage held=false
[X1-v2] ascii x 600,000: caller success | worker execute -> 200 1024 KiB (100.0 % of the 1 MiB limit) | worker status (sent by the rig) 200
[X1-v2]     llmContent      execute, as the worker sent it: 4479 characters, 4 KiB on the wire, not cut
[X1-v2]                     execute, as the caller got it: the same text, byte for byte
[X1-v2]                     status, sent by the rig:        4479 characters, 4 KiB on the wire, not cut
[X1-v2]     display.output  execute, as the worker sent it: 600000 characters, 586 KiB on the wire, not cut
[X1-v2]                     execute, as the caller got it: the same text, byte for byte
[X1-v2]                     status, sent by the rig:        600000 characters, 586 KiB on the wire, not cut
[X1-v2]     display.text    execute, as the worker sent it: 443106 characters, 433 KiB on the wire | notice: 157151 omitted | payload kept 442849 + omitted 157151 = 600000 of 600000 | lone surrogates 0 | "?" 0
[X1-v2]                     execute, as the caller got it: the same text, byte for byte
[X1-v2]                     status, sent by the rig:        442986 characters, 433 KiB on the wire | notice: 157271 omitted | payload kept 442729 + omitted 157271 = 600000 of 600000 | lone surrogates 0 | "?" 0
[X1-v2]     record SETTLED/success | release ok | storage held=false
[X1-v2] quote and backslash x 136,534: caller success | worker execute -> 200 972 KiB (94.9 % of the 1 MiB limit) | worker status (sent by the rig) 200
[X1-v2]     llmContent      execute, as the worker sent it: 4479 characters, 8 KiB on the wire, not cut
[X1-v2]                     execute, as the caller got it: the same text, byte for byte
[X1-v2]                     status, sent by the rig:        4479 characters, 8 KiB on the wire, not cut
[X1-v2]     display.output  execute, as the worker sent it: 273068 characters, 533 KiB on the wire, not cut
[X1-v2]                     execute, as the caller got it: the same text, byte for byte
[X1-v2]                     status, sent by the rig:        273068 characters, 533 KiB on the wire, not cut
[X1-v2]     display.text    execute, as the worker sent it: 220051 characters, 430 KiB on the wire | notice: 53273 omitted | payload kept 219795 + omitted 53273 = 273068 of 273068 | lone surrogates 0 | "?" 0
[X1-v2]                     execute, as the caller got it: the same text, byte for byte
[X1-v2]                     status, sent by the rig:        219931 characters, 429 KiB on the wire | notice: 53393 omitted | payload kept 219675 + omitted 53393 = 273068 of 273068 | lone surrogates 0 | "?" 0
[X1-v2]     record SETTLED/success | release ok | storage held=false
[X1-v2] two-byte letters x 300,000: caller success | worker execute -> 200 867 KiB (84.6 % of the 1 MiB limit) | worker status (sent by the rig) 200
[X1-v2]     llmContent      execute, as the worker sent it: 4479 characters, 8 KiB on the wire, not cut
[X1-v2]                     execute, as the caller got it: the same text, byte for byte
[X1-v2]                     status, sent by the rig:        4479 characters, 8 KiB on the wire, not cut
[X1-v2]     display.output  execute, as the worker sent it: 300000 characters, 586 KiB on the wire, not cut
[X1-v2]                     execute, as the caller got it: the same text, byte for byte
[X1-v2]                     status, sent by the rig:        300000 characters, 586 KiB on the wire, not cut
[X1-v2]     display.text    execute, as the worker sent it: 139266 characters, 272 KiB on the wire | notice: 160991 omitted | payload kept 139009 + omitted 160991 = 300000 of 300000 | lone surrogates 0 | "?" 0
[X1-v2]                     execute, as the caller got it: the same text, byte for byte
[X1-v2]                     status, sent by the rig:        139146 characters, 272 KiB on the wire | notice: 161111 omitted | payload kept 138889 + omitted 161111 = 300000 of 300000 | lone surrogates 0 | "?" 0
[X1-v2]     record SETTLED/success | release ok | storage held=false
[X1-v2] edit of a 700 KiB file: caller success | worker execute -> 200 0 KiB | llmContent the stub | display the stub | file now starts with "HEAD marker-new\nyyyy"
[PASS] X1-v2.1 every case settles and releases (7 cases) :: 7 of 7
[FAIL] X1-v2.2 every field the fitter cut reaches the caller byte for byte, with no lone surrogate :: lone surrogates 0, cut fields that differ 1, other fields that differ 1 (emoji x 150,000 / llmContent)
[FAIL] X1-v2.3 every notice counts exactly what it replaces :: 6 of 12 cut fields
[FAIL] X1-v2.4 text in three-byte characters uses the budget (more than 90 % of 1 MiB) :: 72.8 %
[FAIL] X1-v2.5 an edit of a large file keeps its llmContent; only the display becomes the stub
[SUMMARY] 2/10 checks passed — failed: X1-v1.2, X1-v1.3, X1-v1.4, X1-v1.5, X1-v2.2, X1-v2.3, X1-v2.4, X1-v2.5
