[GROUP] X2 v1 arm=42a059af96
[X2-v1] lowercase UUID v4          f1bf248f-cec3-4eac-a9f2-88a60190d747         acquire 200 | raw work: SETTLED/success | release 200 | Session now RELEASED
[X2-v1] uppercase UUID v4          05FC537E-91B1-4A6C-9A06-A09F0B7454D5         acquire 200 | raw work: SETTLED/success | release 200 | Session now RELEASED
[X2-v1] UUID version 7             79ed2804-94c7-7a74-b797-d8d3b01006d3         acquire 200 | raw work: SETTLED/success | release 200 | Session now RELEASED
[X2-v1] not a UUID                 rig-session-1790658536231294                 acquire 200 | raw work: SETTLED/success | release 200 | Session now RELEASED
[X2-v1] dot, underscore, hyphen    rig.a_b-c.1790658537113108                   acquire 200 | raw work: SETTLED/success | release 200 | Session now RELEASED
[X2-v1] leading dot                .rig-1790658537976594                        acquire 200 | raw work: SETTLED/success | release 200 | Session now RELEASED
[X2-v1] trailing dot               rig-1790658538676409.                        acquire 200 | raw work: SETTLED/success | release 200 | Session now RELEASED
[X2-v1] 512 characters             rig-1790658539498414-aaaaaaa… (512)          acquire 200 | raw work: SETTLED/success | release 200 | Session now RELEASED
[X2-v1] with a space               rig session 1790658540422152                 acquire 200 | raw work: SETTLED/success | release 200 | Session now RELEASED
[X2-v1] not ASCII                  会话-1790658541196740                          acquire 200 | raw work: SETTLED/success | release 200 | Session now RELEASED
[X2-v1] with a slash               rig/session-1790658541955650                 acquire 200 | raw work: SETTLED/success | release 404 runtime_broker_route_not_found | Session now READY
[X2-v1] with a backslash           rig\\session-1790658542630114                acquire 200 | raw work: SETTLED/success | release 400 managed_runtime_provider_invalid | Session now RELEASING | worker refusals: release -> 400 managed_runtime_provider_invalid
[X2-v1] with two dots              rig..session-1790658543321458                acquire 200 | raw work: SETTLED/success | release 400 managed_runtime_provider_invalid | Session now RELEASING | worker refusals: release -> 400 managed_runtime_provider_invalid
[X2-v1] with a control character   rig\u0001session-1790658544008719            acquire 200 | raw work: SETTLED/success | release 400 managed_runtime_provider_invalid | Session now RELEASING | worker refusals: release -> 400 managed_runtime_provider_invalid
[X2-v1] with an emoji              rig-😀-1790658544710936                      acquire 200 | raw work: SETTLED/success | release 400 managed_runtime_provider_invalid | Session now RELEASING | worker refusals: release -> 400 managed_runtime_provider_invalid
[X2-v1] a single dot               .                                            acquire 200 | raw work: SETTLED/success | release 400 managed_runtime_provider_invalid | Session now RELEASING | worker refusals: release -> 400 managed_runtime_provider_invalid
[X2-v1] two dots alone             ..                                           acquire 200 | raw work: SETTLED/success | release 400 managed_runtime_provider_invalid | Session now RELEASING | worker refusals: release -> 400 managed_runtime_provider_invalid
[X2-v1] 513 characters             rig-179065854672539-aaaaaaaa… (513)          acquire 400 runtime_broker_invalid_request "acquire request.runtimeSessionId must be a bounded non-empty" | no Session row, requests that reached a worker: 0
[X2-v1] with a colon               rig:1790658546789510                         acquire 200 | raw work: SETTLED/success | release 200 | Session now RELEASED
[X2-v1] with a percent escape      rig%2e%2e1790658547463870                    acquire 200 | raw work: SETTLED/success | release 200 | Session now RELEASED
[X2-v1] ending in a line feed      rig-1790658548120553\n                       acquire 200 | raw work: SETTLED/success | release 400 managed_runtime_provider_invalid | Session now RELEASING | worker refusals: release -> 400 managed_runtime_provider_invalid
[X2-v1] with a NUL                 rig\u00001790658548796163                    acquire 400 runtime_broker_invalid_request "acquire request.runtimeSessionId must be a bounded non-empty" | no Session row, requests that reached a worker: 0
[X2-v1] fullwidth letter           rigＡ-179065854885351                         acquire 200 | raw work: SETTLED/success | release 200 | Session now RELEASED
[X2-v1] Kelvin sign                rigK-1790658549519122                        acquire 200 | raw work: SETTLED/success | release 200 | Session now RELEASED
[PASS] X2-v1.1 every id of the allow-list is acquired, works and releases (8 spellings) :: []
[FAIL] X2-v1.2 every other id is refused at acquire, before a Session row or a worker request exists (16 spellings) :: ["with a space: 200","not ASCII: 200","with a slash: 200","with a backslash: 200","with two dots: 200","with a control character: 200","with an emoji: 200","a single dot: 200","two dots alone: 200","with a colon: 200","with a percent escape: 200","ending in a line feed: 200","fullwidth letter: 200","Kelvin sign: 200"]
[FAIL] X2-v1.3 no Session is left that cannot be released :: ["with a slash","with a backslash","with two dots","with a control character","with an emoji","a single dot","two dots alone","ending in a line feed"]
[GROUP] X2 v2 arm=42a059af96
[X2-v2] lowercase UUID v4          06e6baa7-51d4-4e80-bb49-b2038b85ceb4         acquire 200 | raw work: SETTLED/success | release 200 | Session now RELEASED | storage held=false
[X2-v2] uppercase UUID v4          78251410-C855-46C7-8732-3DC3995EE455         acquire 200 | raw work: SETTLED/success | release 200 | Session now RELEASED | storage held=false
[X2-v2] UUID version 7             59440e7d-372b-706b-a979-485a23db719f         acquire 200 | raw work: SETTLED/success | release 200 | Session now RELEASED | storage held=false
[X2-v2] not a UUID                 rig-session-179065855299310                  acquire 200 | raw work: SETTLED/success | release 200 | Session now RELEASED | storage held=false
[X2-v2] dot, underscore, hyphen    rig.a_b-c.1790658553867536                   acquire 200 | raw work: SETTLED/success | release 200 | Session now RELEASED | storage held=false
[X2-v2] leading dot                .rig-1790658554657660                        acquire 200 | raw work: SETTLED/success | release 200 | Session now RELEASED | storage held=false
[X2-v2] trailing dot               rig-1790658555455823.                        acquire 200 | raw work: SETTLED/success | release 200 | Session now RELEASED | storage held=false
[X2-v2] 512 characters             rig-1790658556348180-aaaaaaa… (512)          acquire 200 | raw work: SETTLED/success | release 200 | Session now RELEASED | storage held=false
[X2-v2] with a space               rig session 1790658557241881                 acquire 200 | raw work: SETTLED/success | release 200 | Session now RELEASED | storage held=false
[X2-v2] not ASCII                  会话-1790658557937725                          acquire 200 | raw work: SETTLED/success | release 200 | Session now RELEASED | storage held=false
[X2-v2] with a slash               rig/session-179065855863098                  acquire 200 | raw work: SETTLED/success | release 404 runtime_broker_route_not_found | Session now READY | storage held=true
[X2-v2] with a backslash           rig\\session-1790658559366575                acquire 200 | raw work: SETTLED/success | release 400 managed_runtime_provider_invalid | Session now RELEASING | storage held=true | worker refusals: release -> 400 managed_runtime_provider_invalid
[X2-v2] with two dots              rig..session-1790658560178662                acquire 200 | raw work: SETTLED/success | release 400 managed_runtime_provider_invalid | Session now RELEASING | storage held=true | worker refusals: release -> 400 managed_runtime_provider_invalid
[X2-v2] with a control character   rig\u0001session-1790658560991320            acquire 200 | raw work: SETTLED/success | release 400 managed_runtime_provider_invalid | Session now RELEASING | storage held=true | worker refusals: release -> 400 managed_runtime_provider_invalid
[X2-v2] with an emoji              rig-😀-1790658561855906                      acquire 200 | raw work: SETTLED/success | release 400 managed_runtime_provider_invalid | Session now RELEASING | storage held=true | worker refusals: release -> 400 managed_runtime_provider_invalid
[X2-v2] a single dot               .                                            acquire 409 runtime_session_conflict "runtimeSessionId belongs to another Session identity" | release 409 runtime_session_conflict | Session now RELEASING | storage held=false
[X2-v2] two dots alone             ..                                           acquire 409 runtime_session_conflict "runtimeSessionId belongs to another Session identity" | release 409 runtime_session_conflict | Session now RELEASING | storage held=false
[X2-v2] 513 characters             rig-1790658562863618-aaaaaaa… (513)          acquire 400 runtime_broker_invalid_request "acquire request.runtimeSessionId must be a bounded non-empty" | no Session row, requests that reached a worker: 0 | storage held=false
[X2-v2] with a colon               rig:1790658563020381                         acquire 200 | raw work: SETTLED/success | release 200 | Session now RELEASED | storage held=false
[X2-v2] with a percent escape      rig%2e%2e1790658563896926                    acquire 200 | raw work: SETTLED/success | release 200 | Session now RELEASED | storage held=false
[X2-v2] ending in a line feed      rig-1790658564780198\n                       acquire 200 | raw work: SETTLED/success | release 400 managed_runtime_provider_invalid | Session now RELEASING | storage held=false | worker refusals: release -> 400 managed_runtime_provider_invalid
[X2-v2] with a NUL                 rig\u00001790658565556140                    acquire 400 runtime_broker_invalid_request "acquire request.runtimeSessionId must be a bounded non-empty" | no Session row, requests that reached a worker: 0 | storage held=false
[X2-v2] fullwidth letter           rigＡ-1790658565702738                        acquire 200 | raw work: SETTLED/success | release 200 | Session now RELEASED | storage held=false
[X2-v2] Kelvin sign                rigK-1790658566468221                        acquire 200 | raw work: SETTLED/success | release 200 | Session now RELEASED | storage held=false
[PASS] X2-v2.1 every id of the allow-list is acquired, works and releases (8 spellings) :: []
[FAIL] X2-v2.2 every other id is refused at acquire, before a Session row or a worker request exists (16 spellings) :: ["with a space: 200","not ASCII: 200","with a slash: 200","with a backslash: 200","with two dots: 200","with a control character: 200","with an emoji: 200","a single dot: 409","two dots alone: 409","with a colon: 200","with a percent escape: 200","ending in a line feed: 200","fullwidth letter: 200","Kelvin sign: 200"]
[FAIL] X2-v2.3 no Session is left that cannot be released :: ["with a slash","with a backslash","with two dots","with a control character","with an emoji","a single dot","two dots alone","ending in a line feed"]
[SUMMARY] 2/6 checks passed — failed: X2-v1.2, X2-v1.3, X2-v2.2, X2-v2.3
