## arm=r1 memory run 1 JOPTS=''
[1;36mmemory[0m rounds=3000 callers/round=16  double-provisioned rounds=[1;32m0[0m  acquire errors=30  (4.4s)
  error x30: RuntimeBrokerException(503 runtime_reconciliation_required, retryable=true)
## arm=r1 memory run 2 JOPTS=''
  [1;31mround 846[0m: provisioner called 2x; durable lease now lease-1001, version 3
[1;36mmemory[0m rounds=3000 callers/round=16  double-provisioned rounds=[1;31m1[0m  acquire errors=44  (4.5s)
  error x44: RuntimeBrokerException(503 runtime_reconciliation_required, retryable=true)
## arm=r1 memory run 3 JOPTS=''
  [1;31mround 474[0m: provisioner called 2x; durable lease now lease-1001, version 3
[1;36mmemory[0m rounds=3000 callers/round=16  double-provisioned rounds=[1;31m1[0m  acquire errors=18  (4.4s)
  error x18: RuntimeBrokerException(503 runtime_reconciliation_required, retryable=true)
## arm=r1 h2 JOPTS=''
  [1;31mround 57[0m: provisioner called 2x; durable lease now lease-1001, version 3
  [1;31mround 171[0m: provisioner called 2x; durable lease now lease-1002, version 3
  [1;31mround 241[0m: provisioner called 2x; durable lease now lease-1003, version 3
[1;36mh2[0m rounds=3000 callers/round=16  double-provisioned rounds=[1;31m80[0m  acquire errors=25  (21.3s)
  error x25: RuntimeBrokerException(503 runtime_reconciliation_required, retryable=true)
## arm=r1 mysql unpaused JOPTS=''
[1;36mmysql[0m rounds=1000 callers/round=16  double-provisioned rounds=[1;32m0[0m  acquire errors=0  (97.5s)
## arm=r1 mysql JOPTS='-DpauseAfterReadMicros=5000'
  [1;31mround 0[0m: provisioner called 2x; durable lease now lease-1001, version 3
  [1;31mround 1[0m: provisioner called 2x; durable lease now lease-1002, version 3
  [1;31mround 2[0m: provisioner called 2x; durable lease now lease-1003, version 3
[1;36mmysql[0m rounds=200 callers/round=16  double-provisioned rounds=[1;31m189[0m  acquire errors=0  (16.5s)
## arm=r2 memory run 1 JOPTS=''
[1;36mmemory[0m rounds=3000 callers/round=16  double-provisioned rounds=[1;32m0[0m  acquire errors=0  (4.3s)
## arm=r2 memory run 2 JOPTS=''
[1;36mmemory[0m rounds=3000 callers/round=16  double-provisioned rounds=[1;32m0[0m  acquire errors=0  (4.3s)
## arm=r2 memory run 3 JOPTS=''
[1;36mmemory[0m rounds=3000 callers/round=16  double-provisioned rounds=[1;32m0[0m  acquire errors=0  (4.3s)
## arm=r2 h2 JOPTS=''
[1;36mh2[0m rounds=3000 callers/round=16  double-provisioned rounds=[1;32m0[0m  acquire errors=0  (22.0s)
## arm=r2 mysql unpaused JOPTS=''
[1;36mmysql[0m rounds=1000 callers/round=16  double-provisioned rounds=[1;32m0[0m  acquire errors=0  (150.2s)
## arm=r2 mysql JOPTS='-DpauseAfterReadMicros=5000'
[1;36mmysql[0m rounds=200 callers/round=16  double-provisioned rounds=[1;32m0[0m  acquire errors=0  (17.1s)
