# r62-rename-race-bound  db=r62b  2026-10-06T13:16:43.423Z
PASS  initial Turn COMPLETED  -> da2b4c11-dabd-4a18-abe4-4e11fb198233
NOTE  1. K1 "Alpha", Harness answers 500  -> 503 hosted_harness_unavailable; rows ["K1:FAILED"]
NOTE  2. K2 "Bravo"  -> 200 Bravo; rows ["K1:FAILED","K2:COMPLETED"]; SQL title=Bravo
NOTE  3. K1 retry #1 (Harness call delayed 4 s)  -> 200 Alpha
NOTE  4. K1 retry #2, overlapping (Harness answers 500)  -> 503 hosted_harness_unavailable; rows while #1 was in flight ["K1:PENDING","K2:COMPLETED"]
NOTE  POST /title calls at the Harness  -> ["respond:500","pass:200","respond:500","delay:200"]
NOTE  final: rows / public SQL title / Harness journal titles (in order)  -> ["K1:COMPLETED","K2:COMPLETED"] / Alpha / ["Bravo@r1","Alpha@r2"]
NOTE  5. K1 retried once more after the race  -> 200 Alpha; SQL title=Alpha; public GET title=Alpha
NOTE  session.* events  -> ["session.created ","session.update.requested control:RENAME_SESSION:k1-*:requested","session.update.requested control:RENAME_SESSION:k2-*:requested","session.updated control:RENAME_SESSION:k2-*:completed","session.updated control:RENAME_SESSION:k1-*:completed"]
== r62-rename-race-bound: 1 passed, 0 failed
# r62-rename-race-unbound  db=r62b  2026-10-06T13:16:56.580Z
PASS  initial Turn COMPLETED  -> 9fa24a44-97bf-4135-a90e-b1565ce4db24
NOTE  1. K1 "Alpha", Harness answers 500  -> 503 hosted_harness_unavailable; rows ["K1:FAILED"]
NOTE  2. K2 "Bravo"  -> 200 Bravo; rows ["K1:FAILED","K2:COMPLETED"]; SQL title=Bravo
NOTE  3. K1 retry #1 (Harness call delayed 4 s)  -> 200 Alpha
NOTE  4. K1 retry #2, overlapping (Harness answers 500)  -> 503 hosted_harness_unavailable; rows while #1 was in flight ["K1:PENDING","K2:COMPLETED"]
NOTE  POST /title calls at the Harness  -> ["respond:500","pass:200","respond:500","delay:200"]
NOTE  final: rows / public SQL title / Harness journal titles (in order)  -> ["K1:COMPLETED","K2:COMPLETED"] / Alpha / ["Bravo@r1","Alpha@r2"]
NOTE  5. K1 retried once more after the race  -> 200 Alpha; SQL title=Alpha; public GET title=Alpha
NOTE  session.* events  -> ["session.created ","session.update.requested control:RENAME_SESSION:k1-*:requested","session.update.requested control:RENAME_SESSION:k2-*:requested","session.updated control:RENAME_SESSION:k2-*:completed","session.updated control:RENAME_SESSION:k1-*:completed"]
== r62-rename-race-unbound: 1 passed, 0 failed
