[0.024s] daemon health {"sessions":0,"pendingPermissions":0,"activePrompts":0}
[0.061s] session A created {"id":"db7d964c-08f9-4718-b369-72d25f4c8066","attached":false,"clientId":"client_8030e5fb-84be-4a38-b302-b3c6af0ab395"}
[0.397s] session B created {"id":"f15f9d8b-d254-408c-9339-9af672237ecc","attached":false,"clientId":"client_6efe629b-87ed-4e36-a99d-7a57602d7065"}
[0.736s] session C created {"id":"663d8cc1-ad83-4988-86ba-c66ad74a90b7","attached":false,"clientId":"client_3174344d-a954-49ae-9247-68295ec8838a"}
[1.049s] prompt sent to A {"status":202,"text":"[[S:A]] [[ASK:A]] Please ask me which path to take."}
[1.275s] PERMISSION_REQUEST reached host for A {"requestId":"0859ba5b-ea4b-44a9-8647-49ca3afa2b1e","title":"Ask user 1 question","nOptions":2}
[1.355s] A left unanswered on purpose (idle head-of-line session) {}
[2.861s] health after A pending {"sessions":3,"pendingPermissions":1,"activePrompts":1}
[2.866s] prompt sent to B {"status":202,"text":"[[S:B]] [[ASK:B]] Please ask me which path to take."}
[2.871s] prompt sent to C {"status":202,"text":"[[S:C]] [[ASK:C]] Please ask me which path to take."}
  sample 2.871s health={"sessions":3,"pendingPermissions":1,"activePrompts":3} A={"hasActivePrompt":true,"isWaitingForPermission":false,"isWaitingForUserQuestion":true,"pendingInteractionCount":1} B={"hasActivePrompt":true,"isWaitingForPermission":false,"isWaitingForUserQuestion":false,"pendingInteractionCount":0} C={"hasActivePrompt":true,"isWaitingForPermission":false,"isWaitingForUserQuestion":false,"pendingInteractionCount":0}
  sample 4.882s health={"sessions":3,"pendingPermissions":1,"activePrompts":3} A={"hasActivePrompt":true,"isWaitingForPermission":false,"isWaitingForUserQuestion":true,"pendingInteractionCount":1} B={"hasActivePrompt":true,"isWaitingForPermission":false,"isWaitingForUserQuestion":false,"pendingInteractionCount":0} C={"hasActivePrompt":true,"isWaitingForPermission":false,"isWaitingForUserQuestion":false,"pendingInteractionCount":0}
  sample 6.896s health={"sessions":3,"pendingPermissions":1,"activePrompts":3} A={"hasActivePrompt":true,"isWaitingForPermission":false,"isWaitingForUserQuestion":true,"pendingInteractionCount":1} B={"hasActivePrompt":true,"isWaitingForPermission":false,"isWaitingForUserQuestion":false,"pendingInteractionCount":0} C={"hasActivePrompt":true,"isWaitingForPermission":false,"isWaitingForUserQuestion":false,"pendingInteractionCount":0}
  sample 8.911s health={"sessions":3,"pendingPermissions":1,"activePrompts":3} A={"hasActivePrompt":true,"isWaitingForPermission":false,"isWaitingForUserQuestion":true,"pendingInteractionCount":1} B={"hasActivePrompt":true,"isWaitingForPermission":false,"isWaitingForUserQuestion":false,"pendingInteractionCount":0} C={"hasActivePrompt":true,"isWaitingForPermission":false,"isWaitingForUserQuestion":false,"pendingInteractionCount":0}
  sample 10.925s health={"sessions":3,"pendingPermissions":1,"activePrompts":3} A={"hasActivePrompt":true,"isWaitingForPermission":false,"isWaitingForUserQuestion":true,"pendingInteractionCount":1} B={"hasActivePrompt":true,"isWaitingForPermission":false,"isWaitingForUserQuestion":false,"pendingInteractionCount":0} C={"hasActivePrompt":true,"isWaitingForPermission":false,"isWaitingForUserQuestion":false,"pendingInteractionCount":0}
  sample 12.935s health={"sessions":3,"pendingPermissions":1,"activePrompts":3} A={"hasActivePrompt":true,"isWaitingForPermission":false,"isWaitingForUserQuestion":true,"pendingInteractionCount":1} B={"hasActivePrompt":true,"isWaitingForPermission":false,"isWaitingForUserQuestion":false,"pendingInteractionCount":0} C={"hasActivePrompt":true,"isWaitingForPermission":false,"isWaitingForUserQuestion":false,"pendingInteractionCount":0}
  sample 14.944s health={"sessions":3,"pendingPermissions":1,"activePrompts":3} A={"hasActivePrompt":true,"isWaitingForPermission":false,"isWaitingForUserQuestion":true,"pendingInteractionCount":1} B={"hasActivePrompt":true,"isWaitingForPermission":false,"isWaitingForUserQuestion":false,"pendingInteractionCount":0} C={"hasActivePrompt":true,"isWaitingForPermission":false,"isWaitingForUserQuestion":false,"pendingInteractionCount":0}
  sample 16.953s health={"sessions":3,"pendingPermissions":1,"activePrompts":3} A={"hasActivePrompt":true,"isWaitingForPermission":false,"isWaitingForUserQuestion":true,"pendingInteractionCount":1} B={"hasActivePrompt":true,"isWaitingForPermission":false,"isWaitingForUserQuestion":false,"pendingInteractionCount":0} C={"hasActivePrompt":true,"isWaitingForPermission":false,"isWaitingForUserQuestion":false,"pendingInteractionCount":0}
  sample 18.962s health={"sessions":3,"pendingPermissions":1,"activePrompts":3} A={"hasActivePrompt":true,"isWaitingForPermission":false,"isWaitingForUserQuestion":true,"pendingInteractionCount":1} B={"hasActivePrompt":true,"isWaitingForPermission":false,"isWaitingForUserQuestion":false,"pendingInteractionCount":0} C={"hasActivePrompt":true,"isWaitingForPermission":false,"isWaitingForUserQuestion":false,"pendingInteractionCount":0}
  sample 20.973s health={"sessions":3,"pendingPermissions":1,"activePrompts":3} A={"hasActivePrompt":true,"isWaitingForPermission":false,"isWaitingForUserQuestion":true,"pendingInteractionCount":1} B={"hasActivePrompt":true,"isWaitingForPermission":false,"isWaitingForUserQuestion":false,"pendingInteractionCount":0} C={"hasActivePrompt":true,"isWaitingForPermission":false,"isWaitingForUserQuestion":false,"pendingInteractionCount":0}
  sample 22.984s health={"sessions":3,"pendingPermissions":1,"activePrompts":3} A={"hasActivePrompt":true,"isWaitingForPermission":false,"isWaitingForUserQuestion":true,"pendingInteractionCount":1} B={"hasActivePrompt":true,"isWaitingForPermission":false,"isWaitingForUserQuestion":false,"pendingInteractionCount":0} C={"hasActivePrompt":true,"isWaitingForPermission":false,"isWaitingForUserQuestion":false,"pendingInteractionCount":0}
  sample 24.994s health={"sessions":3,"pendingPermissions":1,"activePrompts":3} A={"hasActivePrompt":true,"isWaitingForPermission":false,"isWaitingForUserQuestion":true,"pendingInteractionCount":1} B={"hasActivePrompt":true,"isWaitingForPermission":false,"isWaitingForUserQuestion":false,"pendingInteractionCount":0} C={"hasActivePrompt":true,"isWaitingForPermission":false,"isWaitingForUserQuestion":false,"pendingInteractionCount":0}
  sample 27.011s health={"sessions":3,"pendingPermissions":1,"activePrompts":3} A={"hasActivePrompt":true,"isWaitingForPermission":false,"isWaitingForUserQuestion":true,"pendingInteractionCount":1} B={"hasActivePrompt":true,"isWaitingForPermission":false,"isWaitingForUserQuestion":false,"pendingInteractionCount":0} C={"hasActivePrompt":true,"isWaitingForPermission":false,"isWaitingForUserQuestion":false,"pendingInteractionCount":0}
  sample 29.029s health={"sessions":3,"pendingPermissions":1,"activePrompts":3} A={"hasActivePrompt":true,"isWaitingForPermission":false,"isWaitingForUserQuestion":true,"pendingInteractionCount":1} B={"hasActivePrompt":true,"isWaitingForPermission":false,"isWaitingForUserQuestion":false,"pendingInteractionCount":0} C={"hasActivePrompt":true,"isWaitingForPermission":false,"isWaitingForUserQuestion":false,"pendingInteractionCount":0}
  sample 31.040s health={"sessions":3,"pendingPermissions":1,"activePrompts":3} A={"hasActivePrompt":true,"isWaitingForPermission":false,"isWaitingForUserQuestion":true,"pendingInteractionCount":1} B={"hasActivePrompt":true,"isWaitingForPermission":false,"isWaitingForUserQuestion":false,"pendingInteractionCount":0} C={"hasActivePrompt":true,"isWaitingForPermission":false,"isWaitingForUserQuestion":false,"pendingInteractionCount":0}
[33.060s] TIMEOUT: B permission never reached host within 30s while A stays unanswered {"statusB":{"hasActivePrompt":true,"isWaitingForPermission":false,"isWaitingForUserQuestion":false,"pendingInteractionCount":0},"health":{"sessions":3,"pendingPermissions":1,"activePrompts":3}}
[33.064s] TIMEOUT: C permission never reached host within 30s while A stays unanswered {"statusB":{"hasActivePrompt":true,"isWaitingForPermission":false,"isWaitingForUserQuestion":false,"pendingInteractionCount":0},"health":{"sessions":3,"pendingPermissions":1,"activePrompts":3}}
[33.069s] prompt_cancelled for B {}
[33.072s] PERMISSION_REQUEST reached host for C {"requestId":"0040ea06-752c-442a-81cd-594a33e656f9","title":"Ask user 1 question","nOptions":2}
[33.094s] cancel B {"status":204}
[33.098s] turn_complete for B {"stopReason":"cancelled"}
[33.098s] after cancel B {"turn":{"t":"33.069","type":"prompt_cancelled"},"status":{"hasActivePrompt":false,"isWaitingForPermission":false,"isWaitingForUserQuestion":false,"pendingInteractionCount":0}}
[34.112s] prompt sent to B {"status":202,"text":"[[S:B]] [[ASK:B2]] Same question again after cancel."}
[64.133s] re-ask result for B {"reached":false,"health":{"sessions":3,"pendingPermissions":2,"activePrompts":3},"A_status":{"hasActivePrompt":true,"isWaitingForPermission":false,"isWaitingForUserQuestion":true,"pendingInteractionCount":1}}
[64.138s] vote A {"requestId":"0859ba5b-ea4b-44a9-8647-49ca3afa2b1e","optionId":"proceed_once","status":200,"resp":{}}
[64.141s] vote C {"requestId":"0040ea06-752c-442a-81cd-594a33e656f9","optionId":"proceed_once","status":200,"resp":{}}
[64.141s] drain pass 0 {"voted":2}
[64.147s] PERMISSION_REQUEST reached host for B {"requestId":"fefc8eb5-8b57-4f07-bea1-9cb9f7c53cb6","title":"Ask user 1 question","nOptions":2}
[64.229s] turn_complete for C {"stopReason":"end_turn"}
[64.235s] turn_complete for A {"stopReason":"end_turn"}
[66.649s] vote B {"requestId":"fefc8eb5-8b57-4f07-bea1-9cb9f7c53cb6","optionId":"proceed_once","status":200,"resp":{}}
[66.649s] drain pass 1 {"voted":1}
[66.698s] turn_complete for B {"stopReason":"end_turn"}
VERDICT {
 "A_first_permission_latency_s": 0.22599999999999998,
 "B_permission_reached_host": false,
 "B_latency_s": null,
 "B_status_at_end": {
  "hasActivePrompt": true,
  "isWaitingForPermission": false,
  "isWaitingForUserQuestion": false,
  "pendingInteractionCount": 0
 },
 "C_permission_reached_host": false,
 "C_latency_s": null,
 "C_status_at_end": {
  "hasActivePrompt": true,
  "isWaitingForPermission": false,
  "isWaitingForUserQuestion": false,
  "pendingInteractionCount": 0
 },
 "health_at_end_of_wait": {
  "sessions": 3,
  "pendingPermissions": 1,
  "activePrompts": 3
 },
 "B_reask_after_cancel_reached_host": false,
 "B_reask_latency_s": null,
 "A_turn_after_answer": {
  "t": "64.235",
  "type": "turn_complete",
  "stopReason": "end_turn"
 },
 "A_turns_total": 1,
 "B_turn_after_answer": {
  "t": "66.698",
  "type": "turn_complete",
  "stopReason": "end_turn"
 },
 "B_turns_total": 3,
 "C_turn_after_answer": {
  "t": "64.229",
  "type": "turn_complete",
  "stopReason": "end_turn"
 },
 "C_turns_total": 1,
 "health_after_drain": {
  "sessions": 3,
  "pendingPermissions": 0,
  "activePrompts": 0
 }
}
