restored s3b_base: pubs=151 oss="objects":351
spring arm=base-6ff843bc db=s3b_base port=38094 gc=true grace=0s: {"status":"UP"} pid=45478
+754ms retired E (7 OSS + 5 inline objects, one page)
+2879ms E's first DELETE held; retired B1 (50 healthy publications)
+3280ms armed the SQL stall and released the DELETE: the renew before object 2 is held 65 s at the SQL tap
+3392ms E: DELETING gen=1 blocker=- owner=set held=6309504 next_in_ms=-1790930651043.000 | B1 collected=0
+69464ms first B1 publication collected
+121324ms E: COLLECTED gen=2 blocker=- owner=- held=0 next_in_ms=-1790930768980.000 | B1 collected=50
summary: E collected at +121368ms, first B1 at +69464ms, B1 collected 50/50 by +121404ms
tap +3234ms STALLED 65000ms UPDATE qwen_tool_publication SET gc_claim_until = 1790930710950 WHERE scope_key = 'a4ce3af
tap +68240ms FORWARDED stalled statement released
renew statements: 370 zero-row renews: +68253ms
E DELETE requests: 9 distinct keys: 7
   99cfd648493ff4cb857f5148 204-removed,204-missing
   127f06bd6633bf7ef3b280d1 204-removed,204-missing
   b8d7518c0088a6a975b5281a 204-removed
   b5f068189e4e3a1cca415325 204-removed
   6e348d21298403a7c613f22e 204-removed
   ec4d7b85ec96f77c5e1ba5fc 204-removed
   c4687b47f1949a4aabbe1eb9 204-removed
final E: 4589d1b7 COLLECTED gen=2 owner=- blocker=- cursor=terminal held=0 used=0 collected=6309504 released=6309504 next_in_ms=-1790930769268.000
