# s5-faults  db=d6h  2026-09-30T13:57:37.683Z
## a. the Harness records the decision, its answer is lost (drop-after x1)
PASS  operation completes decided from the committed journal decision  -> 163 ms {"id":"op_6b6ba7ddc0954d83a3d3b232f3dbe9ed","session_id":"cb0edc07-f502-4ad3-aa93-43e2d68cc723","type":"action_response","status":"completed","admission_stage":"harness_confirmed","delivery_state":"confirmed","receipt_id":"rcpt_c9df0e85f82848d397b8721b140322c6","replayed":false,"action_resolution":{"action_id":"tool_approval_5caf294414c33f71a13dbd76eb5ce7a3","outcome":"decided","receipt_id":"rcpt_c9df0e85f82848d397b8721b140322c6","decision_receipt_id":"decision_6dabafb58eb93844b5bdf1ec747e135fed41dbe0124c2715a165390d9639d8b7"}}
PASS  the Harness was asked once and answered 200; no second delivery was needed  -> [{"fault":"drop-after","status":200,"body":{"requestId":"tool_approval_5caf294414c33f71a13dbd76eb5ce7a3","state":"decided","optionId":"allow"}}]
PASS  no retry was scheduled (attempt_count 0)  -> row=["COMPLETED","HARNESS_CONFIRMED","CONFIRMED","0","1","","decision_6dabafb58eb93844b5bdf1ec747e135fed41dbe0124c2715a165390d9639d8b7"]
PASS  Turn completes, write ran once  -> turn=COMPLETED executions=1
PASS  Session lifecycle status unchanged  -> ACTIVE -> ACTIVE
## b. delivery fails 4 times before reaching the Harness (drop-before x4)
NOTE  operation while the Harness is unreachable  -> 1s:running/pending  2s:running/pending  3s:running/pending  4s:running/pending  5s:running/pending  6s:running/pending  7s:running/pending  8s:running/pending
PASS  operation stays pending/running through the failures, then completes decided  -> 16773 ms {"id":"op_589640d6a694466cba047cd368dc4a54","session_id":"118a7430-e81b-4b5a-b564-edd0939800d4","type":"action_response","status":"completed","admission_stage":"harness_confirmed","delivery_state":"confirmed","receipt_id":"rcpt_44e56bfcf9f245e28792908ee2864241","replayed":false,"action_resolution":{"action_id":"tool_approval_cf2bc0892d6491195d32f2a7706cae09","outcome":"decided","receipt_id":"rcpt_44e56bfcf9f245e28792908ee2864241","decision_receipt_id":"decision_811f063ef88365c447379f0ceaf156a997e79666b57efaa270ffa5bf2361e61e"}}
PASS  4 dropped attempts + 1 delivered  -> ["drop-before","drop-before","drop-before","drop-before",200]
NOTE  gaps between attempts (s): dispatch backoff 1,2,4,8 + 1 s scan  -> [1.5,2.1,5,8.1]
PASS  retries did not touch the Session lifecycle status or the Turn  -> before=ACTIVE during=ACTIVE/RUNNING/requested after=ACTIVE
PASS  attempt_count records the 4 failures  -> row=["COMPLETED","HARNESS_CONFIRMED","CONFIRMED","4","5","","decision_811f063ef88365c447379f0ceaf156a997e79666b57efaa270ffa5bf2361e61e"]
PASS  Turn completes, write ran once  -> turn=COMPLETED executions=1
## c. the Harness answers 503 twice (respond 503 x2)
PASS  503 is retried; operation completes decided  -> 4922 ms attempts=2 {"id":"op_5d6069713c47416398458ff2bb66f778","session_id":"3a4a66c1-9cd0-4c09-828a-5518bf957485","type":"action_response","status":"completed","admission_stage":"harness_confirmed","delivery_state":"confirmed","receipt_id":"rcpt_b658c713aa1044f5a5dd352ca495ba08","replayed":false,"action_resolution":{"action_id":"tool_approval_14d5da3b6dcbfbee4112ef805a99787d","outcome":"decided","receipt_id":"rcpt_b658c713aa1044f5a5dd352ca495ba08","decision_receipt_id":"decision_fe2fddc470142bda5b30a320f6569e98b16a2b12c98659259bcf09189c4030ad"}}
PASS  Turn completes  -> turn=COMPLETED
## d. the Harness answers 400 invalid_action_response (respond 400 x1)
PASS  400 ends the operation failed with invalid_action_response, no retry  -> 163 ms {"id":"op_a8e4e1ac9681451eb6162795595435eb","session_id":"81329d63-36ce-4dd9-a992-3806ffc0db15","type":"action_response","status":"failed","admission_stage":"harness_confirmed","delivery_state":"confirmed","receipt_id":"rcpt_73eb9b7ffe10476e964f89af6151434e","replayed":false,"failure_code":"invalid_action_response"}
PASS  the Action is still requested and listed  -> state=requested
PASS  a new key answers it and the Turn completes  -> op=completed turn=COMPLETED
== s5-faults: 15 passed, 0 failed
