[R1-3 probe: output begins with the truncation sentinel, exit 0] admit=202 terminal=turn_complete(end_turn) recoveryBlocked=false 705ms
[  model input] 257 B; marker x2; exit 0: true; omitted-marker: false; [Recent stderr]: false; odd chars in recent-stderr block: 0, in whole input: 0; worker path: false; ansi fragments: 0; U+FFFD: 0
[R1-3 probe: same, exit 1] admit=202 terminal=turn_complete(end_turn) recoveryBlocked=false 740ms
[  model input] 265 B; marker x2; exit 1: true; omitted-marker: false; [Recent stderr]: false; odd chars in recent-stderr block: 0, in whole input: 0; worker path: false; ansi fragments: 0; U+FFFD: 0
[30,000-line log + stderr error] admit=202 terminal=turn_complete(end_turn) recoveryBlocked=false 35735ms
[  model input] 8308 B; marker x1; exit 3: true; omitted-marker: false; [Recent stderr]: true; odd chars in recent-stderr block: 0, in whole input: 0; worker path: false; ansi fragments: 0; U+FFFD: 0
[200 KB stdout + CJK stderr (window starts on 1 continuation byte)] admit=202 terminal=turn_complete(end_turn) recoveryBlocked=false 845ms
[  model input] 8308 B; marker x1; exit 2: true; omitted-marker: false; [Recent stderr]: false; odd chars in recent-stderr block: 0, in whole input: 0; worker path: false; ansi fragments: 0; U+FFFD: 0
[stdout-only 58,368 B] admit=202 terminal=turn_complete(end_turn) recoveryBlocked=false 741ms
[  model input] 8310 B; marker x0; exit 0: true; omitted-marker: false; [Recent stderr]: false; odd chars in recent-stderr block: 0, in whole input: 0; worker path: false; ansi fragments: 0; U+FFFD: 0
[58,000 B stdout + short stderr (F3 band)] admit=202 terminal=turn_complete(end_turn) recoveryBlocked=false 740ms
[  model input] 8308 B; marker x2; exit 3: true; omitted-marker: false; [Recent stderr]: true; odd chars in recent-stderr block: 0, in whole input: 0; worker path: false; ansi fragments: 0; U+FFFD: 0
[stdout only 62,000 B] admit=202 terminal=turn_complete(end_turn) recoveryBlocked=false 740ms
[  model input] 8310 B; marker x0; exit 0: true; omitted-marker: false; [Recent stderr]: false; odd chars in recent-stderr block: 0, in whole input: 0; worker path: false; ansi fragments: 0; U+FFFD: 0
[stdout only 64,000 B] admit=202 terminal=turn_complete(end_turn) recoveryBlocked=false 734ms
[  model input] 8310 B; marker x0; exit 0: true; omitted-marker: false; [Recent stderr]: false; odd chars in recent-stderr block: 0, in whole input: 0; worker path: false; ansi fragments: 0; U+FFFD: 0
[stdout only 66,000 B] admit=202 terminal=turn_complete(end_turn) recoveryBlocked=false 838ms
[  model input] 8310 B; marker x0; exit 0: true; omitted-marker: false; [Recent stderr]: false; odd chars in recent-stderr block: 0, in whole input: 0; worker path: false; ansi fragments: 0; U+FFFD: 0
[stdout only 80,000 B] admit=202 terminal=turn_complete(end_turn) recoveryBlocked=false 841ms
[  model input] 8310 B; marker x0; exit 0: true; omitted-marker: false; [Recent stderr]: false; odd chars in recent-stderr block: 0, in whole input: 0; worker path: false; ansi fragments: 0; U+FFFD: 0
[stdout only 200,000 B] admit=202 terminal=turn_complete(end_turn) recoveryBlocked=false 734ms
[  model input] 8310 B; marker x0; exit 0: true; omitted-marker: false; [Recent stderr]: false; odd chars in recent-stderr block: 0, in whole input: 0; worker path: false; ansi fragments: 0; U+FFFD: 0
[200 KB stdout + 2,000 B ASCII stderr, exit 2] admit=202 terminal=turn_complete(end_turn) recoveryBlocked=false 835ms
[  model input] 8308 B; marker x1; exit 2: true; omitted-marker: false; [Recent stderr]: true; odd chars in recent-stderr block: 0, in whole input: 0; worker path: false; ansi fragments: 0; U+FFFD: 0
[200 KB stdout + 8,000 B ASCII stderr, exit 2] admit=202 terminal=turn_complete(end_turn) recoveryBlocked=false 839ms
[  model input] 8308 B; marker x1; exit 2: true; omitted-marker: false; [Recent stderr]: false; odd chars in recent-stderr block: 0, in whole input: 0; worker path: false; ansi fragments: 0; U+FFFD: 0
[200 KB stdout + 39,000 B ASCII stderr, exit 2] admit=202 terminal=turn_complete(end_turn) recoveryBlocked=false 837ms
[  model input] 8308 B; marker x1; exit 2: true; omitted-marker: false; [Recent stderr]: false; odd chars in recent-stderr block: 0, in whole input: 0; worker path: false; ansi fragments: 0; U+FFFD: 0
