01:55:28.779 machine_id=f03cd9a6530b4a84b59095456b085bfb boot_id=384012cc-b08d-4f8f-a448-e19b5376a165 uptime=2641s kernel=6.8.0-117-generic
01:55:28.780    jar=/opt/w1b/e50-server-workspace-bundle.jar cli=/opt/w1b/dist-e50/cli.js
01:55:35.093    health=200 === 2026-10-02T01:55:29.034Z start pid=72865 boot_id=384012cc-b08d-4f8f-a448-e19b5376a165 machine_id=f03cd9a6530b4a84b59095456b085bfb jar=e50-server.jar dist=dist-e50 verified=false durable=true harness=false db=w1b_e50s
01:55:35.543    stopped (migrations applied)
01:55:36.249   maint register-a: exit=0 702 ms -> Workspace storage maintenance operation verified.
01:55:36.935   maint register-b: exit=0 684 ms -> Workspace storage maintenance operation verified.
01:55:41.111    health=200 === 2026-10-02T01:55:36.962Z start pid=73342 boot_id=384012cc-b08d-4f8f-a448-e19b5376a165 machine_id=f03cd9a6530b4a84b59095456b085bfb jar=e50-server.jar dist=dist-e50 verified=true durable=true harness=false db=w1b_e50s
01:55:41.802    inspect a: state=ready revision=1 operation=null completed=37a52b22-2f25-4521-a388-dae42321df0b holder=false identity=match marker=match registration=valid
01:55:42.493    inspect b: state=ready revision=1 operation=null completed=adfed743-a75f-41d3-9268-54933c54043b holder=false identity=match marker=match registration=valid
01:55:44.106    F1 bde7699b-4889-452b-8e83-0352f3ad1620 (ws-a1, hosted-workspace-files/1) create=200
01:55:46.299      F1 WRITE notes.txt v1: turn_complete
01:55:47.991      F1 WRITE notes.txt v2: turn_complete
01:55:49.837      F1 WRITE __proto__ proto-named: turn_complete
01:55:51.216      F1 READ notes.txt: turn_complete
01:55:51.340    S1 beb7432d-2cce-4534-b9a3-52dbcc2c97c9 (ws-a1, hosted-workspace-shell/1) create=200
01:55:53.592      S1 SHELL64 bWtkaXIgLXAgc3JjIGJpbiAmJiBwcmludGYgImV4: turn_complete
01:55:55.184      S1 SHELL64 bWtkaXIgLXAgZ2VuICYmIHB5dGhvbjMgLWMgImlt: turn_complete
01:55:55.310    O1 312b2d94-a48e-4e08-862c-60924ff85e0b (ws-a2, hosted-workspace-shell/1, captureBytes=16777216) create=200
01:55:58.058      O1 O2SH64 aGVhZCAtYyAzMDAwMDAwIC9kZXYvemVybyB8IHRyI: turn_complete
01:55:58.163      O1 publication: REFERENCED 3 segments, seals stderr=0/0 stdout=3/3000001
01:55:58.234    F2 ba68e311-1314-46dc-b3e5-a9844688f809 (ws-a2, hosted-workspace-files/1) create=200
01:55:59.765      F2 WRITE other.txt x1: turn_complete
01:56:00.860      F2 WRITE other.txt x2: turn_complete
01:56:00.908    F3 e193da35-fdb2-4906-b5d1-254983a78b28 (ws-a1, hosted-workspace-files/1) create=200
01:56:02.302      F3 WRITE closed.txt c1: turn_complete
01:56:02.381    S2 7d543bca-58e8-4372-b04a-0d7827fe506f (ws-a1, hosted-workspace-shell/1) create=200
01:56:03.772      S2 SHELL64 ZWNobyBkZWxldGVkLXNlc3Npb24gPiBkZWwudHh0: turn_complete
01:56:03.784    U1 e415dc40-16aa-4f1b-ad37-2a7654277f8b (ws-a2) public create only, never attached
01:56:03.833    B1 0428aa7e-0a31-4750-9be2-90317b7a1466 (ws-b1, hosted-workspace-files/1) create=200
01:56:05.119      B1 WRITE b.txt b1: turn_complete
01:56:05.285    lifecycle archive: 409 op=undefine state=undefined | close: 409 op=undefine state=undefined | delete: 409 op=undefine state=undefined
01:56:05.389    Harness stopped
01:56:05.790    service stopped
01:56:05.830    writer leases lapsed after 37 ms
01:56:06.593   maint fence-a: exit=0 724 ms -> Workspace storage maintenance operation verified.
01:56:06.630    row state=FENCED rev=1 op=8fc1c896 completed=- dev=64769 ino=806313 birth=2026-10-02T01:55:28.411933735Z reg=72c1a71e holder=-
01:56:06.724    row state=FENCED rev=1 op=8fc1c896 completed=- dev=64769 ino=806313 birth=2026-10-02T01:55:28.411933735Z reg=72c1a71e holder=-; members=7
01:56:06.725 == A: capture / replay / verify / authority unchanged
01:56:52.098   w1b A-capture: exit=1 43602 ms java≤194 MiB node≤105 MiB -> REFUSED protocol_validation_failed: Workspace recovery: unsupported resource protocol.
01:57:09.569   w1b A-replay: exit=1 17460 ms java≤197 MiB node≤111 MiB -> REFUSED protocol_validation_failed: Workspace recovery: unsupported resource protocol.
01:57:10.206   w1b A-verify: exit=1 627 ms java≤166 MiB node≤0 MiB -> REFUSED Workspace recovery: capture_not_sealed
01:57:11.838    replay identical=true; authority (34 tables) identical=true
01:57:11.853 R2-DONE
