16:44:10.640 machine_id=<vm-machine-id> boot_id=d1ef78c6-5a49-437d-9efe-64434c7d7b31 uptime=12108s kernel=6.8.0-117-generic
16:44:10.654 service: active=active health=200
16:44:11.820 == phase 0: option off (VERIFIED=false), nothing registered
16:44:12.186 file Session A d9e2f893-af98-43b4-bcb0-c6ffa9144a07 create=200; Shell Session B 9ebdff4a-b6ae-40ab-9e45-c36f13d85113 create=200
16:44:13.305 A turn 1: admit=202 terminal=turn_complete(end_turn) recoveryBlocked=false 1096 ms text="Writing.DONE after 1 tool result(s): [{"type":"text","text":"Successfully created and wrote to new file: /srv/w1a/a/project/note.txt."}]"
16:44:13.305    broker: runtimes:warm→200  tool-sessions:acquire→200  executions:prepare→200  executions/:id:start→200  executions/:id→200  tool-sessions/:id:release→200
16:44:14.689 B turn 1: admit=202 terminal=turn_complete(end_turn) recoveryBlocked=false 1368 ms text="Running a Shell command.DONE after 1 tool result(s): [{"type":"text","text":"Command: echo \"call $(date +%s.%N)\" >> .calls; echo b$(wc -l < .calls) > shell.txt; cat shell.txt; echo warn >&2\nDirecto"
16:44:14.689    broker: runtimes:warm→200  tool-sessions:acquire→200  tool-sessions/:id:publisher→200  executions:prepare→200  executions/:id:start→200  executions/:id→200  executions/:id→200  executions/:id→200  executions/:id→200  executions/:id→200  executions/:id→200  executions/:id:acknowledge→200  tool-sessions/:id:release→200
16:44:14.690    files: a/project/note.txt="v1" b/project/shell.txt="b1" .calls=1
16:44:14.770    rename A=200 B=200; detach A=204 B=204
16:44:14.803    row a: row state=UNVERIFIED rev=0 op=- completed=- dev=- ino=- birth=- reg=- holder=-
16:44:14.804    marker a: absent
16:44:14.805 == phase 1: option turned on BEFORE registration (VERIFIED=true), Spring and Harness restarted
16:44:18.364    health=200 === 2026-09-30T16:44:15.254Z start pid=170101 boot_id=d1ef78c6-5a49-437d-9efe-64434c7d7b31 machine_id=<vm-machine-id> jar=head-server.jar dist=dist-head verified=true durable=true harness=false db=w1t_s1
16:44:19.785 A cold load (no profile): 200 {"sessionId":"d9e2f893-af98-43b4-bcb0-c6ffa9144a07","clientId":"05dba466-1aef-4721-af62-06ad3b2dd22a","workspaceCwd":"/v 703 ms
16:44:20.210 A turn on an unregistered mount: admit=202 terminal=turn_error {"sessionId":"d9e2f893-af98-43b4-bcb0-c6ffa9144a07","promptId":"7bf0a20a-e722-432d-bab3-a455900f5138","code":"hosted_turn_failed","message":"Hosted Harness turn failed."} recoveryBlocked=false 394 ms
16:44:20.211    broker: runtimes:warm→409(workspace_unavailable)
16:44:20.247    model calls +1; file created: false; row a: row state=UNVERIFIED rev=0 op=- completed=- dev=- ino=- birth=- reg=- holder=-; marker: absent
16:44:20.251    A status after the refusal: {"sessionId":"d9e2f893-af98-43b4-bcb0-c6ffa9144a07","hasActivePrompt":false,"recoveryBlocked":false}
16:44:20.508 A text-only turn after the refusal: admit=202 terminal=turn_complete(end_turn) recoveryBlocked=false 238 ms text="HISTORY users=2 toolResults=1 messages=6"
16:44:20.538    detach A=204
16:44:20.543 == phase 2: service stopped, register from the shipped fat jar
16:44:20.951    service stopped
16:44:20.964    workers still alive (durable local process): 170022,170040
16:44:21.559    inspect a before: state=unverified revision=0 operation=null completed=null holder=false identity=mismatch marker=unavailable registration=valid
16:44:21.727   maint register-a-without-flag: exit=1 168 ms -> REFUSED: Usage: register <tenant> <storage> <canonical-root> <operation-uuid> --offline-confirmed | (fence|restore-original) <tenant> <storage> <canonical-root> <mount-revision> <operation-uuid> --offline-confirmed | inspect <tenant> <storage> <canonical-root>
16:44:22.109   maint register-a-bad-uuid: exit=1 380 ms -> REFUSED: Workspace execution authority is unavailable.
16:44:22.740   maint register-a: exit=0 629 ms -> Workspace storage maintenance operation verified.
16:44:22.812    row a: row state=READY rev=1 op=- completed=f494692c dev=64769 ino=788592 birth=2026-09-30T16:44:05.395472138Z reg=29426e4b holder=-
16:44:22.813    stat root a: dev=64769 ino=788592
16:44:22.813    marker a: {"version":2,"tenantId":"t-w1a","storageId":"st-a","root":"/srv/w1a/a","hostId":"665491af788208c15aa6389b19bc35b1835e5f4bb45c0c1172ac3e825b4da6be","device":"64769","inode":"788592","birthTime":"2026-09-30T16:44:05.395472138Z","registrationId":"29426e4b-c695-491e-bb7b-32585cdf7d8e"}
16:44:22.814    marker mode=664 nlink=1 size=282; leftovers: none
16:44:23.405   maint register-a-retry-same-op: exit=0 591 ms -> Workspace storage maintenance operation verified.
16:44:23.439    after the retry: row unchanged=true; marker inode unchanged=true mtime unchanged=true
16:44:24.016   maint register-a-other-op: exit=1 576 ms -> REFUSED: Workspace execution authority is unavailable.
16:44:24.051    after the conflicting operation: row unchanged=true
16:44:24.669   maint register-b: exit=0 617 ms -> Workspace storage maintenance operation verified.
16:44:25.274    inspect a: state=ready revision=1 operation=null completed=f494692c-412b-42f6-8f5f-90d16ed3e5a3 holder=false identity=match marker=match registration=valid
16:44:25.889    inspect b: state=ready revision=1 operation=null completed=104c6562-42e8-4ba2-b249-cc0f88533335 holder=false identity=match marker=match registration=valid
16:44:26.431    inspect c (never registered): unverified
16:44:26.432 == phase 3: option on, registered; Spring and Harness restarted (new Harness boot id)
16:44:29.576    health=200 === 2026-09-30T16:44:26.452Z start pid=170605 boot_id=d1ef78c6-5a49-437d-9efe-64434c7d7b31 machine_id=<vm-machine-id> jar=head-server.jar dist=dist-head verified=true durable=true harness=false db=w1t_s1
16:44:30.512    Harness boot id dd7a6859 -> 24901554
16:44:31.423 A cold load (no profile): 200 910 ms
16:44:31.794 B cold load (no profile): 200 371 ms
16:44:31.795    after both loads: model calls +0, Broker calls: <no Broker calls>
16:44:32.239 A history turn: admit=202 terminal=turn_complete(end_turn) recoveryBlocked=false 423 ms text="HISTORY users=3 toolResults=1 messages=8"
16:44:32.961 A next tool Turn: admit=202 terminal=turn_complete(end_turn) recoveryBlocked=false 704 ms text="Writing.DONE after 1 tool result(s): [{"type":"text","text":"Successfully created and wrote to new file: /srv/w1a/a/project/note3.txt."}]"
16:44:32.961    broker: runtimes:warm→200  runtimes:warm→200  tool-sessions:acquire→200  executions:prepare→200  executions/:id:start→200  executions/:id→200  tool-sessions/:id:release→200
16:44:33.212 B history turn: admit=202 terminal=turn_complete(end_turn) recoveryBlocked=false 236 ms text="HISTORY users=2 toolResults=1 messages=6"
16:44:34.197 B next Shell Turn: admit=202 terminal=turn_complete(end_turn) recoveryBlocked=false 971 ms text="Running a Shell command.DONE after 1 tool result(s): [{"type":"text","text":"Command: echo \"call $(date +%s.%N)\" >> .calls; echo b$(wc -l < .calls) > shell.txt; cat shell.txt; echo warn >&2\nDirecto"
16:44:34.197    broker: runtimes:warm→200  runtimes:warm→200  tool-sessions:acquire→200  tool-sessions/:id:publisher→200  executions:prepare→200  executions/:id:start→200  executions/:id→200  executions/:id→200  executions/:id→200  executions/:id→200  executions/:id→200  executions/:id:acknowledge→200  tool-sessions/:id:release→200
16:44:34.198    files: note.txt="v1" note3.txt="v3" shell.txt="b2" .calls=2 (2 = the first Shell effect was not repeated)
16:44:34.277 Session C on the unregistered storage c: create=200
16:44:34.399 C tool Turn: admit=202 terminal=turn_error {"sessionId":"1cea50bb-3444-4a8f-9396-595ae9e53643","promptId":"1f14f2f5-2325-4da4-a018-034eab5c386d","code":"hosted_turn_failed","message":"Hosted Harness turn failed."} recoveryBlocked=false 108 ms
16:44:34.402    broker: runtimes:warm→409(workspace_unavailable)
16:44:34.467    detach A=204 B=204 C=204
16:44:34.468 == phase 4a: SIGKILL the server (workers survive), restart Spring + Harness
16:44:34.478    workers before: 170022,170040
16:44:35.498    kill -9 of the server main PID only: pid 170605 -> failed
16:44:38.660    health=200 === 2026-09-30T16:44:35.536Z start pid=170740 boot_id=d1ef78c6-5a49-437d-9efe-64434c7d7b31 machine_id=<vm-machine-id> jar=head-server.jar dist=dist-head verified=true durable=true harness=false db=w1t_s1
16:44:39.389    workers after the restart: 170022,170040
16:44:40.487 A cold load: 200 1090 ms
16:44:41.132 B cold load: 200 642 ms
16:44:42.051 A next tool Turn: admit=202 terminal=turn_complete(end_turn) recoveryBlocked=false 897 ms text="Writing.DONE after 1 tool result(s): [{"type":"text","text":"Successfully created and wrote to new file: /srv/w1a/a/project/note4.txt."}]"
16:44:42.051    broker: runtimes:warm→200  tool-sessions:acquire→200  executions:prepare→200  executions/:id:start→200  executions/:id→200  tool-sessions/:id:release→200
16:44:43.070 B next Shell Turn: admit=202 terminal=turn_complete(end_turn) recoveryBlocked=false 1002 ms text="Running a Shell command.DONE after 1 tool result(s): [{"type":"text","text":"Command: echo \"call $(date +%s.%N)\" >> .calls; echo b$(wc -l < .calls) > shell.txt; cat shell.txt; echo warn >&2\nDirecto"
16:44:43.071    broker: runtimes:warm→200  tool-sessions:acquire→200  tool-sessions/:id:publisher→200  executions:prepare→200  executions/:id:start→200  executions/:id→200  executions/:id→200  executions/:id→200  executions/:id→200  executions/:id→200  executions/:id:acknowledge→200  tool-sessions/:id:release→200
16:44:43.114    .calls=3 shell.txt="b3"; detach A=204 B=204
16:44:43.115 == phase 4b: SIGKILL the Harness without detaching, then load in a new Harness
16:44:43.673 A load: 200
16:44:52.686    first attempt: 503 {"error":"managed_session_open_failed","code":"managed_session_open_failed"}
16:45:45.684 A cold load after a Harness SIGKILL: 200 after 53 s (27 attempts; the dead writer's 60 s lease must lapse)
16:45:46.536 A next tool Turn: admit=202 terminal=turn_complete(end_turn) recoveryBlocked=false 837 ms text="Writing.DONE after 1 tool result(s): [{"type":"text","text":"Successfully created and wrote to new file: /srv/w1a/a/project/note5.txt."}]"
16:45:46.612    rows: row state=READY rev=1 op=- completed=f494692c dev=64769 ino=788592 birth=2026-09-30T16:44:05.395472138Z reg=29426e4b holder=- | row state=READY rev=1 op=- completed=104c6562 dev=64769 ino=788594 birth=2026-09-30T16:44:05.395472138Z reg=851b525f holder=-
16:45:47.243    inspect a: state=ready revision=1 operation=null completed=f494692c-412b-42f6-8f5f-90d16ed3e5a3 holder=false identity=match marker=match registration=valid
16:45:47.252    model calls total 19; workers 170022,170040
16:45:47.373 S1-DONE
