# s2-decisions  db=d6f  2026-09-30T12:39:20.195Z
## a. deny (public API)
PASS  deny -> operation completed with outcome decided  -> 166 ms {"id":"op_12d8c605a8c24045a92b5f2d4a956f0f","session_id":"8e4023df-0b15-4b28-99fd-b936b7634d14","type":"action_response","status":"completed","admission_stage":"harness_confirmed","delivery_state":"confirmed","receipt_id":"rcpt_acfcb79c7bbc4fa79bed91dd9dea4535","replayed":false,"action_resolution":{"action_id":"tool_approval_16d403a913bb106bccc67a913865a47e","outcome":"decided","receipt_id":"rcpt_acfcb79c7bbc4fa79bed91dd9dea4535","decision_receipt_id":"decision_990691ac0707c808559cb0ec7e5bc19b95f2beffb00d28a1eee4ad56fa147b08"}}
PASS  Turn completes after the refusal  -> COMPLETED after 258 ms
PASS  denied write never ran: file absent, 0 tool executions  -> file=null executions=0
PASS  model received a refusal result and continued  -> D6_DONE rounds=1 results=["[{"type":"text","text":"The Session owner denied this tool call, so it was not run."}]
PASS  Action reads decided with a receipt; pending list empty  -> state=decided
PASS  allow after a deny -> 409 action_already_resolved, file still absent  -> HTTP 409 {"code":"action_already_resolved","message":"The Action has already ended.","request_id":"2c8bc704-9377-41c2-9550-6a62b3df4504"}
## b. mixed batch, answered through WebShell
PASS  calls are asked one at a time  -> pending=1 tool=write_file call=rig-call-0-0
PASS  second call asked after the first is decided; nothing dispatched yet  -> call=rig-call-0-1 file1=null executions=0
PASS  both operations decided, Turn completes  -> op1=completed op2=completed turn=COMPLETED
PASS  only the allowed call ran  -> f1="batch-b1-muo3dzzr.txt" f2=null executions=1
NOTE  final model text  -> D6_DONE rounds=1 results=["[{"type":"text","text":"Successfully created and wrote to new file: /rig/run/d6f/ws/b/child/b1-muo3dzzr.txt."}]
## c0. allow vs deny race (different keys)
PASS  exactly one decision wins; the other reports action_already_resolved  -> [{"name":"allow","http":202,"status":"completed","outcome":"decided"},{"name":"deny","http":202,"status":"failed","failure":"action_already_resolved"}]
PASS  the effect matches the winner  -> winner=allow fileExists=true executions=1
## c1. allow vs deny race (different keys)
PASS  exactly one decision wins; the other reports action_already_resolved  -> [{"name":"allow","http":202,"status":"failed","failure":"action_already_resolved"},{"name":"deny","http":202,"status":"completed","outcome":"decided"}]
PASS  the effect matches the winner  -> winner=deny fileExists=false executions=0
## c2. allow vs deny race (different keys)
PASS  exactly one decision wins; the other reports action_already_resolved  -> [{"name":"allow","http":202,"status":"completed","outcome":"decided"},{"name":"deny","http":202,"status":"failed","failure":"action_already_resolved"}]
PASS  the effect matches the winner  -> winner=allow fileExists=true executions=1
## d/e. same decision under two keys at once; 20 identical requests
PASS  20 concurrent identical requests -> one operation  -> statuses=[202] operations=1 firsts=1
PASS  same decision under a second key: 202+decided with the same decision receipt, or 409 once it has ended  -> [{"http":202,"status":"completed","receipt":"decision_e17441c74ae73425d5810298a189d52a3352cc6a6abcfda9cdf4cf7c8b1104ae"},{"http":409,"code":"action_already_resolved"}]
PASS  write ran exactly once  -> turn=COMPLETED executions=1
## f. request validation (Action stays requested throughout)
PASS  public: stale input_revision 2 -> 400 invalid_action_response  -> HTTP 400 {"code":"invalid_action_response","message":"The response does not match the original Action.","request_id":"b825b369-5d56-49fa-98db-c5f03a40b84b"}
PASS  public: input_revision as string "1" -> 400 invalid_action_response  -> HTTP 400 {"code":"invalid_action_response","message":"Only permission responses are supported.","request_id":"3e07c001-f0ae-4d2f-9f2a-71e7c5b42ee5"}
PASS  public: input_revision 1.5 -> 400 invalid_action_response  -> HTTP 400 {"code":"invalid_action_response","message":"Only permission responses are supported.","request_id":"e8cd8686-83bc-4473-bd61-ee53a0483ea0"}
PASS  public: other policy_revision -> 400 invalid_action_response  -> HTTP 400 {"code":"invalid_action_response","message":"The response does not match the original Action.","request_id":"8d0ef8d0-d1c0-4430-be67-0218178ead2d"}
PASS  public: unknown option -> 400 invalid_action_response  -> HTTP 400 {"code":"invalid_action_response","message":"The response does not match the original Action.","request_id":"665751e4-ae22-443a-b042-b2a86ced7999"}
PASS  public: question kind -> 400 invalid_action_response  -> HTTP 400 {"code":"invalid_action_response","message":"Only permission responses are supported.","request_id":"aba79037-d0fa-4e32-b77c-5c47e3b870af"}
PASS  public: unknown extra field -> 400  -> HTTP 400 {"code":"invalid_request","message":"The request body is invalid.","request_id":"8f6d5369-4cd8-41e6-a385-c7d91d67d984"}
PASS  public: missing option_id -> 400  -> HTTP 400 {"code":"invalid_request","message":"The request body is invalid.","request_id":"3c8097a4-fe1b-4a36-86bf-ba34636cc153"}
PASS  public: camelCase on the public route -> 400  -> HTTP 400 {"code":"invalid_request","message":"The request body is invalid.","request_id":"23b3c349-5c91-4d39-8b90-57d276b1189e"}
PASS  public: missing Idempotency-Key -> 400  -> HTTP 400 {"code":"invalid_request","message":"The request body is invalid.","request_id":"da1d18aa-06f1-42e4-8d5d-a42efed2a2db"}
PASS  public: oversized Idempotency-Key -> 400  -> HTTP 400 {"code":"invalid_idempotency_key","message":"Idempotency-Key must contain 1-128 visible characters.","request_id":"53b35e9c-3983-47ae-84d8-6aef10d7a67d"}
PASS  public: unknown Action id -> 404 action_not_found  -> HTTP 404 {"code":"action_not_found","message":"The Action was not found.","request_id":"752dc4ce-b530-46ed-98f8-2244194364c6"}
PASS  public: malformed Action id -> 404 action_not_found  -> HTTP 404 {"code":"action_not_found","message":"The Action was not found.","request_id":"654b587f-09e5-4a2e-ba33-8eb05ec57803"}
PASS  WebShell: stale inputRevision -> 400 invalid_action_response  -> HTTP 400 {"code":"invalid_action_response","message":"The response does not match the original Action.","request_id":"rig"}
PASS  WebShell: snake_case response fields -> 400  -> HTTP 400 {"code":"invalid_request","message":"The request body is invalid.","request_id":"14e1d9b3-1b46-48de-bdf0-e2a20a907ae1"}
PASS  WebShell: unknown top-level field -> 400  -> HTTP 400 {"code":"invalid_request","message":"The request body is invalid.","request_id":"c25bcdfe-3941-4497-84ae-3005f5cc6f93"}
PASS  WebShell: missing idempotencyKey -> 400  -> HTTP 400 {"code":"invalid_request","message":"The request body is invalid.","request_id":"9abe7fe0-70d2-4afe-87bf-cbd9d1bc2b94"}
PASS  WebShell: missing response -> 400  -> HTTP 400 {"code":"invalid_request","message":"The request body is invalid.","request_id":"f630c19f-9f67-45c0-b530-53204d8750b5"}
PASS  public list: limit=0 -> 400  -> HTTP 400 {"code":"invalid_limit","message":"Limit must be between 1 and 100.","request_id":"e7536ec7-a3f2-4e6e-ba54-0dc10455c161"}
PASS  public list: limit=101 -> 400  -> HTTP 400 {"code":"invalid_limit","message":"Limit must be between 1 and 100.","request_id":"eeacabb3-20ac-478c-a697-eba8972100e4"}
PASS  public list: garbage cursor -> 400  -> HTTP 400 {"code":"invalid_cursor","message":"Action cursor is invalid.","request_id":"9f583240-8a9b-42a1-abf8-28706f3a1a55"}
PASS  public list: well-formed foreign cursor -> 200  -> HTTP 200 {"data":[],"has_more":false,"next_cursor":null}
PASS  after every rejected request: no operation, Action still requested, nothing ran  -> operations=0 state=requested
PASS  a valid answer afterwards still completes the Turn  -> HTTP 202 op=completed turn=COMPLETED
PASS  WebShell respond echoes the client requestId  -> {"x-request-id":"rig"}
== s2-decisions: 44 passed, 0 failed
