ARM9-START b9 db=b9 jar=b9 dist=b9 09:19:39
harness pid=722692 dist=b9 up after 2s log=/root/v13163/rig/run/b9/harness-0.log
springb pid=722737 jar=b9 store=http://127.0.0.1:18164 up after 26s log=/root/v13163/rig/run/b9/springb-0.log
spring pid=723701 jar=b9 store=http://127.0.0.1:18164 up after 7s log=/root/v13163/rig/run/b9/spring-0.log
### [b9 09:20:13] /usr/bin/node c1-cancel-refused.mjs ws-a a revoke alice
# c1-revoke-alice-late-ws-a  db=b9  2026-10-08T09:20:13.958Z
PASS  initial Turn COMPLETED  -> d7f1f24a-d4f3-434a-8578-ba31578f7ccb
PASS  later Turn admitted  -> 202 turn_857d933dcbf848f6afd068064f59ba90
NOTE  cancel by alice under revoke  -> 409 workspace_unavailable in 31 ms; workspaceTurns=false
NOTE  Turn end  -> FAILED hosted_turn_failed at +30413 ms
NOTE  model request  -> NOT aborted: answered with write_file after 30000 ms
NOTE  Workspace file child/late-revoke-21068.txt  -> null
NOTE  tool executions added by the later Turn  -> 0
NOTE  refusal lifted after the Turn ended  -> +32028 ms
NOTE  next later Turn after restore  -> 202  -> COMPLETED; file=AFTER
NOTE  Turn history  -> [["turn_a76bf8aee49d43a89208fad36d2183dd","COMPLETED","","0"],["turn_857d933dcbf848f6afd068064f59ba90","FAILED","hosted_turn_failed","0"],["turn_3b37eae51b744bb9b1cb2ad8b0f96301","COMPLETED","","0"]]
NOTE  command rows  -> [["SUBMIT_TURN","COMPLETED"],["SUBMIT_TURN","COMPLETED"]]
== c1-revoke-alice-late-ws-a: 2 passed, 0 failed
RC=0
### [b9 09:20:57] /usr/bin/node c1-cancel-refused.mjs ws-b b draining alice
# c1-draining-alice-late-ws-b  db=b9  2026-10-08T09:20:57.531Z
PASS  initial Turn COMPLETED  -> 98589a62-abe4-4356-b994-47647c1b48f2
PASS  later Turn admitted  -> 202 turn_308c9aaca67c4cd99ca70158a0e300e5
NOTE  cancel by alice under draining  -> 409 workspace_unavailable in 16 ms; workspaceTurns=false
NOTE  Turn end  -> FAILED hosted_turn_failed at +30457 ms
NOTE  model request  -> NOT aborted: answered with write_file after 30000 ms
NOTE  Workspace file child/late-draining-62285.txt  -> null
NOTE  tool executions added by the later Turn  -> 0
NOTE  refusal lifted after the Turn ended  -> +32098 ms
NOTE  next later Turn after restore  -> 202  -> COMPLETED; file=AFTER
NOTE  Turn history  -> [["turn_1d2bce5090a4490bb3d1c8ae6c47ce7d","COMPLETED","","0"],["turn_308c9aaca67c4cd99ca70158a0e300e5","FAILED","hosted_turn_failed","0"],["turn_d84d73ef44ae46d685d63d9d357973f2","COMPLETED","","0"]]
NOTE  command rows  -> [["SUBMIT_TURN","COMPLETED"],["SUBMIT_TURN","COMPLETED"]]
== c1-draining-alice-late-ws-b: 2 passed, 0 failed
RC=0
### [b9 09:21:38] /usr/bin/node c1-cancel-refused.mjs ws-c c regen alice
# c1-regen-alice-late-ws-c  db=b9  2026-10-08T09:21:38.479Z
PASS  initial Turn COMPLETED  -> 46b34ea0-b285-45b5-938f-065ec3089970
PASS  later Turn admitted  -> 202 turn_2c9cbe89947c4144b80bf966de13ef7d
NOTE  cancel by alice under regen  -> 202 accepted in 31 ms; workspaceTurns=true
NOTE  Turn end  -> CANCELLED  at +395 ms
NOTE  model request  -> aborted after 225 ms
NOTE  Workspace file child/late-regen-3399.txt  -> null
NOTE  tool executions added by the later Turn  -> 0
NOTE  refusal lifted after the Turn ended  -> +2047 ms
NOTE  next later Turn after restore  -> 202  -> COMPLETED; file=AFTER
NOTE  Turn history  -> [["turn_8d39c3b154b94469907bcd35e37762d5","COMPLETED","","0"],["turn_2c9cbe89947c4144b80bf966de13ef7d","CANCELLED","","0"],["turn_432ca6a917564d41a69301a076e0b16c","COMPLETED","","0"]]
NOTE  command rows  -> [["SUBMIT_TURN","COMPLETED"],["CANCEL_TURN","COMPLETED"],["SUBMIT_TURN","COMPLETED"]]
== c1-regen-alice-late-ws-c: 2 passed, 0 failed
RC=0
stopped spring pid=723701 sig=TERM
stopped spring-b pid=722737 sig=TERM
stopped harness pid=722692 sig=TERM
stopped model pid=722666 sig=TERM
stopped tap pid=722667 sig=TERM
harness pid=725812 dist=b9 up after 2s log=/root/v13163/rig/run/b9/harness-1.log
springb pid=725857 jar=b9 store=http://127.0.0.1:18164 up after 7s log=/root/v13163/rig/run/b9/springb-1.log
spring pid=726013 jar=b9 store=http://127.0.0.1:18164 up after 7s log=/root/v13163/rig/run/b9/spring-1.log
### [b9 09:22:06] /usr/bin/node c14-cold-cache.mjs start ws-krevoke-b9 a revoke
started 2e35b299-94ba-4559-ad1e-0dc29daccca3 turn=turn_97c1663a398d42dabfb1af893d17c966 initial=COMPLETED mode=revoke
RC=0
stopped spring pid=726013 sig=TERM
spring pid=726404 jar=b9 store=http://127.0.0.1:18164 up after 7s log=/root/v13163/rig/run/b9/spring-2.log
### [b9 09:22:33] /usr/bin/node c14-cold-cache.mjs cancel ws-krevoke-b9 a revoke
# c14-cold-cache-revoke-ws-krevoke-b9  db=b9  2026-10-08T09:22:33.654Z
NOTE  Turn before the cancel (after the Spring restart)  -> ["turn_97c1663a398d42dabfb1af893d17c966","RUNNING","","0"]
NOTE  creator cancel after the restart  -> 409 workspace_unavailable
NOTE  Turn 90 s after the cancel  -> RUNNING  (not terminal)
NOTE  POST /cancel calls reaching the Harness  -> []
NOTE  other Harness calls for the Session since the restart  -> ["POST /session/:id/prompt 202"]
NOTE  model request  -> still held / answered
NOTE  Turn 60 s after can_create was restored  -> RUNNING  (not terminal)
NOTE  Workspace file  -> null
NOTE  Turn history  -> [["turn_b1b54993bbcd418bb054370d74db716c","COMPLETED","","0"],["turn_97c1663a398d42dabfb1af893d17c966","RUNNING","","7"]]
== c14-cold-cache-revoke-ws-krevoke-b9: 0 passed, 0 failed
RC=0
latch lines: 0
stopped spring pid=726404 sig=TERM
stopped spring-b pid=725857 sig=TERM
stopped harness pid=725812 sig=TERM
stopped model pid=725786 sig=TERM
stopped tap pid=725787 sig=TERM
harness pid=728943 dist=b9 up after 2s log=/root/v13163/rig/run/b9/harness-2.log
springb pid=728993 jar=b9 store=http://127.0.0.1:18164 up after 6s log=/root/v13163/rig/run/b9/springb-2.log
spring pid=729259 jar=b9 store=http://127.0.0.1:18164 up after 7s log=/root/v13163/rig/run/b9/spring-3.log
### [b9 09:25:20] /usr/bin/node c14-cold-cache.mjs start ws-knone-b9 g none
started 59c76877-05fd-4516-8283-74acc181922d turn=turn_c9aef595826c43cd9a3b2678d364d13c initial=COMPLETED mode=none
RC=0
stopped spring pid=729259 sig=TERM
spring pid=729924 jar=b9 store=http://127.0.0.1:18164 up after 7s log=/root/v13163/rig/run/b9/spring-4.log
### [b9 09:25:47] /usr/bin/node c14-cold-cache.mjs cancel ws-knone-b9 g none
# c14-cold-cache-none-ws-knone-b9  db=b9  2026-10-08T09:25:47.560Z
NOTE  Turn before the cancel (after the Spring restart)  -> ["turn_c9aef595826c43cd9a3b2678d364d13c","RUNNING","","0"]
NOTE  creator cancel after the restart  -> 202 accepted
NOTE  Turn 90 s after the cancel  -> CANCELLING  (not terminal)
NOTE  POST /cancel calls reaching the Harness  -> []
NOTE  other Harness calls for the Session since the restart  -> ["POST /session/:id/prompt 202","POST /session/:id/load 409"]
NOTE  model request  -> still held / answered
NOTE  Turn 60 s after can_create was restored  -> CANCELLING  (not terminal)
NOTE  Workspace file  -> null
NOTE  Turn history  -> [["turn_b5292c99198f45708663c367d3b6426e","COMPLETED","","0"],["turn_c9aef595826c43cd9a3b2678d364d13c","CANCELLING","","7"]]
== c14-cold-cache-none-ws-knone-b9: 0 passed, 0 failed
RC=0
latch lines: 0
stopped spring pid=729924 sig=TERM
stopped spring-b pid=728993 sig=TERM
stopped harness pid=728943 sig=TERM
stopped model pid=728908 sig=TERM
stopped tap pid=728909 sig=TERM
harness pid=734068 dist=b9 up after 2s log=/root/v13163/rig/run/b9/harness-3.log
springb pid=734118 jar=b9 store=http://127.0.0.1:18164 up after 6s log=/root/v13163/rig/run/b9/springb-3.log
spring pid=734241 jar=b9 store=http://127.0.0.1:18164 up after 7s log=/root/v13163/rig/run/b9/spring-5.log
### [b9 09:28:34] /usr/bin/node c22-approve-refused.mjs ws-c22 f
# c22-approve-refused-ws-c22  db=b9  2026-10-08T09:28:34.295Z
PASS  initial Turn COMPLETED after approval
PASS  later Turn waits for approval  -> tool_approval_a38c99fb67cb2eab338742ddc72aeb7a
NOTE  approval answer (public)  -> 202 pending
NOTE  answer operation 30 s after can_create was revoked (state, error, attempts)  -> ["COMPLETED","","2"] at +3476 ms
NOTE  resolve calls reaching the Harness  -> ["-:200","respond:503","-:200"]
NOTE  Action row  -> ["decided","decision_121a0223e66da328ed943ea40ea8e0cc5108953473024325248b50c9bd06b928"]
NOTE  Turn before the cancel  -> ["turn_4c1023936ec74ef783fddb5b03d38f72","RUNNING","","0"]
NOTE  creator cancel after that  -> 409 workspace_unavailable → RUNNING  (not terminal)
NOTE  Workspace file child/a2-14584.txt / executions added  -> null / 0
NOTE  Turn history  -> [["turn_614d7a9a5d2247f281f515456e1106c0","COMPLETED","","0"],["turn_4c1023936ec74ef783fddb5b03d38f72","RUNNING","","0"]]
== c22-approve-refused-ws-c22: 2 passed, 0 failed
RC=0
### [b9 09:29:46] /usr/bin/node c23-approve-retry.mjs ws-r1 a revoke restore
# c23-approve-retry-revoke-restore-ws-r1  db=b9  2026-10-08T09:29:46.165Z
PASS  initial Turn COMPLETED after approval
PASS  later Turn waits for approval  -> tool_approval_0fbe26177dd12896426abae6966e1f13
NOTE  approval answer (public)  -> 202 pending
NOTE  answer operation after 12000 ms under revoke (state, error, attempts)  -> ["COMPLETED","","2"] settled at +3526 ms; states seen ["RUNNING","COMPLETED"]
NOTE  resolve calls reaching the Harness during the hold  -> ["-:200","respond:503","-:200"]
NOTE  Action row during the hold  -> ["decided","decision_0e79267d9ee8d1d7bb6881d328b0ef53c7c633a70c671ac9504c297a44fde197"]
NOTE  Workspace file child/a2-86452.txt during the hold  -> null
FAIL  revoke: answer stays retryable (PENDING, not FAILED) while the state is changed  -> ["COMPLETED","","2"]
FAIL  revoke: nothing delivered to the Harness while the state is changed  -> delivered=1 file=null
NOTE  answer operation after the restore  -> ["COMPLETED","","2"] at +44 ms
NOTE  Action row after the restore  -> ["decided","decision_0e79267d9ee8d1d7bb6881d328b0ef53c7c633a70c671ac9504c297a44fde197"]
NOTE  Turn after the restore  -> RUNNING  (not terminal)
NOTE  resolve calls reaching the Harness (all)  -> ["-:200","respond:503","-:200"]
NOTE  Workspace file child/a2-86452.txt / executions added  -> null / 0
PASS  restore: the committed answer is delivered (op COMPLETED, Action decided)  -> ["COMPLETED","","2"] ["decided","decision_0e79267d9ee8d1d7bb6881d328b0ef53c7c633a70c671ac9504c297a44fde197"]
PASS  restore: exactly one successful resolve reached the Harness  -> ["-:200","respond:503","-:200"]
FAIL  restore: the Turn completes and the approved write lands  -> RUNNING file=null
NOTE  cleanup cancel of the stranded Turn  -> 202 → CANCELLED at +290 ms
NOTE  Harness calls for the Session after the first 503 (method path status)  -> ["POST /session/:id/actions/:a/resolve respond:503","POST /session/:id/actions/:a/resolve 200","POST /session/:id/cancel 409","POST /session/:id/load 200"]
NOTE  Turn history  -> [["turn_5738f832982c4dd49253aaccefc94ae3","COMPLETED","","0"],["turn_30b3130a056544f28957bb1f988b369c","CANCELLED","","0"]]
== c23-approve-retry-revoke-restore-ws-r1: 4 passed, 3 failed
RC=0
### [b9 09:31:35] /usr/bin/node c23-approve-retry.mjs ws-r2 b revoke cancel
# c23-approve-retry-revoke-cancel-ws-r2  db=b9  2026-10-08T09:31:35.285Z
PASS  initial Turn COMPLETED after approval
PASS  later Turn waits for approval  -> tool_approval_72ccb1ca405b981e755f23b77fbcf100
NOTE  approval answer (public)  -> 202 pending
NOTE  answer operation after 12000 ms under revoke (state, error, attempts)  -> ["COMPLETED","","2"] settled at +4003 ms; states seen ["RUNNING","COMPLETED"]
NOTE  resolve calls reaching the Harness during the hold  -> ["-:200","respond:503","-:200"]
NOTE  Action row during the hold  -> ["decided","decision_0a94fdd125deb37e8a6c2f9404f61f25016846c31538ccbc5d4dc0c30c16f63e"]
NOTE  Workspace file child/a2-95583.txt during the hold  -> null
FAIL  revoke: answer stays retryable (PENDING, not FAILED) while the state is changed  -> ["COMPLETED","","2"]
FAIL  revoke: nothing delivered to the Harness while the state is changed  -> delivered=1 file=null
NOTE  creator cancel with the state still changed  -> 409 workspace_unavailable → RUNNING  (not terminal)
NOTE  answer operation after the cancel  -> ["COMPLETED","","2"] at +42 ms; attempts 5 s later 2
NOTE  Action row after the cancel  -> ["decided","decision_0a94fdd125deb37e8a6c2f9404f61f25016846c31538ccbc5d4dc0c30c16f63e"]
NOTE  resolve calls reaching the Harness (all)  -> ["-:200","respond:503","-:200"]
NOTE  Workspace file child/a2-95583.txt / executions added  -> null / 0
FAIL  cancel: creator cancel is admitted and the Turn ends CANCELLED  -> 409 RUNNING
PASS  cancel: the pending answer settles and stops retrying  -> ["COMPLETED","","2"] attempts 2→2
FAIL  cancel: the approved write never lands  -> file=null delivered=1
NOTE  Harness calls for the Session after the first 503 (method path status)  -> ["POST /session/:id/actions/:a/resolve respond:503","POST /session/:id/actions/:a/resolve 200"]
NOTE  Turn history  -> [["turn_2ca302db4ad44b7ba7e0e2b019e60708","COMPLETED","","0"],["turn_f3a97f84be8b430681cb590d958bbea9","RUNNING","","0"]]
== c23-approve-retry-revoke-cancel-ws-r2: 3 passed, 4 failed
RC=0
### [b9 09:32:57] /usr/bin/node c23-approve-retry.mjs ws-r3 c draining restore
# c23-approve-retry-draining-restore-ws-r3  db=b9  2026-10-08T09:32:57.685Z
PASS  initial Turn COMPLETED after approval
PASS  later Turn waits for approval  -> tool_approval_9de03a55a873c55444c3f01d36da7be0
NOTE  approval answer (public)  -> 202 pending
NOTE  answer operation after 12000 ms under draining (state, error, attempts)  -> ["COMPLETED","","2"] settled at +3735 ms; states seen ["RUNNING","COMPLETED"]
NOTE  resolve calls reaching the Harness during the hold  -> ["-:200","respond:503","-:200"]
NOTE  Action row during the hold  -> ["decided","decision_bfd8a596438e3944f76498737b1924de3ec35e6d56da1aafa35ef78b8f1061d9"]
NOTE  Workspace file child/a2-77954.txt during the hold  -> null
FAIL  draining: answer stays retryable (PENDING, not FAILED) while the state is changed  -> ["COMPLETED","","2"]
FAIL  draining: nothing delivered to the Harness while the state is changed  -> delivered=1 file=null
NOTE  answer operation after the restore  -> ["COMPLETED","","2"] at +46 ms
NOTE  Action row after the restore  -> ["decided","decision_bfd8a596438e3944f76498737b1924de3ec35e6d56da1aafa35ef78b8f1061d9"]
NOTE  Turn after the restore  -> RUNNING  (not terminal)
NOTE  resolve calls reaching the Harness (all)  -> ["-:200","respond:503","-:200"]
NOTE  Workspace file child/a2-77954.txt / executions added  -> null / 0
PASS  restore: the committed answer is delivered (op COMPLETED, Action decided)  -> ["COMPLETED","","2"] ["decided","decision_bfd8a596438e3944f76498737b1924de3ec35e6d56da1aafa35ef78b8f1061d9"]
PASS  restore: exactly one successful resolve reached the Harness  -> ["-:200","respond:503","-:200"]
FAIL  restore: the Turn completes and the approved write lands  -> RUNNING file=null
NOTE  cleanup cancel of the stranded Turn  -> 202 → CANCELLED at +540 ms
NOTE  Harness calls for the Session after the first 503 (method path status)  -> ["POST /session/:id/actions/:a/resolve respond:503","POST /session/:id/actions/:a/resolve 200","POST /session/:id/cancel 409","POST /session/:id/load 200"]
NOTE  Turn history  -> [["turn_9c3d31e8997d43bda82d2a923f8aaad0","COMPLETED","","0"],["turn_5f382e88f5b04e6b85f75b61f9af7443","CANCELLED","","0"]]
== c23-approve-retry-draining-restore-ws-r3: 4 passed, 3 failed
RC=0
### [b9 09:34:46] /usr/bin/node c23-approve-retry.mjs ws-r5 e regen restore
# c23-approve-retry-regen-restore-ws-r5  db=b9  2026-10-08T09:34:46.928Z
PASS  initial Turn COMPLETED after approval
PASS  later Turn waits for approval  -> tool_approval_264d3f5de495f13af8ed021bc0675963
NOTE  approval answer (public)  -> 202 pending
NOTE  answer operation after 12000 ms under regen (state, error, attempts)  -> ["COMPLETED","","2"] settled at +3778 ms; states seen ["RUNNING","COMPLETED"]
NOTE  resolve calls reaching the Harness during the hold  -> ["-:200","respond:503","-:200"]
NOTE  Action row during the hold  -> ["decided","decision_4ea209ed9694c8dee602ba3a7e7db20f51a44b43bf34dfbb6da86b0f2c3ba53f"]
NOTE  Workspace file child/a2-87220.txt during the hold  -> null
FAIL  regen: structural change fails the answer terminally  -> ["COMPLETED","","2"]
FAIL  regen: nothing delivered to the Harness  -> delivered=1 file=null
NOTE  answer operation after the restore  -> ["COMPLETED","","2"] at +44 ms
NOTE  Action row after the restore  -> ["decided","decision_4ea209ed9694c8dee602ba3a7e7db20f51a44b43bf34dfbb6da86b0f2c3ba53f"]
NOTE  Turn after the restore  -> RUNNING  (not terminal)
NOTE  resolve calls reaching the Harness (all)  -> ["-:200","respond:503","-:200"]
NOTE  Workspace file child/a2-87220.txt / executions added  -> null / 0
FAIL  restore after a structural failure: the failed answer is not resurrected  -> ["COMPLETED","","2"] delivered=1 file=null
NOTE  cleanup cancel of the stranded Turn  -> 202 → CANCELLED at +291 ms
NOTE  Harness calls for the Session after the first 503 (method path status)  -> ["POST /session/:id/actions/:a/resolve respond:503","POST /session/:id/actions/:a/resolve 200","POST /session/:id/cancel 409","POST /session/:id/load 200"]
NOTE  Turn history  -> [["turn_c1be91f5ceb849bdb47e18c6de8fe100","COMPLETED","","0"],["turn_71fb7e1435544df8a6dee9474c1b96f2","CANCELLED","","0"]]
== c23-approve-retry-regen-restore-ws-r5: 2 passed, 3 failed
RC=0
### [b9 09:35:25] env RESTART_CMD=bash /root/v13163/rig/stop.sh b9 spring > /dev/null; STORE=b APPROVAL=default DIST=b9 bash /root/v13163/rig/spring.sh b9 b9 /usr/bin/node c23-approve-retry.mjs ws-r7 f revoke restore
# c23-approve-retry-revoke-restore-ws-r7  db=b9  2026-10-08T09:35:25.677Z
file:///root/v13163/rig/probe/c23-approve-retry.mjs:41
const first = p.action.id;
                       ^

TypeError: Cannot read properties of undefined (reading 'id')
    at file:///root/v13163/rig/probe/c23-approve-retry.mjs:41:24
    at process.processTicksAndRejections (node:internal/process/task_queues:104:5)

Node.js v24.14.0
RC=1
stopped spring pid=734241 sig=TERM
stopped spring-b pid=734118 sig=TERM
stopped harness pid=734068 sig=TERM
stopped model pid=734038 sig=TERM
stopped tap pid=734039 sig=TERM
leftover rig workers: 11
ARM9-DONE b9 09:36:39
