=== ARM=head8 node s11-cancel.mjs 13:33:24
PASS  UserPromptSubmit: cancel mid-Hook, then the Session runs the next turn  -> cancel=204 cancel→idle=319ms terminal=turn_complete(cancelled) recoveryBlocked=false hook=cancelled/"settled" written=false next=admit=202 terminal=turn_complete(end_turn) recoveryBlocked=false 1049ms
PASS  PreToolUse: cancel mid-Hook, then the Session runs the next turn  -> cancel=204 cancel→idle=315ms terminal=turn_complete(cancelled) recoveryBlocked=false hook=cancelled/"settled" written=false next=admit=202 terminal=turn_complete(end_turn) recoveryBlocked=false 850ms
PASS  PostToolUse: cancel mid-Hook, then the Session runs the next turn  -> cancel=204 cancel→idle=420ms terminal=turn_complete(cancelled) recoveryBlocked=false hook=cancelled/"settled" written=true next=admit=202 terminal=turn_complete(end_turn) recoveryBlocked=false 640ms
PASS  Stop: cancel mid-Hook, then the Session runs the next turn  -> cancel=204 cancel→idle=317ms terminal=turn_complete(cancelled) recoveryBlocked=false hook=cancelled/"settled" written=true next=admit=202 terminal=turn_complete(end_turn) recoveryBlocked=false 742ms
FAIL  PreToolUse (callback ignores the abort, 8 s): cancel mid-Hook, then the Session runs the next turn  -> cancel=204 cancel→idle=1149ms terminal=<none> recoveryBlocked=true hook=recovery_blocked/"outcome_unknown" written=false next=admit=409 hosted_turn_recovery_required terminal=<none> recoveryBlocked=undefined 3ms
NOTE  PreToolUse (callback ignores the abort, 8 s): another Session in the same Workspace  -> admit=202 terminal=turn_error[{"sessionId":"b555990d-6a35-4016-b82f-a906695974d8","promptId":"9ef7c01a-c466-4712-a2b7-51f246045caf","code":"hosted_turn_failed","message":"Hosted Harness turn failed."}] recoveryBlocked=false 523ms
NOTE  PreToolUse (callback ignores the abort, 8 s): after detach + load  -> detach=503 load=409  admit=409 hosted_turn_recovery_required terminal=<none> recoveryBlocked=undefined 3ms
PASS  PreToolUse (HTTP Hook, server replies after 8 s): cancel mid-Hook, then the Session runs the next turn  -> cancel=204 cancel→idle=7789ms terminal=turn_complete(cancelled) recoveryBlocked=false hook=settled/"settled" written=false next=admit=202 terminal=turn_complete(end_turn) recoveryBlocked=false 551ms
PASS  UserPromptSubmit (HTTP Hook, server replies after 8 s): cancel mid-Hook, then the Session runs the next turn  -> cancel=204 cancel→idle=7638ms terminal=turn_complete(cancelled) recoveryBlocked=false hook=settled/"settled" written=false next=admit=202 terminal=turn_complete(end_turn) recoveryBlocked=false 8718ms
PASS  PostToolUse (HTTP Hook, server replies after 8 s): cancel mid-Hook, then the Session runs the next turn  -> cancel=204 cancel→idle=7730ms terminal=turn_complete(cancelled) recoveryBlocked=false hook=settled/"settled" written=true next=admit=202 terminal=turn_complete(end_turn) recoveryBlocked=false 548ms
PASS  Stop (HTTP Hook, server replies after 8 s): cancel mid-Hook, then the Session runs the next turn  -> cancel=204 cancel→idle=7720ms terminal=turn_complete(cancelled) recoveryBlocked=false hook=settled/"settled" written=true next=admit=202 terminal=turn_complete(end_turn) recoveryBlocked=false 8815ms
FAIL  PreToolUse (HTTP Hook, server never replies; Hook timeout 10 s): cancel mid-Hook, then the Session runs the next turn  -> cancel=204 cancel→idle=9502ms terminal=<none> recoveryBlocked=true hook=recovery_blocked/"outcome_unknown" written=false next=admit=409 hosted_turn_recovery_required terminal=<none> recoveryBlocked=undefined 2ms
NOTE  PreToolUse (HTTP Hook, server never replies; Hook timeout 10 s): another Session in the same Workspace  -> admit=202 terminal=turn_error[{"sessionId":"9cb68aba-4fb3-4656-aada-8d8903396c1c","promptId":"b6e63d77-72a0-41a8-b371-1b25c95ac610","code":"hosted_turn_failed","message":"Hosted Harness turn failed."}] recoveryBlocked=false 622ms
NOTE  PreToolUse (HTTP Hook, server never replies; Hook timeout 10 s): after detach + load  -> detach=503 load=409  admit=409 hosted_turn_recovery_required terminal=<none> recoveryBlocked=undefined 3ms
== RESULT s11-cancel-head8: 8 passed, 2 failed
=== ARM=head8 node s14-activation-fault.mjs 13:34:53
NOTE  warm-up turn  -> admit=202 terminal=turn_complete(end_turn) recoveryBlocked=false 922ms activation-install writes seen so far=1
NOTE  no fault (baseline): detach + load  -> detach=204  load=200  admit=202 terminal=turn_complete(end_turn) recoveryBlocked=false 547ms
NOTE  no fault (baseline)  -> hookOp=200  install requests=2 journal tx=12 status.recoveryBlocked=false next prompt: admit=202 terminal=turn_complete(end_turn) recoveryBlocked=false 544ms
NOTE  one 503 on the activation-install commit: detach + load  -> detach=204  load=200  admit=202 terminal=turn_complete(end_turn) recoveryBlocked=false 669ms
NOTE  one 503 on the activation-install commit  -> hookOp=200  install requests=3 journal tx=12 status.recoveryBlocked=false next prompt: admit=202 terminal=turn_complete(end_turn) recoveryBlocked=false 573ms
NOTE  activation-install commit succeeds, its reply is dropped once: detach + load  -> detach=204  load=200  admit=202 terminal=turn_complete(end_turn) recoveryBlocked=false 692ms
NOTE  activation-install commit succeeds, its reply is dropped once  -> hookOp=200  install requests=3 journal tx=12 status.recoveryBlocked=false next prompt: admit=202 terminal=turn_complete(end_turn) recoveryBlocked=false 666ms
NOTE  503 on every activation-install commit (retries exhausted): detach + load  -> detach=204  load=200  admit=202 terminal=turn_complete(end_turn) recoveryBlocked=false 727ms
NOTE  503 on every activation-install commit (retries exhausted)  -> hookOp=503 hosted_hook_operation_failed install requests=3 journal tx=1 status.recoveryBlocked=false next prompt: admit=409 hosted_turn_recovery_required terminal=<none> recoveryBlocked=undefined 3ms | after the fault cleared: admit=409 hosted_turn_recovery_required terminal=<none> recoveryBlocked=undefined 5m
== RESULT s14-activation-fault-head8: 0 passed, 0 failed
=== ARM=head8 node s15-history-hooks.mjs 13:35:19
PASS  with Hooks: Write, Write, undo of the second Write, Write  -> turns=turn_complete,turn_complete,turn_complete history=200 snapshots=2 undo=200  afterUndo="one" final="three"
PASS  with Hooks: PreToolUse and PostToolUse ran once per write (3 each)  -> pre=3 post=3
PASS  with Hooks: after detach, another Session uses the Workspace  -> detach=204 admit=202 terminal=turn_complete(end_turn) recoveryBlocked=false 1055ms lease=<free>
PASS  no Hooks: Write, Write, undo of the second Write, Write  -> turns=turn_complete,turn_complete,turn_complete history=200 snapshots=2 undo=200  afterUndo="one" final="three"
PASS  no Hooks: after detach, another Session uses the Workspace  -> detach=204 admit=202 terminal=turn_complete(end_turn) recoveryBlocked=false 1061ms lease=<free>
== RESULT s15-history-hooks-head8: 5 passed, 0 failed
=== ARM=head8 WS=ws-hvs HOOK=hv-start node s9mac-refusal.mjs 13:35:36
NOTE  rig repair  -> null
PASS  command Hook refused before any effect (marker file not created)  -> turn: admit=202 terminal=<none> recoveryBlocked=true 685ms record=recovery_blocked/"not_started_proven"
NOTE  Session after the refusal  -> status.recoveryBlocked=true next prompt -> 409 hosted_turn_recovery_required
NOTE  cancel of the blocked execution  -> 200 cancelled -> record cancelled/"not_started_proven"
PASS  after cancelling the blocked occurrence the Session accepts work again  -> admit=202 terminal=turn_complete(end_turn) recoveryBlocked=false 538ms
PASS  after cancel + detach + load the Session accepts work again  -> detach=204  load=200  admit=202 terminal=turn_complete(end_turn) recoveryBlocked=false 442ms
NOTE  next prompt after recovery  -> admit=202 terminal=turn_complete(end_turn) recoveryBlocked=false 439ms cmd-ups records=1 states=cancelled/not_started_proven
NOTE  plan markers  -> SessionStart:settled/"settled" result=true UserPromptSubmit:settled/"settled" result=true Stop:settled/"settled" result=true MessageDisplay:settled/"settled" result=true UserPromptSubmit:settled/"settled" result=true Stop:settled/"settled" result=true MessageDisplay:settled/"settled" result=true UserPromptSubmit:settled/"settled" result=true Stop:settled/
PASS  after also cancelling the plan marker the Session accepts work  -> admit=202 terminal=turn_complete(end_turn) recoveryBlocked=false 444ms
NOTE  turn status  -> {"sessionId":"b47893d7-af03-4024-ad40-d4ec84e7d6d3","hasActivePrompt":false,"recoveryBlocked":false}
PASS  after /cancel + detach + load the Session accepts work  -> cancel=204  detach=204 load=200  admit=202 terminal=turn_complete(end_turn) recoveryBlocked=false 564ms
PASS  marker still absent at the end
== RESULT s9mac-refusal-ws-hvs-head8: 6 passed, 0 failed
=== ARM=head8 WS=ws-hvo HOOK=hvo-ups node s9mac-refusal.mjs 13:35:45
NOTE  rig repair  -> null
PASS  command Hook refused before any effect (marker file not created)  -> turn: admit=202 terminal=<none> recoveryBlocked=true 568ms record=recovery_blocked/"not_started_proven"
NOTE  Session after the refusal  -> status.recoveryBlocked=true next prompt -> 409 hosted_turn_recovery_required
NOTE  cancel of the blocked execution  -> 200 cancelled -> record cancelled/"not_started_proven"
PASS  after cancelling the blocked occurrence the Session accepts work again  -> admit=202 terminal=turn_complete(end_turn) recoveryBlocked=false 424ms
PASS  after cancel + detach + load the Session accepts work again  -> detach=204  load=200  admit=202 terminal=turn_complete(end_turn) recoveryBlocked=false 544ms
NOTE  next prompt after recovery  -> admit=202 terminal=turn_complete(end_turn) recoveryBlocked=false 437ms cmd-ups records=1 states=cancelled/not_started_proven
NOTE  plan markers  -> SessionStart:settled/"settled" result=true UserPromptSubmit:settled/"settled" result=true UserPromptSubmit:settled/"settled" result=true Stop:settled/"settled" result=true MessageDisplay:settled/"settled" result=true UserPromptSubmit:settled/"settled" result=true Stop:settled/"settled" result=true MessageDisplay:settled/"settled" result=true UserPromptSub
PASS  after also cancelling the plan marker the Session accepts work  -> admit=202 terminal=turn_complete(end_turn) recoveryBlocked=false 441ms
NOTE  turn status  -> {"sessionId":"9ef188ac-3cdb-4a84-b8b8-44ac24150870","hasActivePrompt":false,"recoveryBlocked":false}
PASS  after /cancel + detach + load the Session accepts work  -> cancel=204  detach=204 load=200  admit=202 terminal=turn_complete(end_turn) recoveryBlocked=false 453ms
PASS  marker still absent at the end
== RESULT s9mac-refusal-ws-hvo-head8: 6 passed, 0 failed
=== ARM=head8 WS=ws-hvp HOOK=hv-pre TOOL=1 node s9mac-refusal.mjs 13:35:53
NOTE  rig repair  -> null
PASS  command Hook refused before any effect (marker file not created)  -> turn: admit=202 terminal=<none> recoveryBlocked=true 693ms record=recovery_blocked/"not_started_proven"
NOTE  Session after the refusal  -> status.recoveryBlocked=true next prompt -> 409 hosted_turn_recovery_required
NOTE  cancel of the blocked execution  -> 200 cancelled -> record cancelled/"not_started_proven"
FAIL  after cancelling the blocked occurrence the Session accepts work again  -> admit=409 hosted_turn_recovery_required terminal=<none> recoveryBlocked=undefined 2ms
FAIL  after cancel + detach + load the Session accepts work again  -> detach=204  load=200  admit=409 hosted_turn_recovery_required terminal=<none> recoveryBlocked=undefined 2ms
NOTE  next prompt after recovery  -> admit=409 hosted_turn_recovery_required terminal=<none> recoveryBlocked=undefined 3ms cmd-ups records=1 states=cancelled/not_started_proven
NOTE  plan markers  -> SessionStart:settled/"settled" result=true UserPromptSubmit:settled/"settled" result=true PreToolUse:settled/"settled" result=true
FAIL  after also cancelling the plan marker the Session accepts work  -> admit=409 hosted_turn_recovery_required terminal=<none> recoveryBlocked=undefined 2ms
NOTE  turn status  -> {"sessionId":"8d0165f4-1e04-4dcd-a5a2-6958ba8f220b","hasActivePrompt":false,"recoveryBlocked":true}
FAIL  after /cancel + detach + load the Session accepts work  -> cancel=204  detach=204 load=200 true admit=409 hosted_turn_recovery_required terminal=<none> recoveryBlocked=undefined 3ms
PASS  marker still absent at the end
== RESULT s9mac-refusal-ws-hvp-head8: 2 passed, 4 failed
=== ARM=head8 node s12-lifecycle.mjs 13:35:57
NOTE  SessionEnd succeeds  -> DELETE=204  retry=404 hosted_session_not_found retry2=404 hosted_session_not_found sessionEndHttpRequests=0 status-after=404 SessionEnd=settled/"settled" SessionDelete runs=1 deleted_session_id=matches lease=<free> otherSession=terminal=turn_complete(end_turn)
NOTE  SessionEnd throws  -> DELETE=204  retry=404 hosted_session_not_found retry2=404 hosted_session_not_found sessionEndHttpRequests=0 status-after=404 SessionEnd=settled/"settled" SessionDelete runs=1 deleted_session_id=matches lease=<free> otherSession=terminal=turn_complete(end_turn)
NOTE  SessionEnd refused before effect (missing handler revision)  -> DELETE=503 managed_session_close_failed retry=204  retry2=404 hosted_session_not_found sessionEndHttpRequests=0 status-after=404 SessionEnd=cancelled/"not_started_proven" SessionDelete runs=1 deleted_session_id=matches lease=<free> otherSession=terminal=turn_complete(end_turn)
NOTE  SessionEnd HTTP reply dropped (unknown)  -> DELETE=503 managed_session_close_failed retry=503 managed_session_close_failed retry2=503 managed_session_close_failed sessionEndHttpRequests=1 status-after=200 SessionEnd=recovery_blocked/"outcome_unknown" SessionDelete runs=0 deleted_session_id=undefined lease=hooks-activation-71646ee187cc8103f08cfb3808c3ff5d892427e3847ecc12c1
== RESULT s12-lifecycle-head8: 0 passed, 0 failed
=== ARM=head8 node s2b-lease.mjs ws-t9d t yes SIGTERM 13:36:12
NOTE  lease before  -> <no row>
PASS  A (hooks=yes) turn 1 completes  -> admit=202 terminal=turn_complete(end_turn) recoveryBlocked=false 1455ms
NOTE  lease holder while A is attached and idle  -> hooks-activation-b951cf76b5aa7dd97944aac22df8c971a78c81a861b9c380e969515a4ff20abe
FAIL  B (no hooks, same Workspace) completes a tool turn while A is attached+idle  -> admit=202 terminal=turn_error[{"sessionId":"4c5adb33-53bf-4e5c-a3b6-27723c49d47b","promptId":"84870f72-c318-41a7-90d2-92c133076f47","code":"hosted_turn_failed","message":"Hosted Harness turn failed."}] recoveryBlocked=false 529ms
NOTE  lease after B  -> hooks-activation-b951cf76b5aa7dd97944aac22df8c971a78c81a861b9c380e969515a4ff20abe
PASS  A turn 2 completes  -> admit=202 terminal=turn_complete(end_turn) recoveryBlocked=false 1501ms
NOTE  Harness stopped with SIGTERM  -> lease=hooks-activation-b951cf76b5aa7dd97944aac22df8c971a78c81a861b9c380e969515a4ff20abe
NOTE  load retried until writer lease lapsed  -> 57s
PASS  new Harness loads A  -> status=200  lease=hooks-activation-b951cf76b5aa7dd97944aac22df8c971a78c81a861b9c380e969515a4ff20abe
PASS  A turn after cold load completes  -> admit=202 terminal=turn_complete(end_turn) recoveryBlocked=false 1928ms lease=hooks-activation-eb551460f8414e9cd77f4b64d71e5f3e999623a114d5406e1852297f0c69ffe5
NOTE  A detached on the new Harness  -> status=204  lease=<free>
PASS  a fresh no-hook Session in the Workspace completes a tool turn after A was detached  -> admit=202 terminal=turn_complete(end_turn) recoveryBlocked=false 948ms lease=<free>
NOTE  final lease  -> <free>
== RESULT s2b-lease-head8-ws-t9d-yes-SIGTERM: 5 passed, 1 failed
=== ARM=head8 node s2e-reattach.mjs ws-t6b h 13:37:19
PASS  round 1: hook turn completes  -> admit=202 terminal=turn_complete(end_turn) recoveryBlocked=false 1333ms hooks=2 lease=hooks-activation-f94b405e93e1b33d9d790f1b1e97ea8ff3d18d3a8cc440a5c64cf51206483f92
PASS  round 1: detach + load  -> detach=204 load=200  lease=<free>
PASS  round 2: hook turn completes  -> admit=202 terminal=turn_complete(end_turn) recoveryBlocked=false 1412ms hooks=2 lease=hooks-activation-93ff39193a87b54ff3533b4253f9bf1aad98c72a817eb172f3932ba0ec61e371
PASS  round 2: detach + load  -> detach=204 load=200  lease=<free>
PASS  round 3: hook turn completes  -> admit=202 terminal=turn_complete(end_turn) recoveryBlocked=false 1757ms hooks=2 lease=hooks-activation-2f75bbde92eee29e2d7788ec67553e397ad8579b30d2f75b28379480995bf3ca
PASS  DELETE frees the lease  -> delete=204 "" lease=<free>
== RESULT s2e-reattach-head8-ws-t6b: 6 passed, 0 failed
=== ARM=head8 node s5b-lost.mjs ws-t4b ws-t9c 13:37:30
PASS  (c) partial response body: received once, stays unknown, blocks new work  -> op=503 child=recovery_blocked/"outcome_unknown" status=recovery_blocked physical=1
NOTE  (d) operation with the dispatch acknowledgement dropped  -> 200 {"operationId":"a870900a-04dd-40f3-bcfc-eb69bc9e1285","output":{"continue":true}} dropped=1
PASS  (d) cold reload reconciles: settled, ONE physical call, ONE success callback  -> load=200 state=settled calls=1 callbacks=1 lease=hooks-activation-77c2e9779841f131fe52ff9d435d59962691a8f61b86581ad75e2cc50c22f655
PASS  (d) the reconciled Session then runs a normal tool turn  -> admit=202 terminal=turn_complete(end_turn) recoveryBlocked=false 1598ms lease=hooks-activation-fdcd21e5d5683b52c392ef4d0c46950f13ee427b6668e64fe3adfb737237147d
== RESULT s5b-lost-head8-ws-t9c: 3 passed, 0 failed
=== ARM=head8 node s1-permission.mjs 13:38:36
NOTE  rig repair of an earlier F1 leak  -> null
PASS  create default-approval Session with catalog  -> status=200 approvalMode=default
PASS  1a turn completes, no human Action (PermissionRequest Hook allowed)  -> admit=202 terminal=turn_complete(end_turn) recoveryBlocked=false 596ms asked=[] file=P1
PASS  1a PermissionRequest Hook ran before PreToolUse  -> start > ups > perm(plain.txt) > pre(plain.txt) > post(plain.txt) > batch > stop > display
PASS  1a before-Hook context reaches the model only after the tool result  -> requests=[tools=0 ] [tools=1 PRE-CTX:plain.txt,POST-CTX:plain.txt,BATCH-CTX]
FAIL  1b PreToolUse deny: file not written, refusal reaches model, no PostToolUse for the refused call  -> ups > perm(blocked.txt) > pre(blocked.txt) > batch > stop > display | result write_file: "No reason provided"
PASS  1c rewritten args need a fresh approval; only the approved replacement is written  -> asked=["allow->200"] rewrite-a=null rewritten-a=REWRITTEN-BY-HOOK order=ups > perm(rewrite-a.txt) > pre(rewrite-a.txt) > post(rewritten-a.txt) > batch > stop > display
PASS  1c' denying the fresh approval writes neither path  -> asked=["deny->200"] result write_file: "The Session owner denied this tool call, so it was not run."
PASS  1d PermissionRequest Hook deny: not written, PreToolUse not run  -> ups > perm(permdeny.txt) > batch > stop > display | result write_file: "PermissionRequest Hook denied the call."
NOTE  detach default Session before the yolo Session  -> 204
PASS  1e yolo + PreToolUse ask -> Action requested; allow -> written; no PermissionRequest Hook in yolo  -> asked=["allow->200"] order=start > ups > pre(ask-y.txt) > post(ask-y.txt) > batch > stop > display
PASS  1e' yolo + ask, deny -> not written  -> asked=["deny->200"]
PASS  load again on the same Harness  -> {"load":200}
PASS  after reload: PRE-CTX/POST-CTX of 1a appear exactly once in history  -> pre=1 post=1 batch=5
NOTE  cold load waited for the old writer lease  -> 71s
PASS  cold load on a new Harness (catalog pin omitted -> restored)  -> status=200 {"sessionId":"a3246bda-a696-441c-b812-680b7c1185d2","clientId":"9ab6f0e3-e0b3-4e08-9141-287724f3a501","workspaceCwd":"/Users/wenshao/pr13129-rig/run/r6/harness-
NOTE  first prompt after cold load  -> admit=202 terminal=turn_complete(end_turn) recoveryBlocked=false 42ms
PASS  after cold load: contexts still exactly once; SessionStart not re-run  -> pre=1 post=1 hooks-after=ups > stop > display admit=202 terminal=turn_complete(end_turn) recoveryBlocked=false 42ms catalog=undefined@undefined
PASS  load with a different catalog pin is refused  -> status=409 hosted_tool_profile_conflict
== RESULT s1-permission-head8: 14 passed, 1 failed
=== ARM=head8 node s3-catalog.mjs 13:40:29
NOTE  rig repair of an earlier F1 leak  -> null
PASS  P1 on rev1: h-a (rev1) runs, once Hook attempted and fails, turn still completes (fail-open)  -> admit=202 terminal=turn_complete(end_turn) recoveryBlocked=false 1736ms hooks=once,rev1
PASS  register rev2 with expectedRevision=1  -> 200 {"operationId":"53980303-f4ff-4006-b5c5-32b5e164adf0","registered":true}
PASS  retrying the same registration operation is idempotent  -> 200 {"operationId":"53980303-f4ff-4006-b5c5-32b5e164adf0","registered":true}
PASS  registering the older revision under a new operation is refused  -> 409 {"error":"hook_registration_failed","code":"hook_registration_failed"}
PASS  expectedRevision mismatch is refused  -> 409 {"error":"hook_registration_failed","code":"hook_registration_failed"}
PASS  a catalog revision the Runtime does not have is refused  -> 409 {"error":"hook_registration_failed","code":"hook_registration_failed"}
PASS  GET hooks reports rev2 without h-a  -> rev=2 hooks=h-b,h-once
PASS  public hook-catalog reports rev2  -> 200 {"object":"agent.hook_catalog","session_id":"65af59d5-fa80-464d-9aa3-5d931ffdcec0","catalogs":[{"catalog_id":"cat-t2","catalog_revision":2,"hooks":[{"hook_id":"h-b","event_name":"PreToolUse","type":"function","sequential":false,"async":false,"fail_closed":false,"once":false,"matcher":"write_file"},{
PASS  P2 on rev2: h-b runs, h-a does not, failed once Hook is not retried  -> admit=202 terminal=turn_complete(end_turn) recoveryBlocked=false 1503ms hooks=rev2
PASS  earlier executions stay bound to rev1, later ones to rev2  -> registrations=1@seq2,2@seq53
PASS  status/cancel/status of the failed once execution dispatch no new effect  -> status=200 settled/"settled" cancel=200 settled after=settled newLedger=0
PASS  after detach + new Harness: rev2 still effective, once still consumed  -> load=200 admit=202 terminal=turn_complete(end_turn) recoveryBlocked=false 1979ms hooks=rev2
PASS  fresh Session: successful once Hook runs exactly once over three turns  -> once=1
== RESULT s3-catalog-head8: 13 passed, 0 failed
=== ARM=head8 node s4-prompt.mjs 13:40:48
NOTE  rig repair of an earlier F1 leak  -> null
PASS  Notification operation outside a turn: 200 with aggregated prompt + function context  -> 200 {"operationId":"6f94b9a0-9736-4c9d-a4b1-5973f7075381","output":{"continue":true,"decision":"allow","hookSpecificOutput":{"hookEventName":"Notification","additionalContext":"PROMPT-NOTIFY-CTX\nNOTIFY-CTX"}}}
PASS  exactly one model request, flagged as the prompt Hook  -> requests=1 promptHook=true
PASS  no user turn / prompt events were created by the operation  -> new events=managed_journal_event,managed_journal_event,managed_journal_event,managed_journal_event,managed_journal_event,managed_journal_event,managed_journal_event,managed_journal_event,managed_journal_event,managed_journal_event,managed_journal_event,managed_journal_event,managed_journal_event,managed_journa
NOTE  status after operation  -> {"sessionId":"bd04c47c-96ac-4a98-875e-dcf06e55eb16","hasActivePrompt":false,"recoveryBlocked":false}
PASS  same operationId + same input replays the saved result, no new model request  -> 200 newModel=0
PASS  same operationId + different input is refused  -> 503 {"error":"hosted_hook_operation_failed","code":"hosted_hook_operation_failed"}
PASS  a user prompt is refused while a prompt Hook operation owns the model  -> prompt during op -> 409 hosted_mcp_operation_active; op -> 200
PASS  a Hook operation is refused while a user turn is active  -> turn=202 op during turn -> 409 hosted_turn_active
PASS  in-turn prompt Hook (UserPromptSubmit) adds its context to the main model request  -> admit=202 terminal=turn_complete(end_turn) recoveryBlocked=false 663ms hookReqs=1
NOTE  Store resource kinds for the Session  -> managed-activation-boundary=8 managed-activation-install=9 managed-admission=2 managed-checkpoint=3 managed-definition=1 managed-hook-catalog=1 managed-hook-input=15 managed-hook-messages=2 managed-hook-model-route=4 managed-hook-model-usage=4 managed-hook-plan=9 managed-hook-result=15 managed-hook_execution=45 managed-hook_registr
PASS  detach emits neither SessionEnd nor SessionDelete  -> detach=204 lifecycle=<none>
PASS  DELETE runs SessionEnd then SessionDelete, once each  -> delete=204 lifecycle:SessionEnd,lifecycle:SessionDelete
== RESULT s4-prompt-head8: 10 passed, 0 failed
=== ARM=head8 node s6-limits.mjs 13:41:00
NOTE  ws-t5 rig repair  -> null
PASS  ws-t5: 17 children recorded, 16 executed physically, the refused one has a bounded receipt  -> children=17 physical=16
PASS  fail-open: the operation succeeds and the Session accepts the next prompt  -> op=200 next=202
NOTE  ws-t5b rig repair  -> null
PASS  ws-t5b: 17 children recorded, 16 executed physically, the refused one has a bounded receipt  -> children=17 physical=16
PASS  fail-closed: the refused Hook makes the aggregate blocking; Session still usable  -> op=200 output={"continue":false,"decision":"block","reason":"Hook evaluation failed."} next=202 blocked=false
NOTE  ws-t9d rig repair  -> null
NOTE  individual 70 KB receipt: result  -> op=200 bytes=68 {"operationId":"80f43cd7-c8b3-4f45-837a-57950bc06fba","output":null} children=settled plan=settled physical=1
PASS  individual 70 KB receipt: bounded result (no 60 KB+ payload returned) and the Session continues  -> resultBytes=68 next=turn_complete
PASS  individual 70 KB receipt: replaying the operation returns the saved result without re-running Hooks  -> replay=200 physical=1
NOTE  ws-t6b rig repair  -> null
NOTE  aggregate 8 x 10 KB: result  -> op=200 bytes=186 {"operationId":"1a6847cf-a68d-48e8-a899-4b02c6521d0d","output":{"continue":false,"decision":"block","reason":"Hook data exceeds the 60 KiB resource or 8 MiB control/transaction limit."}} children=settled,settled,settled,settled,settled,settled,settled,settled plan=settled physical=8
PASS  aggregate 8 x 10 KB: bounded result (no 60 KB+ payload returned) and the Session continues  -> resultBytes=186 next=turn_complete
PASS  aggregate 8 x 10 KB: replaying the operation returns the saved result without re-running Hooks  -> replay=200 physical=8
== RESULT s6-limits: 8 passed, 0 failed
=== ARM=head8 node s8-secrets.mjs 13:41:22
NOTE  rig repair  -> null
PASS  HTTP hook received the deployment header (credential lives only at the Runtime)  -> op=200 http=1 auth=Bearer RIG-SECRET-HEADER-7f3a
PASS  public catalog lists the 4 Hooks with display metadata only  -> 200 {"object":"agent.hook_catalog","session_id":"6a2b3564-2a1a-4336-af53-ace0d08a7d5b","catalogs":[{"catalog_id":"cat-t7","catalog_revision":1,"hooks":[{"hook_id":"sec-http","event_name":"Notification","type":"http","sequential":false,"async":false,"fail_closed":false,"once":false},{"hook_id":"sec-fn","event_
PASS  public catalog contains none of the secrets / recipes / module paths  -> clean
NOTE  private GET /session/:id/hooks contains  -> none of the secrets
PASS  another actor cannot read the catalog  -> 404 {"error":{"code":"session_not_found","message":"The Session was not found.","request_id":"86065853-3e55-45e6-9548-be92ef
PASS  unauthenticated request is refused  -> 404
PASS  a Session without Hooks reports an empty catalog list  -> 200 {"object":"agent.hook_catalog","session_id":"d84ab5da-10a6-4730-b199-fc75d4f8b856","catalogs":[]}
FAIL  no secret / recipe / module path appears anywhere in the MySQL database  -> RIG-PROMPT-TEXT-SENSITIVE
NOTE  prompt Hook text stored in the Store (design: Harness receives prompt definitions)  -> true
== RESULT s8-secrets: 6 passed, 1 failed
=== ARM=head8 node s10-baseline.mjs 13:41:26
PASS  ordinary Hosted tool turn completes  -> admit=202 terminal=turn_complete(end_turn) recoveryBlocked=false 1258ms
PASS  ambient Legacy Hooks from host settings did not run  -> marker=false
NOTE  GET /session/:id/hooks  -> 409 {"error":"hosted_hooks_unavailable","code":"hosted_hooks_unavailable"}
NOTE  public hook-catalog  -> 200 {"object":"agent.hook_catalog","session_id":"991914d5-3a3f-474f-b2b7-39953fed7cf7","catalogs":[]}
NOTE  model requests  -> 2
== RESULT s10-baseline-head8: 2 passed, 0 failed
=== ARM=head8 node s16-http-timeout.mjs 13:41:31
NOTE  server never replies, no cancel  -> request at 1901 ms, idle at 17135 ms; terminal=<none> hook=recovery_blocked/"outcome_unknown" written=false recoveryBlocked=true next=admit=409 hosted_turn_recovery_required terminal=<none> recoveryBlocked=undefined 3ms httpRequests=1
NOTE  server never replies, no cancel: detach, then another Session (no Hooks) in the same Workspace  -> detach=503 other=admit=202 terminal=turn_error[{"sessionId":"9c2e84c9-930f-4bbf-99ac-7c36d11ff8cf","promptId":"cbf4506d-495c-4af3-ba4e-3ba024806475","code":"hosted_turn_failed","message":"Hosted Harness turn failed."}] recoveryBlocked=false 958ms
NOTE  server never replies, user cancels  -> request at 2927 ms, cancel at 4928 ms, idle at 17975 ms; terminal=<none> hook=recovery_blocked/"outcome_unknown" written=false recoveryBlocked=true next=admit=409 hosted_turn_recovery_required terminal=<none> recoveryBlocked=undefined 2ms httpRequests=1
NOTE  server never replies, user cancels: detach, then another Session (no Hooks) in the same Workspace  -> detach=503 other=admit=202 terminal=turn_error[{"sessionId":"d9ba0eef-ae8e-4710-ba94-79511390b8a0","promptId":"d4fb8aa0-b585-4ca5-8510-2c4d0493b209","code":"hosted_turn_failed","message":"Hosted Harness turn failed."}] recoveryBlocked=false 1262ms
NOTE  server replies after 5 s (control)  -> request at 1303 ms, idle at 7764 ms; terminal=turn_complete(end_turn) hook=settled/"settled" written=true recoveryBlocked=false next=admit=202 terminal=turn_complete(end_turn) recoveryBlocked=false 906ms httpRequests=1
== RESULT s16-http-timeout-head8: 0 passed, 0 failed
=== ALL-DONE 13:42:20
