=== 14:22:55 deadline-merge-1 node=v22.23.2 arm=merge (886eb4b9f2) runner=rig args= load=27.08 26.25 26.29
RIG_ARM=merge
RIG_FIRST_B_MS=8000
RIG_FOLLOWUP=B
RIG_GAP_MS=3000
RIG_HOLD_A_MS=60000
RIG_LOG_DIR=/Users/wenshao/pr13366-rig/out/runs/deadline-merge-1
RIG_ORDER=B,A
RIG_SCENARIO=deadline
RIG_SPRING_ENV_JSON={"QWEN_MANAGED_AGENT_HARNESS_TURN_DEADLINE":"20s"}
RIG_TAP=1
[rig] {"t":189,"what":"created","label":"B","session":"a80bd510-8677-4761-9ea3-3989c17142d6"}
[rig] {"t":3215,"what":"created","label":"A","session":"b3dbeb6c-6d7f-440d-a771-881614708d6f"}
[rig] {"t":3685,"what":"lease","row":"3f8fe332-e3ea-445d-95cd-988a7ee9886e 1"}
[rig] {"t":20681,"what":"terminal","label":"B","type":"turn.failed","data":"{\"message\":\"The Hosted Harness Turn failed.\",\"code\":\"hosted_turn_deadline_exceeded\"}"}
[rig] {"t":23414,"what":"terminal","label":"A","type":"turn.failed","data":"{\"message\":\"The Hosted Harness Turn failed.\",\"code\":\"hosted_turn_deadline_exceeded\"}"}
[rig] {"t":23428,"what":"followup","label":"B2","status":202}
[rig] {"t":23432,"what":"lease","row":"- -"}
[rig] {"t":23561,"what":"lease","row":"313243f6-889c-484b-b110-b0ceed560d57 1"}
[rig] {"t":24062,"what":"lease","row":"- -"}
[rig] {"t":24282,"what":"terminal","label":"B2","type":"turn.completed","data":"{\"stopReason\":\"end_turn\"}"}
RIG_RESULT {"arm":"merge","scenario":"deadline","order":["B","A"],"terminals":{"B":{"type":"turn.failed","atMs":20680,"text":""},"A":{"type":"turn.failed","atMs":23414,"text":""},"B2":{"type":"turn.completed","atMs":24282,"text":"SECOND_SESSION_B2_DONE"}},"turns":{"B":[{"status":"completed"},{"status":"failed"}],"A":[{"status":"failed"}]},"files":{"B":null,"A":"SECOND_A","B2":"SECOND_B2"},"crossTalk":false,"queueNotices":1,"turnFailures":[],"toolExecutions":["SETTLED:2"],"finalLease":"- -","timeline":[{"t":189,"what":"created","label":"B","session":"a80bd510-8677-4761-9ea3-3989c17142d6"},{"t":3215,"what":"created","label":"A","session":"b3dbeb6c-6d7f-440d-a771-881614708d6f"},{"t":3685,"what":"lease","row":"3f8fe332-e3ea-445d-95cd-988a7ee9886e 1"},{"t":20681,"what":"terminal","label":"B","type":"turn.failed","data":"{\"message\":\"The Hosted Harness Turn failed.\",\"code\":\"hosted_turn_deadline_exceeded\"}"},{"t":23414,"what":"terminal","label":"A","type":"turn.failed","data":"{\"message\":\"The Hosted Harness Turn failed.\",\"code\":\"hosted_turn_deadline_exceeded\"}"},{"t":23428,"what":"followup","label":"B2","status":202},{"t":23432,"what":"lease","row":"- -"},{"t":23561,"what":"lease","row":"313243f6-889c-484b-b110-b0ceed560d57 1"},{"t":24062,"what":"lease","row":"- -"},{"t":24282,"what":"terminal","label":"B2","type":"turn.completed","data":"{\"stopReason\":\"end_turn\"}"}]}
[deadline-merge-1] exit=0 wall=75s
