# c23-approve-retry-draining-restore-ws-r3  db=b9  2026-10-08T09:32:57.685Z
PASS  initial Turn COMPLETED after approval
PASS  later Turn waits for approval  -> tool_approval_9de03a55a873c55444c3f01d36da7be0
NOTE  approval answer (public)  -> 202 pending
NOTE  answer operation after 12000 ms under draining (state, error, attempts)  -> ["COMPLETED","","2"] settled at +3735 ms; states seen ["RUNNING","COMPLETED"]
NOTE  resolve calls reaching the Harness during the hold  -> ["-:200","respond:503","-:200"]
NOTE  Action row during the hold  -> ["decided","decision_bfd8a596438e3944f76498737b1924de3ec35e6d56da1aafa35ef78b8f1061d9"]
NOTE  Workspace file child/a2-77954.txt during the hold  -> null
FAIL  draining: answer stays retryable (PENDING, not FAILED) while the state is changed  -> ["COMPLETED","","2"]
FAIL  draining: nothing delivered to the Harness while the state is changed  -> delivered=1 file=null
NOTE  answer operation after the restore  -> ["COMPLETED","","2"] at +46 ms
NOTE  Action row after the restore  -> ["decided","decision_bfd8a596438e3944f76498737b1924de3ec35e6d56da1aafa35ef78b8f1061d9"]
NOTE  Turn after the restore  -> RUNNING  (not terminal)
NOTE  resolve calls reaching the Harness (all)  -> ["-:200","respond:503","-:200"]
NOTE  Workspace file child/a2-77954.txt / executions added  -> null / 0
PASS  restore: the committed answer is delivered (op COMPLETED, Action decided)  -> ["COMPLETED","","2"] ["decided","decision_bfd8a596438e3944f76498737b1924de3ec35e6d56da1aafa35ef78b8f1061d9"]
PASS  restore: exactly one successful resolve reached the Harness  -> ["-:200","respond:503","-:200"]
FAIL  restore: the Turn completes and the approved write lands  -> RUNNING file=null
NOTE  cleanup cancel of the stranded Turn  -> 202 → CANCELLED at +540 ms
NOTE  Harness calls for the Session after the first 503 (method path status)  -> ["POST /session/:id/actions/:a/resolve respond:503","POST /session/:id/actions/:a/resolve 200","POST /session/:id/cancel 409","POST /session/:id/load 200"]
NOTE  Turn history  -> [["turn_9c3d31e8997d43bda82d2a923f8aaad0","COMPLETED","","0"],["turn_5f382e88f5b04e6b85f75b61f9af7443","CANCELLED","","0"]]
== c23-approve-retry-draining-restore-ws-r3: 4 passed, 3 failed
