# c23-approve-retry-regen-restore-ws-r5  db=b9  2026-10-08T09:34:46.928Z
PASS  initial Turn COMPLETED after approval
PASS  later Turn waits for approval  -> tool_approval_264d3f5de495f13af8ed021bc0675963
NOTE  approval answer (public)  -> 202 pending
NOTE  answer operation after 12000 ms under regen (state, error, attempts)  -> ["COMPLETED","","2"] settled at +3778 ms; states seen ["RUNNING","COMPLETED"]
NOTE  resolve calls reaching the Harness during the hold  -> ["-:200","respond:503","-:200"]
NOTE  Action row during the hold  -> ["decided","decision_4ea209ed9694c8dee602ba3a7e7db20f51a44b43bf34dfbb6da86b0f2c3ba53f"]
NOTE  Workspace file child/a2-87220.txt during the hold  -> null
FAIL  regen: structural change fails the answer terminally  -> ["COMPLETED","","2"]
FAIL  regen: nothing delivered to the Harness  -> delivered=1 file=null
NOTE  answer operation after the restore  -> ["COMPLETED","","2"] at +44 ms
NOTE  Action row after the restore  -> ["decided","decision_4ea209ed9694c8dee602ba3a7e7db20f51a44b43bf34dfbb6da86b0f2c3ba53f"]
NOTE  Turn after the restore  -> RUNNING  (not terminal)
NOTE  resolve calls reaching the Harness (all)  -> ["-:200","respond:503","-:200"]
NOTE  Workspace file child/a2-87220.txt / executions added  -> null / 0
FAIL  restore after a structural failure: the failed answer is not resurrected  -> ["COMPLETED","","2"] delivered=1 file=null
NOTE  cleanup cancel of the stranded Turn  -> 202 → CANCELLED at +291 ms
NOTE  Harness calls for the Session after the first 503 (method path status)  -> ["POST /session/:id/actions/:a/resolve respond:503","POST /session/:id/actions/:a/resolve 200","POST /session/:id/cancel 409","POST /session/:id/load 200"]
NOTE  Turn history  -> [["turn_c1be91f5ceb849bdb47e18c6de8fe100","COMPLETED","","0"],["turn_71fb7e1435544df8a6dee9474c1b96f2","CANCELLED","","0"]]
== c23-approve-retry-regen-restore-ws-r5: 2 passed, 3 failed
