# c23-approve-retry-revoke-restore-ws-r1  db=b9  2026-10-08T09:29:46.165Z
PASS  initial Turn COMPLETED after approval
PASS  later Turn waits for approval  -> tool_approval_0fbe26177dd12896426abae6966e1f13
NOTE  approval answer (public)  -> 202 pending
NOTE  answer operation after 12000 ms under revoke (state, error, attempts)  -> ["COMPLETED","","2"] settled at +3526 ms; states seen ["RUNNING","COMPLETED"]
NOTE  resolve calls reaching the Harness during the hold  -> ["-:200","respond:503","-:200"]
NOTE  Action row during the hold  -> ["decided","decision_0e79267d9ee8d1d7bb6881d328b0ef53c7c633a70c671ac9504c297a44fde197"]
NOTE  Workspace file child/a2-86452.txt during the hold  -> null
FAIL  revoke: answer stays retryable (PENDING, not FAILED) while the state is changed  -> ["COMPLETED","","2"]
FAIL  revoke: nothing delivered to the Harness while the state is changed  -> delivered=1 file=null
NOTE  answer operation after the restore  -> ["COMPLETED","","2"] at +44 ms
NOTE  Action row after the restore  -> ["decided","decision_0e79267d9ee8d1d7bb6881d328b0ef53c7c633a70c671ac9504c297a44fde197"]
NOTE  Turn after the restore  -> RUNNING  (not terminal)
NOTE  resolve calls reaching the Harness (all)  -> ["-:200","respond:503","-:200"]
NOTE  Workspace file child/a2-86452.txt / executions added  -> null / 0
PASS  restore: the committed answer is delivered (op COMPLETED, Action decided)  -> ["COMPLETED","","2"] ["decided","decision_0e79267d9ee8d1d7bb6881d328b0ef53c7c633a70c671ac9504c297a44fde197"]
PASS  restore: exactly one successful resolve reached the Harness  -> ["-:200","respond:503","-:200"]
FAIL  restore: the Turn completes and the approved write lands  -> RUNNING file=null
NOTE  cleanup cancel of the stranded Turn  -> 202 → CANCELLED at +290 ms
NOTE  Harness calls for the Session after the first 503 (method path status)  -> ["POST /session/:id/actions/:a/resolve respond:503","POST /session/:id/actions/:a/resolve 200","POST /session/:id/cancel 409","POST /session/:id/load 200"]
NOTE  Turn history  -> [["turn_5738f832982c4dd49253aaccefc94ae3","COMPLETED","","0"],["turn_30b3130a056544f28957bb1f988b369c","CANCELLED","","0"]]
== c23-approve-retry-revoke-restore-ws-r1: 4 passed, 3 failed
