# c23-approve-retry-revoke-cancel-ws-r2  db=b9  2026-10-08T09:31:35.285Z
PASS  initial Turn COMPLETED after approval
PASS  later Turn waits for approval  -> tool_approval_72ccb1ca405b981e755f23b77fbcf100
NOTE  approval answer (public)  -> 202 pending
NOTE  answer operation after 12000 ms under revoke (state, error, attempts)  -> ["COMPLETED","","2"] settled at +4003 ms; states seen ["RUNNING","COMPLETED"]
NOTE  resolve calls reaching the Harness during the hold  -> ["-:200","respond:503","-:200"]
NOTE  Action row during the hold  -> ["decided","decision_0a94fdd125deb37e8a6c2f9404f61f25016846c31538ccbc5d4dc0c30c16f63e"]
NOTE  Workspace file child/a2-95583.txt during the hold  -> null
FAIL  revoke: answer stays retryable (PENDING, not FAILED) while the state is changed  -> ["COMPLETED","","2"]
FAIL  revoke: nothing delivered to the Harness while the state is changed  -> delivered=1 file=null
NOTE  creator cancel with the state still changed  -> 409 workspace_unavailable → RUNNING  (not terminal)
NOTE  answer operation after the cancel  -> ["COMPLETED","","2"] at +42 ms; attempts 5 s later 2
NOTE  Action row after the cancel  -> ["decided","decision_0a94fdd125deb37e8a6c2f9404f61f25016846c31538ccbc5d4dc0c30c16f63e"]
NOTE  resolve calls reaching the Harness (all)  -> ["-:200","respond:503","-:200"]
NOTE  Workspace file child/a2-95583.txt / executions added  -> null / 0
FAIL  cancel: creator cancel is admitted and the Turn ends CANCELLED  -> 409 RUNNING
PASS  cancel: the pending answer settles and stops retrying  -> ["COMPLETED","","2"] attempts 2→2
FAIL  cancel: the approved write never lands  -> file=null delivered=1
NOTE  Harness calls for the Session after the first 503 (method path status)  -> ["POST /session/:id/actions/:a/resolve respond:503","POST /session/:id/actions/:a/resolve 200"]
NOTE  Turn history  -> [["turn_2ca302db4ad44b7ba7e0e2b019e60708","COMPLETED","","0"],["turn_f3a97f84be8b430681cb590d958bbea9","RUNNING","","0"]]
== c23-approve-retry-revoke-cancel-ws-r2: 3 passed, 4 failed
