# s2-glob-head4 db=g12b arm=head4 2026-10-04T02:55:32.450Z
[setup] arm=head4 ws=ws-b root=/Users/wenshao/pr13166-rig/run/g12b/roots/b
[create A] 200
[all] {"pattern":"**/*"} -> admit=202 terminal=turn_complete(end_turn) recoveryBlocked=false 2506ms prepare=1
[all trace] call glob({"pattern":"**/*"})
[all trace] result glob status=success "Found 3 file(s) matching \"**/*\" within ., sorted by modification time (newest first):\n---\npackage.json\nsrc/util/helpers.ts\nsrc/index.ts"
[sub] {"pattern":"*.ts","path":"src"} -> admit=202 terminal=turn_complete(end_turn) recoveryBlocked=false 1083ms prepare=1
[sub trace] call glob({"pattern":"*.ts","path":"src"})
[sub trace] result glob status=success "Found 1 file(s) matching \"*.ts\" within src, sorted by modification time (newest first):\n---\nsrc/index.ts"
[dotpath] {"pattern":"**/*","path":"./src"} -> admit=202 terminal=turn_complete(end_turn) recoveryBlocked=false 1164ms prepare=1
[dotpath trace] call glob({"pattern":"**/*","path":"./src"})
[dotpath trace] result glob status=success "Found 2 file(s) matching \"**/*\" within src, sorted by modification time (newest first):\n---\nsrc/util/helpers.ts\nsrc/index.ts"
[untrimmed] {"pattern":"  **/*.ts  "} -> admit=202 terminal=turn_complete(end_turn) recoveryBlocked=false 1297ms prepare=1
[untrimmed trace] call glob({"pattern":"  **/*.ts  "})
[untrimmed trace] result glob status=success "Found 2 file(s) matching \"**/*.ts\" within ., sorted by modification time (newest first):\n---\nsrc/util/helpers.ts\nsrc/index.ts"
[blankpath] {"pattern":"*.json","path":"   "} -> admit=202 terminal=turn_complete(end_turn) recoveryBlocked=false 1185ms prepare=1
[blankpath trace] call glob({"pattern":"*.json","path":"   "})
[blankpath trace] result glob status=success "Found 1 file(s) matching \"*.json\" within ., sorted by modification time (newest first):\n---\npackage.json"
[nomatch] {"pattern":"zzz*"} -> admit=202 terminal=turn_complete(end_turn) recoveryBlocked=false 1813ms prepare=1
[nomatch trace] call glob({"pattern":"zzz*"})
[nomatch trace] result glob status=success "No files found matching pattern \"zzz*\" within ."
[up] {"pattern":"**/*","path":".."} -> admit=202 terminal=turn_complete(end_turn) recoveryBlocked=false 1643ms prepare=0
[up trace] call glob({"pattern":"**/*","path":".."})
[up trace] result glob status=- "Hosted glob requires a nonempty pattern, and its optional path must be relative to the saved Session working directory. Absolute paths and \"..\" traversal are not allowed. Correct the arguments and retry."
[upnested] {"pattern":"**/*","path":"src/../.."} -> admit=202 terminal=turn_complete(end_turn) recoveryBlocked=false 1860ms prepare=0
[upnested trace] call glob({"pattern":"**/*","path":"src/../.."})
[upnested trace] result glob status=- "Hosted glob requires a nonempty pattern, and its optional path must be relative to the saved Session working directory. Absolute paths and \"..\" traversal are not allowed. Correct the arguments and retry."
[abspath] {"pattern":"*","path":"/Users/wenshao/pr13166-rig/run/g12b/roots/b"} -> admit=202 terminal=turn_complete(end_turn) recoveryBlocked=false 2031ms prepare=0
[abspath trace] call glob({"pattern":"*","path":"/Users/wenshao/pr13166-rig/run/g12b/roots/b"})
[abspath trace] result glob status=- "Hosted glob requires a nonempty pattern, and its optional path must be relative to the saved Session working directory. Absolute paths and \"..\" traversal are not allowed. Correct the arguments and retry."
[patup] {"pattern":"../**/*"} -> admit=202 terminal=turn_complete(end_turn) recoveryBlocked=false 2219ms prepare=0
[patup trace] call glob({"pattern":"../**/*"})
[patup trace] result glob status=- "Hosted glob requires a nonempty pattern, and its optional path must be relative to the saved Session working directory. Absolute paths and \"..\" traversal are not allowed. Correct the arguments and retry."
[patabs] {"pattern":"/etc/host*"} -> admit=202 terminal=turn_complete(end_turn) recoveryBlocked=false 2287ms prepare=0
[patabs trace] call glob({"pattern":"/etc/host*"})
[patabs trace] result glob status=- "Hosted glob requires a nonempty pattern, and its optional path must be relative to the saved Session working directory. Absolute paths and \"..\" traversal are not allowed. Correct the arguments and retry."
[brace] {"pattern":"{.,..}/**/*"} -> admit=202 terminal=turn_complete(end_turn) recoveryBlocked=false 2653ms prepare=0
[brace trace] call glob({"pattern":"{.,..}/**/*"})
[brace trace] result glob status=- "Hosted glob requires a nonempty pattern, and its optional path must be relative to the saved Session working directory. Absolute paths and \"..\" traversal are not allowed. Correct the arguments and retry."
[braceabs] {"pattern":"{/etc,src}/*"} -> admit=202 terminal=turn_complete(end_turn) recoveryBlocked=false 2824ms prepare=0
[braceabs trace] call glob({"pattern":"{/etc,src}/*"})
[braceabs trace] result glob status=- "Hosted glob requires a nonempty pattern, and its optional path must be relative to the saved Session working directory. Absolute paths and \"..\" traversal are not allowed. Correct the arguments and retry."
[filepath] {"pattern":"*","path":"package.json"} -> admit=202 terminal=turn_complete(end_turn) recoveryBlocked=false 3818ms prepare=1
[filepath trace] call glob({"pattern":"*","path":"package.json"})
[filepath trace] result glob status=error "Path is not a directory: package.json"
[missing] {"pattern":"*","path":"nope"} -> admit=202 terminal=turn_complete(end_turn) recoveryBlocked=false 4809ms prepare=1
[missing trace] call glob({"pattern":"*","path":"nope"})
[missing trace] result glob status=error "Path does not exist: nope"
[wrongkey] {"pattern":"*.ts","dir_path":"src"} -> admit=202 terminal=turn_complete(end_turn) recoveryBlocked=false 4595ms prepare=1
[wrongkey trace] call glob({"pattern":"*.ts","dir_path":"src"})
[wrongkey trace] result glob status=success "No files found matching pattern \"*.ts\" within ."
[readmissing] "read_file nope.txt" -> admit=202 terminal=turn_complete(end_turn) recoveryBlocked=false 5025ms prepare=1
[readmissing trace] call read_file({"file_path":"nope.txt"})
[readmissing trace] result read_file status=error "Could not read file because no file was found at the specified path."
[batch] "read_file nope.txt" -> admit=202 terminal=turn_complete(end_turn) recoveryBlocked=false 5565ms prepare=0
[batch trace] call glob({"pattern":"*.json"})
[batch trace] call glob({"pattern":"*","path":".."})
[batch trace] result glob status=- "This tool was not executed because another call in the batch has invalid arguments. Retry the batch with corrected arguments."
[batch trace] result glob status=- "Hosted glob requires a nonempty pattern, and its optional path must be relative to the saved Session working directory. Absolute paths and \"..\" traversal are not allowed. Correct the arguments and retry."
[create B] 200
[sibling B] admit=202 terminal=turn_complete(end_turn) recoveryBlocked=false 2463ms
[sibling trace] call glob({"pattern":"**/*"})
[sibling trace] result glob status=success "Found 2 file(s) matching \"**/*\" within ., sorted by modification time (newest first):\n---\nweb.ts\nsecret.txt"
[PASS] all: Session files listed  -> [{"id":"rig-all-0-0","name":"glob","response":{"output":"Found 3 file(s) matching \"**/*\" within ., sorted by modification time (newest first):\n---\npackage.json\nsrc/util/helpers.ts\nsrc/index.ts","executionStatus":"success"}}]
[PASS] all: no sibling Session file / Workspace-root file
[PASS] all: searched "within ." (Session root)
[PASS] sub: path=src -> src/index.ts  -> [{"id":"rig-sub-0-0","name":"glob","response":{"output":"Found 1 file(s) matching \"*.ts\" within src, sorted by modification time (newest first):\n---\nsrc/index.ts","executionStatus":"success"}}]
[PASS] dotpath: ./src accepted  -> [{"id":"rig-dotpath-0-0","name":"glob","response":{"output":"Found 2 file(s) matching \"**/*\" within src, sorted by modification time (newest first):\n---\nsrc/util/helpers.ts\nsrc/index.ts","executi
[PASS] untrimmed pattern trimmed and matches  -> [{"id":"rig-untrimmed-0-0","name":"glob","response":{"output":"Found 2 file(s) matching \"**/*.ts\" within ., sorted by modification time (newest first):\n---\nsrc/util/helpers.ts\nsrc/index.ts","exec
[PASS] blank path treated as omitted  -> [{"id":"rig-blankpath-0-0","name":"glob","response":{"output":"Found 1 file(s) matching \"*.json\" within ., sorted by modification time (newest first):\n---\npackage.json","executionStatus":"success"
[PASS] nomatch: "No files found ... within ."  -> [{"id":"rig-nomatch-0-0","name":"glob","response":{"output":"No files found matching pattern \"zzz*\" within .","executionStatus":"success"}}]
[PASS] up: refused before acquisition (0 executions prepared)  -> prepare=0 [{"id":"rig-up-0-0","name":"glob","response":{"error":"Hosted glob requires a nonempty pattern, and its optional path must be relative to the saved Session work
[PASS] upnested: refused before acquisition (0 executions prepared)  -> prepare=0 [{"id":"rig-upnested-0-0","name":"glob","response":{"error":"Hosted glob requires a nonempty pattern, and its optional path must be relative to the saved Sessio
[PASS] abspath: refused before acquisition (0 executions prepared)  -> prepare=0 [{"id":"rig-abspath-0-0","name":"glob","response":{"error":"Hosted glob requires a nonempty pattern, and its optional path must be relative to the saved Session
[PASS] patup: refused before acquisition (0 executions prepared)  -> prepare=0 [{"id":"rig-patup-0-0","name":"glob","response":{"error":"Hosted glob requires a nonempty pattern, and its optional path must be relative to the saved Session w
[PASS] patabs: refused before acquisition (0 executions prepared)  -> prepare=0 [{"id":"rig-patabs-0-0","name":"glob","response":{"error":"Hosted glob requires a nonempty pattern, and its optional path must be relative to the saved Session 
[FAIL] brace: dispatched, refused by the worker's output containment  -> prepare=0 [{"id":"rig-brace-0-0","name":"glob","response":{"error":"Hosted glob requires a nonempty pattern, and its optional path must be relative to the saved Session working directory. Absolute paths and \".
[FAIL] braceabs: dispatched, refused by the worker's output containment  -> prepare=0 [{"id":"rig-braceabs-0-0","name":"glob","response":{"error":"Hosted glob requires a nonempty pattern, and its optional path must be relative to the saved Session working directory. Absolute paths and 
[PASS] filepath: error, no host path  -> [{"id":"rig-filepath-0-0","name":"glob","response":{"error":"Path is not a directory: package.json","executionStatus":"error","runtimeError":{"message":"Path is not a directory: package.json"}}}]
[PASS] missing: error, no host path  -> [{"id":"rig-missing-0-0","name":"glob","response":{"error":"Path does not exist: nope","executionStatus":"error","runtimeError":{"message":"Path does not exist: nope"}}}]
[wrongkey] observed: [{"id":"rig-wrongkey-0-0","name":"glob","response":{"output":"No files found matching pattern \"*.ts\" within .","executionStatus":"success"}}]
[readmissing] read_file control: [{"id":"rig-readmissing-0-0","name":"read_file","response":{"error":"Could not read file because no file was found at the specified path.","executionStatus":"error","runtimeError":{"message":"File not found: /Users/wenshao/pr13166-rig/run/g12b/roots/b/services/api/nope.txt","type":"file_not_found"}}
[batch] observed: [{"id":"rig-batch-0-0","name":"glob","response":{"error":"This tool was not executed because another call in the batch has invalid arguments. Retry the batch with corrected arguments."}},{"id":"rig-batch-0-1","name":"glob","response":{"error":"Hosted glob requires a nonempty pattern, and its optional path must be relative to the saved Session working directory. Absolute paths and \"..\" traversal  prepare=0
[PASS] sibling B sees only its own files  -> [{"id":"rig-sibling-0-0","name":"glob","response":{"output":"Found 2 file(s) matching \"**/*\" within ., sorted by modification time (newest first):\n---\nweb.ts\nsecret.txt","executionStatus":"success"}}]
[PASS] model-visible glob results: no Runtime host path  -> 2658 chars scanned
[PASS] Harness transcript tool results (glob turns): no Runtime host path  -> 3825 chars
[broker wire] Broker req/resp bodies containing the mount root: /executions/:id (of 87)
[read_file control on the wire] read_file nope.txt result carries host path: true
[db scan] /Users/wenshao/pr13166-rig/run/g12b/roots/b: ["qwen_managed_session_resource.inline_bytes=3","qwen_runtime_binding.canonical_cwd=2","qwen_runtime_binding_slot.canonical_cwd=2","qwen_runtime_session.canonical_cwd=11","qwen_tool_execution.result_json=1"]
[holders] [["37735772167fedca8099b2d71864549d8a515c05968489904f054905d3ec773a","<none>"]]
[RESULT] s2-glob-head4: 18 passed, 2 failed
