[SHELL_1] admit=202 terminal=turn_complete(end_turn) recoveryBlocked=false 2687ms
[SHELL_1 broker] POST /runtimes:warm -> 200
[SHELL_1 broker] POST /tool-sessions:acquire -> 200
[SHELL_1 broker] POST /tool-sessions/582957f1:publisher -> 200
[SHELL_1 broker] POST /executions:prepare -> 200 state=prepared
[SHELL_1 broker] POST /executions/74d9a6eb:start -> 200 state=executing
[SHELL_1 broker] GET /executions/74d9a6eb -> 200 state=executing
[SHELL_1 broker] GET /executions/74d9a6eb -> 200 state=executing
[SHELL_1 broker] GET /executions/74d9a6eb -> 200 state=executing
[SHELL_1 broker] GET /executions/74d9a6eb -> 200 state=executing
[SHELL_1 broker] GET /executions/74d9a6eb -> 200 state=executing
[SHELL_1 broker] GET /executions/74d9a6eb -> 200 state=settled
[SHELL_1 broker] POST /executions/74d9a6eb:acknowledge -> 200 state=settled
[SHELL_1 broker] POST /tool-sessions/582957f1:release -> 200
[reload] detach + load -> 200
[SHELL_2] admit=202 terminal=turn_complete(end_turn) recoveryBlocked=false 958ms
[SHELL_2 broker] POST /runtimes:warm -> 200
[SHELL_2 broker] POST /tool-sessions:acquire -> 200
[SHELL_2 broker] POST /tool-sessions/a1c3d709:publisher -> 200
[SHELL_2 broker] POST /executions:prepare -> 200 state=prepared
[SHELL_2 broker] POST /executions/f501de36:start -> 200 state=executing
[SHELL_2 broker] GET /executions/f501de36 -> 200 state=executing
[SHELL_2 broker] GET /executions/f501de36 -> 200 state=executing
[SHELL_2 broker] GET /executions/f501de36 -> 200 state=executing
[SHELL_2 broker] GET /executions/f501de36 -> 200 state=settled
[SHELL_2 broker] POST /executions/f501de36:acknowledge -> 200 state=settled
[SHELL_2 broker] POST /tool-sessions/a1c3d709:release -> 200
[harness] []
[fs] trace.txt="shell-1\nshell-2\n"
