RESULT	M1-no-height-memo	KILLED	passed=84 failed=1 total=85	64.3s	drop the memo lookup (path-scoped walk again)
  FAILED	M1-no-height-memo	walks a shared-reference graph once per distinct object [62858ms] AssertionError: expected [Function] to throw an error
RESULT	M2-memo-skips-depth	KILLED	passed=84 failed=1 total=85	1.5s	memo hit returns without the depth check
  FAILED	M2-memo-skips-depth	walks a shared-reference graph once per distinct object [5ms] AssertionError: expected [Function] to throw an error
RESULT	M3-no-activation-identity	KILLED	passed=84 failed=1 total=85	1.6s	delete the activation payload-identity check
  FAILED	M3-no-activation-identity	requires the payload subject to identify the activation it changes [5ms] AssertionError: expected [Function] to throw an error
RESULT	M4-no-envelope-match	KILLED	passed=84 failed=1 total=85	1.5s	delete the envelope/payload subject match
  FAILED	M4-no-envelope-match	requires the envelope subject to match the payload subject [6ms] AssertionError: expected [Function] to throw an error
RESULT	M5-no-self-parent	KILLED	passed=84 failed=1 total=85	1.6s	delete message.committed self-parent guard
  FAILED	M5-no-self-parent	rejects a predecessor reference that cannot hold [6ms] AssertionError: expected [Function] to throw an error
RESULT	M6-no-self-checkpoint	KILLED	passed=84 failed=1 total=85	1.9s	delete checkpoint self-predecessor guard
  FAILED	M6-no-self-checkpoint	rejects a predecessor reference that cannot hold [7ms] AssertionError: expected [Function] to throw an error
RESULT	M7-config-ge-to-gt	KILLED	passed=84 failed=1 total=85	1.6s	config.bound allows previousRevision == revision
  FAILED	M7-config-ge-to-gt	rejects a predecessor reference that cannot hold [6ms] AssertionError: expected [Function] to throw an error
RESULT	M8-reader-grammar-relaxed	KILLED	passed=84 failed=1 total=85	1.6s	reader grammar (0|[1-9][0-9]*) -> (\d+)
  FAILED	M8-reader-grammar-relaxed	refuses a malformed minimum-reader token [10ms] AssertionError: expected [Function] to throw an error
RESULT	M9-recovery-blocked-narrow	KILLED	passed=84 failed=1 total=85	1.7s	only active may enter recovery_blocked
  FAILED	M9-recovery-blocked-narrow	blocks every state except deleted and restores a legal stage [7ms] AssertionError: idle -> recovery_blocked: expected false to be true // Object.is equality
RESULT	M10-recovery-row-narrow	KILLED	passed=84 failed=1 total=85	1.5s	recovery_blocked may only return to active
  FAILED	M10-recovery-row-narrow	blocks every state except deleted and restores a legal stage [5ms] AssertionError: recovery_blocked -> idle: expected false to be true // Object.is equality
RESULT	M11-exact-height	KILLED	passed=84 failed=1 total=85	1.7s	primitive leaf height 0 (exact object-depth semantics)
  FAILED	M11-exact-height	walks a shared-reference graph once per distinct object [6ms] AssertionError: expected [Function] to throw an error
RESULT	M12-regex-control-rule	SURVIVED	passed=85 failed=0 total=85	1.8s	R3-5 reverted to the inlined regex (equivalent mutant)
CLEAN	true
