=== P11 16 MiB stdout, storage unthrottled (rep 1) (18:04:05) load 13.84 28.70 51.15 :: SO=16777216 SE=4096
  A [turn] admit=202 terminal=turn_complete(end_turn) recoveryBlocked=false 4252ms
  A [side-effects] generator ran 1 time(s), wrote all output in 1026 ms; model calls 2, continuation calls 1
  A [requests] POST 25 {"200":2,"200/receipt":23} async-header=absent; status polls 0 {}; recover 0
  A [request-latency] POST ms p50 35 p90 76 max 500 sum 1737; publication window 3148 ms
  A [ops] n/a/SUCCEEDED x23
  A [bytes stdout] 16 seg 16777216 B EXACT
  B [turn] admit=202 terminal=turn_complete(end_turn) recoveryBlocked=false 4551ms
  B [side-effects] generator ran 1 time(s), wrote all output in 1742 ms; model calls 2, continuation calls 1
  B [requests] POST 25 {"200":1,"200/receipt":21,"202/PENDING":3} async-header=absent,1; status polls 5 {"PENDING":2,"SUCCEEDED":3}; recover 0
  B [request-latency] POST ms p50 52 p90 116 max 122 sum 1498; publication window 3206 ms
  B [ops] ASYNC/SUCCEEDED x3; SYNC/SUCCEEDED x20
  B [bytes stdout] 16 seg 16777216 B EXACT
  pc11-1791540245: ops 23, sum time-to-receipt 2725 ms; segment median 77 ms (n=17); seal/prefix/finish seal:532 seal:269 finish:532
  pa11-1791540245: ops 23, sum time-to-receipt 1709 ms; segment median 35 ms (n=17); seal/prefix/finish seal:374 seal:76 finish:500
=== P12 16 MiB stdout, storage unthrottled (rep 2) (18:04:12) load 14.61 28.37 50.76 :: SO=16777216 SE=4096
  A [turn] admit=202 terminal=turn_complete(end_turn) recoveryBlocked=false 4281ms
  A [side-effects] generator ran 1 time(s), wrote all output in 1001 ms; model calls 2, continuation calls 1
  A [requests] POST 25 {"200":2,"200/receipt":23} async-header=absent; status polls 0 {}; recover 0
  A [request-latency] POST ms p50 29 p90 57 max 207 sum 1055; publication window 3121 ms
  A [ops] n/a/SUCCEEDED x23
  A [bytes stdout] 16 seg 16777216 B EXACT
  B [turn] admit=202 terminal=turn_complete(end_turn) recoveryBlocked=false 4403ms
  B [side-effects] generator ran 1 time(s), wrote all output in 1135 ms; model calls 2, continuation calls 1
  B [requests] POST 25 {"200":1,"200/receipt":21,"202/PENDING":3} async-header=absent,1; status polls 4 {"SUCCEEDED":3,"PENDING":1}; recover 0
  B [request-latency] POST ms p50 33 p90 60 max 65 sum 818; publication window 3194 ms
  B [ops] ASYNC/SUCCEEDED x3; SYNC/SUCCEEDED x20
  B [bytes stdout] 16 seg 16777216 B EXACT
  pc12-1791540252: ops 23, sum time-to-receipt 1813 ms; segment median 39 ms (n=17); seal/prefix/finish seal:266 seal:269 finish:527
  pa12-1791540252: ops 23, sum time-to-receipt 1028 ms; segment median 32 ms (n=17); seal/prefix/finish seal:207 seal:13 finish:207
=== P13 16 MiB stdout, storage unthrottled (rep 3) (18:04:19) load 14.32 28.08 50.53 :: SO=16777216 SE=4096
  A [turn] admit=202 terminal=turn_complete(end_turn) recoveryBlocked=false 4290ms
  A [side-effects] generator ran 1 time(s), wrote all output in 1076 ms; model calls 2, continuation calls 1
  A [requests] POST 25 {"200":2,"200/receipt":23} async-header=absent; status polls 0 {}; recover 0
  A [request-latency] POST ms p50 37 p90 85 max 239 sum 1176; publication window 3119 ms
  A [ops] n/a/SUCCEEDED x23
  A [bytes stdout] 16 seg 16777216 B EXACT
  B [turn] admit=202 terminal=turn_complete(end_turn) recoveryBlocked=false 4393ms
  B [side-effects] generator ran 1 time(s), wrote all output in 1193 ms; model calls 2, continuation calls 1
  B [requests] POST 25 {"200":1,"200/receipt":21,"202/PENDING":3} async-header=absent,1; status polls 5 {"PENDING":2,"SUCCEEDED":3}; recover 0
  B [request-latency] POST ms p50 41 p90 51 max 86 sum 945; publication window 3153 ms
  B [ops] ASYNC/SUCCEEDED x3; SYNC/SUCCEEDED x20
  B [bytes stdout] 16 seg 16777216 B EXACT
  pa13-1791540259: ops 23, sum time-to-receipt 1149 ms; segment median 38 ms (n=17); seal/prefix/finish seal:220 seal:11 finish:239
  pc13-1791540259: ops 23, sum time-to-receipt 2203 ms; segment median 44 ms (n=17); seal/prefix/finish seal:536 seal:277 finish:530
=== P14 128 MiB stdout, storage unthrottled (rep 1) (18:04:25) load 13.89 27.76 50.29 :: SO=134217728 SE=4096 CAPTURE=1073741824
  A [turn] admit=202 terminal=turn_complete(end_turn) recoveryBlocked=false 14287ms
  A [side-effects] generator ran 1 time(s), wrote all output in 7658 ms; model calls 2, continuation calls 1
  A [requests] POST 137 {"200":2,"200/receipt":135} async-header=absent; status polls 0 {}; recover 0
  A [request-latency] POST ms p50 32 p90 45 max 2264 sum 8064; publication window 13159 ms
  A [ops] n/a/SUCCEEDED x135
  A [bytes stdout] 128 seg 134217728 B EXACT
  B [turn] admit=202 terminal=turn_complete(end_turn) recoveryBlocked=false 14372ms
  B [side-effects] generator ran 1 time(s), wrote all output in 7830 ms; model calls 2, continuation calls 1
  B [requests] POST 137 {"200":1,"200/receipt":133,"202/PENDING":3} async-header=absent,1; status polls 17 {"PENDING":14,"SUCCEEDED":3}; recover 0
  B [request-latency] POST ms p50 34 p90 46 max 77 sum 4841; publication window 13233 ms
  B [ops] ASYNC/SUCCEEDED x3; SYNC/SUCCEEDED x132
  B [bytes stdout] 128 seg 134217728 B EXACT
  pa14-1791540265: ops 135, sum time-to-receipt 8017 ms; segment median 32 ms (n=129); seal/prefix/finish seal:1273 seal:13 finish:2264
  pc14-1791540265: ops 135, sum time-to-receipt 9191 ms; segment median 35 ms (n=129); seal/prefix/finish seal:1539 seal:264 finish:2623
=== P15 128 MiB stdout, storage unthrottled (rep 2) (18:04:45) load 13.34 26.73 49.39 :: SO=134217728 SE=4096 CAPTURE=1073741824
  A [turn] admit=202 terminal=turn_complete(end_turn) recoveryBlocked=false 12179ms
  A [side-effects] generator ran 1 time(s), wrote all output in 6901 ms; model calls 2, continuation calls 1
  A [requests] POST 137 {"200":2,"200/receipt":135} async-header=absent; status polls 0 {}; recover 0
  A [request-latency] POST ms p50 29 p90 37 max 1709 sum 7135; publication window 11225 ms
  A [ops] n/a/SUCCEEDED x135
  A [bytes stdout] 128 seg 134217728 B EXACT
  B [turn] admit=202 terminal=turn_complete(end_turn) recoveryBlocked=false 12171ms
  B [side-effects] generator ran 1 time(s), wrote all output in 7007 ms; model calls 2, continuation calls 1
  B [requests] POST 137 {"200":1,"200/receipt":133,"202/PENDING":3} async-header=absent,1; status polls 14 {"PENDING":11,"SUCCEEDED":3}; recover 0
  B [request-latency] POST ms p50 30 p90 38 max 57 sum 4128; publication window 11170 ms
  B [ops] ASYNC/SUCCEEDED x3; SYNC/SUCCEEDED x132
  B [bytes stdout] 128 seg 134217728 B EXACT
  pa15-1791540285: ops 135, sum time-to-receipt 7107 ms; segment median 29 ms (n=129); seal/prefix/finish seal:1709 seal:8 finish:1415
  pc15-1791540285: ops 135, sum time-to-receipt 7684 ms; segment median 30 ms (n=129); seal/prefix/finish seal:1809 seal:264 finish:1539
=== P16 512 MiB stdout until the default 120 s Shell timeout (rep 1) (18:05:02) load 12.35 25.64 48.48 :: SO=536870912 SE=4096 CAPTURE=1073741824
  A [turn] admit=202 terminal=turn_complete(end_turn) recoveryBlocked=false 46608ms
  A [side-effects] generator ran 1 time(s), wrote all output in 32446 ms; model calls 2, continuation calls 1
  A [requests] POST 521 {"200":2,"200/receipt":519} async-header=absent; status polls 0 {}; recover 0
  A [request-latency] POST ms p50 34 p90 54 max 6170 sum 31430; publication window 45465 ms
  A [ops] n/a/SUCCEEDED x519
  A [bytes stdout] 512 seg 536870912 B EXACT
  B [turn] admit=202 terminal=turn_complete(end_turn) recoveryBlocked=false 46567ms
  B [side-effects] generator ran 1 time(s), wrote all output in 32541 ms; model calls 2, continuation calls 1
  B [requests] POST 521 {"200":1,"200/receipt":517,"202/PENDING":3} async-header=absent,1; status polls 48 {"PENDING":45,"SUCCEEDED":3}; recover 0
  B [request-latency] POST ms p50 33 p90 55 max 196 sum 20039; publication window 45455 ms
  B [ops] ASYNC/SUCCEEDED x3; SYNC/SUCCEEDED x516
  B [bytes stdout] 512 seg 536870912 B EXACT
  pc16-1791540302: ops 519, sum time-to-receipt 32245 ms; segment median 34 ms (n=513); seal/prefix/finish seal:5619 seal:262 finish:6392
  pa16-1791540302: ops 519, sum time-to-receipt 31397 ms; segment median 34 ms (n=513); seal/prefix/finish seal:5457 seal:9 finish:6170
=== P17 512 MiB stdout until the default 120 s Shell timeout (rep 2) (18:06:05) load 15.98 24.26 46.40 :: SO=536870912 SE=4096 CAPTURE=1073741824
  A [turn] admit=202 terminal=turn_complete(end_turn) recoveryBlocked=false 46505ms
  A [side-effects] generator ran 1 time(s), wrote all output in 31251 ms; model calls 2, continuation calls 1
  A [requests] POST 521 {"200":2,"200/receipt":519} async-header=absent; status polls 0 {}; recover 0
  A [request-latency] POST ms p50 31 p90 55 max 6396 sum 31446; publication window 45397 ms
  A [ops] n/a/SUCCEEDED x519
  A [bytes stdout] 512 seg 536870912 B EXACT
  B [turn] admit=202 terminal=turn_complete(end_turn) recoveryBlocked=false 46505ms
  B [side-effects] generator ran 1 time(s), wrote all output in 31240 ms; model calls 2, continuation calls 1
  B [requests] POST 521 {"200":1,"200/receipt":517,"202/PENDING":3} async-header=absent,1; status polls 51 {"PENDING":48,"SUCCEEDED":3}; recover 0
  B [request-latency] POST ms p50 32 p90 55 max 133 sum 19192; publication window 45382 ms
  B [ops] ASYNC/SUCCEEDED x3; SYNC/SUCCEEDED x516
  B [bytes stdout] 512 seg 536870912 B EXACT
  pa17-1791540365: ops 519, sum time-to-receipt 31416 ms; segment median 32 ms (n=513); seal/prefix/finish seal:6221 seal:34 finish:6396
  pc17-1791540365: ops 519, sum time-to-receipt 32181 ms; segment median 32 ms (n=513); seal/prefix/finish seal:6392 seal:264 finish:6391
## paired done 18:07:08
