=== P1 16 MiB stdout, storage unthrottled (rep 1) (17:50:38) load 69.13 82.43 81.57 :: SO=16777216 SE=4096
  A [turn] admit=202 terminal=turn_complete(end_turn) recoveryBlocked=false 30955ms
  A [side-effects] generator ran 1 time(s), wrote all output in 9661 ms; model calls 2, continuation calls 1
  A [requests] POST 25 {"200":2,"200/receipt":23} async-header=absent; status polls 0 {}; recover 0
  A [request-latency] POST ms p50 406 p90 1109 max 6407 sum 19628; publication window 21939 ms
  A [ops] n/a/SUCCEEDED x23
  A [bytes stdout] 16 seg 16777216 B EXACT
  B [turn] admit=202 terminal=turn_complete(end_turn) recoveryBlocked=false 32473ms
  B [side-effects] generator ran 1 time(s), wrote all output in 13105 ms; model calls 2, continuation calls 1
  B [requests] POST 25 {"200":1,"202/PENDING":23,"200/receipt":1} async-header=1,absent; status polls 53 {"SUCCEEDED":23,"PENDING":30}; recover 0
  B [request-latency] POST ms p50 239 p90 440 max 670 sum 6252; publication window 23729 ms
  B [ops] ASYNC/SUCCEEDED x23
  B [bytes stdout] 16 seg 16777216 B EXACT
  pb1-1791539438: ops 23, sum time-to-receipt 21217 ms; segment median 662 ms (n=17); seal/prefix/finish seal:5095 seal:472 finish:1611
  pa1-1791539438: ops 23, sum time-to-receipt 19483 ms; segment median 411 ms (n=17); seal/prefix/finish seal:6407 seal:105 finish:2759
=== P2 16 MiB stdout, storage unthrottled (rep 2) (17:51:19) load 71.93 81.42 81.24 :: SO=16777216 SE=4096
  A [turn] admit=202 terminal=turn_complete(end_turn) recoveryBlocked=false 15259ms
  A [side-effects] generator ran 1 time(s), wrote all output in 4042 ms; model calls 2, continuation calls 1
  A [requests] POST 25 {"200":2,"200/receipt":23} async-header=absent; status polls 0 {}; recover 0
  A [request-latency] POST ms p50 160 p90 249 max 1943 sum 6443; publication window 9353 ms
  A [ops] n/a/SUCCEEDED x23
  A [bytes stdout] 16 seg 16777216 B EXACT
  B [turn] admit=202 terminal=turn_complete(end_turn) recoveryBlocked=false 18513ms
  B [side-effects] generator ran 1 time(s), wrote all output in 6274 ms; model calls 2, continuation calls 1
  B [requests] POST 25 {"200":1,"202/PENDING":23,"200/receipt":1} async-header=1,absent; status polls 34 {"SUCCEEDED":23,"PENDING":11}; recover 0
  B [request-latency] POST ms p50 77 p90 147 max 380 sum 2405; publication window 13458 ms
  B [ops] ASYNC/SUCCEEDED x23
  B [bytes stdout] 16 seg 16777216 B EXACT
  pb2-1791539479: ops 23, sum time-to-receipt 11497 ms; segment median 341 ms (n=17); seal/prefix/finish seal:1891 seal:326 finish:1646
  pa2-1791539479: ops 23, sum time-to-receipt 6193 ms; segment median 164 ms (n=17); seal/prefix/finish seal:1218 seal:71 finish:1943
=== P3 16 MiB stdout, storage unthrottled (rep 3) (17:51:44) load 64.61 78.95 80.35 :: SO=16777216 SE=4096
  A [turn] admit=202 terminal=turn_complete(end_turn) recoveryBlocked=false 18222ms
  A [side-effects] generator ran 1 time(s), wrote all output in 6853 ms; model calls 2, continuation calls 1
  A [requests] POST 25 {"200":2,"200/receipt":23} async-header=absent; status polls 0 {}; recover 0
  A [request-latency] POST ms p50 162 p90 698 max 2397 sum 10041; publication window 13217 ms
  A [ops] n/a/SUCCEEDED x23
  A [bytes stdout] 16 seg 16777216 B EXACT
  B [turn] admit=202 terminal=turn_complete(end_turn) recoveryBlocked=false 22002ms
  B [side-effects] generator ran 1 time(s), wrote all output in 9425 ms; model calls 2, continuation calls 1
  B [requests] POST 25 {"200":1,"202/PENDING":23,"200/receipt":1} async-header=1,absent; status polls 39 {"SUCCEEDED":23,"PENDING":16}; recover 0
  B [request-latency] POST ms p50 97 p90 214 max 308 sum 2832; publication window 17478 ms
  B [ops] ASYNC/SUCCEEDED x23
  B [bytes stdout] 16 seg 16777216 B EXACT
  pb3-1791539504: ops 23, sum time-to-receipt 13855 ms; segment median 398 ms (n=17); seal/prefix/finish seal:2522 seal:322 finish:1901
  pa3-1791539504: ops 23, sum time-to-receipt 9773 ms; segment median 244 ms (n=17); seal/prefix/finish seal:2231 seal:63 finish:2397
=== P4 16 MiB stdout, object GET 4 MiB/s (rep 1) (17:52:12) load 62.87 77.32 79.72 :: SO=16777216 SE=4096 GET_BPS=4194304
  A [turn] admit=202 terminal=turn_complete(end_turn) recoveryBlocked=false 23964ms
  A [side-effects] generator ran 1 time(s), wrote all output in 7382 ms; model calls 2, continuation calls 1
  A [requests] POST 25 {"200":2,"200/receipt":23} async-header=absent; status polls 0 {}; recover 0
  A [request-latency] POST ms p50 350 p90 564 max 4421 sum 15862; publication window 17688 ms
  A [ops] n/a/SUCCEEDED x23
  A [bytes stdout] 16 seg 16777216 B EXACT
  B [turn] admit=202 terminal=turn_complete(end_turn) recoveryBlocked=false 28846ms
  B [side-effects] generator ran 1 time(s), wrote all output in 11198 ms; model calls 2, continuation calls 1
  B [requests] POST 25 {"200":1,"202/PENDING":23,"200/receipt":1} async-header=1,absent; status polls 72 {"PENDING":49,"SUCCEEDED":23}; recover 0
  B [request-latency] POST ms p50 84 p90 205 max 430 sum 2761; publication window 23613 ms
  B [ops] ASYNC/SUCCEEDED x23
  B [bytes stdout] 16 seg 16777216 B EXACT
  pb4-1791539532: ops 23, sum time-to-receipt 21866 ms; segment median 626 ms (n=17); seal/prefix/finish seal:4515 seal:368 finish:4994
  pa4-1791539532: ops 23, sum time-to-receipt 15519 ms; segment median 368 ms (n=17); seal/prefix/finish seal:4372 seal:32 finish:4421
=== P5 16 MiB stdout, object GET 4 MiB/s (rep 2) (17:52:46) load 65.07 76.55 79.36 :: SO=16777216 SE=4096 GET_BPS=4194304
  A [turn] admit=202 terminal=turn_complete(end_turn) recoveryBlocked=false 24330ms
  A [side-effects] generator ran 1 time(s), wrote all output in 8632 ms; model calls 2, continuation calls 1
  A [requests] POST 25 {"200":2,"200/receipt":23} async-header=absent; status polls 0 {}; recover 0
  A [request-latency] POST ms p50 360 p90 862 max 4240 sum 15580; publication window 17286 ms
  A [ops] n/a/SUCCEEDED x23
  A [bytes stdout] 16 seg 16777216 B EXACT
  B [turn] admit=202 terminal=turn_complete(end_turn) recoveryBlocked=false 29272ms
  B [side-effects] generator ran 1 time(s), wrote all output in 12339 ms; model calls 2, continuation calls 1
  B [requests] POST 25 {"200":1,"202/PENDING":23,"200/receipt":1} async-header=1,absent; status polls 70 {"PENDING":47,"SUCCEEDED":23}; recover 0
  B [request-latency] POST ms p50 83 p90 201 max 390 sum 2551; publication window 22875 ms
  B [ops] ASYNC/SUCCEEDED x23
  B [bytes stdout] 16 seg 16777216 B EXACT
  pb5-1791539566: ops 23, sum time-to-receipt 20948 ms; segment median 643 ms (n=17); seal/prefix/finish seal:4148 seal:295 finish:4591
  pa5-1791539566: ops 23, sum time-to-receipt 15398 ms; segment median 362 ms (n=17); seal/prefix/finish seal:4240 seal:44 finish:4230
=== P6 16 MiB stdout, object GET 4 MiB/s (rep 3) (17:53:21) load 62.97 74.54 78.50 :: SO=16777216 SE=4096 GET_BPS=4194304
  A [turn] admit=202 terminal=turn_complete(end_turn) recoveryBlocked=false 17889ms
  A [side-effects] generator ran 1 time(s), wrote all output in 5736 ms; model calls 2, continuation calls 1
  A [requests] POST 25 {"200":2,"200/receipt":23} async-header=absent; status polls 0 {}; recover 0
  A [request-latency] POST ms p50 307 p90 377 max 4373 sum 14002; publication window 15488 ms
  A [ops] n/a/SUCCEEDED x23
  A [bytes stdout] 16 seg 16777216 B EXACT
  B [turn] admit=202 terminal=turn_complete(end_turn) recoveryBlocked=false 23651ms
  B [side-effects] generator ran 1 time(s), wrote all output in 9738 ms; model calls 2, continuation calls 1
  B [requests] POST 25 {"200":1,"202/PENDING":23,"200/receipt":1} async-header=1,absent; status polls 71 {"PENDING":48,"SUCCEEDED":23}; recover 0
  B [request-latency] POST ms p50 59 p90 92 max 136 sum 1619; publication window 21358 ms
  B [ops] ASYNC/SUCCEEDED x23
  B [bytes stdout] 16 seg 16777216 B EXACT
  pb6-1791539601: ops 23, sum time-to-receipt 20180 ms; segment median 592 ms (n=17); seal/prefix/finish seal:4553 seal:307 finish:4445
  pa6-1791539601: ops 23, sum time-to-receipt 13926 ms; segment median 314 ms (n=17); seal/prefix/finish seal:4151 seal:45 finish:4373
=== P7 128 MiB stdout, storage unthrottled (rep 1) (17:53:48) load 54.65 71.42 77.23 :: SO=134217728 SE=4096 CAPTURE=1073741824
  A [turn] admit=202 terminal=turn_complete(end_turn) recoveryBlocked=false 50652ms
  A [side-effects] generator ran 1 time(s), wrote all output in 25301 ms; model calls 2, continuation calls 1
  A [requests] POST 137 {"200":2,"200/receipt":135} async-header=absent; status polls 0 {}; recover 0
  A [request-latency] POST ms p50 106 p90 212 max 13695 sum 38532; publication window 47966 ms
  A [ops] n/a/SUCCEEDED x135
  A [bytes stdout] 128 seg 134217728 B EXACT
  B [turn] admit=202 terminal=turn_complete(end_turn) recoveryBlocked=false 76868ms
  B [side-effects] generator ran 1 time(s), wrote all output in 52430 ms; model calls 2, continuation calls 1
  B [requests] POST 137 {"200":1,"202/PENDING":135,"200/receipt":1} async-header=1,absent; status polls 211 {"SUCCEEDED":135,"PENDING":76}; recover 0
  B [request-latency] POST ms p50 67 p90 156 max 406 sum 11736; publication window 74459 ms
  B [ops] ASYNC/SUCCEEDED x135
  B [bytes stdout] 128 seg 134217728 B EXACT
  pb7-1791539628: ops 135, sum time-to-receipt 67135 ms; segment median 333 ms (n=129); seal/prefix/finish seal:11031 seal:279 finish:8207
  pa7-1791539628: ops 135, sum time-to-receipt 38446 ms; segment median 107 ms (n=129); seal/prefix/finish seal:13695 seal:105 finish:7264
=== P8 128 MiB stdout, storage unthrottled (rep 2) (17:55:19) load 43.71 64.20 73.91 :: SO=134217728 SE=4096 CAPTURE=1073741824
  A [turn] admit=202 terminal=turn_complete(end_turn) recoveryBlocked=false 41473ms
  A [side-effects] generator ran 1 time(s), wrote all output in 20669 ms; model calls 2, continuation calls 1
  A [requests] POST 137 {"200":2,"200/receipt":135} async-header=absent; status polls 0 {}; recover 0
  A [request-latency] POST ms p50 86 p90 183 max 8651 sum 29451; publication window 37369 ms
  A [ops] n/a/SUCCEEDED x135
  A [bytes stdout] 128 seg 134217728 B EXACT
  B [turn] admit=202 terminal=turn_complete(end_turn) recoveryBlocked=false 68803ms
  B [side-effects] generator ran 1 time(s), wrote all output in 46380 ms; model calls 2, continuation calls 1
  B [requests] POST 137 {"200":1,"202/PENDING":135,"200/receipt":1} async-header=1,absent; status polls 185 {"SUCCEEDED":135,"PENDING":50}; recover 0
  B [request-latency] POST ms p50 51 p90 104 max 181 sum 8407; publication window 64226 ms
  B [ops] ASYNC/SUCCEEDED x135
  B [bytes stdout] 128 seg 134217728 B EXACT
  pb8-1791539719: ops 135, sum time-to-receipt 56583 ms; segment median 314 ms (n=129); seal/prefix/finish seal:6367 seal:270 finish:7503
  pa8-1791539719: ops 135, sum time-to-receipt 29416 ms; segment median 86 ms (n=129); seal/prefix/finish seal:8651 seal:26 finish:7442
=== P9 512 MiB stdout until the default 120 s Shell timeout (rep 1) (17:56:38) load 33.70 56.67 70.19 :: SO=536870912 SE=4096 CAPTURE=1073741824
  A [turn] admit=202 terminal=turn_complete(end_turn) recoveryBlocked=false 102997ms
  A [side-effects] generator ran 1 time(s), wrote all output in 64352 ms; model calls 2, continuation calls 1
  A [requests] POST 521 {"200":2,"200/receipt":519} async-header=absent; status polls 0 {}; recover 0
  A [request-latency] POST ms p50 68 p90 162 max 16471 sum 75393; publication window 98519 ms
  A [ops] n/a/SUCCEEDED x519
  A [bytes stdout] 512 seg 536870912 B EXACT
  B [turn] admit=202 terminal=turn_complete(end_turn) recoveryBlocked=false 147106ms
  B [side-effects] generator ran 1 time(s), wrote all output in NaN ms; model calls 2, continuation calls 1
  B [requests] POST 341 {"200":1,"202/PENDING":339,"200/receipt":1} async-header=1,absent; status polls 412 {"SUCCEEDED":339,"PENDING":73}; recover 0
  B [request-latency] POST ms p50 48 p90 103 max 564 sum 20391; publication window 142559 ms
  B [ops] ASYNC/SUCCEEDED x339
  B [bytes stdout] 332 seg 347209728 B differs from oracle (partial?)
  pb9-1791539798: ops 339, sum time-to-receipt 127511 ms; segment median 310 ms (n=333); seal/prefix/finish seal:8330 seal:273 finish:10987
  pa9-1791539798: ops 519, sum time-to-receipt 75090 ms; segment median 68 ms (n=513); seal/prefix/finish seal:15657 seal:25 finish:16471
=== P10 512 MiB stdout until the default 120 s Shell timeout (rep 2) (17:59:26) load 29.55 48.12 64.55 :: SO=536870912 SE=4096 CAPTURE=1073741824
  A [turn] admit=202 terminal=turn_complete(end_turn) recoveryBlocked=false 80030ms
  A [side-effects] generator ran 1 time(s), wrote all output in 50644 ms; model calls 2, continuation calls 1
  A [requests] POST 521 {"200":2,"200/receipt":519} async-header=absent; status polls 0 {}; recover 0
  A [request-latency] POST ms p50 55 p90 116 max 15396 sum 61632; publication window 77944 ms
  A [ops] n/a/SUCCEEDED x519
  A [bytes stdout] 512 seg 536870912 B EXACT
  B [turn] admit=202 terminal=turn_complete(end_turn) recoveryBlocked=false 134411ms
  B [side-effects] generator ran 1 time(s), wrote all output in NaN ms; model calls 2, continuation calls 1
  B [requests] POST 371 {"200":1,"202/PENDING":369,"200/receipt":1} async-header=1,absent; status polls 401 {"SUCCEEDED":369,"PENDING":32}; recover 0
  B [request-latency] POST ms p50 34 p90 73 max 170 sum 15620; publication window 132255 ms
  B [ops] ASYNC/SUCCEEDED x369
  B [bytes stdout] 362 seg 378667008 B differs from oracle (partial?)
  pb10-1791539966: ops 369, sum time-to-receipt 118992 ms; segment median 292 ms (n=363); seal/prefix/finish seal:4088 seal:264 finish:4642
  pa10-1791539966: ops 519, sum time-to-receipt 61587 ms; segment median 55 ms (n=513); seal/prefix/finish seal:15396 seal:12 finish:11291
## paired done 18:01:57
