=== P21 16 MiB stdout, storage unthrottled (rep 1) (18:07:27) load 10.72 20.83 43.12 :: SO=16777216 SE=4096
  A [turn] admit=202 terminal=turn_complete(end_turn) recoveryBlocked=false 4633ms
  A [side-effects] generator ran 1 time(s), wrote all output in 1408 ms; model calls 2, continuation calls 1
  A [requests] POST 25 {"200":2,"200/receipt":23} async-header=absent; status polls 0 {}; recover 0
  A [request-latency] POST ms p50 50 p90 73 max 312 sum 1541; publication window 3187 ms
  A [ops] n/a/SUCCEEDED x23
  A [bytes stdout] 16 seg 16777216 B EXACT
  B [turn] admit=202 terminal=turn_complete(end_turn) recoveryBlocked=false 10930ms
  B [side-effects] generator ran 1 time(s), wrote all output in 5643 ms; model calls 2, continuation calls 1
  B [requests] POST 25 {"200":1,"202/PENDING":23,"200/receipt":1} async-header=1,absent; status polls 25 {"SUCCEEDED":23,"PENDING":2}; recover 0
  B [request-latency] POST ms p50 57 p90 114 max 131 sum 1455; publication window 9227 ms
  B [ops] ASYNC/SUCCEEDED x23
  B [bytes stdout] 16 seg 16777216 B EXACT
  ph21-1791540447: ops 23, sum time-to-receipt 7923 ms; segment median 327 ms (n=17); seal/prefix/finish seal:566 seal:272 finish:532
  pa21-1791540447: ops 23, sum time-to-receipt 1498 ms; segment median 54 ms (n=17); seal/prefix/finish seal:312 seal:9 finish:242
=== P22 16 MiB stdout, storage unthrottled (rep 2) (18:07:40) load 10.89 20.38 42.56 :: SO=16777216 SE=4096
  A [turn] admit=202 terminal=turn_complete(end_turn) recoveryBlocked=false 4662ms
  A [side-effects] generator ran 1 time(s), wrote all output in 1299 ms; model calls 2, continuation calls 1
  A [requests] POST 25 {"200":2,"200/receipt":23} async-header=absent; status polls 0 {}; recover 0
  A [request-latency] POST ms p50 38 p90 97 max 306 sum 1416; publication window 3259 ms
  A [ops] n/a/SUCCEEDED x23
  A [bytes stdout] 16 seg 16777216 B EXACT
  B [turn] admit=202 terminal=turn_complete(end_turn) recoveryBlocked=false 10635ms
  B [side-effects] generator ran 1 time(s), wrote all output in 4979 ms; model calls 2, continuation calls 1
  B [requests] POST 25 {"200":1,"202/PENDING":23,"200/receipt":1} async-header=1,absent; status polls 24 {"SUCCEEDED":23,"PENDING":1}; recover 0
  B [request-latency] POST ms p50 27 p90 45 max 92 sum 755; publication window 9193 ms
  B [ops] ASYNC/SUCCEEDED x23
  B [bytes stdout] 16 seg 16777216 B EXACT
  ph22-1791540460: ops 23, sum time-to-receipt 6888 ms; segment median 288 ms (n=17); seal/prefix/finish seal:271 seal:279 finish:525
  pa22-1791540460: ops 23, sum time-to-receipt 1343 ms; segment median 40 ms (n=17); seal/prefix/finish seal:253 seal:14 finish:306
=== P23 16 MiB stdout, storage unthrottled (rep 3) (18:07:54) load 10.32 19.79 41.97 :: SO=16777216 SE=4096
  A [turn] admit=202 terminal=turn_complete(end_turn) recoveryBlocked=false 4282ms
  A [side-effects] generator ran 1 time(s), wrote all output in 1041 ms; model calls 2, continuation calls 1
  A [requests] POST 25 {"200":2,"200/receipt":23} async-header=absent; status polls 0 {}; recover 0
  A [request-latency] POST ms p50 29 p90 84 max 219 sum 1062; publication window 3111 ms
  A [ops] n/a/SUCCEEDED x23
  A [bytes stdout] 16 seg 16777216 B EXACT
  B [turn] admit=202 terminal=turn_complete(end_turn) recoveryBlocked=false 8420ms
  B [side-effects] generator ran 1 time(s), wrote all output in 4795 ms; model calls 2, continuation calls 1
  B [requests] POST 25 {"200":1,"202/PENDING":23,"200/receipt":1} async-header=1,absent; status polls 23 {"SUCCEEDED":23}; recover 0
  B [request-latency] POST ms p50 23 p90 53 max 64 sum 633; publication window 7172 ms
  B [ops] ASYNC/SUCCEEDED x23
  B [bytes stdout] 16 seg 16777216 B EXACT
  ph23-1791540474: ops 23, sum time-to-receipt 6496 ms; segment median 281 ms (n=17); seal/prefix/finish seal:269 seal:268 finish:269
  pa23-1791540474: ops 23, sum time-to-receipt 1029 ms; segment median 31 ms (n=17); seal/prefix/finish seal:184 seal:10 finish:219
=== P24 128 MiB stdout, storage unthrottled (rep 1) (18:08:04) load 9.82 19.36 41.56 :: SO=134217728 SE=4096 CAPTURE=1073741824
  A [turn] admit=202 terminal=turn_complete(end_turn) recoveryBlocked=false 14395ms
  A [side-effects] generator ran 1 time(s), wrote all output in 8149 ms; model calls 2, continuation calls 1
  A [requests] POST 137 {"200":2,"200/receipt":135} async-header=absent; status polls 0 {}; recover 0
  A [request-latency] POST ms p50 36 p90 53 max 1575 sum 8143; publication window 13192 ms
  A [ops] n/a/SUCCEEDED x135
  A [bytes stdout] 128 seg 134217728 B EXACT
  B [turn] admit=202 terminal=turn_complete(end_turn) recoveryBlocked=false 46740ms
  B [side-effects] generator ran 1 time(s), wrote all output in 39293 ms; model calls 2, continuation calls 1
  B [requests] POST 137 {"200":1,"202/PENDING":135,"200/receipt":1} async-header=1,absent; status polls 149 {"SUCCEEDED":135,"PENDING":14}; recover 0
  B [request-latency] POST ms p50 24 p90 36 max 75 sum 3622; publication window 45433 ms
  B [ops] ASYNC/SUCCEEDED x135
  B [bytes stdout] 128 seg 134217728 B EXACT
  ph24-1791540484: ops 135, sum time-to-receipt 41721 ms; segment median 281 ms (n=129); seal/prefix/finish seal:1794 seal:267 finish:2327
  pa24-1791540484: ops 135, sum time-to-receipt 8112 ms; segment median 36 ms (n=129); seal/prefix/finish seal:1575 seal:13 finish:1450
=== P25 128 MiB stdout, storage unthrottled (rep 2) (18:08:57) load 8.83 17.53 39.49 :: SO=134217728 SE=4096 CAPTURE=1073741824
  A [turn] admit=202 terminal=turn_complete(end_turn) recoveryBlocked=false 12297ms
  A [side-effects] generator ran 1 time(s), wrote all output in 7886 ms; model calls 2, continuation calls 1
  A [requests] POST 137 {"200":2,"200/receipt":135} async-header=absent; status polls 0 {}; recover 0
  A [request-latency] POST ms p50 33 p90 48 max 1451 sum 7687; publication window 11117 ms
  A [ops] n/a/SUCCEEDED x135
  A [bytes stdout] 128 seg 134217728 B EXACT
  B [turn] admit=202 terminal=turn_complete(end_turn) recoveryBlocked=false 50565ms
  B [side-effects] generator ran 1 time(s), wrote all output in 41357 ms; model calls 2, continuation calls 1
  B [requests] POST 137 {"200":1,"202/PENDING":135,"200/receipt":1} async-header=1,absent; status polls 152 {"SUCCEEDED":135,"PENDING":17}; recover 0
  B [request-latency] POST ms p50 25 p90 76 max 187 sum 4956; publication window 49404 ms
  B [ops] ASYNC/SUCCEEDED x135
  B [bytes stdout] 128 seg 134217728 B EXACT
  ph25-1791540537: ops 135, sum time-to-receipt 44009 ms; segment median 282 ms (n=129); seal/prefix/finish seal:2605 seal:270 finish:2053
  pa25-1791540537: ops 135, sum time-to-receipt 7658 ms; segment median 33 ms (n=129); seal/prefix/finish seal:1444 seal:8 finish:1451
=== P26 512 MiB stdout until the default 120 s Shell timeout (rep 1) (18:09:54) load 12.53 17.10 37.95 :: SO=536870912 SE=4096 CAPTURE=1073741824
  A [turn] admit=202 terminal=turn_complete(end_turn) recoveryBlocked=false 57430ms
  A [side-effects] generator ran 1 time(s), wrote all output in 41494 ms; model calls 2, continuation calls 1
  A [requests] POST 521 {"200":2,"200/receipt":519} async-header=absent; status polls 0 {}; recover 0
  A [request-latency] POST ms p50 39 p90 90 max 6460 sum 39044; publication window 55595 ms
  A [ops] n/a/SUCCEEDED x519
  A [bytes stdout] 512 seg 536870912 B EXACT
  B [turn] admit=202 terminal=turn_complete(end_turn) recoveryBlocked=false 135623ms
  B [side-effects] generator ran 1 time(s), wrote all output in NaN ms; model calls 2, continuation calls 1
  B [requests] POST 383 {"200":1,"202/PENDING":381,"200/receipt":1} async-header=1,absent; status polls 421 {"SUCCEEDED":381,"PENDING":40}; recover 0
  B [request-latency] POST ms p50 28 p90 61 max 162 sum 13570; publication window 133924 ms
  B [ops] ASYNC/SUCCEEDED x381
  B [bytes stdout] 374 seg 391249920 B differs from oracle (partial?)
  ph26-1791540594: ops 381, sum time-to-receipt 121584 ms; segment median 285 ms (n=375); seal/prefix/finish seal:5642 seal:265 finish:5127
  pa26-1791540594: ops 519, sum time-to-receipt 38914 ms; segment median 39 ms (n=513); seal/prefix/finish seal:6460 seal:9 finish:5868
=== P27 512 MiB stdout until the default 120 s Shell timeout (rep 2) (18:12:26) load 16.04 16.21 34.17 :: SO=536870912 SE=4096 CAPTURE=1073741824
  A [turn] admit=202 terminal=turn_complete(end_turn) recoveryBlocked=false 55116ms
  A [side-effects] generator ran 1 time(s), wrote all output in 37043 ms; model calls 2, continuation calls 1
  A [requests] POST 521 {"200":2,"200/receipt":519} async-header=absent; status polls 0 {}; recover 0
  A [request-latency] POST ms p50 38 p90 69 max 7929 sum 38775; publication window 53638 ms
  A [ops] n/a/SUCCEEDED x519
  A [bytes stdout] 512 seg 536870912 B EXACT
  B [turn] admit=202 terminal=turn_complete(end_turn) recoveryBlocked=false 137504ms
  B [side-effects] generator ran 1 time(s), wrote all output in NaN ms; model calls 2, continuation calls 1
  B [requests] POST 385 {"200":1,"202/PENDING":383,"200/receipt":1} async-header=1,absent; status polls 430 {"SUCCEEDED":383,"PENDING":47}; recover 0
  B [request-latency] POST ms p50 27 p90 57 max 246 sum 13483; publication window 135939 ms
  B [ops] ASYNC/SUCCEEDED x383
  B [bytes stdout] 376 seg 393347072 B differs from oracle (partial?)
  ph27-1791540746: ops 383, sum time-to-receipt 123578 ms; segment median 284 ms (n=377); seal/prefix/finish seal:7183 seal:270 finish:5362
  pa27-1791540746: ops 519, sum time-to-receipt 38586 ms; segment median 38 ms (n=513); seal/prefix/finish seal:7289 seal:8 finish:7929
## paired done 18:15:02
