## h4-s4-cancel  head=33256a5ea9 dirty=0 root=/tmp/pr12821-h4-s4-cancel-78JS
host pid=68500 origin=http://127.0.0.1:50186
cancel -> 200 0.004077s {"state":"cancel_requested"}
execute -> 200 1.616582s
  {"state":"settled","executionStatus":"cancelled","capture":{"captureStatus":"complete","captureReason":null,"deliveryStatus":"committed","previewTruncated":true,"manifest":{"byteLength":1501}}}
checkpoint -> {"phase":"results_ready","events":["1:activation.changed","2:checkpoint.committed","3:turn.settled","4:checkpoint.committed","5:tool.intent","6:checkpoint.committed","7:tool.receipt","8:checkpoint.committed"],"faultLog":[]}
execute (repeat) -> 200 0.002873s  identical=yes
status -> 200 0.001333s {"state":"settled","lastSequence":3,"deliveryStatus":"committed"}
side-effect runs so far: 1
ack(receipt seq=7, committed) -> 200 {"state":"settled","deliveryStatus":"committed","code":null}
ack repeat identical -> 200 {"state":"settled","code":null}
ack changed historyRevision -> 409 {"code":"managed_tool_result_conflict"}
host stopped: CLOSED
successor reader (new process, writer lease as worker-b, O1b read-only):
{
  "successorPid": 68659,
  "checkpointPhase": "results_ready",
  "events": [
    "1:activation.changed",
    "2:checkpoint.committed",
    "3:turn.settled",
    "4:checkpoint.committed",
    "5:tool.intent",
    "6:checkpoint.committed",
    "7:tool.receipt",
    "8:checkpoint.committed",
    "9:activation.changed",
    "10:activation.changed"
  ],
  "prefix_stdout": {
    "segmentCount": 8,
    "byteLength": 8388608,
    "digest": "51e9d9ae397c75b1089ac031b8b8f592a5f7b8b7e055a87aa04a353b74b10b69",
    "sealed": true,
    "matchesGenerator": true
  },
  "prefix_stderr": {
    "segmentCount": 1,
    "byteLength": 65536,
    "digest": "a949d760ab6f9f256311a9f472c50aa52d7adec46fba1e3787af6fde6c2c2dc2",
    "sealed": true,
    "matchesGenerator": true
  },
  "manifest": {
    "executionStatus": "cancelled",
    "exitCode": null,
    "signal": "SIGTERM",
    "captureStatus": "complete",
    "captureReason": null
  },
  "recorded": {
    "deliveryStatus": "committed",
    "historyRevision": 7
  },
  "reread_stdout": {
    "state": "sealed",
    "manifestBytes": 8388608,
    "rereadBytes": 8388608,
    "rereadDigestMatchesManifest": true,
    "generatorBytes": 8388608,
    "rereadDigestMatchesGenerator": true
  },
  "stdoutTail5": {
    "read": "f297792b93",
    "generator": "f297792b93"
  },
  "reread_stderr": {
    "state": "sealed",
    "manifestBytes": 65536,
    "rereadBytes": 65536,
    "rereadDigestMatchesManifest": true,
    "generatorBytes": 65536,
    "rereadDigestMatchesGenerator": true
  },
  "rePrepare": "rejected: Original Shell execution was not committed before dispatch.",
  "sideEffectRuns": 1
}
## end h4-s4-cancel head=33256a5ea9
