## h4-s6-kill-before-receipt  head=33256a5ea9 dirty=0 root=/tmp/pr12821-h4-s6-kill-before-receipt-4Zsh
host pid=68844 origin=http://127.0.0.1:50213
execute -> 000 1.544050s
  
checkpoint -> 
side-effect runs so far: 1
host already gone (pid 68844)
successor reader (new process, writer lease as worker-b, O1b read-only):
{
  "successorPid": 68914,
  "checkpointPhase": "await_runtime",
  "events": [
    "1:activation.changed",
    "2:checkpoint.committed",
    "3:turn.settled",
    "4:checkpoint.committed",
    "5:tool.intent",
    "6:checkpoint.committed",
    "7:activation.changed"
  ],
  "prefix_stdout": {
    "segmentCount": 20,
    "byteLength": 20971520,
    "digest": "13d17b82e4a45862c26835f8517a1e36ae014d8d57141e408258f95ca80aeb69",
    "sealed": true,
    "matchesGenerator": true
  },
  "prefix_stderr": {
    "segmentCount": 1,
    "byteLength": 65536,
    "digest": "6689b7ee06fdb3b87b3a1ebfaa97a75ff819a30624ea8fb77ccd6091ae85347d",
    "sealed": true,
    "matchesGenerator": true
  },
  "rePrepare": "rejected: Original Shell execution was not committed before dispatch.",
  "sideEffectRuns": 1
}
## end h4-s6-kill-before-receipt head=33256a5ea9
