# s43-h43p  db=r43p1 arm=h43p  2026-10-09T15:59:08.819Z
NOTE  S1 never-settling module (timeout 2000) turn  -> admit=202 terminal=<none> idle after 3292 ms recoveryBlocked=true
NOTE  S1 never-settling module (timeout 2000) module top-level runs / callbacks  -> eval-start=1 eval-done=0 callback=0
NOTE  S1 never-settling module (timeout 2000) hook execution record  -> running/"dispatch_started" | recovery_blocked/"outcome_unknown"/outcome_unknown
NOTE  S1 never-settling module (timeout 2000) lease holder  -> hooks-activation-15e1f967fb933e05187ec2217dff5a6907f964401693e0bfcde368b06119d8c6
NOTE  S1 never-settling module (timeout 2000) next prompt, same Session  -> admit=409 hosted_turn_recovery_required (81 ms)
NOTE  S1 never-settling module (timeout 2000) hook execution records after next prompt  -> running/"dispatch_started" | recovery_blocked/"outcome_unknown"/outcome_unknown
NOTE  S1 never-settling module (timeout 2000) detach  -> 503 hosted_hook_recovery_required (240 ms)
NOTE  S1 never-settling module (timeout 2000) neighbour Session (no Hooks, same Workspace)  -> admit=202 STILL ACTIVE after 30044 ms wrote=false
NOTE  S2 cancel during evaluation (timeout 60000) module evaluation started  -> after 614 ms
NOTE  S2 cancel during evaluation (timeout 60000) cancel  -> cancel=204 (4 ms) idle after 218 ms terminal=<none>
NOTE  S2 cancel during evaluation (timeout 60000) hook execution record after cancel  -> running/"dispatch_started" | recovery_blocked/"outcome_unknown"/outcome_unknown
NOTE  S2 cancel during evaluation (timeout 60000) detach while evaluation still pending  -> 503 hosted_hook_recovery_required (204 ms)
NOTE  S2 cancel during evaluation (timeout 60000) gate opened -> module evaluation finished  -> after 51 ms
NOTE  S2 cancel during evaluation (timeout 60000) next prompt after evaluation finished  -> admit=202 terminal=turn_complete(end_turn) idle after 1262 ms recoveryBlocked=false callbacks=1
NOTE  S2 cancel during evaluation (timeout 60000) detach after evaluation finished  -> 204 (164 ms)
NOTE  S2b cancel, evaluation finishes, next turn (no detach in between) cancel  -> started=520 idle after 319 ms terminal=<none>
NOTE  S2b cancel, evaluation finishes, next turn (no detach in between) status after cancel  -> recoveryBlocked=true records=running/"dispatch_started" | recovery_blocked/"outcome_unknown"/outcome_unknown
NOTE  S2b cancel, evaluation finishes, next turn (no detach in between) status after the module finished  -> recoveryBlocked=true (eval-done after 51 ms)
NOTE  S2b cancel, evaluation finishes, next turn (no detach in between) next prompt after evaluation finished  -> admit=202 terminal=turn_complete(end_turn) idle after 1172 ms recoveryBlocked=false (eval-done after 51 ms) callbacks=1
NOTE  S2b cancel, evaluation finishes, next turn (no detach in between) hook execution records  -> settled/"settled"+result | cancelled/"settled"+result | settled/"settled"+result | settled/"settled"+result
NOTE  S2b cancel, evaluation finishes, next turn (no detach in between) detach  -> 204 (123 ms)
NOTE  S2b cancel, evaluation finishes, next turn (no detach in between) hook execution records after detach  -> settled/"settled"+result | cancelled/"settled"+result | settled/"settled"+result | settled/"settled"+result
NOTE  S2b cancel, evaluation finishes, next turn (no detach in between) load  -> 200 (695 ms)
NOTE  S2b cancel, evaluation finishes, next turn (no detach in between) prompt after detach + load  -> admit=202 terminal=turn_complete(end_turn) idle after 1587 ms recoveryBlocked=false callbacks=2
NOTE  S2c next turn while evaluation still pending (timeout 3000) cancel  -> started=729 idle after 599 ms terminal=<none>
NOTE  S2c next turn while evaluation still pending (timeout 3000) next prompt while evaluation pending  -> admit=409 hosted_turn_recovery_required (160 ms) eval-start=1
NOTE  S2c next turn while evaluation still pending (timeout 3000) hook execution records  -> running/"dispatch_started" | recovery_blocked/"outcome_unknown"/outcome_unknown
NOTE  S2c next turn while evaluation still pending (timeout 3000) prompt after evaluation finished  -> admit=202 terminal=turn_complete(end_turn) idle after 1487 ms recoveryBlocked=false callbacks=1
NOTE  S2c next turn while evaluation still pending (timeout 3000) detach  -> 204 (110 ms)
NOTE  S3 300 ms evaluation, timeout 10 turn  -> admit=202 terminal=turn_complete(end_turn) idle after 1915 ms recoveryBlocked=false callbacks=1
NOTE  S3 300 ms evaluation, timeout 10 hook execution record  -> settled/"settled"+result | settled/"settled"+result
NOTE  S4a 1500 ms evaluation, timeout 10 turn  -> admit=202 terminal=<none> idle after 1271 ms recoveryBlocked=true callbacks=0
NOTE  S4a 1500 ms evaluation, timeout 10 hook execution record  -> running/"dispatch_started" | recovery_blocked/"outcome_unknown"/outcome_unknown
NOTE  S4a 1500 ms evaluation, timeout 10 module after 2 s  -> eval-done=1
NOTE  S4a 1500 ms evaluation, timeout 10 next prompt, same Session  -> admit=202 terminal=turn_complete(end_turn) idle after 1268 ms recoveryBlocked=false
NOTE  S4a 1500 ms evaluation, timeout 10 detach  -> 204 (108 ms)
NOTE  S4a 1500 ms evaluation, timeout 10 load  -> 200 (627 ms)
NOTE  S4a 1500 ms evaluation, timeout 10 prompt after load  -> admit=202 terminal=turn_complete(end_turn) idle after 1916 ms recoveryBlocked=false
NOTE  S4a 1500 ms evaluation, timeout 10 neighbour Session (no Hooks, same Workspace)  -> admit=202 terminal=turn_complete(end_turn) idle after 2860 ms recoveryBlocked=false wrote=true
NOTE  S4b 1500 ms evaluation, timeout 3000 turn  -> admit=202 terminal=turn_complete(end_turn) idle after 3697 ms recoveryBlocked=false callbacks=1
NOTE  S4b 1500 ms evaluation, timeout 3000 hook execution record  -> settled/"settled"+result | settled/"settled"+result
NOTE  S5 module throws at top level turn  -> admit=202 terminal=<none> idle after 842 ms recoveryBlocked=true
NOTE  S5 module throws at top level hook execution record  -> running/"dispatch_started" | recovery_blocked/"not_started_proven"/handler_unavailable
NOTE  S5 module throws at top level next prompt, same Session  -> admit=409 hosted_turn_recovery_required (101 ms)
NOTE  S5 module throws at top level detach  -> 204 (396 ms)
NOTE  S7 DELETE while evaluation pending cancel  -> started=665 idle after 227 ms terminal=<none>
NOTE  S7 DELETE while evaluation pending DELETE while evaluation pending  -> 503 hosted_hook_recovery_required (157 ms)
NOTE  S7 DELETE while evaluation pending lease holder  -> hooks-activation-e84f619d84105ce7ef96f08336eef9b30a4e83b733d02b87ddd76f8e4972db39
NOTE  S7 DELETE while evaluation pending DELETE after evaluation finished  -> 204 (741 ms) (eval-done after 51 ms)
NOTE  S7 DELETE while evaluation pending lease holder after DELETE  -> <none>
NOTE  S6 Harness replaced while evaluation pending cancel  -> started=840 idle after 317 ms terminal=<none>
NOTE  S6 Harness replaced while evaluation pending hook execution record before replacement  -> running/"dispatch_started" | recovery_blocked/"outcome_unknown"/outcome_unknown
NOTE  S6 Harness replaced while evaluation pending lease holder before replacement  -> hooks-activation-42b209490295e4372fd7c874d2f21cc7194ae0342ffcb404851e85f1ba4e8489
NOTE  S6 Harness replaced while evaluation pending load in new Harness  -> 200 (435 ms) after 57358 ms recoveryRequired
NOTE  S6 Harness replaced while evaluation pending Hook turn in new Harness, evaluation still pending  -> admit=409 hosted_turn_recovery_required (100 ms)
NOTE  S6 Harness replaced while evaluation pending hook execution records  -> running/"dispatch_started" | recovery_blocked/"outcome_unknown"/outcome_unknown
NOTE  S6 Harness replaced while evaluation pending lease holder  -> hooks-activation-42b209490295e4372fd7c874d2f21cc7194ae0342ffcb404851e85f1ba4e8489
NOTE  S6 Harness replaced while evaluation pending gate opened -> evaluation finished  -> after 0 ms
NOTE  S6 Harness replaced while evaluation pending Hook turn after evaluation finished  -> admit=202 terminal=turn_complete(end_turn) idle after 1542 ms recoveryBlocked=false callbacks=1
NOTE  S6 Harness replaced while evaluation pending lease holder after  -> hooks-activation-639f14c8a17f96261969c735bcbe872b917b5a39fbaeef0a7343675aeae200e4
NOTE  S6 Harness replaced while evaluation pending detach  -> 204 (89 ms)
NOTE  S6 Harness replaced while evaluation pending Harness log: hook owner warnings  -> <none>
== RESULT s43-h43p: 0 passed, 0 failed
