# s1-basic  db=r2  2026-10-04T02:54:55.491Z
PASS  create bound Session 202/201  -> status=202 id=c28a488f-11c6-486a-82d3-c9dfaff42615
PASS  initial G0 Turn completes in child/  -> {"status":"COMPLETED","error":"","ms":5208}
PASS  binding before = (child, rev 1)  -> {"cwd":"child","rev":1,"version":18,"status":"ACTIVE"}
NOTE  public Session read before (workspace field)  -> {"workspace_id":"ws-a","cwd_relative":"child","context_revision":1,"state":"ready"}
PASS  public POST /cwd → 202 pending, normalized target  -> 202 {"id":"op_33470e538fa74e0093e3537020675bd6","session_id":"c28a488f-11c6-486a-82d3-c9dfaff42615","type":"cwd_change","status":"pending","expected_context_revision":1,"target_cwd_relative":"child2","replayed":false}
PASS  operation completes with result_context_revision=2  -> 118 ms {"id":"op_33470e538fa74e0093e3537020675bd6","session_id":"c28a488f-11c6-486a-82d3-c9dfaff42615","type":"cwd_change","status":"completed","expected_context_revision":1,"target_cwd_relative":"child2","result_context_revision":2,"replayed":false}
PASS  DB binding after = (child2, rev 2)  -> {"cwd":"child2","rev":2,"version":20,"status":"ACTIVE"}
PASS  DB op row COMPLETED/CONFIRMED with receipt  -> {"state":"COMPLETED","delivery":"CONFIRMED","error":"","target":"child2","expected":"1","result":"2","attempts":0,"gen":1,"receipt":"rcpt_89adeb39958f4fae8864a303e4c5585b"}
PASS  replay, other spelling child2/./ → 202 same id, replayed=true, completed  -> 202 {"id":"op_33470e538fa74e0093e3537020675bd6","session_id":"c28a488f-11c6-486a-82d3-c9dfaff42615","type":"cwd_change","status":"completed","expected_context_revision":1,"target_cwd_relative":"child2","result_context_revision":2,"replayed":true}
PASS  replay ./child2 → same op  -> 202 op_33470e538fa74e0093e3537020675bd6
PASS  same key, different target → 409 idempotency_conflict  -> 409 {"error":{"code":"idempotency_conflict","message":"The idempotency key was reused with different content.","request_id":"81f5b5c2-49fb-4aba-96a5-231d22b581a8"}}
PASS  same key, different expected revision → 409 idempotency_conflict  -> 409 {"error":{"code":"idempotency_conflict","message":"The idempotency key was reused with different content.","request_id":"1a9cb9d6-dcb3-4249-8171-8572a5d99329"}}
PASS  fresh key, stale expected revision 1 → 409 context_revision_conflict  -> 409 {"error":{"code":"context_revision_conflict","message":"The Session context revision has changed.","request_id":"1a9614e7-a803-4541-9ffb-afe3bbcd9c25"}}
PASS  WebShell POST /sessions/cwd/change → 202 pending, camelCase  -> 202 {"operationId":"op_4c73c7d2f6ca4fc3bb0b4f824dbb4fa3","sessionId":"c28a488f-11c6-486a-82d3-c9dfaff42615","type":"cwd_change","status":"pending","expectedContextRevision":2,"targetCwdRelative":"child3/deep","replayed":false}
PASS  WebShell echoes client request id header  -> x-request-id=rig-req-s1
PASS  WebShell operation completes with resultContextRevision=3  -> 122 ms {"operationId":"op_4c73c7d2f6ca4fc3bb0b4f824dbb4fa3","sessionId":"c28a488f-11c6-486a-82d3-c9dfaff42615","type":"cwd_change","status":"completed","expectedContextRevision":2,"targetCwdRelative":"child3/deep","resultContextRevision":3,"replayed":false}
PASS  WebShell replay (other spelling) → same op, replayed=true  -> 202 {"operationId":"op_4c73c7d2f6ca4fc3bb0b4f824dbb4fa3","sessionId":"c28a488f-11c6-486a-82d3-c9dfaff42615","type":"cwd_change","status":"completed","expectedContextRevision":2,"targetCwdRelative":"child3/deep","resultContextRevision":3,"replayed":true}
PASS  cross-surface read: public GET of WebShell op returns cwd shape  -> {"id":"op_4c73c7d2f6ca4fc3bb0b4f824dbb4fa3","session_id":"c28a488f-11c6-486a-82d3-c9dfaff42615","type":"cwd_change","status":"completed","expected_context_revision":2,"target_cwd_relative":"child3/deep","result_context_revision":3,"replayed":false}
PASS  cross-surface read: WebShell query of public op returns cwd shape  -> {"operationId":"op_33470e538fa74e0093e3537020675bd6","sessionId":"c28a488f-11c6-486a-82d3-c9dfaff42615","type":"cwd_change","status":"completed","expectedContextRevision":1,"targetCwdRelative":"child2","resultContextRevision":2,"replayed":false}
PASS  DB binding after = (child3/deep, rev 3)  -> {"cwd":"child3/deep","rev":3,"version":22,"status":"ACTIVE"}
PASS  exactly two session.context.changed rows (one per completed change)  -> [{"seq":9,"data":{"sessionId":"c28a488f-11c6-486a-82d3-c9dfaff42615","cwdRelative":"child2","workspaceId":"ws-a","contextRevision":2,"operationId":"op_33470e538fa74e0093e3537020675bd6"},"source":"operation:op_33470e538fa74e0093e3537020675bd6:completed"},{"seq":10,"data":{"sessionId":"c28a488f-11c6-486a-82d3-c9dfaff42615","cwdRelative":"child3/deep","workspaceId":"ws-a","contextRevision":3,"operationId":"op_4c73c7d2f6ca4fc3bb0b4f824dbb4fa3"},"source":"operation:op_4c73c7d2f6ca4fc3bb0b4f824dbb4fa3:completed"}]
PASS  event data = {sessionId, operationId, workspaceId, cwdRelative, contextRevision}  -> [{"sessionId":"c28a488f-11c6-486a-82d3-c9dfaff42615","cwdRelative":"child2","workspaceId":"ws-a","contextRevision":2,"operationId":"op_33470e538fa74e0093e3537020675bd6"},{"sessionId":"c28a488f-11c6-486a-82d3-c9dfaff42615","cwdRelative":"child3/deep","workspaceId":"ws-a","contextRevision":3,"operationId":"op_4c73c7d2f6ca4fc3bb0b4f824dbb4fa3"}]
PASS  public events read lists both context events  -> [{"schema_version":1,"projection_version":1,"sequence":9,"event_id":"evt_cf1b1c0ad0c04d65ae854abc3fb52e61","session_id":"c28a488f-11c6-486a-82d3-c9dfaff42615","type":"session.context.changed","created_at":1791082502,"data":{"sessionId":"c28a488f-11c6-486a-82d3-c9dfaff42615","cwdRelative":"child2","workspaceId":"ws-a","contextRevision":2,"operationId":"op_33470e538fa74e0093e3537020675bd6"},"terminal":false},{"schema_version":1,"projection_version":1,"sequence":10,"event_id":"evt_4d32ac0f37054def8df1cd61932c7b35","session_id":"c28a488f-11c6-486a-82d3-c9dfaff42615","type":"session.context.changed
PASS  live public SSE delivered both context events once each  -> status=200 total=10 ctx=2 [{"ev":"session.context.changed","data":{"schema_version":1,"projection_version":1,"sequence":9,"event_id":"evt_cf1b1c0ad0c04d65ae854abc3fb52e61","session_id":"c28a488f-11c6-486a-82d3-c9dfaff42615","type":"session.context.changed","created_at":1791082502,"data":{"sessionId":"c28a488f-11c6-486a-82d3-c9dfaff42615","cwdRelative":"child2","workspaceId":"ws-a","contextRevision":2,"operationId":"op_3347
PASS  live WebShell SSE delivered both context events once each  -> status=200 total=10 ctx=2 [{"ev":"session.context.changed","data":{"schemaVersion":1,"projectionVersion":1,"sequence":9,"eventId":"evt_cf1b1c0ad0c04d65ae854abc3fb52e61","sessionId":"c28a488f-11c6-486a-82d3-c9dfaff42615","type":"session.context.changed","createdAt":1791082502235,"data":{"sessionId":"c28a488f-11c6-486a-82d3-c9dfaff42615","cwdRelative":"child2","workspaceId":"ws-a","contextRevision":2,"operationId":"op_33470e
NOTE  public Session read after (workspace field)  -> {"workspace_id":"ws-a","cwd_relative":"child3/deep","context_revision":3,"state":"ready"}
== s1-basic: 24 passed, 0 failed
