# s1-basic  db=m35  2026-10-03T01:44:18.367Z
PASS  create bound Session 202/201  -> status=202 id=d7c5b02e-1e32-44ce-9630-637518d84b93
PASS  initial G0 Turn completes in child/  -> {"status":"COMPLETED","error":"","ms":1568}
PASS  binding before = (child, rev 1)  -> {"cwd":"child","rev":1,"version":14,"status":"ACTIVE"}
NOTE  public Session read before (workspace field)  -> {"workspace_id":"ws-a","cwd_relative":"child","context_revision":1,"state":"ready"}
PASS  public POST /cwd → 202 pending, normalized target  -> 202 {"id":"op_34d748ff5602405aa43635444837497f","session_id":"d7c5b02e-1e32-44ce-9630-637518d84b93","type":"cwd_change","status":"pending","expected_context_revision":1,"target_cwd_relative":"child2","replayed":false}
PASS  operation completes with result_context_revision=2  -> 112 ms {"id":"op_34d748ff5602405aa43635444837497f","session_id":"d7c5b02e-1e32-44ce-9630-637518d84b93","type":"cwd_change","status":"completed","expected_context_revision":1,"target_cwd_relative":"child2","result_context_revision":2,"replayed":false}
PASS  DB binding after = (child2, rev 2)  -> {"cwd":"child2","rev":2,"version":16,"status":"ACTIVE"}
PASS  DB op row COMPLETED/CONFIRMED with receipt  -> {"state":"COMPLETED","delivery":"CONFIRMED","error":"","target":"child2","expected":"1","result":"2","attempts":0,"gen":1,"receipt":"rcpt_fef8dd4e5d6c408ab7b851cc820ea31e"}
PASS  replay, other spelling child2/./ → 202 same id, replayed=true, completed  -> 202 {"id":"op_34d748ff5602405aa43635444837497f","session_id":"d7c5b02e-1e32-44ce-9630-637518d84b93","type":"cwd_change","status":"completed","expected_context_revision":1,"target_cwd_relative":"child2","result_context_revision":2,"replayed":true}
PASS  replay ./child2 → same op  -> 202 op_34d748ff5602405aa43635444837497f
PASS  same key, different target → 409 idempotency_conflict  -> 409 {"error":{"code":"idempotency_conflict","message":"The idempotency key was reused with different content.","request_id":"fcefc1f9-7c49-4639-910b-3d55ee93a9b7"}}
PASS  same key, different expected revision → 409 idempotency_conflict  -> 409 {"error":{"code":"idempotency_conflict","message":"The idempotency key was reused with different content.","request_id":"275fda2b-7456-40b2-815d-c05f8849dec7"}}
PASS  fresh key, stale expected revision 1 → 409 context_revision_conflict  -> 409 {"error":{"code":"context_revision_conflict","message":"The Session context revision has changed.","request_id":"87d70488-b05a-4fd7-83af-352651cc039e"}}
PASS  WebShell POST /sessions/cwd/change → 202 pending, camelCase  -> 202 {"operationId":"op_63d293a99b63411da661b6c2249e57f4","sessionId":"d7c5b02e-1e32-44ce-9630-637518d84b93","type":"cwd_change","status":"pending","expectedContextRevision":2,"targetCwdRelative":"child3/deep","replayed":false}
PASS  WebShell echoes client request id header  -> x-request-id=rig-req-s1
PASS  WebShell operation completes with resultContextRevision=3  -> 120 ms {"operationId":"op_63d293a99b63411da661b6c2249e57f4","sessionId":"d7c5b02e-1e32-44ce-9630-637518d84b93","type":"cwd_change","status":"completed","expectedContextRevision":2,"targetCwdRelative":"child3/deep","resultContextRevision":3,"replayed":false}
PASS  WebShell replay (other spelling) → same op, replayed=true  -> 202 {"operationId":"op_63d293a99b63411da661b6c2249e57f4","sessionId":"d7c5b02e-1e32-44ce-9630-637518d84b93","type":"cwd_change","status":"completed","expectedContextRevision":2,"targetCwdRelative":"child3/deep","resultContextRevision":3,"replayed":true}
PASS  cross-surface read: public GET of WebShell op returns cwd shape  -> {"id":"op_63d293a99b63411da661b6c2249e57f4","session_id":"d7c5b02e-1e32-44ce-9630-637518d84b93","type":"cwd_change","status":"completed","expected_context_revision":2,"target_cwd_relative":"child3/deep","result_context_revision":3,"replayed":false}
PASS  cross-surface read: WebShell query of public op returns cwd shape  -> {"operationId":"op_34d748ff5602405aa43635444837497f","sessionId":"d7c5b02e-1e32-44ce-9630-637518d84b93","type":"cwd_change","status":"completed","expectedContextRevision":1,"targetCwdRelative":"child2","resultContextRevision":2,"replayed":false}
PASS  DB binding after = (child3/deep, rev 3)  -> {"cwd":"child3/deep","rev":3,"version":18,"status":"ACTIVE"}
PASS  exactly two session.context.changed rows (one per completed change)  -> [{"seq":9,"data":{"sessionId":"d7c5b02e-1e32-44ce-9630-637518d84b93","cwdRelative":"child2","workspaceId":"ws-a","contextRevision":2,"operationId":"op_34d748ff5602405aa43635444837497f"},"source":"operation:op_34d748ff5602405aa43635444837497f:completed"},{"seq":10,"data":{"sessionId":"d7c5b02e-1e32-44ce-9630-637518d84b93","cwdRelative":"child3/deep","workspaceId":"ws-a","contextRevision":3,"operationId":"op_63d293a99b63411da661b6c2249e57f4"},"source":"operation:op_63d293a99b63411da661b6c2249e57f4:completed"}]
PASS  event data = {sessionId, operationId, workspaceId, cwdRelative, contextRevision}  -> [{"sessionId":"d7c5b02e-1e32-44ce-9630-637518d84b93","cwdRelative":"child2","workspaceId":"ws-a","contextRevision":2,"operationId":"op_34d748ff5602405aa43635444837497f"},{"sessionId":"d7c5b02e-1e32-44ce-9630-637518d84b93","cwdRelative":"child3/deep","workspaceId":"ws-a","contextRevision":3,"operationId":"op_63d293a99b63411da661b6c2249e57f4"}]
PASS  public events read lists both context events  -> [{"schema_version":1,"projection_version":1,"sequence":9,"event_id":"evt_ad230e91f9f34276b02879f053d78c39","session_id":"d7c5b02e-1e32-44ce-9630-637518d84b93","type":"session.context.changed","created_at":1790991860,"data":{"sessionId":"d7c5b02e-1e32-44ce-9630-637518d84b93","cwdRelative":"child2","workspaceId":"ws-a","contextRevision":2,"operationId":"op_34d748ff5602405aa43635444837497f"},"terminal":false},{"schema_version":1,"projection_version":1,"sequence":10,"event_id":"evt_76558fe5ed644ff586ed0f33ceb5c8a2","session_id":"d7c5b02e-1e32-44ce-9630-637518d84b93","type":"session.context.changed
PASS  live public SSE delivered both context events once each  -> status=200 total=10 ctx=2 [{"ev":"session.context.changed","data":{"schema_version":1,"projection_version":1,"sequence":9,"event_id":"evt_ad230e91f9f34276b02879f053d78c39","session_id":"d7c5b02e-1e32-44ce-9630-637518d84b93","type":"session.context.changed","created_at":1790991860,"data":{"sessionId":"d7c5b02e-1e32-44ce-9630-637518d84b93","cwdRelative":"child2","workspaceId":"ws-a","contextRevision":2,"operationId":"op_34d7
PASS  live WebShell SSE delivered both context events once each  -> status=200 total=10 ctx=2 [{"ev":"session.context.changed","data":{"schemaVersion":1,"projectionVersion":1,"sequence":9,"eventId":"evt_ad230e91f9f34276b02879f053d78c39","sessionId":"d7c5b02e-1e32-44ce-9630-637518d84b93","type":"session.context.changed","createdAt":1790991860704,"data":{"sessionId":"d7c5b02e-1e32-44ce-9630-637518d84b93","cwdRelative":"child2","workspaceId":"ws-a","contextRevision":2,"operationId":"op_34d748
NOTE  public Session read after (workspace field)  -> {"workspace_id":"ws-a","cwd_relative":"child3/deep","context_revision":3,"state":"ready"}
== s1-basic: 24 passed, 0 failed
