
 RUN  v3.2.7 /root/verify/pr13156/merged/packages/core

 ✓ src/memory/prompt.test.ts (36 tests) 8ms
 ✓ src/memory/indexer.test.ts (32 tests) 121ms
 ✓ src/memory/search-memory.test.ts (52 tests) 118ms
 ✓ src/memory/structured-scan.test.ts (41 tests) 278ms
 ✓ src/memory/forget.test.ts (26 tests) 253ms
 ✓ src/memory/memoryDiscovery.test.ts (52 tests) 158ms
 ✓ src/memory/channel-memory.test.ts (52 tests) 375ms
 ✓ src/memory/recall-eval.test.ts (8 tests) 62ms
 ✓ src/memory/recall.test.ts (73 tests) 68ms
 ✓ src/memory/tree.test.ts (19 tests) 33ms
 ✓ src/memory/team-memory-sync.test.ts (14 tests) 1082ms
 ✓ src/memory/relevanceSelector.test.ts (15 tests) 16ms
 ✓ src/memory/writeContextFile.test.ts (17 tests) 41ms
 ✓ src/memory/recall-delivery-eval.test.ts (7 tests) 1389ms
   ✓ auto-memory recall delivery evaluation > keeps deterministic candidate selection far inside the initial budget  639ms
   ✓ auto-memory recall delivery evaluation > reports the before/after delivery table  601ms
 ✓ src/memory/store.test.ts (17 tests) 38ms
 ✓ src/memory/userMemory.test.ts (13 tests) 38ms
 ✓ src/memory/team-paths.test.ts (12 tests | 1 skipped) 10ms
 ✓ src/memory/recall-scan-latency.test.ts (7 tests) 2002ms
   ✓ auto-memory recall scan latency > publishes the warm-cache fast result inside the turn budget  785ms
   ✓ auto-memory recall scan latency > publishes the cold-scan fast result inside the initial budget  996ms
 ✓ src/memory/dream-operations.test.ts (11 tests) 53ms
 ✓ src/memory/team-index.test.ts (10 tests) 35ms
 ✓ src/memory/learn-skill-agent.test.ts (36 tests) 19ms
 ✓ src/memory/skillReviewAgentPlanner.test.ts (33 tests) 44ms
 ✓ src/memory/extractionAgentPlanner.test.ts (27 tests) 35ms
 ✓ src/memory/user-dream-agent-planner.test.ts (7 tests) 60ms
 ✓ src/memory/dreamAgentPlanner.test.ts (12 tests) 120ms
 ✓ src/memory/dream.test.ts (18 tests) 129ms
 ✓ src/memory/memory-scoped-agent-config.test.ts (28 tests) 131ms
 ✓ src/memory/skillReviewNudge.integration.test.ts (18 tests) 28ms
 ✓ src/memory/remember.test.ts (37 tests) 153ms
 ✓ src/memory/extract.test.ts (21 tests) 116ms
 ✓ src/memory/channel-memory-document.test.ts (24 tests) 22ms
 ✓ src/memory/trusted-memory-filesystem.test.ts (6 tests) 16ms
 ✓ src/memory/refresh.test.ts (9 tests) 27ms
 ✓ src/memory/memoryLifecycle.integration.test.ts (3 tests) 437ms
 ✓ src/memory/const.test.ts (5 tests) 4ms
 ✓ src/memory/pending-skills.test.ts (11 tests) 39ms
 ✓ src/memory/user-dream.test.ts (12 tests) 345ms
 ✓ src/memory/writer-keyword-vocabulary.test.ts (6 tests) 19ms
 ✓ src/memory/scan.test.ts (4 tests) 32ms
 ✓ src/memory/team-memory-git-status.test.ts (5 tests) 61ms
 ✓ src/memory/entries.test.ts (1 test) 3ms
 ✓ src/memory/team-memory-secret-guard.test.ts (4 tests) 7ms
 ✓ src/memory/secret-scanner.test.ts (29 tests) 190ms
 ✓ src/memory/manager.test.ts (96 tests) 587ms
 ✓ src/memory/metadata-migration.test.ts (54 tests) 818ms
 ✓ src/memory/extractAgent.test.ts (1 test) 16ms

 Test Files  46 passed (46)
      Tests  1020 passed | 1 skipped (1021)
   Start at  16:18:58
   Duration  7.45s (transform 9.02s, setup 500ms, collect 76.79s, tests 9.63s, environment 8ms, prepare 3.53s)

JSON report written to /root/verify/pr13156/logs/suite-merged.json
EXIT=0
