
 RUN  v3.2.7 /root/verify/pr13156/base/packages/core

 ✓ src/memory/prompt.test.ts (36 tests) 7ms
 ✓ src/memory/search-memory.test.ts (52 tests) 104ms
 ✓ src/memory/structured-scan.test.ts (41 tests) 212ms
 ✓ src/memory/memoryDiscovery.test.ts (52 tests) 147ms
 ✓ src/memory/forget.test.ts (26 tests) 296ms
 ✓ src/memory/channel-memory.test.ts (52 tests) 366ms
 ✓ src/memory/indexer.test.ts (15 tests) 46ms
 ✓ src/memory/recall-eval.test.ts (8 tests) 51ms
 ✓ src/memory/recall.test.ts (73 tests) 51ms
 ✓ src/memory/tree.test.ts (19 tests) 31ms
 ✓ src/memory/team-memory-sync.test.ts (14 tests) 1095ms
 ✓ src/memory/relevanceSelector.test.ts (15 tests) 22ms
 ✓ src/memory/writeContextFile.test.ts (17 tests) 47ms
 ✓ src/memory/recall-delivery-eval.test.ts (7 tests) 1505ms
   ✓ auto-memory recall delivery evaluation > keeps deterministic candidate selection far inside the initial budget  641ms
   ✓ auto-memory recall delivery evaluation > reports the before/after delivery table  681ms
 ✓ src/memory/userMemory.test.ts (13 tests) 47ms
 ✓ src/memory/store.test.ts (17 tests) 48ms
 ✓ src/memory/dream-operations.test.ts (11 tests) 49ms
 ✓ src/memory/team-paths.test.ts (12 tests | 1 skipped) 8ms
 ✓ src/memory/recall-scan-latency.test.ts (7 tests) 2251ms
   ✓ auto-memory recall scan latency > publishes the warm-cache fast result inside the turn budget  945ms
   ✓ auto-memory recall scan latency > publishes the cold-scan fast result inside the initial budget  1139ms
 ✓ src/memory/team-index.test.ts (10 tests) 37ms
 ✓ src/memory/skillReviewAgentPlanner.test.ts (33 tests) 49ms
 ✓ src/memory/extractionAgentPlanner.test.ts (27 tests) 38ms
 ✓ src/memory/dreamAgentPlanner.test.ts (12 tests) 99ms
 ✓ src/memory/memory-scoped-agent-config.test.ts (28 tests) 103ms
 ✓ src/memory/skillReviewNudge.integration.test.ts (18 tests) 19ms
 ✓ src/memory/dream.test.ts (18 tests) 138ms
 ✓ src/memory/user-dream-agent-planner.test.ts (7 tests) 37ms
 ✓ src/memory/remember.test.ts (37 tests) 164ms
 ✓ src/memory/extract.test.ts (21 tests) 98ms
 ✓ src/memory/trusted-memory-filesystem.test.ts (6 tests) 22ms
 ✓ src/memory/memoryLifecycle.integration.test.ts (3 tests) 362ms
 ✓ src/memory/channel-memory-document.test.ts (24 tests) 21ms
 ✓ src/memory/user-dream.test.ts (12 tests) 284ms
 ✓ src/memory/pending-skills.test.ts (11 tests) 30ms
 ✓ src/memory/const.test.ts (5 tests) 4ms
 ✓ src/memory/scan.test.ts (4 tests) 33ms
 ✓ src/memory/writer-keyword-vocabulary.test.ts (6 tests) 17ms
 ✓ src/memory/team-memory-git-status.test.ts (5 tests) 71ms
 ✓ src/memory/refresh.test.ts (9 tests) 23ms
 ✓ src/memory/learn-skill-agent.test.ts (36 tests) 26ms
 ✓ src/memory/team-memory-secret-guard.test.ts (4 tests) 7ms
 ✓ src/memory/entries.test.ts (1 test) 6ms
 ✓ src/memory/secret-scanner.test.ts (29 tests) 174ms
 ✓ src/memory/manager.test.ts (96 tests) 663ms
 ✓ src/memory/metadata-migration.test.ts (54 tests) 880ms
 ✓ src/memory/extractAgent.test.ts (1 test) 17ms

 Test Files  46 passed (46)
      Tests  1003 passed | 1 skipped (1004)
   Start at  16:14:40
   Duration  6.95s (transform 8.24s, setup 616ms, collect 70.82s, tests 9.81s, environment 10ms, prepare 3.06s)

JSON report written to /root/verify/pr13156/logs/suite-base.json
EXIT=0
