# p1-delete  db=s7 arm=merge2  2026-10-05T17:12:11.962Z
PASS  [public-0-muvic5pa] setup: both Sessions ACTIVE with live workers  -> {"s":{"binding":"cf8a6da4-666f-470a-9155-bcd1000673ff","bstate":"READY","rid":"9b0fb905596c","pid":20194,"regState":"READY","regFiles":"json,lock,ready","pidAlive":true},"n":{"binding":"58a3340e-a924-4f99-9572-42250ae1104f","bstate":"READY","rid":"2063e6b6846e","pid":20204,"regState":"READY","regFiles":"json,lock,ready","pidAlive":true}}
PASS  [public-0-muvic5pa] capability delete=true  -> {"close":true,"archive":false,"unarchive":false,"delete":true,"lifecycle":false}
PASS  [public-0-muvic5pa] DELETE accepted 202 with operation  -> 202 op=op_e69e2cf1b8da4693aec310f1ea3edf2a 
PASS  [public-0-muvic5pa] operation completed  -> completed after 164 ms
PASS  [public-0-muvic5pa] op row COMPLETED proto=1 effects receipt saved, receipt id  -> {"kind":"DELETE","state":"COMPLETED","delivery":"CONFIRMED","before_":"ACTIVE","receipt":"rcpt_1137a5fc963c4adfbf3359cb479e6c89","gen":1,"attempts":0,"err":"","proto":1,"effects":1}
PASS  [public-0-muvic5pa] Session DELETED tombstone (deleted_at set)  -> {"mid":"DELETING","final":"DELETED","deleted_at":1791220336138}
PASS  [public-0-muvic5pa] retirement row written  -> [{"op":"op_e69e2cf1b8da4693aec310f1ea3edf2a","generation":1}]
PASS  [public-0-muvic5pa] original worker stopped (pid gone), registration RETIRED, binding RELEASED with drain receipt  -> {"w0pid":20194,"w1":{"binding":"cf8a6da4-666f-470a-9155-bcd1000673ff","bstate":"RELEASED","rid":"9b0fb905596c","pid":20194,"regState":"RETIRED","regFiles":"json,lock,ready","pidAlive":false},"binds":[{"state":"RELEASED","stopEv":0,"drainRcpt":1}]}
PASS  [public-0-muvic5pa] Session hidden after delete (404)  -> 404 session_not_found
PASS  [public-0-muvic5pa] completed operation still readable  -> 200 completed
PASS  [public-0-muvic5pa] Harness wire: lifecycle-authorized detach, no legacy DELETE /session (no-catalog Session: no-Hook receipt from Store, no /lifecycle call)  -> ["POST /session/:id/detach -> 204 auth=op_e69e2cf1/g1"]
PASS  [public-0-muvic5pa] replay same key -> same operation  -> 202 op_e69e2cf1b8da4693aec310f1ea3edf2a replay=undefined
PASS  [public-0-muvic5pa] shared files intact (deleted Session's file + neighbour's file)
PASS  [public-0-muvic5pa] neighbour unaffected: worker alive, new Turn completes, new file written  -> {"nw1":{"binding":"58a3340e-a924-4f99-9572-42250ae1104f","bstate":"READY","rid":"2063e6b6846e","pid":20204,"regState":"READY","regFiles":"json,lock,ready","pidAlive":true},"input":202,"last":{"turn_id":"turn_8a0d236605e246cdab3f2bbb6ac2f970","status":"COMPLETED","err":""}}
NOTE  [public-0-muvic5pa] last events  -> ["item.output_text.delta","turn.completed","session.delete.requested","session.deleted"]
PASS  [public-1-muvic9wu] setup: both Sessions ACTIVE with live workers  -> {"s":{"binding":"196bc47c-d66b-4791-b4ed-df461fce62db","bstate":"READY","rid":"f8f1c32f659f","pid":20239,"regState":"READY","regFiles":"json,lock,ready","pidAlive":true},"n":{"binding":"328562ec-9ff1-4f5b-abce-c54c6a7001f6","bstate":"READY","rid":"45b8de131fa0","pid":20240,"regState":"READY","regFiles":"json,lock,ready","pidAlive":true}}
PASS  [public-1-muvic9wu] capability delete=true  -> {"close":true,"archive":false,"unarchive":false,"delete":true,"lifecycle":false}
PASS  [public-1-muvic9wu] DELETE accepted 202 with operation  -> 202 op=op_8a00d3ac682b40aaad4812c8c3a922ff 
PASS  [public-1-muvic9wu] operation completed  -> completed after 166 ms
PASS  [public-1-muvic9wu] op row COMPLETED proto=1 effects receipt saved, receipt id  -> {"kind":"DELETE","state":"COMPLETED","delivery":"CONFIRMED","before_":"ACTIVE","receipt":"rcpt_eb6db80ae1f44f0181beb1a94da9ee33","gen":1,"attempts":0,"err":"","proto":1,"effects":1}
PASS  [public-1-muvic9wu] Session DELETED tombstone (deleted_at set)  -> {"mid":"DELETING","final":"DELETED","deleted_at":1791220340238}
PASS  [public-1-muvic9wu] retirement row written  -> [{"op":"op_8a00d3ac682b40aaad4812c8c3a922ff","generation":1}]
PASS  [public-1-muvic9wu] original worker stopped (pid gone), registration RETIRED, binding RELEASED with drain receipt  -> {"w0pid":20239,"w1":{"binding":"196bc47c-d66b-4791-b4ed-df461fce62db","bstate":"RELEASED","rid":"f8f1c32f659f","pid":20239,"regState":"RETIRED","regFiles":"json,lock,ready","pidAlive":false},"binds":[{"state":"RELEASED","stopEv":0,"drainRcpt":1}]}
PASS  [public-1-muvic9wu] Session hidden after delete (404)  -> 404 session_not_found
PASS  [public-1-muvic9wu] completed operation still readable  -> 200 completed
PASS  [public-1-muvic9wu] Harness wire: lifecycle-authorized detach, no legacy DELETE /session (no-catalog Session: no-Hook receipt from Store, no /lifecycle call)  -> ["POST /session/:id/detach -> 204 auth=op_8a00d3ac/g1"]
PASS  [public-1-muvic9wu] replay same key -> same operation  -> 202 op_8a00d3ac682b40aaad4812c8c3a922ff replay=undefined
PASS  [public-1-muvic9wu] shared files intact (deleted Session's file + neighbour's file)
PASS  [public-1-muvic9wu] neighbour unaffected: worker alive, new Turn completes, new file written  -> {"nw1":{"binding":"328562ec-9ff1-4f5b-abce-c54c6a7001f6","bstate":"READY","rid":"45b8de131fa0","pid":20240,"regState":"READY","regFiles":"json,lock,ready","pidAlive":true},"input":202,"last":{"turn_id":"turn_9f345109d5ea450d924b0b14f1cff7db","status":"COMPLETED","err":""}}
NOTE  [public-1-muvic9wu] last events  -> ["item.output_text.delta","turn.completed","session.delete.requested","session.deleted"]
PASS  [web-0-muvicd2g] setup: both Sessions ACTIVE with live workers  -> {"s":{"binding":"2c12c5ec-16c0-4075-bd01-1260752321c1","bstate":"READY","rid":"08e82c5a112c","pid":20264,"regState":"READY","regFiles":"json,lock,ready","pidAlive":true},"n":{"binding":"d734fb9f-dd94-41df-903c-699e3f843cf4","bstate":"READY","rid":"37783750eaa5","pid":20266,"regState":"READY","regFiles":"json,lock,ready","pidAlive":true}}
PASS  [web-0-muvicd2g] capability delete=true  -> {"close":true,"archive":false,"unarchive":false,"delete":true}
PASS  [web-0-muvicd2g] DELETE accepted 202 with operation  -> 202 op=op_f17adb1665ff4a6899b04e2e6d9b754f 
PASS  [web-0-muvicd2g] operation completed  -> completed after 165 ms
PASS  [web-0-muvicd2g] op row COMPLETED proto=1 effects receipt saved, receipt id  -> {"kind":"DELETE","state":"COMPLETED","delivery":"CONFIRMED","before_":"ACTIVE","receipt":"rcpt_3132e4bfc1d14bdbab0fdc103793d397","gen":1,"attempts":0,"err":"","proto":1,"effects":1}
PASS  [web-0-muvicd2g] Session DELETED tombstone (deleted_at set)  -> {"mid":"DELETING","final":"DELETED","deleted_at":1791220344316}
PASS  [web-0-muvicd2g] retirement row written  -> [{"op":"op_f17adb1665ff4a6899b04e2e6d9b754f","generation":1}]
PASS  [web-0-muvicd2g] original worker stopped (pid gone), registration RETIRED, binding RELEASED with drain receipt  -> {"w0pid":20264,"w1":{"binding":"2c12c5ec-16c0-4075-bd01-1260752321c1","bstate":"RELEASED","rid":"08e82c5a112c","pid":20264,"regState":"RETIRED","regFiles":"json,lock,ready","pidAlive":false},"binds":[{"state":"RELEASED","stopEv":0,"drainRcpt":1}]}
PASS  [web-0-muvicd2g] Session hidden after delete (404)  -> 404 session_not_found
PASS  [web-0-muvicd2g] completed operation still readable  -> 200 completed
PASS  [web-0-muvicd2g] Harness wire: lifecycle-authorized detach, no legacy DELETE /session (no-catalog Session: no-Hook receipt from Store, no /lifecycle call)  -> ["POST /session/:id/detach -> 204 auth=op_f17adb16/g1"]
PASS  [web-0-muvicd2g] replay same key -> same operation  -> 202 op_f17adb1665ff4a6899b04e2e6d9b754f replay=undefined
PASS  [web-0-muvicd2g] shared files intact (deleted Session's file + neighbour's file)
PASS  [web-0-muvicd2g] neighbour unaffected: worker alive, new Turn completes, new file written  -> {"nw1":{"binding":"d734fb9f-dd94-41df-903c-699e3f843cf4","bstate":"READY","rid":"37783750eaa5","pid":20266,"regState":"READY","regFiles":"json,lock,ready","pidAlive":true},"input":202,"last":{"turn_id":"turn_194af6622eb847be8f55fe406f225462","status":"COMPLETED","err":""}}
NOTE  [web-0-muvicd2g] last events  -> ["item.output_text.delta","turn.completed","session.delete.requested","session.deleted"]
PASS  [web-1-muvicg8x] setup: both Sessions ACTIVE with live workers  -> {"s":{"binding":"07bb5e69-bf19-4ab5-ae89-97af3b950f29","bstate":"READY","rid":"e65e73408f5d","pid":20295,"regState":"READY","regFiles":"json,lock,ready","pidAlive":true},"n":{"binding":"27441f0d-201a-48c5-a39f-26260400b2e1","bstate":"READY","rid":"16c510c0cd75","pid":20296,"regState":"READY","regFiles":"json,lock,ready","pidAlive":true}}
PASS  [web-1-muvicg8x] capability delete=true  -> {"close":true,"archive":false,"unarchive":false,"delete":true}
PASS  [web-1-muvicg8x] DELETE accepted 202 with operation  -> 202 op=op_c1b0342c06594cd2903cc08782aed04b 
PASS  [web-1-muvicg8x] operation completed  -> completed after 159 ms
PASS  [web-1-muvicg8x] op row COMPLETED proto=1 effects receipt saved, receipt id  -> {"kind":"DELETE","state":"COMPLETED","delivery":"CONFIRMED","before_":"ACTIVE","receipt":"rcpt_3c881641e8c341b8a66245086ba43318","gen":1,"attempts":0,"err":"","proto":1,"effects":1}
PASS  [web-1-muvicg8x] Session DELETED tombstone (deleted_at set)  -> {"mid":"DELETING","final":"DELETED","deleted_at":1791220348611}
PASS  [web-1-muvicg8x] retirement row written  -> [{"op":"op_c1b0342c06594cd2903cc08782aed04b","generation":1}]
PASS  [web-1-muvicg8x] original worker stopped (pid gone), registration RETIRED, binding RELEASED with drain receipt  -> {"w0pid":20295,"w1":{"binding":"07bb5e69-bf19-4ab5-ae89-97af3b950f29","bstate":"RELEASED","rid":"e65e73408f5d","pid":20295,"regState":"RETIRED","regFiles":"json,lock,ready","pidAlive":false},"binds":[{"state":"RELEASED","stopEv":0,"drainRcpt":1}]}
PASS  [web-1-muvicg8x] Session hidden after delete (404)  -> 404 session_not_found
PASS  [web-1-muvicg8x] completed operation still readable  -> 200 completed
PASS  [web-1-muvicg8x] Harness wire: lifecycle-authorized detach, no legacy DELETE /session (no-catalog Session: no-Hook receipt from Store, no /lifecycle call)  -> ["POST /session/:id/detach -> 204 auth=op_c1b0342c/g1"]
PASS  [web-1-muvicg8x] replay same key -> same operation  -> 202 op_c1b0342c06594cd2903cc08782aed04b replay=undefined
PASS  [web-1-muvicg8x] shared files intact (deleted Session's file + neighbour's file)
PASS  [web-1-muvicg8x] neighbour unaffected: worker alive, new Turn completes, new file written  -> {"nw1":{"binding":"27441f0d-201a-48c5-a39f-26260400b2e1","bstate":"READY","rid":"16c510c0cd75","pid":20296,"regState":"READY","regFiles":"json,lock,ready","pidAlive":true},"input":202,"last":{"turn_id":"turn_16c329cfd4a646d3b00ab5230d23c6dc","status":"COMPLETED","err":""}}
NOTE  [web-1-muvicg8x] last events  -> ["item.output_text.delta","turn.completed","session.delete.requested","session.deleted"]
== p1-delete: 56 passed, 0 failed
