[step] {"id":"h-1","label":"admit","outcome":"ok","ts":"rev1 pending/unbound","java":"rev1 pending/unbound","same":true,"txDelta":1}
[step] {"id":"h-1","label":"dispatchStarted","outcome":"ok","ts":"rev2 running/provisioning","java":"rev2 running/provisioning","same":true,"txDelta":1}
[step] {"id":"h-1","label":"attach","outcome":"ok","ts":"rev3 running/ready","java":"rev3 running/ready","same":true,"txDelta":1}
[step] {"id":"h-1","label":"advanceOutput(m1)","outcome":"ok","ts":"rev4 running/ready","java":"rev4 running/ready","same":true,"txDelta":1}
[step] {"id":"h-1","label":"advanceOutput(m2)","outcome":"ok","ts":"rev5 running/ready","java":"rev5 running/ready","same":true,"txDelta":1}
[step] {"id":"h-1","label":"advanceOutput(m1 again)","outcome":"REFUSED Error: Shell h-1 output may only advance forward.","ts":"rev5 running/ready","java":"rev5 running/ready","same":true,"txDelta":0}
[step] {"id":"h-1","label":"settleExited(0)","outcome":"ok","ts":"rev6 completed/null","java":"rev6 completed/null","same":true,"txDelta":1}
[step] {"id":"h-1","label":"settleExited(0) again","outcome":"ok","ts":"rev6 completed/null","java":"rev6 completed/null","same":true,"txDelta":0}
[step] {"id":"h-2","label":"admit","outcome":"ok","ts":"rev1 pending/unbound","java":"rev1 pending/unbound","same":true,"txDelta":1}
[step] {"id":"h-2","label":"dispatchStarted","outcome":"ok","ts":"rev2 running/provisioning","java":"rev2 running/provisioning","same":true,"txDelta":1}
[step] {"id":"h-2","label":"attach","outcome":"ok","ts":"rev3 running/ready","java":"rev3 running/ready","same":true,"txDelta":1}
[step] {"id":"h-2","label":"requestStop","outcome":"ok","ts":"rev4 running/draining","java":"rev4 running/draining","same":true,"txDelta":1}
[step] {"id":"h-2","label":"settleStopRequested","outcome":"ok","ts":"rev5 cancelled/null","java":"rev5 cancelled/null","same":true,"txDelta":1}
[step] {"id":"h-3","label":"admit","outcome":"ok","ts":"rev1 pending/unbound","java":"rev1 pending/unbound","same":true,"txDelta":1}
[step] {"id":"h-3","label":"dispatchStarted","outcome":"ok","ts":"rev2 running/provisioning","java":"rev2 running/provisioning","same":true,"txDelta":1}
[step] {"id":"h-3","label":"requestStop","outcome":"ok","ts":"rev3 running/draining","java":"rev3 running/draining","same":true,"txDelta":1}
[step] {"id":"h-3","label":"settleStopRequested","outcome":"REFUSED ManagedSessionRecordError: Child run startReceiptRef must be set once the process started.","ts":"rev3 running/draining","java":"rev3 running/draining","same":true,"txDelta":0}
[step] {"id":"h-3","label":"settleFailed(start_failed)","outcome":"ok","ts":"rev4 failed/null","java":"rev4 failed/null","same":true,"txDelta":1}
[step] {"id":"h-4","label":"admit","outcome":"ok","ts":"rev1 pending/unbound","java":"rev1 pending/unbound","same":true,"txDelta":1}
[step] {"id":"h-4","label":"dispatchStarted","outcome":"ok","ts":"rev2 running/provisioning","java":"rev2 running/provisioning","same":true,"txDelta":1}
[step] {"id":"h-4","label":"attach","outcome":"ok","ts":"rev3 running/ready","java":"rev3 running/ready","same":true,"txDelta":1}
[step] {"id":"h-4","label":"attach (same receipt content)","outcome":"REFUSED ManagedSessionConflictError: child_run record h-4 cannot follow its revision 3.","ts":"rev3 running/ready","java":"rev3 running/ready","same":true,"txDelta":0}
[publish twice, same bytes] {"first":"0c5a1d93-67b0-45ec-a825-8f3de0f239b0","second":"900bd2ff-e58a-479e-9efc-c925076ce758","digestEqual":true}
[step] {"id":"h-5","label":"admit","outcome":"ok","ts":"rev1 pending/unbound","java":"rev1 pending/unbound","same":true,"txDelta":1}
[step] {"id":"h-5","label":"dispatchStarted","outcome":"ok","ts":"rev2 running/provisioning","java":"rev2 running/provisioning","same":true,"txDelta":1}
[step] {"id":"h-5","label":"attach","outcome":"ok","ts":"rev3 running/ready","java":"rev3 running/ready","same":true,"txDelta":1}
[30 concurrent advanceOutput] {"fulfilled":30,"rejected":0,"txAdded":30,"finalRevision":33}
[step] {"id":"h-5","label":"settleExited(signal)","outcome":"ok","ts":"rev34 completed/null","java":"rev34 completed/null","same":true,"txDelta":1}
[public tasks] ["background_shell completed/-","background_shell running/ready","background_shell failed/-","background_shell cancelled/-","background_shell completed/-"]
[task.updated states (first 100 events)] ["pending","running","running","completed","pending","running","running","running","cancelled","pending","running","running","failed","pending","running","running","pending","running","running","completed"]
[RESULT] {"mismatches":0,"sequences":{"h-1":["admit:pending/unbound","dispatchStarted:running/provisioning","attach:running/ready","advanceOutput(m1):running/ready","advanceOutput(m2):running/ready","advanceOutput(m1 again):REFUSED","settleExited(0):completed/-","settleExited(0) again:completed/-"],"h-2":["admit:pending/unbound","dispatchStarted:running/provisioning","attach:running/ready","requestStop:running/draining","settleStopRequested:cancelled/-"],"h-3":["admit:pending/unbound","dispatchStarted:running/provisioning","requestStop:running/draining","settleStopRequested:REFUSED","settleFailed(start_failed):failed/-"],"h-4":["admit:pending/unbound","dispatchStarted:running/provisioning","attach:running/ready","attach (same receipt content):REFUSED"],"h-5":["admit:pending/unbound","dispatchStarted:running/provisioning","attach:running/ready","settleExited(signal):completed/-"]},"preStartStopHonored":"REFUSED ManagedSessionRecordError: Child run startReceiptRef must be set once the process started.","preStartAsStartFailed":"ok","attachRetry":"REFUSED ManagedSessionConflictError: child_run record h-4 cannot follow its revision 3.","publishSameBytesSameRef":false,"concurrent":{"fulfilled":30,"rejected":0,"txAdded":30,"finalRevision":33},"coldReopenStates":["completed/null","running/ready","failed/null","cancelled/null","completed/null"],"sessionId":"b7fd26b6-c0fd-4669-9716-0c67a0efd922"}
