[GROUP] W3 v1 arm=42a059af96
[W3-v1] lowercase UUID v4        provider Broker Session READY | acquired | work: success | release 200 | Session now RELEASED
[W3-v1] lowercase UUID v4        raw      Broker Session READY | acquired | work: worker 200, record SETTLED/success | release 200 | Session now RELEASED
[W3-v1] uppercase UUID v4        provider Broker Session READY | refused status=- code=managed_tool_invalid_request ManagedToolProtocolError: Managed Tool invocation data is invalid. | release 200 | Session now RELEASED
[W3-v1] uppercase UUID v4        raw      Broker Session READY | acquired | work: worker 200, record SETTLED/success | release 200 | Session now RELEASED
[W3-v1] UUID version 7           provider Broker Session READY | refused status=- code=managed_tool_invalid_request ManagedToolProtocolError: Managed Tool invocation data is invalid. | release 200 | Session now RELEASED
[W3-v1] UUID version 7           raw      Broker Session READY | acquired | work: worker 200, record SETTLED/success | release 200 | Session now RELEASED
[W3-v1] not a UUID               provider Broker Session READY | refused status=- code=managed_tool_invalid_request ManagedToolProtocolError: Managed Tool invocation data is invalid. | release 200 | Session now RELEASED
[W3-v1] not a UUID               raw      Broker Session READY | acquired | work: worker 200, record SETTLED/success | release 200 | Session now RELEASED
[W3-v1] with a space             provider Broker Session READY | refused status=- code=managed_tool_invalid_request ManagedToolProtocolError: Managed Tool invocation data is invalid. | release 200 | Session now RELEASED
[W3-v1] with a space             raw      Broker Session READY | acquired | work: worker 200, record SETTLED/success | release 200 | Session now RELEASED
[W3-v1] not ASCII                provider Broker Session READY | refused status=- code=managed_tool_invalid_request ManagedToolProtocolError: Managed Tool invocation data is invalid. | release 200 | Session now RELEASED
[W3-v1] not ASCII                raw      Broker Session READY | acquired | work: worker 200, record SETTLED/success | release 200 | Session now RELEASED
[W3-v1] with a slash             provider Broker Session READY | refused status=- code=managed_tool_invalid_request ManagedToolProtocolError: Managed Tool invocation data is invalid. | release 404 runtime_broker_route_not_found "Runtime Broker route was not found." | Session now READY
[W3-v1] with a slash             raw      Broker Session READY | acquired | work: worker 200, record SETTLED/success | release 404 runtime_broker_route_not_found "Runtime Broker route was not found." | Session now READY
[W3-v1] with a backslash         provider Broker Session READY | refused status=- code=managed_tool_invalid_request ManagedToolProtocolError: Managed Tool invocation data is invalid. | release 400 managed_runtime_provider_invalid "Managed Runtime provider Session identity must be printable and path-safe." | Session now RELEASING
[W3-v1]                                   worker refusals: release -> 400 managed_runtime_provider_invalid "Managed Runtime provider Session identity must be printable and path-safe."
[W3-v1] with a backslash         raw      Broker Session READY | acquired | work: worker 200, record SETTLED/success | release 400 managed_runtime_provider_invalid "Managed Runtime provider Session identity must be printable and path-safe." | Session now RELEASING
[W3-v1]                                   worker refusals: release -> 400 managed_runtime_provider_invalid "Managed Runtime provider Session identity must be printable and path-safe."
[W3-v1] with two dots            provider Broker Session READY | refused status=- code=managed_tool_invalid_request ManagedToolProtocolError: Managed Tool invocation data is invalid. | release 400 managed_runtime_provider_invalid "Managed Runtime provider Session identity must be printable and path-safe." | Session now RELEASING
[W3-v1]                                   worker refusals: release -> 400 managed_runtime_provider_invalid "Managed Runtime provider Session identity must be printable and path-safe."
[W3-v1] with two dots            raw      Broker Session READY | acquired | work: worker 200, record SETTLED/success | release 400 managed_runtime_provider_invalid "Managed Runtime provider Session identity must be printable and path-safe." | Session now RELEASING
[W3-v1]                                   worker refusals: release -> 400 managed_runtime_provider_invalid "Managed Runtime provider Session identity must be printable and path-safe."
[W3-v1] with a control character provider Broker Session READY | refused status=- code=managed_tool_invalid_request ManagedToolProtocolError: Managed Tool invocation data is invalid. | release 400 managed_runtime_provider_invalid "Managed Runtime provider Session identity must be printable and path-safe." | Session now RELEASING
[W3-v1]                                   worker refusals: release -> 400 managed_runtime_provider_invalid "Managed Runtime provider Session identity must be printable and path-safe."
[W3-v1] with a control character raw      Broker Session READY | acquired | work: worker 200, record SETTLED/success | release 400 managed_runtime_provider_invalid "Managed Runtime provider Session identity must be printable and path-safe." | Session now RELEASING
[W3-v1]                                   worker refusals: release -> 400 managed_runtime_provider_invalid "Managed Runtime provider Session identity must be printable and path-safe."
[W3-v1] OBSERVED: Sessions left unreleased: ["with a slash / provider","with a slash / raw","with a backslash / provider","with a backslash / raw","with two dots / provider","with two dots / raw","with a control character / provider","with a control character / raw"]
[PASS] W3-v1.1 a lowercase UUID works on both routes and releases
[PASS] W3-v1.2 every printable, path-safe id can be released on both routes :: []
[FAIL] W3-v1.3 no id the worker refuses leaves a Session behind that cannot be released :: ["with a slash / provider","with a slash / raw","with a backslash / provider","with a backslash / raw","with two dots / provider","with two dots / raw","with a control character / provider","with a control character / raw"]
[GROUP] W3 v2 arm=42a059af96
[W3-v2] lowercase UUID v4        provider Broker Session READY | acquired | work: success | release 200 | Session now RELEASED | storage held=false
[W3-v2] lowercase UUID v4        raw      Broker Session READY | acquired | work: worker 200, record SETTLED/success | release 200 | Session now RELEASED | storage held=false
[W3-v2] uppercase UUID v4        provider Broker Session READY | refused status=- code=managed_tool_invalid_request ManagedToolProtocolError: Managed Tool invocation data is invalid. | release 200 | Session now RELEASED | storage held=false
[W3-v2] uppercase UUID v4        raw      Broker Session READY | acquired | work: worker 200, record SETTLED/success | release 200 | Session now RELEASED | storage held=false
[W3-v2] UUID version 7           provider Broker Session READY | refused status=- code=managed_tool_invalid_request ManagedToolProtocolError: Managed Tool invocation data is invalid. | release 200 | Session now RELEASED | storage held=false
[W3-v2] UUID version 7           raw      Broker Session READY | acquired | work: worker 200, record SETTLED/success | release 200 | Session now RELEASED | storage held=false
[W3-v2] not a UUID               provider Broker Session READY | refused status=- code=managed_tool_invalid_request ManagedToolProtocolError: Managed Tool invocation data is invalid. | release 200 | Session now RELEASED | storage held=false
[W3-v2] not a UUID               raw      Broker Session READY | acquired | work: worker 200, record SETTLED/success | release 200 | Session now RELEASED | storage held=false
[W3-v2] with a space             provider Broker Session READY | refused status=- code=managed_tool_invalid_request ManagedToolProtocolError: Managed Tool invocation data is invalid. | release 200 | Session now RELEASED | storage held=false
[W3-v2] with a space             raw      Broker Session READY | acquired | work: worker 200, record SETTLED/success | release 200 | Session now RELEASED | storage held=false
[W3-v2] not ASCII                provider Broker Session READY | refused status=- code=managed_tool_invalid_request ManagedToolProtocolError: Managed Tool invocation data is invalid. | release 200 | Session now RELEASED | storage held=false
[W3-v2] not ASCII                raw      Broker Session READY | acquired | work: worker 200, record SETTLED/success | release 200 | Session now RELEASED | storage held=false
[W3-v2] with a slash             provider Broker Session READY | refused status=- code=managed_tool_invalid_request ManagedToolProtocolError: Managed Tool invocation data is invalid. | release 404 runtime_broker_route_not_found "Runtime Broker route was not found." | Session now READY | storage held=true
[W3-v2] with a slash             raw      Broker Session READY | acquired | work: worker 200, record SETTLED/success | release 404 runtime_broker_route_not_found "Runtime Broker route was not found." | Session now READY | storage held=true
[W3-v2] with a backslash         provider Broker Session READY | refused status=- code=managed_tool_invalid_request ManagedToolProtocolError: Managed Tool invocation data is invalid. | release 400 managed_runtime_provider_invalid "Managed Runtime provider Session identity must be printable and path-safe." | Session now RELEASING | storage held=true
[W3-v2]                                   worker refusals: release -> 400 managed_runtime_provider_invalid "Managed Runtime provider Session identity must be printable and path-safe."
[W3-v2] with a backslash         raw      Broker Session READY | acquired | work: worker 200, record SETTLED/success | release 400 managed_runtime_provider_invalid "Managed Runtime provider Session identity must be printable and path-safe." | Session now RELEASING | storage held=true
[W3-v2]                                   worker refusals: release -> 400 managed_runtime_provider_invalid "Managed Runtime provider Session identity must be printable and path-safe."
[W3-v2] with two dots            provider Broker Session READY | refused status=- code=managed_tool_invalid_request ManagedToolProtocolError: Managed Tool invocation data is invalid. | release 400 managed_runtime_provider_invalid "Managed Runtime provider Session identity must be printable and path-safe." | Session now RELEASING | storage held=true
[W3-v2]                                   worker refusals: release -> 400 managed_runtime_provider_invalid "Managed Runtime provider Session identity must be printable and path-safe."
[W3-v2] with two dots            raw      Broker Session READY | acquired | work: worker 200, record SETTLED/success | release 400 managed_runtime_provider_invalid "Managed Runtime provider Session identity must be printable and path-safe." | Session now RELEASING | storage held=true
[W3-v2]                                   worker refusals: release -> 400 managed_runtime_provider_invalid "Managed Runtime provider Session identity must be printable and path-safe."
[W3-v2] with a control character provider Broker Session READY | refused status=- code=managed_tool_invalid_request ManagedToolProtocolError: Managed Tool invocation data is invalid. | release 400 managed_runtime_provider_invalid "Managed Runtime provider Session identity must be printable and path-safe." | Session now RELEASING | storage held=true
[W3-v2]                                   worker refusals: release -> 400 managed_runtime_provider_invalid "Managed Runtime provider Session identity must be printable and path-safe."
[W3-v2] with a control character raw      Broker Session READY | acquired | work: worker 200, record SETTLED/success | release 400 managed_runtime_provider_invalid "Managed Runtime provider Session identity must be printable and path-safe." | Session now RELEASING | storage held=true
[W3-v2]                                   worker refusals: release -> 400 managed_runtime_provider_invalid "Managed Runtime provider Session identity must be printable and path-safe."
[W3-v2] OBSERVED: Sessions left unreleased: ["with a slash / provider","with a slash / raw","with a backslash / provider","with a backslash / raw","with two dots / provider","with two dots / raw","with a control character / provider","with a control character / raw"]
[PASS] W3-v2.1 a lowercase UUID works on both routes and releases
[PASS] W3-v2.2 every printable, path-safe id can be released on both routes :: []
[FAIL] W3-v2.3 no id the worker refuses leaves a Session behind that cannot be released :: ["with a slash / provider","with a slash / raw","with a backslash / provider","with a backslash / raw","with two dots / provider","with two dots / raw","with a control character / provider","with a control character / raw"]
[SUMMARY] 4/6 checks passed — failed: W3-v1.3, W3-v2.3
