[GROUP] W3 v1 arm=fe7895d330
[W3-v1] lowercase UUID v4  provider Broker Session READY | acquired | work: success | release 200 | Session now RELEASED
[W3-v1] lowercase UUID v4  raw      Broker Session READY | acquired | work: worker 200, record SETTLED/success | release 200 | Session now RELEASED
[W3-v1] uppercase UUID v4  provider Broker Session READY | refused status=- code=managed_tool_invalid_request ManagedToolProtocolError: Managed Tool invocation data is invalid. | release 400 managed_runtime_provider_invalid "Managed Runtime provider Session identity must be a lowercase UUID." | Session now RELEASING
[W3-v1]                             worker refusals: release -> 400 managed_runtime_provider_invalid "Managed Runtime provider Session identity must be a lowercase UUID."
[W3-v1] uppercase UUID v4  raw      Broker Session READY | acquired | work: worker 200, record SETTLED/success | release 400 managed_runtime_provider_invalid "Managed Runtime provider Session identity must be a lowercase UUID." | Session now RELEASING
[W3-v1]                             worker refusals: release -> 400 managed_runtime_provider_invalid "Managed Runtime provider Session identity must be a lowercase UUID."
[W3-v1] UUID version 7     provider Broker Session READY | refused status=- code=managed_tool_invalid_request ManagedToolProtocolError: Managed Tool invocation data is invalid. | release 400 managed_runtime_provider_invalid "Managed Runtime provider Session identity must be a lowercase UUID." | Session now RELEASING
[W3-v1]                             worker refusals: release -> 400 managed_runtime_provider_invalid "Managed Runtime provider Session identity must be a lowercase UUID."
[W3-v1] UUID version 7     raw      Broker Session READY | acquired | work: worker 200, record SETTLED/success | release 400 managed_runtime_provider_invalid "Managed Runtime provider Session identity must be a lowercase UUID." | Session now RELEASING
[W3-v1]                             worker refusals: release -> 400 managed_runtime_provider_invalid "Managed Runtime provider Session identity must be a lowercase UUID."
[W3-v1] not a UUID         provider Broker Session READY | refused status=- code=managed_tool_invalid_request ManagedToolProtocolError: Managed Tool invocation data is invalid. | release 400 managed_runtime_provider_invalid "Managed Runtime provider Session identity must be a lowercase UUID." | Session now RELEASING
[W3-v1]                             worker refusals: release -> 400 managed_runtime_provider_invalid "Managed Runtime provider Session identity must be a lowercase UUID."
[W3-v1] not a UUID         raw      Broker Session READY | acquired | work: worker 200, record SETTLED/success | release 400 managed_runtime_provider_invalid "Managed Runtime provider Session identity must be a lowercase UUID." | Session now RELEASING
[W3-v1]                             worker refusals: release -> 400 managed_runtime_provider_invalid "Managed Runtime provider Session identity must be a lowercase UUID."
[W3-v1] OBSERVED: Sessions left unreleased: ["uppercase UUID v4 / provider","uppercase UUID v4 / raw","UUID version 7 / provider","UUID version 7 / raw","not a UUID / provider","not a UUID / raw"]
[PASS] W3-v1.1 a lowercase UUID works on both routes and releases
[FAIL] W3-v1.2 no other id leaves a Session behind that cannot be released :: ["uppercase UUID v4 / provider","uppercase UUID v4 / raw","UUID version 7 / provider","UUID version 7 / raw","not a UUID / provider","not a UUID / raw"]
[GROUP] W3 v2 arm=fe7895d330
[W3-v2] lowercase UUID v4  provider Broker Session READY | acquired | work: success | release 200 | Session now RELEASED | storage held=false
[W3-v2] lowercase UUID v4  raw      Broker Session READY | acquired | work: worker 200, record SETTLED/success | release 200 | Session now RELEASED | storage held=false
[W3-v2] uppercase UUID v4  provider Broker Session READY | refused status=- code=managed_tool_invalid_request ManagedToolProtocolError: Managed Tool invocation data is invalid. | release 400 managed_runtime_provider_invalid "Managed Runtime provider Session identity must be a lowercase UUID." | Session now RELEASING | storage held=true
[W3-v2]                             worker refusals: release -> 400 managed_runtime_provider_invalid "Managed Runtime provider Session identity must be a lowercase UUID."
[W3-v2] uppercase UUID v4  raw      Broker Session READY | acquired | work: worker 200, record SETTLED/success | release 400 managed_runtime_provider_invalid "Managed Runtime provider Session identity must be a lowercase UUID." | Session now RELEASING | storage held=true
[W3-v2]                             worker refusals: release -> 400 managed_runtime_provider_invalid "Managed Runtime provider Session identity must be a lowercase UUID."
[W3-v2] UUID version 7     provider Broker Session READY | refused status=- code=managed_tool_invalid_request ManagedToolProtocolError: Managed Tool invocation data is invalid. | release 400 managed_runtime_provider_invalid "Managed Runtime provider Session identity must be a lowercase UUID." | Session now RELEASING | storage held=true
[W3-v2]                             worker refusals: release -> 400 managed_runtime_provider_invalid "Managed Runtime provider Session identity must be a lowercase UUID."
[W3-v2] UUID version 7     raw      Broker Session READY | acquired | work: worker 200, record SETTLED/success | release 400 managed_runtime_provider_invalid "Managed Runtime provider Session identity must be a lowercase UUID." | Session now RELEASING | storage held=true
[W3-v2]                             worker refusals: release -> 400 managed_runtime_provider_invalid "Managed Runtime provider Session identity must be a lowercase UUID."
[W3-v2] not a UUID         provider Broker Session READY | refused status=- code=managed_tool_invalid_request ManagedToolProtocolError: Managed Tool invocation data is invalid. | release 400 managed_runtime_provider_invalid "Managed Runtime provider Session identity must be a lowercase UUID." | Session now RELEASING | storage held=true
[W3-v2]                             worker refusals: release -> 400 managed_runtime_provider_invalid "Managed Runtime provider Session identity must be a lowercase UUID."
[W3-v2] not a UUID         raw      Broker Session READY | acquired | work: worker 200, record SETTLED/success | release 400 managed_runtime_provider_invalid "Managed Runtime provider Session identity must be a lowercase UUID." | Session now RELEASING | storage held=true
[W3-v2]                             worker refusals: release -> 400 managed_runtime_provider_invalid "Managed Runtime provider Session identity must be a lowercase UUID."
[W3-v2] OBSERVED: Sessions left unreleased: ["uppercase UUID v4 / provider","uppercase UUID v4 / raw","UUID version 7 / provider","UUID version 7 / raw","not a UUID / provider","not a UUID / raw"]
[PASS] W3-v2.1 a lowercase UUID works on both routes and releases
[FAIL] W3-v2.2 no other id leaves a Session behind that cannot be released :: ["uppercase UUID v4 / provider","uppercase UUID v4 / raw","UUID version 7 / provider","UUID version 7 / raw","not a UUID / provider","not a UUID / raw"]
[SUMMARY] 2/4 checks passed — failed: W3-v1.2, W3-v2.2
