[GROUP] W1d v2 arm=fe7895d330
[W1d-v2] emoji x 150,000: caller success | worker status (sent by the rig) 200
[W1d-v2]     llmContent      at the worker: 4479 chars, 8 KiB, not cut
[W1d-v2]                     at the caller: 4479 chars, 8 KiB, not cut
[W1d-v2]     display.output  at the worker: 300000 chars, 586 KiB, not cut
[W1d-v2]                     at the caller: 300000 chars, 586 KiB, not cut
[W1d-v2]     display.text    at the worker: 139146 chars, 272 KiB, cut: 161111 characters omitted, kept 139051 | before the notice [d83d de00] after it [de00 d83d] | lone surrogates 1 | U+FFFD 0 | "?" 0
[W1d-v2]                     at the caller: 139266 chars, 272 KiB, cut: 160991 characters omitted, kept 139171 | before the notice [d83d de00] after it [3f d83d] | lone surrogates 0 | U+FFFD 0 | "?" 1
[W1d-v2] one letter, then emoji x 150,000: caller success | worker status (sent by the rig) 200
[W1d-v2]     llmContent      at the worker: 4479 chars, 8 KiB, not cut
[W1d-v2]                     at the caller: 4479 chars, 8 KiB, not cut
[W1d-v2]     display.output  at the worker: 300001 chars, 586 KiB, not cut
[W1d-v2]                     at the caller: 300001 chars, 586 KiB, not cut
[W1d-v2]     display.text    at the worker: 139158 chars, 272 KiB, cut: 161100 characters omitted, kept 139063 | before the notice [de00 d83d] after it [de00 d83d] | lone surrogates 2 | U+FFFD 0 | "?" 0
[W1d-v2]                     at the caller: 139278 chars, 272 KiB, cut: 160980 characters omitted, kept 139183 | before the notice [de00 3f] after it [3f d83d] | lone surrogates 0 | U+FFFD 0 | "?" 2
[W1d-v2] CJK x 250,000: caller success | worker status (sent by the rig) 200
[W1d-v2]     llmContent      at the worker: 4479 chars, 12 KiB, not cut
[W1d-v2]                     at the caller: 4479 chars, 12 KiB, not cut
[W1d-v2]     display.output  at the worker: 250000 chars, 732 KiB, not cut
[W1d-v2]                     at the caller: 250000 chars, 732 KiB, not cut
[W1d-v2]     display.text    at the worker: 192 chars, 0 KiB, cut: 250065 characters omitted, kept 97 | before the notice [4e2d] after it [39 66] | lone surrogates 0 | U+FFFD 0 | "?" 0
[W1d-v2]                     at the caller: 192 chars, 0 KiB, cut: 250065 characters omitted, kept 97 | before the notice [4e2d] after it [39 66] | lone surrogates 0 | U+FFFD 0 | "?" 0
[W1d-v2] ascii x 600,000: caller success | worker status (sent by the rig) 200
[W1d-v2]     llmContent      at the worker: 4479 chars, 4 KiB, not cut
[W1d-v2]                     at the caller: 4479 chars, 4 KiB, not cut
[W1d-v2]     display.output  at the worker: 600000 chars, 586 KiB, not cut
[W1d-v2]                     at the caller: 600000 chars, 586 KiB, not cut
[W1d-v2]     display.text    at the worker: 442987 chars, 433 KiB, cut: 157270 characters omitted, kept 442892 | before the notice [78 78] after it [78 78] | lone surrogates 0 | U+FFFD 0 | "?" 0
[W1d-v2]                     at the caller: 443107 chars, 433 KiB, cut: 157150 characters omitted, kept 443012 | before the notice [78 78] after it [78 78] | lone surrogates 0 | U+FFFD 0 | "?" 0
[PASS] W1d-v2.1 every case settles and releases :: 4 of 4
[PASS] W1d-v2.2 no text the caller receives holds a lone surrogate :: 0
[SUMMARY] 2/2 checks passed
