[arm] r2: harness http://127.0.0.1:53070; Store via proxy http://127.0.0.1:53069; Broker via proxy http://127.0.0.1:53068
[Q1] --- ws-q: read_file of a Chinese document (175999 bytes UTF-8, 63999 chars)
[Q1] D: admit=202 terminal=<none> recoveryBlocked=true 587ms
[Q1 broker] POST /runtimes:warm -> 200
[Q1 broker] POST /tool-sessions:acquire -> 200
[Q1 broker] POST /executions:prepare -> 200
[Q1 broker] POST /executions/528debbd-4b16-4312-bb86-37aed6e7880b:start -> 200
[Q1 broker] GET /executions/528debbd-4b16-4312-bb86-37aed6e7880b -> 200
[Q1 broker] POST /executions/528debbd-4b16-4312-bb86-37aed6e7880b:cancel -> 200
[Q1] harness: Hosted Harness turn 32182c86-a98a-4eff-b83b-b50399d3170f is recovery blocked: ManagedSessionRecordError: resource bytes exceed the 65536-byte inline limit; OSS storage is not enabled.
[Q1] execution rows: [["SETTLED","success","12"]]; held storages=["28ca26d0","32182c86"]
[Q1 D] next prompt -> 409 {"error":"hosted_turn_recovery_required","code":"hosted_turn_recovery_required"}; reload -> 409
[Q1] E (other Session, same Workspace): admit=202 terminal=turn_error recoveryBlocked=false 419ms E.txt=absent
[Q1] E retry: admit=202 terminal=turn_error recoveryBlocked=false 109ms E2.txt=absent
[Q2] --- ws-r: Session Store answers 503 to the first commit after acquire (the assistant tool-call record)
[Q2] G: admit=202 terminal=<none> recoveryBlocked=true 419ms injected=1
[Q2 broker] POST /runtimes:warm -> 200
[Q2 broker] POST /tool-sessions:acquire -> 200
[Q2] store commits after t0: 200,200,200,503-injected
[Q2] harness: Hosted Harness turn cddc081c-3acf-4951-9d0a-320a1104a893 is recovery blocked: ManagedSessionStoreHttpError: Managed Session Store returned HTTP 503.
[Q2] G.txt=absent; prepared executions=12 total; held storages=["28ca26d0","cddc081c","32182c86"]
[Q2 G] next prompt -> 409 {"error":"hosted_turn_recovery_required","code":"hosted_turn_recovery_required"}; reload -> 409
[Q2] K (other Session, same Workspace): admit=202 terminal=turn_error recoveryBlocked=false 422ms K.txt=absent
[model] CJKREAD#0 WRITE_E#0 WRITE_E2#0 WRITE_G#0 WRITE_K#0
