
######## scenario fail
== JVM tag=fail1 db=r_fail mode=fail managed=true
[  0.01s] jvm            pid=6602 cmd=warm db=r_fail
[  0.55s] warm#1         503 runtime_provision_failed retryable=false  (0.2s)
[  0.56s] warm#2         409 runtime_broker_recovery_blocked retryable=false  (0.0s)
[  0.57s] warm#3         409 runtime_broker_recovery_blocked retryable=false  (0.0s)
[  0.58s] db             binding_state=RECOVERY_BLOCKED runtime_generation=1 storage_id=storage:ws-a/2026 has_handle=1 has_lease=0
   (jvm exit=0)
   launches so far for fail1: 1
     17:21:35 tag=fail1 mode=fail pid=6621 ppid=6602
== JVM tag=fail2 db=r_fail mode=real managed=true
[  0.00s] jvm            pid=6641 cmd=warm db=r_fail
[  0.43s] warm#1         409 runtime_broker_recovery_blocked retryable=false  (0.1s)
[  0.45s] warm#2         409 runtime_broker_recovery_blocked retryable=false  (0.0s)
[  0.46s] db             binding_state=RECOVERY_BLOCKED runtime_generation=1 storage_id=storage:ws-a/2026 has_handle=1 has_lease=0
   (jvm exit=0)
   launches so far for fail2: 0

######## scenario crash
== JVM tag=crash1 db=r_crash mode=crash-parent managed=true
[  0.00s] jvm            pid=6653 cmd=warm db=r_crash
   (jvm exit=137)
   launches so far for crash1: 1
     17:21:37 tag=crash1 mode=crash-parent pid=6657 ppid=6653
   db after crash: state=PROVISIONING has_handle=1 owner=broker-crash-parent-6653 has_lease=0
== JVM tag=crash2 db=r_crash mode=real managed=true
[  0.01s] jvm            pid=6666 cmd=warm db=r_crash
[  1.57s] warm#1         409 runtime_broker_recovery_blocked retryable=false  (1.2s)
[  1.58s] warm#2         409 runtime_broker_recovery_blocked retryable=false  (0.0s)
[  1.59s] db             binding_state=RECOVERY_BLOCKED runtime_generation=1 storage_id=storage:ws-a/2026 has_handle=1 has_lease=0
   (jvm exit=0)
   launches so far for crash2: 0

######## scenario hang
== JVM tag=hang1 db=r_hang mode=hang managed=true
[  0.00s] jvm            pid=6677 cmd=warm db=r_hang
[  8.57s] warm#1         409 runtime_broker_recovery_blocked retryable=false  (8.2s)
[  8.58s] db             binding_state=RECOVERY_BLOCKED runtime_generation=1 storage_id=storage:ws-a/2026 has_handle=1 has_lease=0
[ 13.59s] watch          t+5s live child processes=1 [6681]
[ 18.60s] watch          t+10s live child processes=1 [6681]
[ 23.61s] watch          t+15s live child processes=1 [6681]
[ 28.61s] watch          t+20s live child processes=1 [6681]
[ 33.62s] watch          t+25s live child processes=0 []
[ 38.63s] watch          t+30s live child processes=0 []
[ 43.63s] watch          t+35s live child processes=0 []
[ 48.64s] watch          t+40s live child processes=0 []
[ 48.65s] db             binding_state=RECOVERY_BLOCKED has_lease=0
   (jvm exit=0)
   launches so far for hang1: 1
     17:21:40 tag=hang1 mode=hang pid=6681 ppid=6677
== JVM tag=hang2 db=r_hang mode=real managed=true
[  0.00s] jvm            pid=7422 cmd=warm db=r_hang
[  0.45s] warm#1         409 runtime_broker_recovery_blocked retryable=false  (0.1s)
[  0.47s] db             binding_state=RECOVERY_BLOCKED runtime_generation=1 storage_id=storage:ws-a/2026 has_handle=1 has_lease=0
   (jvm exit=0)
   launches so far for hang2: 0

######## scenario late
== JVM tag=late1 db=r_late mode=late managed=true
[  0.00s] jvm            pid=7430 cmd=warm db=r_late
[  8.54s] warm#1         409 runtime_broker_recovery_blocked retryable=false  (8.2s)
[  8.55s] db             binding_state=RECOVERY_BLOCKED runtime_generation=1 storage_id=storage:ws-a/2026 has_handle=1 has_lease=0
[ 13.56s] watch          t+5s live child processes=0 []
[ 18.57s] watch          t+10s live child processes=0 []
[ 23.58s] watch          t+15s live child processes=0 []
[ 28.59s] watch          t+20s live child processes=0 []
[ 33.60s] watch          t+25s live child processes=0 []
[ 33.62s] db             binding_state=RECOVERY_BLOCKED has_lease=0
   (jvm exit=0)
   launches so far for late1: 1
     17:22:30 tag=late1 mode=late pid=7433 ppid=7430
== JVM tag=late2 db=r_late mode=real managed=true
[  0.00s] jvm            pid=7844 cmd=warm db=r_late
[  0.45s] warm#1         409 runtime_broker_recovery_blocked retryable=false  (0.1s)
[  0.46s] db             binding_state=RECOVERY_BLOCKED runtime_generation=1 storage_id=storage:ws-a/2026 has_handle=1 has_lease=0
   (jvm exit=0)
   launches so far for late2: 0
