# s1-close-head-web-ws-b  db=l1  2026-10-02T02:30:24.834Z
PASS  bound files/1 Session admitted  -> status=202 session=8a8f180e-5f85-415c-9398-830f60fb3547
PASS  file Turn completes (write/edit/read on the real Workspace)  -> COMPLETED  2176ms file=after-b
PASS  capabilities: session_close=true, session_lifecycle=false  -> {"items":true,"snapshots":true,"artifacts":false,"resync":true,"session_lifecycle":false,"tasks":true,"actions":false,"session_close":true}
NOTE  binding / registration before close  -> binding=["c3355ca0-d2ec-49a4-9b10-54c14932ce77","READY","1","0","0"] resource=fa36941028a6423f3013452c9ba69ebf42ee36e58ea7a1dce542b395260bd3f7 reg.state=READY pid=358 proc=S
PASS  original worker process is alive before close  -> pid=358 state=S
NOTE  retained history before close  -> resources=47 tool_executions=3
PASS  readable non-creator (bob) is refused 403  -> status=403 code=session_operation_forbidden
PASS  actor without read access (mallory) gets 404  -> status=404 code=session_not_found
PASS  refusals left Session ACTIVE, no drain fence, worker untouched  -> status=ACTIVE fence=0 worker=S
PASS  creator close admitted 202  -> status=202 op=op_c57b1ca8ea464dc8a220b3111729c072 body.status=pending
NOTE  Session status right after admission  -> CLOSING
PASS  close operation completes  -> op=completed code= 197ms
PASS  Session CLOSED  -> CLOSED
PASS  original worker PID is gone  -> pid=358 state=gone
PASS  durable registration RETIRED  -> state=RETIRED
PASS  binding RELEASED with a persisted drain receipt  -> ["c3355ca0-d2ec-49a4-9b10-54c14932ce77","RELEASED","1","596","1"]
NOTE  drain receipt  -> {"bindingId":"c3355ca0-d2ec-49a4-9b10-54c14932ce77","handleKind":"local-process","handle":"{\\"resourceId\\":\\"fa36941028a6423f3013452c9ba69ebf42ee36e58ea7a1dce542b395260bd3f7\\",\\"hostId\\":\\"358c929bb58f4e2d5a330d53918b9de7\\",\\"bootId\\":\\"421db843-9667-42ed-9db3-2cc85f6e2a64\\",\\"pidNamespace\\":\\"pid:[4026532380]\\",\\"timeNamespace\\":\\"time:[4026532442]\\",\\"identityDigest\\":\\"859f94bdba9eb170db99860c8580fd53a9649993b3563f476d2f73dd71e68296\\"}","generation":1,"version":1,"provisionRequestId":"c3355ca0-d2ec-49a4-9b10-54c14932ce77:1","stoppedAt":"2026-10-02T02:30:27.675313878Z","handleVersion":2}
PASS  every Runtime Session RELEASED/FAILED  -> [["RELEASED","1"]]
PASS  no execution-lease holder left for the binding  -> holders=0
PASS  durable close fence persisted  -> fence=1
PASS  history resources retained byte-identically  -> before=47 after=48
PASS  events still readable and contain the Turn result  -> status=200
PASS  Workspace file retained  -> file=after-b
PASS  same-surface replay returns the original operation  -> status=202 op=op_c57b1ca8ea464dc8a220b3111729c072
PASS  cross-surface (public) replay with the same key returns the original operation  -> status=202 op=op_c57b1ca8ea464dc8a220b3111729c072 body={"id":"op_c57b1ca8ea464dc8a220b3111729c072","session_id":"8a8f180e-5f85-415c-9398-830f60fb3547","type":"close","status":"completed","admission_stage":"harness_confirmed","delivery_state":"confirmed","
NOTE  fresh key on a CLOSED Session  -> status=409 code=session_state_conflict
PASS  new input on the CLOSED Session refused  -> status=409 code=workspace_unavailable
PASS  new Session on the same Workspace completes a file Turn after close  -> COMPLETED  2176ms file=after-b2
NOTE  workers in container now  -> 331:Sl 454:Sl
== s1-close-head-web-ws-b: 23 passed, 0 failed
