# s1-close-head-public-ws-a  db=l1  2026-10-02T02:30:09.150Z
PASS  bound files/1 Session admitted  -> status=202 session=9b7dbe20-1928-419f-b467-5a962cc3f460
PASS  file Turn completes (write/edit/read on the real Workspace)  -> COMPLETED  3045ms file=after-a
PASS  capabilities: session_close=true, session_lifecycle=false  -> {"items":true,"snapshots":true,"artifacts":false,"resync":true,"session_lifecycle":false,"tasks":true,"actions":false,"session_close":true}
NOTE  binding / registration before close  -> binding=["493347da-366c-420c-98a6-5029d7d92106","READY","1","0","0"] resource=c7fe827d05d5c47394ccc34bdf0d467b29b7308f9e57e61c7d3fe85d96d210ff reg.state=READY pid=221 proc=S
PASS  original worker process is alive before close  -> pid=221 state=S
NOTE  retained history before close  -> resources=47 tool_executions=3
PASS  readable non-creator (bob) is refused 403  -> status=403 code=session_operation_forbidden
PASS  actor without read access (mallory) gets 404  -> status=404 code=session_not_found
PASS  refusals left Session ACTIVE, no drain fence, worker untouched  -> status=ACTIVE fence=0 worker=S
PASS  creator close admitted 202  -> status=202 op=op_cbde3882087f440bb06443634c763f2d body.status=pending
NOTE  Session status right after admission  -> CLOSING
PASS  close operation completes  -> op=completed code= 216ms
PASS  Session CLOSED  -> CLOSED
PASS  original worker PID is gone  -> pid=221 state=gone
PASS  durable registration RETIRED  -> state=RETIRED
PASS  binding RELEASED with a persisted drain receipt  -> ["493347da-366c-420c-98a6-5029d7d92106","RELEASED","1","596","1"]
NOTE  drain receipt  -> {"bindingId":"493347da-366c-420c-98a6-5029d7d92106","handleKind":"local-process","handle":"{\\"resourceId\\":\\"c7fe827d05d5c47394ccc34bdf0d467b29b7308f9e57e61c7d3fe85d96d210ff\\",\\"hostId\\":\\"358c929bb58f4e2d5a330d53918b9de7\\",\\"bootId\\":\\"421db843-9667-42ed-9db3-2cc85f6e2a64\\",\\"pidNamespace\\":\\"pid:[4026532380]\\",\\"timeNamespace\\":\\"time:[4026532442]\\",\\"identityDigest\\":\\"0695aa51fe53d76d8cb0f433420ebd4feb9297a160bc5ee56357e4cfbb224f15\\"}","generation":1,"version":1,"provisionRequestId":"493347da-366c-420c-98a6-5029d7d92106:1","stoppedAt":"2026-10-02T02:30:13.148270663Z","handleVersion":2}
PASS  every Runtime Session RELEASED/FAILED  -> [["RELEASED","1"]]
PASS  no execution-lease holder left for the binding  -> holders=0
PASS  durable close fence persisted  -> fence=1
PASS  history resources retained byte-identically  -> before=47 after=48
PASS  events still readable and contain the Turn result  -> status=200
PASS  Workspace file retained  -> file=after-a
PASS  same-surface replay returns the original operation  -> status=202 op=op_cbde3882087f440bb06443634c763f2d
PASS  cross-surface (web) replay with the same key returns the original operation  -> status=202 op=op_cbde3882087f440bb06443634c763f2d body={"operationId":"op_cbde3882087f440bb06443634c763f2d","sessionId":"9b7dbe20-1928-419f-b467-5a962cc3f460","type":"close","status":"completed","admissionStage":"harness_confirmed","deliveryState":"confir
NOTE  fresh key on a CLOSED Session  -> status=409 code=session_state_conflict
PASS  new input on the CLOSED Session refused  -> status=409 code=workspace_unavailable
PASS  new Session on the same Workspace completes a file Turn after close  -> COMPLETED  2391ms file=after-a2
NOTE  workers in container now  -> 98:Sl 331:Sl
== s1-close-head-public-ws-a: 23 passed, 0 failed
