{
  "sessionId": "245a4dbb-d35d-47ac-ade2-b7a30d281bb3",
  "executionCallId": "e0dc4aa1-78f0-4b1f-97db-655c7d0b16f2",
  "firstHarnessBootId": "c506d138-7cf9-45c3-aedb-668221421044",
  "replacementHarnessBootId": "edede2e9-51fa-44c4-b25c-e5a3bb13c9be",
  "promptReplayed": false,
  "physicalToolExecutions": 1,
  "continuationModelRequests": 2,
  "visibleText": "CONTINUATION_TURN_RECOVERED",
  "terminalTurns": 1,
  "oldHarnessDiskDeleted": false,
  "harnessHomeRetainedForWake": true
}
{
  "fencedFormerWriter": true,
  "journalHead": "2\t62\t63",
  "oldGenerationTx": "27",
  "harnessBootId": "edede2e9-51fa-44c4-b25c-e5a3bb13c9be",
  "visibleText": "CONTINUATION_TURN_RECOVERED"
}
