$ after vs fail-open mutant (skip logged, continue dropped), 0.3 s/fork
  test=after.test.mjs  script=failopen  fork-latency=0.3s  node=v22.23.2
▶ autofix-status-heartbeat loop
  ✖ skips the tick on a failed config mint — never gh against a shared config (6918.877947ms)
✖ autofix-status-heartbeat loop (6920.199108ms)
ℹ tests 1
ℹ suites 1
ℹ pass 0
ℹ fail 1
ℹ cancelled 0
ℹ skipped 0
ℹ todo 0
ℹ duration_ms 6963.416253

✖ failing tests:

test at tmp/demo.6hIWnU/autofix-status-heartbeat.test.mjs:870:3
✖ skips the tick on a failed config mint — never gh against a shared config (6918.877947ms)
  AssertionError [ERR_ASSERTION]: a failed mint must skip the gh call entirely
  
  1 !== 0
  
      at TestContext.<anonymous> (file://autofix-status-heartbeat.test.mjs:886:14)
      at async Test.run (node:internal/test_runner/test:1054:7)
      at async Promise.all (index 16)
      at async Suite.run (node:internal/test_runner/test:1442:7)
      at async startSubtestAfterBootstrap (node:internal/test_runner/harness:296:3) {
    generatedMessage: false,
    code: 'ERR_ASSERTION',
    actual: 1,
    expected: 0,
    operator: 'strictEqual',
    diff: 'simple'
  }
  exit=1 wall=6.99s
