$ after vs never-skips mutant (mint ignores RUNNER_TEMP)
  test=after.test.mjs  script=mintok  fork-latency=0s  node=v22.23.2
▶ autofix-status-heartbeat loop
  ✖ skips the tick on a failed config mint — never gh against a shared config (8019.793701ms)
✖ autofix-status-heartbeat loop (8021.099794ms)
ℹ tests 1
ℹ suites 1
ℹ pass 0
ℹ fail 1
ℹ cancelled 0
ℹ skipped 0
ℹ todo 0
ℹ duration_ms 8066.110192

✖ failing tests:

test at tmp/demo.1eyHQZ/autofix-status-heartbeat.test.mjs:870:3
✖ skips the tick on a failed config mint — never gh against a shared config (8019.793701ms)
  AssertionError [ERR_ASSERTION]: expected >= 2 'gh config mint failed; skipping this tick' log lines within 8000ms, saw 0; last log line: "2026-09-02T12:45:21Z heartbeat started: comment 777 interval 1s max_age 20400s"
      at awaitTwoSkipLines (file://autofix-status-heartbeat.test.mjs:864:12)
      at async TestContext.<anonymous> (file://autofix-status-heartbeat.test.mjs:885:7)
      at async Test.run (node:internal/test_runner/test:1054:7)
      at async Promise.all (index 16)
      at async Suite.run (node:internal/test_runner/test:1442:7)
      at async startSubtestAfterBootstrap (node:internal/test_runner/harness:296:3) {
    generatedMessage: false,
    code: 'ERR_ASSERTION',
    actual: false,
    expected: true,
    operator: '==',
    diff: 'simple'
  }
  exit=1 wall=8.09s
