$ before vs pulse-death mutant (for contrast)
  test=before.test.mjs  script=dieonskip  fork-latency=0s  node=v22.23.2
▶ autofix-status-heartbeat loop
  ✖ skips the tick on a failed config mint — never gh against a shared config (2504.375001ms)
✖ autofix-status-heartbeat loop (2505.671558ms)
ℹ tests 1
ℹ suites 1
ℹ pass 0
ℹ fail 1
ℹ cancelled 0
ℹ skipped 0
ℹ todo 0
ℹ duration_ms 2549.344903

✖ failing tests:

test at tmp/demo.5FpGdN/autofix-status-heartbeat.test.mjs:836:3
✖ skips the tick on a failed config mint — never gh against a shared config (2504.375001ms)
  AssertionError [ERR_ASSERTION]: a failed mint must not end the loop
      at TestContext.<anonymous> (file://autofix-status-heartbeat.test.mjs:858:14)
      at async Test.run (node:internal/test_runner/test:1054:7)
      at async Promise.all (index 16)
      at async Suite.run (node:internal/test_runner/test:1442:7)
      at async startSubtestAfterBootstrap (node:internal/test_runner/harness:296:3) {
    generatedMessage: false,
    code: 'ERR_ASSERTION',
    actual: false,
    expected: true,
    operator: '==',
    diff: 'simple'
  }
  exit=1 wall=2.57s
