$ variant baremsg: gate message reverted to the bare sentence
  test=baremsg.test.mjs  script=none  fork-latency=0s  node=v22.23.2
▶ autofix-status-heartbeat loop
  ✔ skips the tick on a failed config mint — never gh against a shared config (2108.598982ms)
  ✖ the failed-mint gate failure carries the observed log state (301.868443ms)
✖ autofix-status-heartbeat loop (2411.819852ms)
ℹ tests 2
ℹ suites 1
ℹ pass 1
ℹ fail 1
ℹ cancelled 0
ℹ skipped 0
ℹ todo 0
ℹ duration_ms 2455.144491

✖ failing tests:

test at tmp/demo.vVVAwk/autofix-status-heartbeat.test.mjs:897:3
✖ the failed-mint gate failure carries the observed log state (301.868443ms)
  AssertionError [ERR_ASSERTION]: The input did not match the regular expression /saw 1;/. Input:
  
  'a failed mint must log a skipped tick'
  
      at Object.<anonymous> (file://autofix-status-heartbeat.test.mjs:912:16)
      at expectedException (node:assert:576:17)
      at expectsError (node:assert:701:21)
      at Function.rejects (node:assert:767:3)
      at async TestContext.<anonymous> (file://autofix-status-heartbeat.test.mjs:909:5)
      at async Test.run (node:internal/test_runner/test:1054:7)
      at async Suite.processPendingSubtests (node:internal/test_runner/test:744:7) {
    generatedMessage: true,
    code: 'ERR_ASSERTION',
    actual: 'a failed mint must log a skipped tick',
    expected: /saw 1;/,
    operator: 'match',
    diff: 'simple'
  }
  exit=1 wall=2.48s
