TAP version 13
# Subtest: autofix-status-heartbeat body
    # Subtest: renders the bilingual working comment with the starting state
    ok 1 - renders the bilingual working comment with the starting state
      ---
      duration_ms: 3.035116
      type: 'test'
      ...
    # Subtest: reports agent activity from the agent.log mtime
    ok 2 - reports agent activity from the agent.log mtime
      ---
      duration_ms: 305.491191
      type: 'test'
      ...
    # Subtest: clamps a future mtime to "active 0 min ago" instead of negative
    ok 3 - clamps a future mtime to "active 0 min ago" instead of negative
      ---
      duration_ms: 305.861419
      type: 'test'
      ...
    # Subtest: clamps a clock skew before the start epoch to "Running for 0 min"
    ok 4 - clamps a clock skew before the start epoch to "Running for 0 min"
      ---
      duration_ms: 2.426732
      type: 'test'
      ...
    # Subtest: ignores a non-numeric NOW_EPOCH plant instead of evaluating it
    ok 5 - ignores a non-numeric NOW_EPOCH plant instead of evaluating it
      ---
      duration_ms: 305.696812
      type: 'test'
      ...
    # Subtest: refuses to run without its required environment
    ok 6 - refuses to run without its required environment
      ---
      duration_ms: 1.851599
      type: 'test'
      ...
    # Subtest: rejects an unknown subcommand
    ok 7 - rejects an unknown subcommand
      ---
      duration_ms: 2.469027
      type: 'test'
      ...
    1..7
ok 1 - autofix-status-heartbeat body
  ---
  duration_ms: 927.695406
  type: 'suite'
  ...
# Subtest: autofix-status-heartbeat loop
    # Subtest: PATCHes the same comment on every tick with growing elapsed time
    ok 1 - PATCHes the same comment on every tick with growing elapsed time
      ---
      duration_ms: 7226.960674
      type: 'test'
      ...
    # Subtest: sleeps between ticks instead of busy-looping
    ok 2 - sleeps between ticks instead of busy-looping
      ---
      duration_ms: 8726.704024
      type: 'test'
      ...
    # Subtest: self-exits when the pid file disappears
    ok 3 - self-exits when the pid file disappears
      ---
      duration_ms: 2517.93462
      type: 'test'
      ...
    # Subtest: self-exits when the pid file is REPLACED by a newer round
    ok 4 - self-exits when the pid file is REPLACED by a newer round
      ---
      duration_ms: 2517.555892
      type: 'test'
      ...
    # Subtest: degrades malformed interval and age-cap overrides to defaults
    ok 5 - degrades malformed interval and age-cap overrides to defaults
      ---
      duration_ms: 1208.520386
      type: 'test'
      ...
    # Subtest: runs each PATCH under timeout so a black-holed request cannot outlive the age cap
    ok 6 - runs each PATCH under timeout so a black-holed request cannot outlive the age cap
      ---
      duration_ms: 2907.565223
      type: 'test'
      ...
    # Subtest: refuses to loop without its required environment
    ok 7 - refuses to loop without its required environment
      ---
      duration_ms: 3.060432
      type: 'test'
      ...
    # Subtest: refuses to loop without a gh token — no immortal never-pulsing loop
    ok 8 - refuses to loop without a gh token — no immortal never-pulsing loop
      ---
      duration_ms: 2.200387
      type: 'test'
      ...
    # Subtest: refuses a GH_TOKEN-only launch — the pins drop that channel before gh
    ok 9 - refuses a GH_TOKEN-only launch — the pins drop that channel before gh
      ---
      duration_ms: 2.34365
      type: 'test'
      ...
    # Subtest: refuses to loop without TRUSTED_PATH — no tick on an unpinned PATH
    ok 10 - refuses to loop without TRUSTED_PATH — no tick on an unpinned PATH
      ---
      duration_ms: 2.253908
      type: 'test'
      ...
    # Subtest: refuses to loop when a BODY var is missing — no immortal unpulsing loop
    ok 11 - refuses to loop when a BODY var is missing — no immortal unpulsing loop
      ---
      duration_ms: 2.195181
      type: 'test'
      ...
    # Subtest: self-exits at the age cap
    ok 12 - self-exits at the age cap
      ---
      duration_ms: 1911.528953
      type: 'test'
      ...
    # Subtest: stops on the heartbeat-stop marker
    ok 13 - stops on the heartbeat-stop marker
      ---
      duration_ms: 2518.526477
      type: 'test'
      ...
    # Subtest: keeps pulsing through a failing gh
    ok 14 - keeps pulsing through a failing gh
      ---
      duration_ms: 7522.409013
      type: 'test'
      ...
    # Subtest: pins the tick PATH from TRUSTED_PATH — a plant ahead of it is never resolved
    ok 15 - pins the tick PATH from TRUSTED_PATH — a plant ahead of it is never resolved
      ---
      duration_ms: 3812.292511
      type: 'test'
      ...
    # Subtest: pins gh hermetically for every tick — a fresh config dir per call, removed after
    ok 16 - pins gh hermetically for every tick — a fresh config dir per call, removed after
      ---
      duration_ms: 9378.332041
      type: 'test'
      ...
    # Subtest: skips the tick on a failed config mint — never gh against a shared config
    not ok 17 - skips the tick on a failed config mint — never gh against a shared config
      ---
      duration_ms: 2505.690337
      type: 'test'
      location: '/tmp/whole.G120Jv/autofix-status-heartbeat.test.mjs:836:3'
      failureType: 'testCodeFailure'
      error: |-
        The input did not match the regular expression /gh config mint failed; skipping this tick/. Input:
        
        '2026-09-02T12:47:24Z heartbeat started: comment 777 interval 1s max_age 20400s\n'
        
      code: 'ERR_ASSERTION'
      name: 'AssertionError'
      expected:
      actual: |-
        2026-09-02T12:47:24Z heartbeat started: comment 777 interval 1s max_age 20400s
        
      operator: 'match'
      stack: |-
        TestContext.<anonymous> (file:///tmp/whole.G120Jv/autofix-status-heartbeat.test.mjs:860:14)
        async Test.run (node:internal/test_runner/test:1054:7)
        async Suite.processPendingSubtests (node:internal/test_runner/test:744:7)
      ...
    # Subtest: stamps each tick in flight around the gh call and clears it after
    ok 18 - stamps each tick in flight around the gh call and clears it after
      ---
      duration_ms: 9381.058075
      type: 'test'
      ...
    # Subtest: a session kill empties the whole loop even when it lands mid-tick
    ok 19 - a session kill empties the whole loop even when it lands mid-tick
      ---
      duration_ms: 3922.891559
      type: 'test'
      ...
    # Subtest: a planted FIFO at heartbeat.pid cannot block the loop past the bounded read
    ok 20 - a planted FIFO at heartbeat.pid cannot block the loop past the bounded read
      ---
      duration_ms: 7214.092521
      type: 'test'
      ...
    # Subtest: a planted endless stream at heartbeat.pid cannot unbound the pid read
    ok 21 - a planted endless stream at heartbeat.pid cannot unbound the pid read
      ---
      duration_ms: 2516.313743
      type: 'test'
      ...
    # Subtest: a planted FIFO at heartbeat-tick-inflight cannot block the loop past the bounded write
    ok 22 - a planted FIFO at heartbeat-tick-inflight cannot block the loop past the bounded write
      ---
      duration_ms: 8524.682206
      type: 'test'
      ...
    1..22
not ok 2 - autofix-status-heartbeat loop
  ---
  duration_ms: 84326.920294
  type: 'suite'
  location: '/tmp/whole.G120Jv/autofix-status-heartbeat.test.mjs:215:1'
  failureType: 'subtestsFailed'
  error: '1 subtest failed'
  code: 'ERR_TEST_FAILURE'
  ...
1..2
# tests 29
# suites 2
# pass 28
# fail 1
# cancelled 0
# skipped 0
# todo 0
# duration_ms 85299.665285
