TAP version 13
# Subtest: autofix-status-heartbeat body
    # Subtest: renders the bilingual working comment with the starting state
    ok 1 - renders the bilingual working comment with the starting state
      ---
      duration_ms: 2.848824
      type: 'test'
      ...
    # Subtest: reports agent activity from the agent.log mtime
    ok 2 - reports agent activity from the agent.log mtime
      ---
      duration_ms: 3.419921
      type: 'test'
      ...
    # Subtest: clamps a future mtime to "active 0 min ago" instead of negative
    ok 3 - clamps a future mtime to "active 0 min ago" instead of negative
      ---
      duration_ms: 3.326072
      type: 'test'
      ...
    # Subtest: clamps a clock skew before the start epoch to "Running for 0 min"
    ok 4 - clamps a clock skew before the start epoch to "Running for 0 min"
      ---
      duration_ms: 1.951438
      type: 'test'
      ...
    # Subtest: ignores a non-numeric NOW_EPOCH plant instead of evaluating it
    ok 5 - ignores a non-numeric NOW_EPOCH plant instead of evaluating it
      ---
      duration_ms: 3.146238
      type: 'test'
      ...
    # Subtest: refuses to run without its required environment
    ok 6 - refuses to run without its required environment
      ---
      duration_ms: 1.858401
      type: 'test'
      ...
    # Subtest: rejects an unknown subcommand
    ok 7 - rejects an unknown subcommand
      ---
      duration_ms: 2.389255
      type: 'test'
      ...
    1..7
ok 1 - autofix-status-heartbeat body
  ---
  duration_ms: 20.356471
  type: 'suite'
  ...
# Subtest: autofix-status-heartbeat loop
    # Subtest: PATCHes the same comment on every tick with growing elapsed time
    ok 1 - PATCHes the same comment on every tick with growing elapsed time
      ---
      duration_ms: 2107.285208
      type: 'test'
      ...
    # Subtest: sleeps between ticks instead of busy-looping
    ok 2 - sleeps between ticks instead of busy-looping
      ---
      duration_ms: 3607.714947
      type: 'test'
      ...
    # Subtest: self-exits when the pid file disappears
    ok 3 - self-exits when the pid file disappears
      ---
      duration_ms: 1007.66662
      type: 'test'
      ...
    # Subtest: self-exits when the pid file is REPLACED by a newer round
    ok 4 - self-exits when the pid file is REPLACED by a newer round
      ---
      duration_ms: 1007.432428
      type: 'test'
      ...
    # Subtest: degrades malformed interval and age-cap overrides to defaults
    ok 5 - degrades malformed interval and age-cap overrides to defaults
      ---
      duration_ms: 304.883055
      type: 'test'
      ...
    # Subtest: runs each PATCH under timeout so a black-holed request cannot outlive the age cap
    ok 6 - runs each PATCH under timeout so a black-holed request cannot outlive the age cap
      ---
      duration_ms: 1104.476862
      type: 'test'
      ...
    # Subtest: refuses to loop without its required environment
    ok 7 - refuses to loop without its required environment
      ---
      duration_ms: 2.989165
      type: 'test'
      ...
    # Subtest: refuses to loop without a gh token — no immortal never-pulsing loop
    ok 8 - refuses to loop without a gh token — no immortal never-pulsing loop
      ---
      duration_ms: 2.425105
      type: 'test'
      ...
    # Subtest: refuses a GH_TOKEN-only launch — the pins drop that channel before gh
    ok 9 - refuses a GH_TOKEN-only launch — the pins drop that channel before gh
      ---
      duration_ms: 2.402327
      type: 'test'
      ...
    # Subtest: refuses to loop without TRUSTED_PATH — no tick on an unpinned PATH
    ok 10 - refuses to loop without TRUSTED_PATH — no tick on an unpinned PATH
      ---
      duration_ms: 2.233417
      type: 'test'
      ...
    # Subtest: refuses to loop when a BODY var is missing — no immortal unpulsing loop
    ok 11 - refuses to loop when a BODY var is missing — no immortal unpulsing loop
      ---
      duration_ms: 2.139862
      type: 'test'
      ...
    # Subtest: self-exits at the age cap
    ok 12 - self-exits at the age cap
      ---
      duration_ms: 1005.596794
      type: 'test'
      ...
    # Subtest: stops on the heartbeat-stop marker
    ok 13 - stops on the heartbeat-stop marker
      ---
      duration_ms: 1007.364519
      type: 'test'
      ...
    # Subtest: keeps pulsing through a failing gh
    ok 14 - keeps pulsing through a failing gh
      ---
      duration_ms: 2106.714943
      type: 'test'
      ...
    # Subtest: pins the tick PATH from TRUSTED_PATH — a plant ahead of it is never resolved
    ok 15 - pins the tick PATH from TRUSTED_PATH — a plant ahead of it is never resolved
      ---
      duration_ms: 1104.235069
      type: 'test'
      ...
    # Subtest: pins gh hermetically for every tick — a fresh config dir per call, removed after
    ok 16 - pins gh hermetically for every tick — a fresh config dir per call, removed after
      ---
      duration_ms: 3037.834984
      type: 'test'
      ...
    # Subtest: skips the tick on a failed config mint — never gh against a shared config
    ok 17 - skips the tick on a failed config mint — never gh against a shared config
      ---
      duration_ms: 2105.855865
      type: 'test'
      ...
    # Subtest: the failed-mint gate failure carries the observed log state
    ok 18 - the failed-mint gate failure carries the observed log state
      ---
      duration_ms: 302.136615
      type: 'test'
      ...
    # Subtest: stamps each tick in flight around the gh call and clears it after
    ok 19 - stamps each tick in flight around the gh call and clears it after
      ---
      duration_ms: 3037.008657
      type: 'test'
      ...
    # Subtest: a session kill empties the whole loop even when it lands mid-tick
    ok 20 - a session kill empties the whole loop even when it lands mid-tick
      ---
      duration_ms: 1215.589074
      type: 'test'
      ...
    # Subtest: a planted FIFO at heartbeat.pid cannot block the loop past the bounded read
    ok 21 - a planted FIFO at heartbeat.pid cannot block the loop past the bounded read
      ---
      duration_ms: 6007.131541
      type: 'test'
      ...
    # Subtest: a planted endless stream at heartbeat.pid cannot unbound the pid read
    ok 22 - a planted endless stream at heartbeat.pid cannot unbound the pid read
      ---
      duration_ms: 1007.485696
      type: 'test'
      ...
    # Subtest: a planted FIFO at heartbeat-tick-inflight cannot block the loop past the bounded write
    ok 23 - a planted FIFO at heartbeat-tick-inflight cannot block the loop past the bounded write
      ---
      duration_ms: 6020.453394
      type: 'test'
      ...
    1..23
ok 2 - autofix-status-heartbeat loop
  ---
  duration_ms: 37110.579499
  type: 'suite'
  ...
1..2
# tests 30
# suites 2
# pass 30
# fail 0
# cancelled 0
# skipped 0
# todo 0
# duration_ms 37173.497435
