=== 14:22:12 cancelq-merge-2 node=v22.23.2 arm=merge (886eb4b9f2) runner=rig args= load=23.18 25.34 25.98
RIG_ARM=merge
RIG_CANCEL=B@12000
RIG_FIRST_B_MS=3000
RIG_FOLLOWUP=B
RIG_HOLD_A_MS=30000
RIG_LOG_DIR=/Users/wenshao/pr13366-rig/out/runs/cancelq-merge-2
RIG_SCENARIO=cancel-queued
RIG_TAP=1
[rig] {"t":194,"what":"created","label":"A","session":"2008078e-6d31-47cc-8309-e89f6f3045a5"}
[rig] {"t":216,"what":"created","label":"B","session":"7692c9e8-09d5-46ac-9b91-fb8b08908768"}
[rig] {"t":942,"what":"lease","row":"c2227c9e-3415-434b-822c-09cfc47453f7 1"}
[rig] {"t":12038,"what":"cancel","label":"B","turn":"turn_f455f3b0d8f3437793d0b99241646120","turnStatus":"running","status":202,"body":"{\"session_id\":\"7692c9e8-09d5-46ac-9b91-fb8b08908768\",\"turn_id\":\"turn_f455f3b0d8f3437793d0b99241646120\",\"status\":\"accepted\",\"replayed\":false}"}
[rig] {"t":12214,"what":"terminal","label":"B","type":"turn.cancelled","data":"{\"stopReason\":\"cancelled\"}"}
[rig] {"t":31243,"what":"lease","row":"- -"}
[rig] {"t":31448,"what":"terminal","label":"A","type":"turn.completed","data":"{\"stopReason\":\"end_turn\"}"}
[rig] {"t":31459,"what":"followup","label":"B2","status":202}
[rig] {"t":31613,"what":"lease","row":"080dd0d5-b70a-4f8d-97e2-42d18585130d 1"}
[rig] {"t":32109,"what":"lease","row":"- -"}
[rig] {"t":32298,"what":"terminal","label":"B2","type":"turn.completed","data":"{\"stopReason\":\"end_turn\"}"}
RIG_RESULT {"arm":"merge","scenario":"cancel-queued","order":["A","B"],"terminals":{"A":{"type":"turn.completed","atMs":31448,"text":"SECOND_SESSION_A_DONE"},"B":{"type":"turn.cancelled","atMs":12214,"text":""},"B2":{"type":"turn.completed","atMs":32298,"text":"SECOND_SESSION_B2_DONE"}},"turns":{"A":[{"status":"completed"}],"B":[{"status":"completed"},{"status":"cancelled"}]},"files":{"A":"SECOND_A","B":null,"B2":"SECOND_B2"},"crossTalk":false,"queueNotices":1,"turnFailures":[],"toolExecutions":["SETTLED:2"],"finalLease":"- -","timeline":[{"t":194,"what":"created","label":"A","session":"2008078e-6d31-47cc-8309-e89f6f3045a5"},{"t":216,"what":"created","label":"B","session":"7692c9e8-09d5-46ac-9b91-fb8b08908768"},{"t":942,"what":"lease","row":"c2227c9e-3415-434b-822c-09cfc47453f7 1"},{"t":12038,"what":"cancel","label":"B","turn":"turn_f455f3b0d8f3437793d0b99241646120","turnStatus":"running","status":202,"body":"{\"session_id\":\"7692c9e8-09d5-46ac-9b91-fb8b08908768\",\"turn_id\":\"turn_f455f3b0d8f3437793d0b99241646120\",\"status\":\"accepted\",\"replayed\":false}"},{"t":12214,"what":"terminal","label":"B","type":"turn.cancelled","data":"{\"stopReason\":\"cancelled\"}"},{"t":31243,"what":"lease","row":"- -"},{"t":31448,"what":"terminal","label":"A","type":"turn.completed","data":"{\"stopReason\":\"end_turn\"}"},{"t":31459,"what":"followup","label":"B2","status":202},{"t":31613,"what":"lease","row":"080dd0d5-b70a-4f8d-97e2-42d18585130d 1"},{"t":32109,"what":"lease","row":"- -"},{"t":32298,"what":"terminal","label":"B2","type":"turn.completed","data":"{\"stopReason\":\"end_turn\"}"}]}
[cancelq-merge-2] exit=0 wall=43s
