# p1-delete  db=t6 arm=h6  2026-10-07T05:16:07.336Z
PASS  [public-0-muxnmzbo] setup: both Sessions ACTIVE with live workers  -> {"s":{"binding":"22a6ad99-0d63-49ae-8256-3f70505ddbff","bstate":"READY","rid":"09038d59b4a5","pid":543,"regState":"READY","regFiles":"json,lock,ready","pidAlive":true},"n":{"binding":"6abc21a9-6fa2-4280-a73e-7ecb25b990c7","bstate":"READY","rid":"5510ab7aadff","pid":547,"regState":"READY","regFiles":"json,lock,ready","pidAlive":true}}
PASS  [public-0-muxnmzbo] capability delete=true  -> {"close":true,"archive":false,"unarchive":false,"delete":true,"lifecycle":false}
PASS  [public-0-muxnmzbo] DELETE accepted 202 with operation  -> 202 op=op_6a12f816ccad45c9bbedf044d4ab3d17 
PASS  [public-0-muxnmzbo] operation completed  -> completed after 168 ms
PASS  [public-0-muxnmzbo] op row COMPLETED proto=1 effects receipt saved, receipt id  -> {"kind":"DELETE","state":"COMPLETED","delivery":"CONFIRMED","before_":"ACTIVE","receipt":"rcpt_528083e57d294fe6b273be3988ad5f58","gen":1,"attempts":0,"err":"","proto":1,"effects":1}
PASS  [public-0-muxnmzbo] Session DELETED tombstone (deleted_at set)  -> {"mid":"DELETING","final":"DELETED","deleted_at":1791350173874}
PASS  [public-0-muxnmzbo] retirement row written  -> [{"op":"op_6a12f816ccad45c9bbedf044d4ab3d17","generation":1}]
PASS  [public-0-muxnmzbo] original worker stopped (pid gone), registration RETIRED, binding RELEASED with drain receipt  -> {"w0pid":543,"w1":{"binding":"22a6ad99-0d63-49ae-8256-3f70505ddbff","bstate":"RELEASED","rid":"09038d59b4a5","pid":543,"regState":"RETIRED","regFiles":"json,lock,ready","pidAlive":false},"binds":[{"state":"RELEASED","stopEv":0,"drainRcpt":1}]}
PASS  [public-0-muxnmzbo] Session hidden after delete (404)  -> 404 session_not_found
PASS  [public-0-muxnmzbo] completed operation still readable  -> 200 completed
PASS  [public-0-muxnmzbo] Harness wire: lifecycle-authorized detach, no legacy DELETE /session (no-catalog Session: no-Hook receipt from Store, no /lifecycle call)  -> ["POST /session/:id/detach -> 204 auth=op_6a12f816/g1"]
PASS  [public-0-muxnmzbo] replay same key -> same operation  -> 202 op_6a12f816ccad45c9bbedf044d4ab3d17 replay=undefined
PASS  [public-0-muxnmzbo] shared files intact (deleted Session's file + neighbour's file)
PASS  [public-0-muxnmzbo] neighbour unaffected: worker alive, new Turn completes, new file written  -> {"nw1":{"binding":"6abc21a9-6fa2-4280-a73e-7ecb25b990c7","bstate":"READY","rid":"5510ab7aadff","pid":547,"regState":"READY","regFiles":"json,lock,ready","pidAlive":true},"input":202,"last":{"turn_id":"turn_6fd543e12df843edae60c550b8c4bcfd","status":"COMPLETED","err":""}}
NOTE  [public-0-muxnmzbo] last events  -> ["item.output_text.delta","turn.completed","session.delete.requested","session.deleted"]
PASS  [public-1-muxnn5wt] setup: both Sessions ACTIVE with live workers  -> {"s":{"binding":"3ad92fee-bf1d-4840-9999-8143a13d6be0","bstate":"READY","rid":"312f65fe065a","pid":593,"regState":"READY","regFiles":"json,lock,ready","pidAlive":true},"n":{"binding":"2077cff3-95a8-4b7a-a04e-39478c905635","bstate":"READY","rid":"df0b3e3870be","pid":594,"regState":"READY","regFiles":"json,lock,ready","pidAlive":true}}
PASS  [public-1-muxnn5wt] capability delete=true  -> {"close":true,"archive":false,"unarchive":false,"delete":true,"lifecycle":false}
PASS  [public-1-muxnn5wt] DELETE accepted 202 with operation  -> 202 op=op_fea5b64c40554835bf3b07778ca7a248 
PASS  [public-1-muxnn5wt] operation completed  -> completed after 162 ms
PASS  [public-1-muxnn5wt] op row COMPLETED proto=1 effects receipt saved, receipt id  -> {"kind":"DELETE","state":"COMPLETED","delivery":"CONFIRMED","before_":"ACTIVE","receipt":"rcpt_3ff7577e09fe41bab106e589da24de99","gen":1,"attempts":0,"err":"","proto":1,"effects":1}
PASS  [public-1-muxnn5wt] Session DELETED tombstone (deleted_at set)  -> {"mid":"DELETING","final":"DELETED","deleted_at":1791350178884}
PASS  [public-1-muxnn5wt] retirement row written  -> [{"op":"op_fea5b64c40554835bf3b07778ca7a248","generation":1}]
PASS  [public-1-muxnn5wt] original worker stopped (pid gone), registration RETIRED, binding RELEASED with drain receipt  -> {"w0pid":593,"w1":{"binding":"3ad92fee-bf1d-4840-9999-8143a13d6be0","bstate":"RELEASED","rid":"312f65fe065a","pid":593,"regState":"RETIRED","regFiles":"json,lock,ready","pidAlive":false},"binds":[{"state":"RELEASED","stopEv":0,"drainRcpt":1}]}
PASS  [public-1-muxnn5wt] Session hidden after delete (404)  -> 404 session_not_found
PASS  [public-1-muxnn5wt] completed operation still readable  -> 200 completed
PASS  [public-1-muxnn5wt] Harness wire: lifecycle-authorized detach, no legacy DELETE /session (no-catalog Session: no-Hook receipt from Store, no /lifecycle call)  -> ["POST /session/:id/detach -> 204 auth=op_fea5b64c/g1"]
PASS  [public-1-muxnn5wt] replay same key -> same operation  -> 202 op_fea5b64c40554835bf3b07778ca7a248 replay=undefined
PASS  [public-1-muxnn5wt] shared files intact (deleted Session's file + neighbour's file)
PASS  [public-1-muxnn5wt] neighbour unaffected: worker alive, new Turn completes, new file written  -> {"nw1":{"binding":"2077cff3-95a8-4b7a-a04e-39478c905635","bstate":"READY","rid":"df0b3e3870be","pid":594,"regState":"READY","regFiles":"json,lock,ready","pidAlive":true},"input":202,"last":{"turn_id":"turn_9f56c449cb0743cd9a992126b7e41237","status":"COMPLETED","err":""}}
NOTE  [public-1-muxnn5wt] last events  -> ["item.output_text.delta","turn.completed","session.delete.requested","session.deleted"]
PASS  [web-0-muxnn9do] setup: both Sessions ACTIVE with live workers  -> {"s":{"binding":"04c0b35d-64c9-4752-ba59-9fa7c1ee31d4","bstate":"READY","rid":"4af36ba8d9c6","pid":622,"regState":"READY","regFiles":"json,lock,ready","pidAlive":true},"n":{"binding":"18c16059-7b00-494d-a1e9-6096ebda941a","bstate":"READY","rid":"9d4ea8c4903f","pid":623,"regState":"READY","regFiles":"json,lock,ready","pidAlive":true}}
PASS  [web-0-muxnn9do] capability delete=true  -> {"close":true,"archive":false,"unarchive":false,"delete":true}
PASS  [web-0-muxnn9do] DELETE accepted 202 with operation  -> 202 op=op_58a74b6857fc4bfb9a673d0b33d7ea21 
PASS  [web-0-muxnn9do] operation completed  -> completed after 173 ms
PASS  [web-0-muxnn9do] op row COMPLETED proto=1 effects receipt saved, receipt id  -> {"kind":"DELETE","state":"COMPLETED","delivery":"CONFIRMED","before_":"ACTIVE","receipt":"rcpt_0ed6cdf1b54b4a3f91a29f50ebe8effb","gen":1,"attempts":0,"err":"","proto":1,"effects":1}
PASS  [web-0-muxnn9do] Session DELETED tombstone (deleted_at set)  -> {"mid":"DELETING","final":"DELETED","deleted_at":1791350183609}
PASS  [web-0-muxnn9do] retirement row written  -> [{"op":"op_58a74b6857fc4bfb9a673d0b33d7ea21","generation":1}]
PASS  [web-0-muxnn9do] original worker stopped (pid gone), registration RETIRED, binding RELEASED with drain receipt  -> {"w0pid":622,"w1":{"binding":"04c0b35d-64c9-4752-ba59-9fa7c1ee31d4","bstate":"RELEASED","rid":"4af36ba8d9c6","pid":622,"regState":"RETIRED","regFiles":"json,lock,ready","pidAlive":false},"binds":[{"state":"RELEASED","stopEv":0,"drainRcpt":1}]}
PASS  [web-0-muxnn9do] Session hidden after delete (404)  -> 404 session_not_found
PASS  [web-0-muxnn9do] completed operation still readable  -> 200 completed
PASS  [web-0-muxnn9do] Harness wire: lifecycle-authorized detach, no legacy DELETE /session (no-catalog Session: no-Hook receipt from Store, no /lifecycle call)  -> ["POST /session/:id/detach -> 204 auth=op_58a74b68/g1"]
PASS  [web-0-muxnn9do] replay same key -> same operation  -> 202 op_58a74b6857fc4bfb9a673d0b33d7ea21 replay=undefined
PASS  [web-0-muxnn9do] shared files intact (deleted Session's file + neighbour's file)
PASS  [web-0-muxnn9do] neighbour unaffected: worker alive, new Turn completes, new file written  -> {"nw1":{"binding":"18c16059-7b00-494d-a1e9-6096ebda941a","bstate":"READY","rid":"9d4ea8c4903f","pid":623,"regState":"READY","regFiles":"json,lock,ready","pidAlive":true},"input":202,"last":{"turn_id":"turn_dcf6738cc0224f9fb18111c1b2575711","status":"COMPLETED","err":""}}
NOTE  [web-0-muxnn9do] last events  -> ["item.output_text.delta","turn.completed","session.delete.requested","session.deleted"]
PASS  [web-1-muxnnd0v] setup: both Sessions ACTIVE with live workers  -> {"s":{"binding":"af4b3342-5bc5-426c-85d3-2f182aaf5cbb","bstate":"READY","rid":"beb7157c3004","pid":650,"regState":"READY","regFiles":"json,lock,ready","pidAlive":true},"n":{"binding":"0fa29ae8-1bab-4f3d-9f0b-45dba342745e","bstate":"READY","rid":"2589e2a23352","pid":651,"regState":"READY","regFiles":"json,lock,ready","pidAlive":true}}
PASS  [web-1-muxnnd0v] capability delete=true  -> {"close":true,"archive":false,"unarchive":false,"delete":true}
PASS  [web-1-muxnnd0v] DELETE accepted 202 with operation  -> 202 op=op_3c7fa682e30844049c30270b06046991 
PASS  [web-1-muxnnd0v] operation completed  -> completed after 164 ms
PASS  [web-1-muxnnd0v] op row COMPLETED proto=1 effects receipt saved, receipt id  -> {"kind":"DELETE","state":"COMPLETED","delivery":"CONFIRMED","before_":"ACTIVE","receipt":"rcpt_7c141cca691a4c3e9a7febd417a9ed89","gen":1,"attempts":0,"err":"","proto":1,"effects":1}
PASS  [web-1-muxnnd0v] Session DELETED tombstone (deleted_at set)  -> {"mid":"DELETING","final":"DELETED","deleted_at":1791350187919}
PASS  [web-1-muxnnd0v] retirement row written  -> [{"op":"op_3c7fa682e30844049c30270b06046991","generation":1}]
PASS  [web-1-muxnnd0v] original worker stopped (pid gone), registration RETIRED, binding RELEASED with drain receipt  -> {"w0pid":650,"w1":{"binding":"af4b3342-5bc5-426c-85d3-2f182aaf5cbb","bstate":"RELEASED","rid":"beb7157c3004","pid":650,"regState":"RETIRED","regFiles":"json,lock,ready","pidAlive":false},"binds":[{"state":"RELEASED","stopEv":0,"drainRcpt":1}]}
PASS  [web-1-muxnnd0v] Session hidden after delete (404)  -> 404 session_not_found
PASS  [web-1-muxnnd0v] completed operation still readable  -> 200 completed
PASS  [web-1-muxnnd0v] Harness wire: lifecycle-authorized detach, no legacy DELETE /session (no-catalog Session: no-Hook receipt from Store, no /lifecycle call)  -> ["POST /session/:id/detach -> 204 auth=op_3c7fa682/g1"]
PASS  [web-1-muxnnd0v] replay same key -> same operation  -> 202 op_3c7fa682e30844049c30270b06046991 replay=undefined
PASS  [web-1-muxnnd0v] shared files intact (deleted Session's file + neighbour's file)
PASS  [web-1-muxnnd0v] neighbour unaffected: worker alive, new Turn completes, new file written  -> {"nw1":{"binding":"0fa29ae8-1bab-4f3d-9f0b-45dba342745e","bstate":"READY","rid":"2589e2a23352","pid":651,"regState":"READY","regFiles":"json,lock,ready","pidAlive":true},"input":202,"last":{"turn_id":"turn_ee672890052d41a7914f2ac3b80d0d69","status":"COMPLETED","err":""}}
NOTE  [web-1-muxnnd0v] last events  -> ["item.output_text.delta","turn.completed","session.delete.requested","session.deleted"]
== p1-delete: 56 passed, 0 failed
