closed-extra-keys            killed    Tests  12 failed | 500 passed (512) (4.7s)
closed-prototype             killed    Tests  1 failed | 511 passed (512) (4.7s)
list-max+1                   killed    Tests  6 failed | 506 passed (512) (4.6s)
count-min-1                  killed    Tests  9 failed | 503 passed (512) (4.7s)
count-max+1                  killed    Tests  6 failed | 506 passed (512) (4.6s)
generation-bound             killed    Tests  1 failed | 511 passed (512) (4.6s)
ref-schemaVersion            killed    Tests  3 failed | 509 passed (512) (5.4s)
ref-kind                     killed    Tests  4 failed | 508 passed (512) (5.0s)
ref-min-bytes                killed    Tests  2 failed | 510 passed (512) (4.9s)
exit-max                     killed    Tests  1 failed | 511 passed (512) (4.7s)
exit-min                     killed    Tests  1 failed | 511 passed (512) (4.8s)
mime-length                  killed    Tests  1 failed | 511 passed (512) (4.8s)
ranges-any-state             killed    Tests  2 failed | 510 passed (512) (4.8s)
range-end-equal              killed    Tests  1 failed | 511 passed (512) (4.9s)
range-start-le               killed    Tests  1 failed | 511 passed (512) (4.8s)
pageref-max-bytes            killed    Tests  1 failed | 511 passed (512) (4.8s)
pageref-min-bytes            killed    Tests  1 failed | 511 passed (512) (4.9s)
ref-body-open                killed    Tests  1 failed | 511 passed (512) (4.9s)
ref-body-length              killed    Tests  1 failed | 511 passed (512) (4.9s)
ref-body-digest              killed    Tests  1 failed | 511 passed (512) (4.9s)
pages-sum-le                 killed    Tests  2 failed | 510 passed (512) (4.8s)
implied-empty-complete       killed    Tests  2 failed | 510 passed (512) (4.9s)
implied-unavailable-bytes    killed    Tests  1 failed | 511 passed (512) (4.9s)
roles-unique-stream          killed    Tests  1 failed | 511 passed (512) (4.7s)
roles-once                   killed    Tests  3 failed | 509 passed (512) (4.9s)
roles-pty-scope              killed    Tests  1 failed | 511 passed (512) (5.0s)
roles-native-scope           killed    Tests  1 failed | 511 passed (512) (4.8s)
exit-native-signal           killed    Tests  1 failed | 511 passed (512) (4.8s)
exit-process-both            killed    Tests  1 failed | 511 passed (512) (4.7s)
reason-pending               killed    Tests  4 failed | 508 passed (512) (4.6s)
status-implied               killed    Tests  12 failed | 500 passed (512) (4.6s)
revision-min0                killed    Tests  5 failed | 507 passed (512) (4.6s)
bytes-bound                  SURVIVED  Tests  512 passed (512) (7.7s)
page-empty                   killed    Tests  1 failed | 511 passed (512) (4.8s)
page-last-ordinal            killed    Tests  1 failed | 511 passed (512) (4.9s)
page-end-count               killed    Tests  1 failed | 511 passed (512) (4.6s)
at-capture                   killed    Tests  1 failed | 511 passed (512) (4.6s)
at-stream                    killed    Tests  1 failed | 511 passed (512) (4.6s)
at-offset                    killed    Tests  1 failed | 511 passed (512) (4.7s)
at-first-ordinal             killed    Tests  1 failed | 511 passed (512) (4.7s)
at-segment-count             killed    Tests  2 failed | 510 passed (512) (4.9s)
desc-mime                    killed    Tests  1 failed | 511 passed (512) (4.8s)
desc-role                    killed    Tests  1 failed | 511 passed (512) (4.5s)
desc-final-unchanged         killed    Tests  3 failed | 509 passed (512) (4.5s)
desc-fewer-pages             killed    Tests  2 failed | 510 passed (512) (4.6s)
desc-same-length-digest      killed    Tests  1 failed | 511 passed (512) (4.7s)
desc-last-segments           killed    Tests  1 failed | 511 passed (512) (4.6s)
desc-last-bytes              killed    Tests  1 failed | 511 passed (512) (4.7s)
desc-earlier-pages           killed    Tests  1 failed | 511 passed (512) (4.6s)
desc-keeps-pages             killed    Tests  1 failed | 511 passed (512) (4.6s)
succ-final                   killed    Tests  2 failed | 510 passed (512) (4.6s)
succ-revision                killed    Tests  1 failed | 511 passed (512) (4.6s)
succ-fixed                   killed    Tests  9 failed | 503 passed (512) (4.6s)
succ-truncated               killed    Tests  1 failed | 511 passed (512) (4.6s)
succ-fewer-contents          killed    Tests  1 failed | 511 passed (512) (4.6s)
succ-outcome                 killed    Tests  5 failed | 507 passed (512) (4.6s)
succ-exit-code               killed    Tests  1 failed | 511 passed (512) (4.6s)
fixed-policy                 killed    Tests  1 failed | 511 passed (512) (4.6s)
fixed-generation             killed    Tests  1 failed | 511 passed (512) (4.6s)
psucc-first                  killed    Tests  1 failed | 511 passed (512) (4.6s)
psucc-offset                 killed    Tests  1 failed | 511 passed (512) (4.5s)
psucc-digest                 killed    Tests  1 failed | 511 passed (512) (4.5s)
psucc-stream                 killed    Tests  1 failed | 511 passed (512) (4.5s)
cap-reason                   killed    Tests  3 failed | 509 passed (512) (4.5s)
cap-manifest-required        killed    Tests  2 failed | 510 passed (512) (4.5s)
cap-manifest-limit           killed    Tests  2 failed | 510 passed (512) (4.6s)
env-not-started              killed    Tests  2 failed | 510 passed (512) (4.6s)
env-error-empty              killed    Tests  2 failed | 510 passed (512) (4.6s)
envof-status                 killed    Tests  2 failed | 510 passed (512) (4.6s)
envof-reason                 killed    Tests  1 failed | 511 passed (512) (4.5s)
envof-capture                killed    Tests  1 failed | 511 passed (512) (4.6s)
pub-digest                   killed    Tests  2 failed | 510 passed (512) (4.5s)
pub-idempotent               killed    Tests  3 failed | 509 passed (512) (4.5s)
pub-sealed-ge                killed    Tests  2 failed | 510 passed (512) (4.6s)
pub-max-bytes                killed    Tests  1 failed | 511 passed (512) (4.6s)
pub-ordinal-max              killed    Tests  1 failed | 511 passed (512) (4.6s)
pub-stores-mismatch          killed    Tests  1 failed | 511 passed (512) (4.6s)
seal-repeat                  killed    Tests  1 failed | 511 passed (512) (4.6s)
seal-count                   killed    Tests  2 failed | 510 passed (512) (4.6s)
seal-extra                   killed    Tests  1 failed | 511 passed (512) (4.6s)
seal-length                  killed    Tests  1 failed | 511 passed (512) (4.6s)
seal-digest                  killed    Tests  2 failed | 510 passed (512) (4.6s)
seal-max-count               killed    Tests  1 failed | 511 passed (512) (4.6s)
prefix-sealed                killed    Tests  5 failed | 507 passed (512) (4.6s)
prefix-gap                   killed    Tests  3 failed | 509 passed (512) (4.6s)
seal-refused-records         SURVIVED  Tests  512 passed (512) (7.6s)
killed 84/86; survivors: ['bytes-bound', 'seal-refused-records']
