# s5-sequence-batch  db=r4db  2026-10-01T08:43:39.440Z
PASS  create the Session  -> session=7cc9fb0a-bda9-43d2-9a24-3f83d454f0e4 UI_BATCH names=s5b-mupaerep-a.txt,s5b-mupaerep-b.txt,s5b-mupaerep-c.txt delay=5000
PASS  approval 1: requested Action is write_file; card shown  -> action=87a60a2d call=rig-call-0-0 card="? WriteFile write_file Apply this change? Reject Yes, allow once Tool arguments are unavailable for this approval."
PASS  approval 1: the card says the arguments are unavailable  -> card="? WriteFile write_file Apply this change? Reject Yes, allow once Tool arguments are unavailable for this approval."
NOTE  approval 1: are this call's arguments (batch-s5b-mupaerep-a.txt) visible?  -> no
PASS  approval 2: requested Action is write_file; card shown  -> action=91432dd6 call=rig-call-0-1 card="? WriteFile write_file Apply this change? Reject Yes, allow once Tool arguments are unavailable for this approval."
PASS  approval 2: the card says the arguments are unavailable  -> card="? WriteFile write_file Apply this change? Reject Yes, allow once Tool arguments are unavailable for this approval."
NOTE  approval 2: are this call's arguments (batch-s5b-mupaerep-b.txt) visible?  -> no
PASS  approval 3: requested Action is write_file; card shown  -> action=35fbf578 call=rig-call-0-2 card="? WriteFile write_file Apply this change? Reject Yes, allow once Tool arguments are unavailable for this approval."
PASS  approval 3: the card says the arguments are unavailable  -> card="? WriteFile write_file Apply this change? Reject Yes, allow once Tool arguments are unavailable for this approval."
NOTE  approval 3: are this call's arguments (batch-s5b-mupaerep-c.txt) visible?  -> no
PASS  the Turn completes after the last answer  -> status=COMPLETED 
PASS  the card is gone at the end
NOTE  Actions by state  -> [["decided","3"]]
PASS  one answer per approval, all accepted  -> responds=3 statuses=[202]
PASS  every answer targeted a different Action
NOTE  the three cards of the batch are identical  -> yes
PASS  allow / deny / allow: first and third written, second not  -> [true,false,true]
NOTE  final assistant text  -> UI_DONE rounds=1 results=["[{"type":"text","text":"Successfully created and wrote to new file: /Users/wenshao/pr13107-rig/run/r4db/ws/a/child/s5b-mupaerep-a.txt."}]
NOTE  actions/query calls by the page  -> 10
NOTE  console errors  -> []
== s5-sequence-batch: 12 passed, 0 failed
