harness pid=6764 up after 2s log=/Users/wenshao/pr13163-rig/run/x11/harness-0.log
spring up after 6s
stopped spring pid=6817 sig=TERM
stopped harness pid=6764 sig=TERM
stopped model pid=6734 sig=TERM
stopped tap pid=6735 sig=TERM
harness pid=7004 up after 2s log=/Users/wenshao/pr13163-rig/run/x11/harness-1.log
spring up after 4s
### [x11] c14 revoke
started 3d2be114-ef7a-4ac2-a337-dca4f076ab7f turn=turn_8fa231e5374549f8a3e196b9c585dc66 initial=COMPLETED mode=revoke
stopped spring pid=7052 sig=TERM
spring up after 4s
### [x11] c14-cold-cache.mjs cancel ws-krevoke-x11 a revoke
# c14-cold-cache-revoke-ws-krevoke-x11  db=x11  2026-10-07T08:19:20.591Z
NOTE  Turn before the cancel (after the Spring restart)  -> ["turn_8fa231e5374549f8a3e196b9c585dc66","RUNNING","","0"]
NOTE  creator cancel after the restart  -> 202 accepted
NOTE  Turn 90 s after the cancel  -> CANCELLING  (not terminal)
NOTE  POST /cancel calls reaching the Harness  -> []
NOTE  other Harness calls for the Session since the restart  -> ["POST /session/:id/prompt 202","POST /session/:id/load 409"]
NOTE  model request  -> still held / answered
NOTE  Turn 60 s after can_create was restored  -> CANCELLING  (not terminal)
NOTE  Workspace file  -> null
NOTE  Turn history  -> [["turn_21cccd0819764fc194026365fe252d0c","COMPLETED","","0"],["turn_8fa231e5374549f8a3e196b9c585dc66","CANCELLING","","7"]]
== c14-cold-cache-revoke-ws-krevoke-x11: 0 passed, 0 failed
stopped spring pid=7576 sig=TERM
stopped harness pid=7004 sig=TERM
stopped model pid=6983 sig=TERM
stopped tap pid=6984 sig=TERM
harness pid=10690 up after 2s log=/Users/wenshao/pr13163-rig/run/x11/harness-2.log
spring up after 4s
### [x11] c14 none
started 17ca1b1e-054e-4e85-8dcf-da83257a3f58 turn=turn_1860906f01d14c10b5d00ed50b614d17 initial=COMPLETED mode=none
stopped spring pid=10738 sig=TERM
spring up after 4s
### [x11] c14-cold-cache.mjs cancel ws-knone-x11 g none
# c14-cold-cache-none-ws-knone-x11  db=x11  2026-10-07T08:22:17.592Z
NOTE  Turn before the cancel (after the Spring restart)  -> ["turn_1860906f01d14c10b5d00ed50b614d17","RUNNING","","0"]
NOTE  creator cancel after the restart  -> 202 accepted
NOTE  Turn 90 s after the cancel  -> CANCELLING  (not terminal)
NOTE  POST /cancel calls reaching the Harness  -> []
NOTE  other Harness calls for the Session since the restart  -> ["POST /session/:id/prompt 202","POST /session/:id/load 409"]
NOTE  model request  -> still held / answered
NOTE  Turn 60 s after can_create was restored  -> CANCELLING  (not terminal)
NOTE  Workspace file  -> null
NOTE  Turn history  -> [["turn_6da25310e58e421e94e193903e6a50ca","COMPLETED","","0"],["turn_1860906f01d14c10b5d00ed50b614d17","CANCELLING","","7"]]
== c14-cold-cache-none-ws-knone-x11: 0 passed, 0 failed
stopped spring pid=11095 sig=TERM
stopped harness pid=10690 sig=TERM
stopped model pid=10666 sig=TERM
stopped tap pid=10667 sig=TERM
ARM11-DONE x 08:24:49
