# s3-approvals-ws-b  db=h1  2026-09-30T19:57:59.891Z
PASS  Session approval_mode = default  -> default
PASS  initial Turn asks for approval  -> tool_approval_c7ce34381a2de7fad95b59ee474cc163
PASS  creator allows -> 202  -> 202
PASS  initial Turn COMPLETED, a1.txt = FIRST  -> {"status":"COMPLETED","error":"","ms":459} FIRST
PASS  creator later Turn -> 202  -> 202 
PASS  later Turn asks for approval  -> tool_approval_517d2b8656519f787f88bb38a5716d4a
PASS  another creator-capable actor cannot answer (D6b creator rule)  -> 403 action_forbidden
PASS  creator allows; later Turn COMPLETED, a2.txt = SECOND  -> 202 {"status":"COMPLETED","error":"","ms":460} SECOND
PASS  third Turn waits for approval  -> tool_approval_de2026920089db84e977bc43652f126e
PASS  creator cancels the waiting Turn -> 202  -> 202 
PASS  waiting Turn ends CANCELLED  -> {"status":"CANCELLED","error":"","ms":261} after 282 ms
PASS  a3.txt was not written  -> null
NOTE  the pending Action after the cancel (state, receipt, digest)  -> ["cancelled"]
NOTE  public actions list after the cancel  -> []
PASS  answering the cancelled Turn's Action is refused  -> 409 action_cancelled
PASS  fourth Turn asks for approval (Workspace free after the cancel)  -> 202 tool_approval_0b08dce8dd9acfd135164408851159c5
PASS  fourth Turn COMPLETED, a4.txt = FOURTH  -> {"status":"COMPLETED","error":"","ms":713} FOURTH
NOTE  Turn history  -> [["turn_0088a1a8d9e94b1fb2f0b7f0b70b69c9","COMPLETED","","0"],["turn_d56367c610d24a1092bbf26632968bf2","COMPLETED","","0"],["turn_675fb1e5394d402ea978d63491f6a6e0","CANCELLED","","0"],["turn_f8fc555289284f39b7957a17056c6390","COMPLETED","","0"]]
== s3-approvals-ws-b: 15 passed, 0 failed
