r1-base-s1-ok-window (3.5s): MODEL RECEIVED 2,500 chars | head-only <persisted-output> stub | last row 000026 | TAIL-STATUS NO | Exit Code NOT PRESENT
r1-head-s1-ok-window (3.4s): MODEL RECEIVED 28,679 chars | whole body | last row 000385 | TAIL-STATUS yes | Exit Code 0
r1-base-s2-fail-window (3.3s): MODEL RECEIVED 2,504 chars | head-only <persisted-output> stub | last row 000026 | TAIL-STATUS NO | Exit Code NOT PRESENT
r1-head-s2-fail-window (3.5s): MODEL RECEIVED 28,693 chars | whole body | last row 000385 | TAIL-STATUS yes | Exit Code 3
r1-base-s3-small (3.3s): MODEL RECEIVED 407 chars | whole body | last row 000003 | TAIL-STATUS yes | Exit Code 0
r1-head-s3-small (3.3s): MODEL RECEIVED 407 chars | whole body | last row 000003 | TAIL-STATUS yes | Exit Code 0
r1-base-s4-far-over (3.5s): MODEL RECEIVED 4,506 chars | head+tail preview | last row 000880 | TAIL-STATUS yes | Exit Code 2
r1-head-s4-far-over (3.4s): MODEL RECEIVED 4,506 chars | head+tail preview | last row 000880 | TAIL-STATUS yes | Exit Code 2
r1-base-s5-timeout-window (6.2s): MODEL RECEIVED 2,465 chars | head-only <persisted-output> stub | last row 000025 | TAIL-STATUS NO | Exit Code NOT PRESENT
r1-head-s5-timeout-window (6.2s): MODEL RECEIVED 28,655 chars | whole body | last row 000385 | TAIL-STATUS yes | Exit Code NOT PRESENT
r1-base-s5b-timeout-far-over (6.2s): MODEL RECEIVED 4,517 chars | head+tail preview | last row 000880 | TAIL-STATUS yes | Exit Code NOT PRESENT
r1-head-s5b-timeout-far-over (6.2s): MODEL RECEIVED 4,517 chars | head+tail preview | last row 000880 | TAIL-STATUS yes | Exit Code NOT PRESENT
r1-base-s6-below-gate (3.4s): MODEL RECEIVED 26,103 chars | whole body | last row 000350 | TAIL-STATUS yes | Exit Code 4
r1-head-s6-below-gate (3.3s): MODEL RECEIVED 26,103 chars | whole body | last row 000350 | TAIL-STATUS yes | Exit Code 4
r1-base-s7-slow-band (5.8s): MODEL RECEIVED 2,505 chars | head-only <persisted-output> stub | last row 000026 | TAIL-STATUS NO | Exit Code NOT PRESENT
r1-head-s7-slow-band (5.8s): MODEL RECEIVED 5,146 chars | head+tail preview | last row 000400 | TAIL-STATUS yes | Exit Code 0 | advisory yes
r1-base-s7b-slow-fits (5.8s): MODEL RECEIVED 2,507 chars | head-only <persisted-output> stub | last row 000026 | TAIL-STATUS NO | Exit Code NOT PRESENT
r1-head-s7b-slow-fits (5.7s): MODEL RECEIVED 29,320 chars | whole body | last row 000385 | TAIL-STATUS yes | Exit Code 0 | advisory yes
r1-base-s8-slow-oneline-band (5.8s): MODEL RECEIVED 594 chars | head-only <persisted-output> stub | last row - | TAIL-STATUS NO | Exit Code NOT PRESENT
r1-head-s8-slow-oneline-band (5.7s): MODEL RECEIVED 5,153 chars | head+tail preview | last row 000400 | TAIL-STATUS yes | Exit Code 0 | advisory yes
r1-base-s2-t25k (3.2s): MODEL RECEIVED 4,502 chars | head+tail preview | last row 000385 | TAIL-STATUS yes | Exit Code 3
r1-head-s2-t25k (3.3s): MODEL RECEIVED 4,502 chars | head+tail preview | last row 000385 | TAIL-STATUS yes | Exit Code 3
r1-base-s2-hook (3.4s): MODEL RECEIVED 2,498 chars | head-only <persisted-output> stub | last row 000026 | TAIL-STATUS NO | Exit Code NOT PRESENT
r1-head-s2-hook (3.2s): MODEL RECEIVED 2,498 chars | head-only <persisted-output> stub | last row 000026 | TAIL-STATUS NO | Exit Code NOT PRESENT
r1-base-c1-t100-slow-fail (5.8s): MODEL RECEIVED 1,251 chars | head+tail preview | last row - | TAIL-STATUS NO | Exit Code NOT PRESENT | advisory yes
r1-noclamp-c1-t100-slow-fail (5.8s): MODEL RECEIVED 148,846 chars | whole body | last row 002000 | TAIL-STATUS yes | Exit Code 3 | advisory yes
r1-head-c1-t100-slow-fail (5.8s): MODEL RECEIVED 1,151 chars | head+tail preview | last row - | TAIL-STATUS NO | Exit Code NOT PRESENT | advisory yes
r1-base-c2-t100-slow-ok (5.8s): MODEL RECEIVED 1,249 chars | head+tail preview | last row - | TAIL-STATUS NO | Exit Code NOT PRESENT | advisory yes
r1-noclamp-c2-t100-slow-ok (7.0s): MODEL RECEIVED 615 chars | head+tail preview | last row - | TAIL-STATUS NO | Exit Code NOT PRESENT
r1-head-c2-t100-slow-ok (7.9s): MODEL RECEIVED 1,149 chars | head+tail preview | last row - | TAIL-STATUS NO | Exit Code NOT PRESENT | advisory yes
r1-base-c3-t100-fast-fail (6.2s): MODEL RECEIVED 614 chars | head+tail preview | last row - | TAIL-STATUS NO | Exit Code NOT PRESENT
r1-noclamp-c3-t100-fast-fail (6.4s): MODEL RECEIVED 617 chars | head+tail preview | last row - | TAIL-STATUS NO | Exit Code NOT PRESENT
r1-head-c3-t100-fast-fail (5.6s): MODEL RECEIVED 614 chars | head+tail preview | last row - | TAIL-STATUS NO | Exit Code NOT PRESENT
r1-base-c4-t600-slow-fail (6.0s): MODEL RECEIVED 1,751 chars | head+tail preview | last row 002000 | TAIL-STATUS yes | Exit Code 3 | advisory yes
r1-noclamp-c4-t600-slow-fail (6.4s): MODEL RECEIVED 148,846 chars | whole body | last row 002000 | TAIL-STATUS yes | Exit Code 3 | advisory yes
r1-head-c4-t600-slow-fail (6.9s): MODEL RECEIVED 1,151 chars | head+tail preview | last row - | TAIL-STATUS NO | Exit Code NOT PRESENT | advisory yes
8fb6d24cbce91cf0
