sw-base-slow-t300 (6.3s): MODEL RECEIVED 1,442 chars | head+tail preview | last row 002000 | TAIL-STATUS yes | Exit Code 3 | advisory yes
sw-head-slow-t300 (6.7s): MODEL RECEIVED 1,143 chars | head+tail preview | last row - | TAIL-STATUS NO | Exit Code NOT PRESENT | advisory yes
sw-base-slow-t600 (7.4s): MODEL RECEIVED 1,743 chars | head+tail preview | last row 002000 | TAIL-STATUS yes | Exit Code 3 | advisory yes
sw-head-slow-t600 (7.3s): MODEL RECEIVED 1,143 chars | head+tail preview | last row - | TAIL-STATUS NO | Exit Code NOT PRESENT | advisory yes
sw-base-slow-t700 (7.2s): MODEL RECEIVED 1,843 chars | head+tail preview | last row 002000 | TAIL-STATUS yes | Exit Code 3 | advisory yes
sw-head-slow-t700 (6.3s): MODEL RECEIVED 1,206 chars | head+tail preview | last row - | TAIL-STATUS NO | Exit Code NOT PRESENT | advisory yes
sw-base-slow-t800 (6.3s): MODEL RECEIVED 1,943 chars | head+tail preview | last row 002000 | TAIL-STATUS yes | Exit Code 3 | advisory yes
sw-head-slow-t800 (6.3s): MODEL RECEIVED 1,306 chars | head+tail preview | last row - | TAIL-STATUS NO | Exit Code 3 | advisory yes
sw-base-slow-t1000 (6.3s): MODEL RECEIVED 2,144 chars | head+tail preview | last row 002000 | TAIL-STATUS yes | Exit Code 3 | advisory yes
sw-head-slow-t1000 (6.4s): MODEL RECEIVED 1,507 chars | head+tail preview | last row 002000 | TAIL-STATUS yes | Exit Code 3 | advisory yes
sw-base-slow-t1300 (6.3s): MODEL RECEIVED 2,444 chars | head+tail preview | last row 002000 | TAIL-STATUS yes | Exit Code 3 | advisory yes
sw-head-slow-t1300 (6.3s): MODEL RECEIVED 1,807 chars | head+tail preview | last row 002000 | TAIL-STATUS yes | Exit Code 3 | advisory yes
sw-base-slow-t1600 (6.3s): MODEL RECEIVED 2,744 chars | head+tail preview | last row 002000 | TAIL-STATUS yes | Exit Code 3 | advisory yes
sw-head-slow-t1600 (6.3s): MODEL RECEIVED 2,107 chars | head+tail preview | last row 002000 | TAIL-STATUS yes | Exit Code 3 | advisory yes
sw-base-slow-t2000 (6.3s): MODEL RECEIVED 3,144 chars | head+tail preview | last row 002000 | TAIL-STATUS yes | Exit Code 3 | advisory yes
sw-head-slow-t2000 (6.3s): MODEL RECEIVED 2,507 chars | head+tail preview | last row 002000 | TAIL-STATUS yes | Exit Code 3 | advisory yes
sw-base-slow-t4000 (6.3s): MODEL RECEIVED 5,143 chars | head+tail preview | last row 002000 | TAIL-STATUS yes | Exit Code 3 | advisory yes
sw-head-slow-t4000 (6.3s): MODEL RECEIVED 4,507 chars | head+tail preview | last row 002000 | TAIL-STATUS yes | Exit Code 3 | advisory yes
sw-base-fast-t600 (3.7s): MODEL RECEIVED 1,106 chars | head+tail preview | last row 002000 | TAIL-STATUS yes | Exit Code 3
sw-head-fast-t600 (3.7s): MODEL RECEIVED 1,106 chars | head+tail preview | last row 002000 | TAIL-STATUS yes | Exit Code 3
sw-base-fast-t1000 (3.7s): MODEL RECEIVED 1,507 chars | head+tail preview | last row 002000 | TAIL-STATUS yes | Exit Code 3
sw-head-fast-t1000 (3.7s): MODEL RECEIVED 1,507 chars | head+tail preview | last row 002000 | TAIL-STATUS yes | Exit Code 3
SWEEP-DONE
