# c23-approve-retry-regen-restore-ws-a5  db=cb9  2026-10-08T09:42:02.240Z
PASS  initial Turn COMPLETED after approval
PASS  later Turn waits for approval  -> tool_approval_45c6f4d020fe86a17147c398ee3714d3
NOTE  approval answer (public)  -> 202 pending
NOTE  answer operation after 12000 ms under regen (state, error, attempts)  -> ["COMPLETED","","1"] settled at +1822 ms; states seen ["RUNNING","COMPLETED"]
NOTE  resolve calls reaching the Harness during the hold  -> ["-:200","respond:503","-:200"]
NOTE  Action row during the hold  -> ["decided","decision_532a542ab741e7bbd30b7adb2c6c0c8bda063df30e936cc11e5ce35293bffb0e"]
NOTE  Workspace file child/a2-22554.txt during the hold  -> null
FAIL  regen: structural change fails the answer terminally  -> ["COMPLETED","","1"]
FAIL  regen: nothing delivered to the Harness  -> delivered=1 file=null
NOTE  answer operation after the restore  -> ["COMPLETED","","1"] at +44 ms
NOTE  Action row after the restore  -> ["decided","decision_532a542ab741e7bbd30b7adb2c6c0c8bda063df30e936cc11e5ce35293bffb0e"]
NOTE  Turn after the restore  -> RUNNING  (not terminal)
NOTE  resolve calls reaching the Harness (all)  -> ["-:200","respond:503","-:200"]
NOTE  Workspace file child/a2-22554.txt / executions added  -> null / 0
FAIL  restore after a structural failure: the failed answer is not resurrected  -> ["COMPLETED","","1"] delivered=1 file=null
NOTE  cleanup cancel of the stranded Turn  -> 202 → CANCELLED at +257 ms
NOTE  Harness calls for the Session after the first 503 (method path status)  -> ["POST /session/:id/actions/:a/resolve respond:503","POST /session/:id/actions/:a/resolve 200","POST /session/:id/cancel 409","POST /session/:id/load 200"]
NOTE  Turn history  -> [["turn_ac018ae554fc4df09a704e850333b50c","COMPLETED","","0"],["turn_698857f2bef748e986adb3dbbb1be1bc","CANCELLED","","0"]]
== c23-approve-retry-regen-restore-ws-a5: 2 passed, 3 failed
