# c23-approve-retry-draining-restore-ws-a3  db=cb9  2026-10-08T09:40:12.640Z
PASS  initial Turn COMPLETED after approval
PASS  later Turn waits for approval  -> tool_approval_206499c9b83f3cc3749ed483f0ea65ef
NOTE  approval answer (public)  -> 202 pending
NOTE  answer operation after 12000 ms under draining (state, error, attempts)  -> ["COMPLETED","","1"] settled at +1834 ms; states seen ["RUNNING","COMPLETED"]
NOTE  resolve calls reaching the Harness during the hold  -> ["-:200","respond:503","-:200"]
NOTE  Action row during the hold  -> ["decided","decision_46796622eaf80636eca80439e09c8b28125a97efd858765ad7367679f381af07"]
NOTE  Workspace file child/a2-12879.txt during the hold  -> null
FAIL  draining: answer stays retryable (PENDING, not FAILED) while the state is changed  -> ["COMPLETED","","1"]
FAIL  draining: nothing delivered to the Harness while the state is changed  -> delivered=1 file=null
NOTE  answer operation after the restore  -> ["COMPLETED","","1"] at +45 ms
NOTE  Action row after the restore  -> ["decided","decision_46796622eaf80636eca80439e09c8b28125a97efd858765ad7367679f381af07"]
NOTE  Turn after the restore  -> RUNNING  (not terminal)
NOTE  resolve calls reaching the Harness (all)  -> ["-:200","respond:503","-:200"]
NOTE  Workspace file child/a2-12879.txt / executions added  -> null / 0
PASS  restore: the committed answer is delivered (op COMPLETED, Action decided)  -> ["COMPLETED","","1"] ["decided","decision_46796622eaf80636eca80439e09c8b28125a97efd858765ad7367679f381af07"]
PASS  restore: exactly one successful resolve reached the Harness  -> ["-:200","respond:503","-:200"]
FAIL  restore: the Turn completes and the approved write lands  -> RUNNING file=null
NOTE  cleanup cancel of the stranded Turn  -> 202 → CANCELLED at +535 ms
NOTE  Harness calls for the Session after the first 503 (method path status)  -> ["POST /session/:id/actions/:a/resolve respond:503","POST /session/:id/actions/:a/resolve 200","POST /session/:id/cancel 409","POST /session/:id/load 200"]
NOTE  Turn history  -> [["turn_79dc1af7f17d46c28bb3206f4ca7a35b","COMPLETED","","0"],["turn_1cc93e7e4bf84e208c829f3c19508d53","CANCELLED","","0"]]
== c23-approve-retry-draining-restore-ws-a3: 4 passed, 3 failed
