=== ARM=head4 node s2b-lease.mjs ws-t9d t yes SIGTERM 04:00:55
NOTE  lease before  -> <no row>
PASS  A (hooks=yes) turn 1 completes  -> admit=202 terminal=turn_complete(end_turn) recoveryBlocked=false 1683ms
NOTE  lease holder while A is attached and idle  -> hooks-activation-61031fc5c4588f5597a2eba7b7b4f2610759b6a435dd896b236c004ed175c39a
FAIL  B (no hooks, same Workspace) completes a tool turn while A is attached+idle  -> admit=202 terminal=turn_error[{"sessionId":"0935f2ca-e81a-4f44-9dd2-87fd4f705680","promptId":"6a464710-7582-43f4-b774-3823b7c79355","code":"hosted_turn_failed","message":"Hosted Harness turn failed."}] recoveryBlocked=false 638ms
NOTE  lease after B  -> hooks-activation-61031fc5c4588f5597a2eba7b7b4f2610759b6a435dd896b236c004ed175c39a
PASS  A turn 2 completes  -> admit=202 terminal=turn_complete(end_turn) recoveryBlocked=false 980ms
NOTE  Harness stopped with SIGTERM  -> lease=hooks-activation-61031fc5c4588f5597a2eba7b7b4f2610759b6a435dd896b236c004ed175c39a
NOTE  load retried until writer lease lapsed  -> 58s
PASS  new Harness loads A  -> status=200  lease=hooks-activation-61031fc5c4588f5597a2eba7b7b4f2610759b6a435dd896b236c004ed175c39a
PASS  A turn after cold load completes  -> admit=202 terminal=turn_complete(end_turn) recoveryBlocked=false 2385ms lease=hooks-activation-86ccc67f37d1703807dc18e58cd6f570d94c0703cd6af467309f7c69e7490111
NOTE  A detached on the new Harness  -> status=204  lease=<free>
PASS  a fresh no-hook Session in the Workspace completes a tool turn after A was detached  -> admit=202 terminal=turn_complete(end_turn) recoveryBlocked=false 1304ms lease=<free>
NOTE  final lease  -> <free>
== RESULT s2b-lease-head4-ws-t9d-yes-SIGTERM: 5 passed, 1 failed
=== ARM=head4 node s2b-lease.mjs ws-t2 b yes SIGKILL 04:02:05
NOTE  lease before  -> <no row>
PASS  A (hooks=yes) turn 1 completes  -> admit=202 terminal=turn_complete(end_turn) recoveryBlocked=false 2116ms
NOTE  lease holder while A is attached and idle  -> hooks-activation-f525f855b3a13d51b884847fc743eb78c3b8d9ab02e42e3e2df5095e365730d3
FAIL  B (no hooks, same Workspace) completes a tool turn while A is attached+idle  -> admit=202 terminal=turn_error[{"sessionId":"82226c8c-3235-43a0-a1b6-1af784f934e2","promptId":"58231a2b-4dff-4a68-b8dc-d5c3605670e8","code":"hosted_turn_failed","message":"Hosted Harness turn failed."}] recoveryBlocked=false 1173ms
NOTE  lease after B  -> hooks-activation-f525f855b3a13d51b884847fc743eb78c3b8d9ab02e42e3e2df5095e365730d3
PASS  A turn 2 completes  -> admit=202 terminal=turn_complete(end_turn) recoveryBlocked=false 1851ms
NOTE  Harness stopped with SIGKILL  -> lease=hooks-activation-f525f855b3a13d51b884847fc743eb78c3b8d9ab02e42e3e2df5095e365730d3
NOTE  load retried until writer lease lapsed  -> 59s
PASS  new Harness loads A  -> status=200  lease=hooks-activation-f525f855b3a13d51b884847fc743eb78c3b8d9ab02e42e3e2df5095e365730d3
PASS  A turn after cold load completes  -> admit=202 terminal=turn_complete(end_turn) recoveryBlocked=false 2777ms lease=hooks-activation-8f245fe6a82573a70f35a2622c045a83ce034b1dfaea7afa8d2ead67b18315e2
NOTE  A detached on the new Harness  -> status=204  lease=<free>
PASS  a fresh no-hook Session in the Workspace completes a tool turn after A was detached  -> admit=202 terminal=turn_complete(end_turn) recoveryBlocked=false 2110ms lease=<free>
NOTE  final lease  -> <free>
== RESULT s2b-lease-head4-ws-t2-yes-SIGKILL: 5 passed, 1 failed
=== ARM=head4 node s2b-lease.mjs ws-base2 m no SIGTERM 04:03:20
NOTE  lease before  -> <no row>
PASS  A (hooks=no) turn 1 completes  -> admit=202 terminal=turn_complete(end_turn) recoveryBlocked=false 2750ms
NOTE  lease holder while A is attached and idle  -> <free>
PASS  B (no hooks, same Workspace) completes a tool turn while A is attached+idle  -> admit=202 terminal=turn_complete(end_turn) recoveryBlocked=false 2542ms
NOTE  lease after B  -> <free>
PASS  A turn 2 completes  -> admit=202 terminal=turn_complete(end_turn) recoveryBlocked=false 1130ms
NOTE  Harness stopped with SIGTERM  -> lease=<free>
NOTE  load retried until writer lease lapsed  -> 51s
PASS  new Harness loads A  -> status=200  lease=<free>
PASS  A turn after cold load completes  -> admit=202 terminal=turn_complete(end_turn) recoveryBlocked=false 1715ms lease=<free>
NOTE  A detached on the new Harness  -> status=204  lease=<free>
PASS  a fresh no-hook Session in the Workspace completes a tool turn after A was detached  -> admit=202 terminal=turn_complete(end_turn) recoveryBlocked=false 2112ms lease=<free>
NOTE  final lease  -> <free>
== RESULT s2b-lease-head4-ws-base2-no-SIGTERM: 6 passed, 0 failed
=== ARM=head4 node s2e-reattach.mjs ws-t6b h 04:04:29
PASS  round 1: hook turn completes  -> admit=202 terminal=turn_complete(end_turn) recoveryBlocked=false 2340ms hooks=34 lease=hooks-activation-887af5158e53721778b9014a984ddc804518f3c33ea57055ecd1b1e30d67c75e
PASS  round 1: detach + load  -> detach=204 load=200  lease=<free>
PASS  round 2: hook turn completes  -> admit=202 terminal=turn_complete(end_turn) recoveryBlocked=false 5412ms hooks=18 lease=hooks-activation-19f959ee00d7a241da2858e5939fdea077893f7db5c2a129041a8e9853cf88ca
PASS  round 2: detach + load  -> detach=204 load=200  lease=<free>
PASS  round 3: hook turn completes  -> admit=202 terminal=turn_complete(end_turn) recoveryBlocked=false 2256ms hooks=16 lease=hooks-activation-41b7ec8374d6d5fee769b1064c3c9a78f67d6816ed90a3397560b8e5d46bb2ac
PASS  DELETE frees the lease  -> delete=204 "" lease=<free>
== RESULT s2e-reattach-head4-ws-t6b: 6 passed, 0 failed
=== ARM=head4 node s5b-lost.mjs ws-t4b ws-t9b 04:04:53
PASS  (c) partial response body: received once, stays unknown, blocks new work  -> op=503 child=recovery_blocked/"outcome_unknown" status=recovery_blocked physical=1
NOTE  (d) operation with the dispatch acknowledgement dropped  -> 200 {"operationId":"14a60a5d-0066-440b-8424-fb42727ec474","output":{"continue":true}} dropped=1
FAIL  (d) cold reload reconciles: settled, ONE physical call, ONE success callback  -> load=200 state=settled calls=121 callbacks=121 lease=hooks-activation-8bd2d76b972250014437e8042ddf46c75500206a139d34cbc5f1b263b0a282a8
PASS  (d) the reconciled Session then runs a normal tool turn  -> admit=202 terminal=turn_complete(end_turn) recoveryBlocked=false 2935ms lease=hooks-activation-65893bf3c27579483b3710e339329f8c2ac2839d1be934d8e105a9a8e7d1d37e
== RESULT s5b-lost-head4-ws-t9b: 2 passed, 1 failed
=== ARM=head4 ARM2=head4 node s2f-catalog-only.mjs ws-f1a 04:06:05
NOTE  catalog registration only  -> register=409 records: registrations=0 executions=0 lease=<no row>
NOTE  Harness SIGKILLed  -> lease=<no row>
PASS  head4: reloaded Session runs a tool turn  -> load=200 admit=202 terminal=turn_complete(end_turn) recoveryBlocked=false 2695ms lease=hooks-activation-8ac8a9ad3e41a1441c2466962c2177b0d7717702cbbdc6ee9abd95adbca4ebbc
PASS  head4: after detaching A, a plain Session runs a tool turn  -> detach=204 admit=202 terminal=turn_complete(end_turn) recoveryBlocked=false 1912ms lease=<free>
== RESULT s2f-catalog-only-head4-to-head4-ws-f1a: 2 passed, 0 failed
=== ARM=head3 ARM2=head4 node s2f-catalog-only.mjs ws-f1b 04:07:18
NOTE  catalog registration only  -> register=409 records: registrations=0 executions=0 lease=<no row>
NOTE  Harness SIGKILLed  -> lease=<no row>
PASS  head4: reloaded Session runs a tool turn  -> load=200 admit=202 terminal=turn_complete(end_turn) recoveryBlocked=false 1918ms lease=hooks-activation-862398ab5d9912901cd83982a167b9c9d776c07f30a7ce780fc1c283c0a53ad3
PASS  head4: after detaching A, a plain Session runs a tool turn  -> detach=204 admit=202 terminal=turn_complete(end_turn) recoveryBlocked=false 1670ms lease=<free>
== RESULT s2f-catalog-only-head3-to-head4-ws-f1b: 2 passed, 0 failed
=== ARM=head3 ARM2=head4 node s2b-lease.mjs ws-f1c g2 yes SIGTERM 04:08:31
NOTE  lease before  -> <no row>
PASS  A (hooks=yes) turn 1 completes  -> admit=202 terminal=turn_complete(end_turn) recoveryBlocked=false 2828ms
NOTE  lease holder while A is attached and idle  -> hooks-14bfee72-1d2a-4b66-ac6e-f4bea2c18e93
FAIL  B (no hooks, same Workspace) completes a tool turn while A is attached+idle  -> admit=202 terminal=turn_error[{"sessionId":"444b2b57-4bd6-4cfa-a929-76c74bc65452","promptId":"a0f98add-5525-49b5-91a1-adfe1b934d9a","code":"hosted_turn_failed","message":"Hosted Harness turn failed."}] recoveryBlocked=false 1269ms
NOTE  lease after B  -> hooks-14bfee72-1d2a-4b66-ac6e-f4bea2c18e93
PASS  A turn 2 completes  -> admit=202 terminal=turn_complete(end_turn) recoveryBlocked=false 1543ms
NOTE  Harness stopped with SIGTERM  -> lease=hooks-14bfee72-1d2a-4b66-ac6e-f4bea2c18e93
NOTE  load retried until writer lease lapsed  -> 54s
PASS  new Harness loads A  -> status=200  lease=hooks-14bfee72-1d2a-4b66-ac6e-f4bea2c18e93
PASS  A turn after cold load completes  -> admit=202 terminal=turn_complete(end_turn) recoveryBlocked=false 2752ms lease=hooks-activation-43363dfb9968016c09116b6f309cf6a7f62fb3bdfaa42d41d56ae3dde79fcf63
NOTE  A detached on the new Harness  -> status=204  lease=<free>
PASS  a fresh no-hook Session in the Workspace completes a tool turn after A was detached  -> admit=202 terminal=turn_complete(end_turn) recoveryBlocked=false 1187ms lease=<free>
NOTE  final lease  -> <free>
== RESULT s2b-lease-head3-to-head4-ws-f1c-yes-SIGTERM: 5 passed, 1 failed
=== ARM=head4 node s5-lost.mjs 04:09:44
NOTE  rig repair  -> null
PASS  (a) HTTP 500 is a received failure: operation settles, Session stays usable  -> op=200 {"operationId":"60c98ab9-d7dd-4114-906c-10da24a0a041","output":{"continue":true}} requests=1
PASS  (b) dropped HTTP reply: operation does not report success  -> op=503 {"error":"hosted_hook_operation_failed","code":"hosted_hook_operation_failed"} child=recovery_blocked/"outcome_unknown"
PASS  (b) repeated status queries keep it unknown with ONE physical request  -> polls=200:recovery_blocked/"outcome_unknown" 200:recovery_blocked/"outcome_unknown" 200:recovery_blocked/"outcome_unknown" physical=1
PASS  (b) new work is blocked  -> prompt -> 409 hosted_turn_recovery_required
NOTE  (b) cancel of the unknown execution  -> 200 recovery_blocked
NOTE  (b) detach with an unknown Hook outcome  -> 503 managed_session_close_failed; lease=hooks-activation-ebd7d94914f6f022277dc1095414d95334c8a843d36a7f6b840bebe9ce1a8238
FAIL  (b) another no-hook Session in the same Workspace can still run a tool turn  -> admit=202 terminal=turn_error[{"sessionId":"017bdb06-6e2b-449d-a479-ea1b439b3b84","promptId":"f5464cb5-9e25-47ca-a837-8a0871118d96","code":"hosted_turn_failed","message":"Hosted Harness turn failed."}] recoveryBlocked=false 1339ms lease=hooks-a
PASS  (b) after a cold reload: still unknown, still blocked, still ONE physical request  -> load=200 status=200:recovery_blocked prompt=409 hosted_turn_recovery_required physical=1
PASS  (c) partial response body stays unknown (not settled)  -> op=503 {"error":"hosted_hook_operation_failed","code":"hosted_hook_operation_failed"} child=undefined/undefined physical=0
NOTE  rig repair  -> null
NOTE  (d) operation with the dispatch acknowledgement dropped  -> 200 {"operationId":"60929312-3e85-4d8e-8933-2cb473258f43","output":{"continue":true}} droppedReplies=1
FAIL  (d) cold reload reconciles with the original owner: settled, ONE physical call, ONE success callback  -> load=200 status=200:settled/"settled" replay=200 calls=153 callbacks=153
PASS  (d) the Session then runs a normal tool turn  -> admit=202 terminal=turn_complete(end_turn) recoveryBlocked=false 2237ms
NOTE  (d) Broker ledger  -> hook-catalog->200 hook-execute->200 hook-status->200 hook-execute->200 hook-status->200 hook-status->200 hook-status->200 hook-status->200 hook-status->200 hook-status->200 hook-status->200 hook-cancel->200 hook-cancel->200 hook-cancel->200 hook-cancel->200 hook-cancel->200 hook-cancel->200 hook-cance
== RESULT s5-lost-head4: 7 passed, 2 failed
=== ALL-DONE 04:11:56
