# s7-scale-ws-cap-head4  db=r2 arm=head4  2026-10-01T04:00:39.392Z
NOTE  rig repair  -> null
PASS  guard denies blocked-*.txt before the quota is reached  -> admit=202 terminal=turn_complete(end_turn) recoveryBlocked=false 2243ms written=false result write_file: "No reason provided"
  op 1: 1543 ms, Com_select +1026, hook_execution rows=16, physical calls=9, status=200
  op 32: 1072 ms, Com_select +3662, hook_execution rows=295, physical calls=257, status=200
  op 64: 1933 ms, Com_select +6136, hook_execution rows=583, physical calls=513, status=200
  op 96: 2784 ms, Com_select +8736, hook_execution rows=871, physical calls=769, status=200
  op 128: 4028 ms, Com_select +11346, hook_execution rows=1159, physical calls=1025, status=200
  op 160: 3074 ms, Com_select +13924, hook_execution rows=1447, physical calls=1281, status=200
  op 192: 2960 ms, Com_select +16514, hook_execution rows=1735, physical calls=1537, status=200
  op 224: 8618 ms, Com_select +19183, hook_execution rows=2023, physical calls=1793, status=200
  op 256: 4623 ms, Com_select +21721, hook_execution rows=2311, physical calls=2049, status=200
  op 288: 4313 ms, Com_select +24307, hook_execution rows=2599, physical calls=2305, status=200
  op 320: 7250 ms, Com_select +26939, hook_execution rows=2887, physical calls=2561, status=200
  op 352: 5166 ms, Com_select +29502, hook_execution rows=3175, physical calls=2817, status=200
  op 384: 5896 ms, Com_select +32107, hook_execution rows=3463, physical calls=3073, status=200
  op 416: 6714 ms, Com_select +34710, hook_execution rows=3751, physical calls=3329, status=200
  op 448: 6775 ms, Com_select +37301, hook_execution rows=4039, physical calls=3585, status=200
  op 480: 5403 ms, Com_select +39870, hook_execution rows=4327, physical calls=3841, status=200
  op 512: 6633 ms, Com_select +42473, hook_execution rows=4615, physical calls=4096, status=200
NOTE  elapsed  -> 2703 s; first non-200: none
NOTE  physical handler calls for this Session  -> 4096
PASS  guard after the quota: blocked-*.txt still denied  -> admit=202 terminal=turn_complete(end_turn) recoveryBlocked=false 6852ms written=false result write_file: "Managed Hook receipt capacity is exhausted."
NOTE  text-only prompt after the quota  -> admit=202 terminal=turn_complete(end_turn) recoveryBlocked=false 3124ms
NOTE  ordinary write after the quota  -> admit=202 terminal=turn_complete(end_turn) recoveryBlocked=false 6541ms written=false result write_file: "Managed Hook receipt capacity is exhausted."
== RESULT s7-scale-ws-cap-head4: 2 passed, 0 failed
node:internal/deps/undici/undici:15157
      Error.captureStackTrace(err);
            ^

DOMException [TimeoutError]: The operation was aborted due to timeout
    at node:internal/deps/undici/undici:15157:13
    at process.processTicksAndRejections (node:internal/process/task_queues:103:5)
    at async Harness.json (file:///Users/wenshao/pr13129-rig/probe/lib.mjs:256:15)
    at async HSession.load (file:///Users/wenshao/pr13129-rig/probe/lib.mjs:288:15)
    at async HSession.load (file:///Users/wenshao/pr13129-rig/probe/lib.mjs:637:13)
    at async file:///Users/wenshao/pr13129-rig/probe/s7-scale.mjs:52:13

Node.js v22.23.2
