### /Users/wenshao/.local/node-v22.23.3-darwin-x64/bin/node c1-cancel-refused.mjs ws-a a revoke alice
# c1-revoke-alice-late-ws-a  db=h8  2026-10-07T14:14:18.067Z
PASS  initial Turn COMPLETED  -> b2c75b7a-9b73-496d-ad44-289a9e4629f2
PASS  later Turn admitted  -> 202 turn_8400cf76f38843139cc157769d18fda0
NOTE  cancel by alice under revoke  -> 202 accepted in 33 ms; workspaceTurns=false
NOTE  Turn end  -> CANCELLED  at +741 ms
NOTE  model request  -> aborted after 182 ms
NOTE  Workspace file child/late-revoke-67261.txt  -> null
NOTE  tool executions added by the later Turn  -> 0
NOTE  refusal lifted after the Turn ended  -> +2443 ms
NOTE  next later Turn after restore  -> 202  -> COMPLETED; file=AFTER
NOTE  Turn history  -> [["turn_9e55318086d54ae8b226db352cd077cc","COMPLETED","","0"],["turn_8400cf76f38843139cc157769d18fda0","CANCELLED","","0"],["turn_4df4ff8cc29544bca1a0ea5c94580e63","COMPLETED","","0"]]
NOTE  command rows  -> [["SUBMIT_TURN","COMPLETED"],["CANCEL_TURN","COMPLETED"],["SUBMIT_TURN","COMPLETED"]]
== c1-revoke-alice-late-ws-a: 2 passed, 0 failed
RC=0
### /Users/wenshao/.local/node-v22.23.3-darwin-x64/bin/node c1-cancel-refused.mjs ws-b b draining alice
# c1-draining-alice-late-ws-b  db=h8  2026-10-07T14:14:32.849Z
PASS  initial Turn COMPLETED  -> efdc9f45-f60f-426c-b7b5-e0cefe452bd7
PASS  later Turn admitted  -> 202 turn_498f12c5003f47ad89dce459813feef8
NOTE  cancel by alice under draining  -> 202 accepted in 27 ms; workspaceTurns=false
NOTE  Turn end  -> CANCELLED  at +404 ms
NOTE  model request  -> aborted after 139 ms
NOTE  Workspace file child/late-draining-78489.txt  -> null
NOTE  tool executions added by the later Turn  -> 0
NOTE  refusal lifted after the Turn ended  -> +2094 ms
NOTE  next later Turn after restore  -> 202  -> COMPLETED; file=AFTER
NOTE  Turn history  -> [["turn_f68372a736c34be59a59b1d63d5543df","COMPLETED","","0"],["turn_498f12c5003f47ad89dce459813feef8","CANCELLED","","0"],["turn_d5fed935e39040b0a7ad3b71dcfb10d4","COMPLETED","","0"]]
NOTE  command rows  -> [["SUBMIT_TURN","COMPLETED"],["CANCEL_TURN","COMPLETED"],["SUBMIT_TURN","COMPLETED"]]
== c1-draining-alice-late-ws-b: 2 passed, 0 failed
RC=0
### /Users/wenshao/.local/node-v22.23.3-darwin-x64/bin/node c1-cancel-refused.mjs ws-c c regen alice
# c1-regen-alice-late-ws-c  db=h8  2026-10-07T14:14:43.737Z
PASS  initial Turn COMPLETED  -> 175a14c9-ce39-484d-8b97-21c894a84a73
PASS  later Turn admitted  -> 202 turn_b74cfd0291db4cb3a3d73a29717fcb7d
NOTE  cancel by alice under regen  -> 202 accepted in 23 ms; workspaceTurns=false
NOTE  Turn end  -> CANCELLED  at +488 ms
NOTE  model request  -> aborted after 196 ms
NOTE  Workspace file child/late-regen-88844.txt  -> null
NOTE  tool executions added by the later Turn  -> 0
NOTE  refusal lifted after the Turn ended  -> +2233 ms
NOTE  next later Turn after restore  -> 202  -> COMPLETED; file=AFTER
NOTE  Turn history  -> [["turn_1b22bdd1f98349daa44e84e893e2df5c","COMPLETED","","0"],["turn_b74cfd0291db4cb3a3d73a29717fcb7d","CANCELLED","","0"],["turn_20d06742fd0948af9c761b7aad6d9fb4","COMPLETED","","0"]]
NOTE  command rows  -> [["SUBMIT_TURN","COMPLETED"],["CANCEL_TURN","COMPLETED"],["SUBMIT_TURN","COMPLETED"]]
== c1-regen-alice-late-ws-c: 2 passed, 0 failed
RC=0
### env RESTORE=early /Users/wenshao/.local/node-v22.23.3-darwin-x64/bin/node c1-cancel-refused.mjs ws-ea a revoke alice
# c1-revoke-alice-early-ws-ea  db=h8  2026-10-07T14:14:53.834Z
PASS  initial Turn COMPLETED  -> 32094cf0-f71a-4528-9197-119907f89bfa
PASS  later Turn admitted  -> 202 turn_4b2ec44570914bf6b55a9e8535a5c49e
NOTE  cancel by alice under revoke  -> 202 accepted in 22 ms; workspaceTurns=false
NOTE  refusal lifted  -> +1175 ms
NOTE  Turn end  -> CANCELLED  at +1236 ms
NOTE  model request  -> aborted after 130 ms
NOTE  Workspace file child/late-revoke-98246.txt  -> null
NOTE  tool executions added by the later Turn  -> 0
NOTE  next later Turn after restore  -> 202  -> COMPLETED; file=AFTER
NOTE  Turn history  -> [["turn_73fda60a6ed84cc58c1ecd2af720ad75","COMPLETED","","0"],["turn_4b2ec44570914bf6b55a9e8535a5c49e","CANCELLED","","0"],["turn_f2bae26529b24efb861b7b91ec2db992","COMPLETED","","0"]]
NOTE  command rows  -> [["SUBMIT_TURN","COMPLETED"],["CANCEL_TURN","COMPLETED"],["SUBMIT_TURN","COMPLETED"]]
== c1-revoke-alice-early-ws-ea: 2 passed, 0 failed
RC=0
### env RESTORE=early /Users/wenshao/.local/node-v22.23.3-darwin-x64/bin/node c1-cancel-refused.mjs ws-eb b draining alice
# c1-draining-alice-early-ws-eb  db=h8  2026-10-07T14:15:03.776Z
PASS  initial Turn COMPLETED  -> 24f98d4b-9857-4c0c-bdf9-93c2292f63a9
PASS  later Turn admitted  -> 202 turn_7c8f8627d40e4ae1983e5c0ba9d39999
NOTE  cancel by alice under draining  -> 202 accepted in 23 ms; workspaceTurns=false
NOTE  refusal lifted  -> +1165 ms
NOTE  Turn end  -> CANCELLED  at +1204 ms
NOTE  model request  -> aborted after 156 ms
NOTE  Workspace file child/late-draining-8374.txt  -> null
NOTE  tool executions added by the later Turn  -> 0
NOTE  next later Turn after restore  -> 202  -> COMPLETED; file=AFTER
NOTE  Turn history  -> [["turn_f0cf1db5bb6449f9aea0a96925020531","COMPLETED","","0"],["turn_7c8f8627d40e4ae1983e5c0ba9d39999","CANCELLED","","0"],["turn_4106b6b60bc84b4aaf770b572632b980","COMPLETED","","0"]]
NOTE  command rows  -> [["SUBMIT_TURN","COMPLETED"],["CANCEL_TURN","COMPLETED"],["SUBMIT_TURN","COMPLETED"]]
== c1-draining-alice-early-ws-eb: 2 passed, 0 failed
RC=0
### /Users/wenshao/.local/node-v22.23.3-darwin-x64/bin/node c1-cancel-refused.mjs ws-d d storage alice
# c1-storage-alice-late-ws-d  db=h8  2026-10-07T14:15:13.868Z
PASS  initial Turn COMPLETED  -> 9071af66-7ea5-4068-a676-885243aabfce
PASS  later Turn admitted  -> 202 turn_0aa55ba5a28d410894996da0ea475b57
NOTE  cancel by alice under storage  -> 202 accepted in 22 ms; workspaceTurns=false
NOTE  Turn end  -> CANCELLED  at +662 ms
NOTE  model request  -> aborted after 273 ms
NOTE  Workspace file child/late-storage-18246.txt  -> null
NOTE  tool executions added by the later Turn  -> 0
NOTE  refusal lifted after the Turn ended  -> +2273 ms
NOTE  next later Turn after restore  -> 202  -> COMPLETED; file=AFTER
NOTE  Turn history  -> [["turn_0af43d7410bd4e3caaef558c7338530a","COMPLETED","","0"],["turn_0aa55ba5a28d410894996da0ea475b57","CANCELLED","","0"],["turn_3542af53cd11468b97ca3b7fee7d1b86","COMPLETED","","0"]]
NOTE  command rows  -> [["SUBMIT_TURN","COMPLETED"],["CANCEL_TURN","COMPLETED"],["SUBMIT_TURN","COMPLETED"]]
== c1-storage-alice-late-ws-d: 2 passed, 0 failed
RC=0
### /Users/wenshao/.local/node-v22.23.3-darwin-x64/bin/node c1-cancel-refused.mjs ws-e e unread alice
# c1-unread-alice-late-ws-e  db=h8  2026-10-07T14:15:23.002Z
PASS  initial Turn COMPLETED  -> f7e3f489-291c-4bf0-b9a2-b6f193ae8a3c
PASS  later Turn admitted  -> 202 turn_ee78f67553a34fcfaf374a1498d6492d
NOTE  cancel by alice under unread  -> 404 session_not_found in 13 ms; workspaceTurns=undefined
NOTE  Turn end  -> FAILED hosted_turn_failed at +30399 ms
NOTE  model request  -> NOT aborted: answered with write_file after 30000 ms
NOTE  Workspace file child/late-unread-27446.txt  -> null
NOTE  tool executions added by the later Turn  -> 0
NOTE  refusal lifted after the Turn ended  -> +32190 ms
NOTE  next later Turn after restore  -> 202  -> COMPLETED; file=AFTER
NOTE  Turn history  -> [["turn_4592e726a1b24e5bb5bd97de591336fd","COMPLETED","","0"],["turn_ee78f67553a34fcfaf374a1498d6492d","FAILED","hosted_turn_failed","0"],["turn_a1cbe6e72c844e8a89bbf6a076a419dc","COMPLETED","","0"]]
NOTE  command rows  -> [["SUBMIT_TURN","COMPLETED"],["SUBMIT_TURN","COMPLETED"]]
== c1-unread-alice-late-ws-e: 2 passed, 0 failed
RC=0
### /Users/wenshao/.local/node-v22.23.3-darwin-x64/bin/node c1-cancel-refused.mjs ws-f f control alice
# c1-control-alice-late-ws-f  db=h8  2026-10-07T14:16:01.972Z
PASS  initial Turn COMPLETED  -> a55d8e2b-8bb1-407e-8fc1-f0912b45fb0b
PASS  later Turn admitted  -> 202 turn_aa29649a559b4bc8bcb9ff2696cb1a9d
NOTE  cancel by alice under control  -> 202 accepted in 22 ms; workspaceTurns=true
NOTE  Turn end  -> CANCELLED  at +480 ms
NOTE  model request  -> aborted after 237 ms
NOTE  Workspace file child/late-control-66643.txt  -> null
NOTE  tool executions added by the later Turn  -> 0
NOTE  refusal lifted after the Turn ended  -> +2106 ms
NOTE  next later Turn after restore  -> 202  -> COMPLETED; file=AFTER
NOTE  Turn history  -> [["turn_a9ffa2964ce2428694d0e8c5e78b4abf","COMPLETED","","0"],["turn_aa29649a559b4bc8bcb9ff2696cb1a9d","CANCELLED","","0"],["turn_73628a88b91449018aff8c11b180ac86","COMPLETED","","0"]]
NOTE  command rows  -> [["SUBMIT_TURN","COMPLETED"],["CANCEL_TURN","COMPLETED"],["SUBMIT_TURN","COMPLETED"]]
== c1-control-alice-late-ws-f: 2 passed, 0 failed
RC=0
### env HOLD=15000 /Users/wenshao/.local/node-v22.23.3-darwin-x64/bin/node c1-cancel-refused.mjs ws-g g control bob
# c1-control-bob-late-ws-g  db=h8  2026-10-07T14:16:11.115Z
PASS  initial Turn COMPLETED  -> 0f813add-4fc3-4d4e-8493-0677b4bca0e0
PASS  later Turn admitted  -> 202 turn_bfb747b3e36c4b4b9660f68446e8dcda
NOTE  cancel by bob under control  -> 409 workspace_unavailable in 12 ms; workspaceTurns=true
NOTE  Turn end  -> COMPLETED  at +17657 ms
NOTE  model request  -> NOT aborted: answered with write_file after 15000 ms
NOTE  Workspace file child/late-control-76647.txt  -> written-after-cancel
NOTE  tool executions added by the later Turn  -> 1
NOTE  refusal lifted after the Turn ended  -> +19414 ms
NOTE  next later Turn after restore  -> 202  -> COMPLETED; file=AFTER
NOTE  Turn history  -> [["turn_c94b3a84edf341f184b93437a275616e","COMPLETED","","0"],["turn_bfb747b3e36c4b4b9660f68446e8dcda","COMPLETED","","0"],["turn_a8c5834ae31445598ac887178147d5ba","COMPLETED","","0"]]
NOTE  command rows  -> [["SUBMIT_TURN","COMPLETED"],["SUBMIT_TURN","COMPLETED"]]
== c1-control-bob-late-ws-g: 2 passed, 0 failed
RC=0
### env HOLD=15000 /Users/wenshao/.local/node-v22.23.3-darwin-x64/bin/node c1-cancel-refused.mjs ws-g g control carol
# c1-control-carol-late-ws-g  db=h8  2026-10-07T14:16:40.611Z
PASS  initial Turn COMPLETED  -> 6a1178d2-b78b-4d9e-8645-511fb3ffa83c
PASS  later Turn admitted  -> 202 turn_13ca42f310434e6a9ce5d17f2d0310ce
NOTE  cancel by carol under control  -> 409 workspace_unavailable in 12 ms; workspaceTurns=true
NOTE  Turn end  -> COMPLETED  at +16720 ms
NOTE  model request  -> NOT aborted: answered with write_file after 15000 ms
NOTE  Workspace file child/late-control-7072.txt  -> written-after-cancel
NOTE  tool executions added by the later Turn  -> 1
NOTE  refusal lifted after the Turn ended  -> +18489 ms
NOTE  next later Turn after restore  -> 202  -> COMPLETED; file=AFTER
NOTE  Turn history  -> [["turn_c29bcbb6523440de8d7413ea00dc23cd","COMPLETED","","0"],["turn_13ca42f310434e6a9ce5d17f2d0310ce","COMPLETED","","0"],["turn_b80a9af4ed8348e4aee47477b47776f9","COMPLETED","","0"]]
NOTE  command rows  -> [["SUBMIT_TURN","COMPLETED"],["SUBMIT_TURN","COMPLETED"]]
== c1-control-carol-late-ws-g: 2 passed, 0 failed
RC=0
### env HOLD=15000 /Users/wenshao/.local/node-v22.23.3-darwin-x64/bin/node c1-cancel-refused.mjs ws-g g control mallory
# c1-control-mallory-late-ws-g  db=h8  2026-10-07T14:17:08.449Z
PASS  initial Turn COMPLETED  -> f42622a2-418b-4f10-9499-f27ff3b4b1e6
PASS  later Turn admitted  -> 202 turn_cf59c31ad1b64524bbe045598edc2781
NOTE  cancel by mallory under control  -> 404 session_not_found in 11 ms; workspaceTurns=true
NOTE  Turn end  -> COMPLETED  at +16441 ms
NOTE  model request  -> NOT aborted: answered with write_file after 15000 ms
NOTE  Workspace file child/late-control-33101.txt  -> written-after-cancel
NOTE  tool executions added by the later Turn  -> 1
NOTE  refusal lifted after the Turn ended  -> +18138 ms
NOTE  next later Turn after restore  -> 202  -> COMPLETED; file=AFTER
NOTE  Turn history  -> [["turn_98fecfe52ecf45b8b8bdeef234522a4f","COMPLETED","","0"],["turn_cf59c31ad1b64524bbe045598edc2781","COMPLETED","","0"],["turn_743e13e6e4f74efbbb4747a9a468f47d","COMPLETED","","0"]]
NOTE  command rows  -> [["SUBMIT_TURN","COMPLETED"],["SUBMIT_TURN","COMPLETED"]]
== c1-control-mallory-late-ws-g: 2 passed, 0 failed
RC=0
### env HOLD=15000 /Users/wenshao/.local/node-v22.23.3-darwin-x64/bin/node c1-cancel-refused.mjs ws-g g revoke bob
# c1-revoke-bob-late-ws-g  db=h8  2026-10-07T14:17:33.669Z
PASS  initial Turn COMPLETED  -> b6fa31c7-a4a4-49ab-ac62-1f4e238a7bed
PASS  later Turn admitted  -> 202 turn_2e29a33db5584f8982e1765aac0fc7b1
NOTE  cancel by bob under revoke  -> 409 workspace_unavailable in 11 ms; workspaceTurns=false
NOTE  Turn end  -> FAILED hosted_turn_failed at +15318 ms
NOTE  model request  -> NOT aborted: answered with write_file after 15000 ms
NOTE  Workspace file child/late-revoke-57874.txt  -> null
NOTE  tool executions added by the later Turn  -> 0
NOTE  refusal lifted after the Turn ended  -> +17027 ms
NOTE  next later Turn after restore  -> 202  -> COMPLETED; file=AFTER
NOTE  Turn history  -> [["turn_025b1d4485b8434c9e22e827cd102c98","COMPLETED","","0"],["turn_2e29a33db5584f8982e1765aac0fc7b1","FAILED","hosted_turn_failed","0"],["turn_ae1a611d34d14414b94f2f769e73936a","COMPLETED","","0"]]
NOTE  command rows  -> [["SUBMIT_TURN","COMPLETED"],["SUBMIT_TURN","COMPLETED"]]
== c1-revoke-bob-late-ws-g: 2 passed, 0 failed
RC=0
### /Users/wenshao/.local/node-v22.23.3-darwin-x64/bin/node c5-regen-admission.mjs ws-c5a a regen
node:internal/modules/cjs/loader:1433
  throw err;
  ^

Error: Cannot find module '/Users/wenshao/pr13163-rig/probe/c5-regen-admission.mjs'
    at Function._resolveFilename (node:internal/modules/cjs/loader:1430:15)
    at defaultResolveImpl (node:internal/modules/cjs/loader:1040:19)
    at resolveForCJSWithHooks (node:internal/modules/cjs/loader:1045:22)
    at Function._load (node:internal/modules/cjs/loader:1216:25)
    at wrapModuleLoad (node:internal/modules/cjs/loader:254:19)
    at Function.executeUserEntryPoint [as runMain] (node:internal/modules/run_main:171:5)
    at node:internal/main/run_main_module:36:49 {
  code: 'MODULE_NOT_FOUND',
  requireStack: []
}

Node.js v22.23.3
RC=1
### /Users/wenshao/.local/node-v22.23.3-darwin-x64/bin/node c5-regen-admission.mjs ws-c5b b storage
node:internal/modules/cjs/loader:1433
  throw err;
  ^

Error: Cannot find module '/Users/wenshao/pr13163-rig/probe/c5-regen-admission.mjs'
    at Function._resolveFilename (node:internal/modules/cjs/loader:1430:15)
    at defaultResolveImpl (node:internal/modules/cjs/loader:1040:19)
    at resolveForCJSWithHooks (node:internal/modules/cjs/loader:1045:22)
    at Function._load (node:internal/modules/cjs/loader:1216:25)
    at wrapModuleLoad (node:internal/modules/cjs/loader:254:19)
    at Function.executeUserEntryPoint [as runMain] (node:internal/modules/run_main:171:5)
    at node:internal/main/run_main_module:36:49 {
  code: 'MODULE_NOT_FOUND',
  requireStack: []
}

Node.js v22.23.3
RC=1
### /Users/wenshao/.local/node-v22.23.3-darwin-x64/bin/node c7-replay-order.mjs ws-c7 c
node:internal/modules/cjs/loader:1433
  throw err;
  ^

Error: Cannot find module '/Users/wenshao/pr13163-rig/probe/c7-replay-order.mjs'
    at Function._resolveFilename (node:internal/modules/cjs/loader:1430:15)
    at defaultResolveImpl (node:internal/modules/cjs/loader:1040:19)
    at resolveForCJSWithHooks (node:internal/modules/cjs/loader:1045:22)
    at Function._load (node:internal/modules/cjs/loader:1216:25)
    at wrapModuleLoad (node:internal/modules/cjs/loader:254:19)
    at Function.executeUserEntryPoint [as runMain] (node:internal/modules/run_main:171:5)
    at node:internal/main/run_main_module:36:49 {
  code: 'MODULE_NOT_FOUND',
  requireStack: []
}

Node.js v22.23.3
RC=1
### /Users/wenshao/.local/node-v22.23.3-darwin-x64/bin/node c8-rename-refused.mjs bound ws-c8 d respond400
node:internal/modules/cjs/loader:1433
  throw err;
  ^

Error: Cannot find module '/Users/wenshao/pr13163-rig/probe/c8-rename-refused.mjs'
    at Function._resolveFilename (node:internal/modules/cjs/loader:1430:15)
    at defaultResolveImpl (node:internal/modules/cjs/loader:1040:19)
    at resolveForCJSWithHooks (node:internal/modules/cjs/loader:1045:22)
    at Function._load (node:internal/modules/cjs/loader:1216:25)
    at wrapModuleLoad (node:internal/modules/cjs/loader:254:19)
    at Function.executeUserEntryPoint [as runMain] (node:internal/modules/run_main:171:5)
    at node:internal/main/run_main_module:36:49 {
  code: 'MODULE_NOT_FOUND',
  requireStack: []
}

Node.js v22.23.3
RC=1
### /Users/wenshao/.local/node-v22.23.3-darwin-x64/bin/node c8-rename-refused.mjs bound ws-c8 d respond404
node:internal/modules/cjs/loader:1433
  throw err;
  ^

Error: Cannot find module '/Users/wenshao/pr13163-rig/probe/c8-rename-refused.mjs'
    at Function._resolveFilename (node:internal/modules/cjs/loader:1430:15)
    at defaultResolveImpl (node:internal/modules/cjs/loader:1040:19)
    at resolveForCJSWithHooks (node:internal/modules/cjs/loader:1045:22)
    at Function._load (node:internal/modules/cjs/loader:1216:25)
    at wrapModuleLoad (node:internal/modules/cjs/loader:254:19)
    at Function.executeUserEntryPoint [as runMain] (node:internal/modules/run_main:171:5)
    at node:internal/main/run_main_module:36:49 {
  code: 'MODULE_NOT_FOUND',
  requireStack: []
}

Node.js v22.23.3
RC=1
### /Users/wenshao/.local/node-v22.23.3-darwin-x64/bin/node c8-rename-refused.mjs bound ws-c8 d respond500
node:internal/modules/cjs/loader:1433
  throw err;
  ^

Error: Cannot find module '/Users/wenshao/pr13163-rig/probe/c8-rename-refused.mjs'
    at Function._resolveFilename (node:internal/modules/cjs/loader:1430:15)
    at defaultResolveImpl (node:internal/modules/cjs/loader:1040:19)
    at resolveForCJSWithHooks (node:internal/modules/cjs/loader:1045:22)
    at Function._load (node:internal/modules/cjs/loader:1216:25)
    at wrapModuleLoad (node:internal/modules/cjs/loader:254:19)
    at Function.executeUserEntryPoint [as runMain] (node:internal/modules/run_main:171:5)
    at node:internal/main/run_main_module:36:49 {
  code: 'MODULE_NOT_FOUND',
  requireStack: []
}

Node.js v22.23.3
RC=1
### /Users/wenshao/.local/node-v22.23.3-darwin-x64/bin/node c8-rename-refused.mjs bound ws-c8 d drop-before
node:internal/modules/cjs/loader:1433
  throw err;
  ^

Error: Cannot find module '/Users/wenshao/pr13163-rig/probe/c8-rename-refused.mjs'
    at Function._resolveFilename (node:internal/modules/cjs/loader:1430:15)
    at defaultResolveImpl (node:internal/modules/cjs/loader:1040:19)
    at resolveForCJSWithHooks (node:internal/modules/cjs/loader:1045:22)
    at Function._load (node:internal/modules/cjs/loader:1216:25)
    at wrapModuleLoad (node:internal/modules/cjs/loader:254:19)
    at Function.executeUserEntryPoint [as runMain] (node:internal/modules/run_main:171:5)
    at node:internal/main/run_main_module:36:49 {
  code: 'MODULE_NOT_FOUND',
  requireStack: []
}

Node.js v22.23.3
RC=1
### /Users/wenshao/.local/node-v22.23.3-darwin-x64/bin/node c8-rename-refused.mjs unbound - - respond400
node:internal/modules/cjs/loader:1433
  throw err;
  ^

Error: Cannot find module '/Users/wenshao/pr13163-rig/probe/c8-rename-refused.mjs'
    at Function._resolveFilename (node:internal/modules/cjs/loader:1430:15)
    at defaultResolveImpl (node:internal/modules/cjs/loader:1040:19)
    at resolveForCJSWithHooks (node:internal/modules/cjs/loader:1045:22)
    at Function._load (node:internal/modules/cjs/loader:1216:25)
    at wrapModuleLoad (node:internal/modules/cjs/loader:254:19)
    at Function.executeUserEntryPoint [as runMain] (node:internal/modules/run_main:171:5)
    at node:internal/main/run_main_module:36:49 {
  code: 'MODULE_NOT_FOUND',
  requireStack: []
}

Node.js v22.23.3
RC=1
### /Users/wenshao/.local/node-v22.23.3-darwin-x64/bin/node c8-rename-refused.mjs unbound - - respond500
node:internal/modules/cjs/loader:1433
  throw err;
  ^

Error: Cannot find module '/Users/wenshao/pr13163-rig/probe/c8-rename-refused.mjs'
    at Function._resolveFilename (node:internal/modules/cjs/loader:1430:15)
    at defaultResolveImpl (node:internal/modules/cjs/loader:1040:19)
    at resolveForCJSWithHooks (node:internal/modules/cjs/loader:1045:22)
    at Function._load (node:internal/modules/cjs/loader:1216:25)
    at wrapModuleLoad (node:internal/modules/cjs/loader:254:19)
    at Function.executeUserEntryPoint [as runMain] (node:internal/modules/run_main:171:5)
    at node:internal/main/run_main_module:36:49 {
  code: 'MODULE_NOT_FOUND',
  requireStack: []
}

Node.js v22.23.3
RC=1
### /Users/wenshao/.local/node-v22.23.3-darwin-x64/bin/node c3-lost-delivery.mjs bound ws-c3 e drop-before 1
node:internal/modules/cjs/loader:1433
  throw err;
  ^

Error: Cannot find module '/Users/wenshao/pr13163-rig/probe/c3-lost-delivery.mjs'
    at Function._resolveFilename (node:internal/modules/cjs/loader:1430:15)
    at defaultResolveImpl (node:internal/modules/cjs/loader:1040:19)
    at resolveForCJSWithHooks (node:internal/modules/cjs/loader:1045:22)
    at Function._load (node:internal/modules/cjs/loader:1216:25)
    at wrapModuleLoad (node:internal/modules/cjs/loader:254:19)
    at Function.executeUserEntryPoint [as runMain] (node:internal/modules/run_main:171:5)
    at node:internal/main/run_main_module:36:49 {
  code: 'MODULE_NOT_FOUND',
  requireStack: []
}

Node.js v22.23.3
RC=1
### /Users/wenshao/.local/node-v22.23.3-darwin-x64/bin/node c3-lost-delivery.mjs unbound - - drop-before 1
node:internal/modules/cjs/loader:1433
  throw err;
  ^

Error: Cannot find module '/Users/wenshao/pr13163-rig/probe/c3-lost-delivery.mjs'
    at Function._resolveFilename (node:internal/modules/cjs/loader:1430:15)
    at defaultResolveImpl (node:internal/modules/cjs/loader:1040:19)
    at resolveForCJSWithHooks (node:internal/modules/cjs/loader:1045:22)
    at Function._load (node:internal/modules/cjs/loader:1216:25)
    at wrapModuleLoad (node:internal/modules/cjs/loader:254:19)
    at Function.executeUserEntryPoint [as runMain] (node:internal/modules/run_main:171:5)
    at node:internal/main/run_main_module:36:49 {
  code: 'MODULE_NOT_FOUND',
  requireStack: []
}

Node.js v22.23.3
RC=1
BATCH-DONE 14:17:58
