### /Users/wenshao/.local/node-v22.23.3-darwin-x64/bin/node c5-regen-admission.mjs ws-c5a a regen
# c5-regen-ws-c5a  db=h8  2026-10-07T14:28:36.568Z
PASS  initial Turn COMPLETED  -> 67671171-39e2-4f47-bf87-ad5169667e2f
NOTE  after regen: capability  -> workspaceTurns=false
NOTE  after regen: submit  -> 409 workspace_unavailable in 42 ms; turn=-; model calls +0
NOTE  after regen: rename  -> 409 workspace_unavailable
NOTE  rows before -> after the refused requests  -> {"turns":1,"commands":[]} -> {"turns":1,"commands":[]}
PASS  submit refused 409 workspace_unavailable  -> 409 workspace_unavailable
PASS  no Turn row written  -> 1 -> 1
PASS  rename refused 409  -> 409 workspace_unavailable
PASS  no command row written  -> 0 -> 0
PASS  after restore: rename 200 and later Turn COMPLETED  -> 200 restored regen; 202 COMPLETED
NOTE  Turn history  -> [["turn_3ccdc1597a0144aa86e17a7ff6af6ef4","COMPLETED","","0"],["turn_7e8d01e55f704459a67fd3bdfdc80b60","COMPLETED","","0"]]
== c5-regen-ws-c5a: 6 passed, 0 failed
RC=0
### /Users/wenshao/.local/node-v22.23.3-darwin-x64/bin/node c5-regen-admission.mjs ws-c5b b storage
# c5-storage-ws-c5b  db=h8  2026-10-07T14:28:47.934Z
PASS  initial Turn COMPLETED  -> 0b1175ae-3206-449f-917c-9c063a5b6322
NOTE  after storage: capability  -> workspaceTurns=false
NOTE  after storage: submit  -> 409 workspace_unavailable in 23 ms; turn=-; model calls +0
NOTE  after storage: rename  -> 409 workspace_unavailable
NOTE  rows before -> after the refused requests  -> {"turns":1,"commands":[]} -> {"turns":1,"commands":[]}
PASS  submit refused 409 workspace_unavailable  -> 409 workspace_unavailable
PASS  no Turn row written  -> 1 -> 1
PASS  rename refused 409  -> 409 workspace_unavailable
PASS  no command row written  -> 0 -> 0
PASS  after restore: rename 200 and later Turn COMPLETED  -> 200 restored storage; 202 COMPLETED
NOTE  Turn history  -> [["turn_d65e35193b384fe69b3b323889f6d646","COMPLETED","","0"],["turn_828c7ffcefb44555a10add79b63dc4c4","COMPLETED","","0"]]
== c5-storage-ws-c5b: 6 passed, 0 failed
RC=0
### /Users/wenshao/.local/node-v22.23.3-darwin-x64/bin/node c7-replay-order.mjs ws-c7 c
# c7-replay-order-ws-c7  db=h8  2026-10-07T14:28:55.837Z
PASS  initial Turn COMPLETED  -> 1cfd94de-61cf-4449-9884-d790b1e8d4dc
NOTE  alice: submit K1 / rename R1  -> 202 turn_dea4561c32d042769bfb936cde34638e; 200 private title
NOTE  mallory: GET session / replay alice's submit key / replay alice's rename key  -> {"actor":"mallory","read":404,"submitReplay":"404 session_not_found replay=-","renameReplay":"404 session_not_found"}
NOTE  bob: GET session / replay alice's submit key / replay alice's rename key  -> {"actor":"bob","read":200,"submitReplay":"409 workspace_unavailable replay=-","renameReplay":"409 workspace_unavailable"}
NOTE  carol: GET session / replay alice's submit key / replay alice's rename key  -> {"actor":"carol","read":200,"submitReplay":"409 workspace_unavailable replay=-","renameReplay":"409 workspace_unavailable"}
NOTE  alice after can_create revoked: replay K1 / R1  -> 202 turn_dea4561c32d042769bfb936cde34638e; 200 private title
NOTE  Turn history (no new Turn from replays)  -> [["turn_70b7eeedd7004d5bbff2a3b0f0ec2e90","COMPLETED","","0"],["turn_dea4561c32d042769bfb936cde34638e","COMPLETED","","0"]]
== c7-replay-order-ws-c7: 1 passed, 0 failed
RC=0
### /Users/wenshao/.local/node-v22.23.3-darwin-x64/bin/node c8-rename-refused.mjs bound ws-c8 d respond400
# c8-bound-respond400  db=h8  2026-10-07T14:29:01.043Z
PASS  initial Turn COMPLETED  -> b21dc4fc-e839-40f4-ae56-00c449812fa8
NOTE  rename under respond400  -> 503 hosted_harness_unavailable; command rows ["rename-1791383341213-b99d:FAILED"]
NOTE  same key, same title, fault cleared  -> 200 first title replay=true; rows ["rename-1791383341213-b99d:COMPLETED"]
NOTE  fresh key  -> 200 second title; rows ["fresh-1791383341213-b99d:COMPLETED","rename-1791383341213-b99d:COMPLETED"]
NOTE  POST /title calls seen by the tap  -> ["respond:400","pass:200","pass:200"]
NOTE  session.* events  -> ["session.created ","session.update.requested control:RENAME_SESSION:rename-1791383341213-b99d:requested","session.updated control:RENAME_SESSION:rename-1791383341213-b99d:completed","session.update.requested control:RENAME_SESSION:fresh-1791383341213-b99d:requested","session.updated control:RENAME_SESSION:fresh-1791383341213-b99d:completed"]
== c8-bound-respond400: 1 passed, 0 failed
RC=0
### /Users/wenshao/.local/node-v22.23.3-darwin-x64/bin/node c8-rename-refused.mjs bound ws-c8 d respond404
# c8-bound-respond404  db=h8  2026-10-07T14:29:05.605Z
PASS  initial Turn COMPLETED  -> 5e6f27e6-9964-4ed9-a8cb-e2dc935210c9
NOTE  rename under respond404  -> 503 hosted_harness_unavailable; command rows ["rename-1791383345645-b71d:FAILED"]
NOTE  same key, same title, fault cleared  -> 200 first title replay=true; rows ["rename-1791383345645-b71d:COMPLETED"]
NOTE  fresh key  -> 200 second title; rows ["fresh-1791383345645-b71d:COMPLETED","rename-1791383345645-b71d:COMPLETED"]
NOTE  POST /title calls seen by the tap  -> ["respond:404","pass:200","pass:200"]
NOTE  session.* events  -> ["session.created ","session.update.requested control:RENAME_SESSION:rename-1791383345645-b71d:requested","session.updated control:RENAME_SESSION:rename-1791383345645-b71d:completed","session.update.requested control:RENAME_SESSION:fresh-1791383345645-b71d:requested","session.updated control:RENAME_SESSION:fresh-1791383345645-b71d:completed"]
== c8-bound-respond404: 1 passed, 0 failed
RC=0
### /Users/wenshao/.local/node-v22.23.3-darwin-x64/bin/node c8-rename-refused.mjs bound ws-c8 d respond500
# c8-bound-respond500  db=h8  2026-10-07T14:29:10.103Z
PASS  initial Turn COMPLETED  -> ac8701be-58c8-4086-a284-087117a40155
NOTE  rename under respond500  -> 503 hosted_harness_unavailable; command rows ["rename-1791383350142-3740:FAILED"]
NOTE  same key, same title, fault cleared  -> 200 first title replay=true; rows ["rename-1791383350142-3740:COMPLETED"]
NOTE  fresh key  -> 200 second title; rows ["fresh-1791383350142-3740:COMPLETED","rename-1791383350142-3740:COMPLETED"]
NOTE  POST /title calls seen by the tap  -> ["respond:500","pass:200","pass:200"]
NOTE  session.* events  -> ["session.created ","session.update.requested control:RENAME_SESSION:rename-1791383350142-3740:requested","session.updated control:RENAME_SESSION:rename-1791383350142-3740:completed","session.update.requested control:RENAME_SESSION:fresh-1791383350142-3740:requested","session.updated control:RENAME_SESSION:fresh-1791383350142-3740:completed"]
== c8-bound-respond500: 1 passed, 0 failed
RC=0
### /Users/wenshao/.local/node-v22.23.3-darwin-x64/bin/node c8-rename-refused.mjs bound ws-c8 d drop-before
# c8-bound-drop-before  db=h8  2026-10-07T14:29:14.266Z
PASS  initial Turn COMPLETED  -> 77119020-cf34-4166-998f-6276ebd0decc
NOTE  rename under drop-before  -> 503 hosted_harness_unavailable; command rows ["rename-1791383354305-d318:FAILED"]
NOTE  same key, same title, fault cleared  -> 200 first title replay=true; rows ["rename-1791383354305-d318:COMPLETED"]
NOTE  fresh key  -> 200 second title; rows ["fresh-1791383354305-d318:COMPLETED","rename-1791383354305-d318:COMPLETED"]
NOTE  POST /title calls seen by the tap  -> ["drop-before:-","pass:200","pass:200"]
NOTE  session.* events  -> ["session.created ","session.update.requested control:RENAME_SESSION:rename-1791383354305-d318:requested","session.updated control:RENAME_SESSION:rename-1791383354305-d318:completed","session.update.requested control:RENAME_SESSION:fresh-1791383354305-d318:requested","session.updated control:RENAME_SESSION:fresh-1791383354305-d318:completed"]
== c8-bound-drop-before: 1 passed, 0 failed
RC=0
### /Users/wenshao/.local/node-v22.23.3-darwin-x64/bin/node c8-rename-refused.mjs unbound - - respond400
# c8-unbound-respond400  db=h8  2026-10-07T14:29:18.858Z
PASS  initial Turn COMPLETED  -> 892d834e-2ca7-45d7-b433-8cd9212aedfc
NOTE  rename under respond400  -> 503 hosted_harness_unavailable; command rows ["rename-1791383358862-87a2:FAILED"]
NOTE  same key, same title, fault cleared  -> 200 first title replay=true; rows ["rename-1791383358862-87a2:COMPLETED"]
NOTE  fresh key  -> 200 second title; rows ["fresh-1791383358862-87a2:COMPLETED","rename-1791383358862-87a2:COMPLETED"]
NOTE  POST /title calls seen by the tap  -> ["respond:400","pass:200","pass:200"]
NOTE  session.* events  -> ["session.created ","session.update.requested control:RENAME_SESSION:rename-1791383358862-87a2:requested","session.updated control:RENAME_SESSION:rename-1791383358862-87a2:completed","session.update.requested control:RENAME_SESSION:fresh-1791383358862-87a2:requested","session.updated control:RENAME_SESSION:fresh-1791383358862-87a2:completed"]
== c8-unbound-respond400: 1 passed, 0 failed
RC=0
### /Users/wenshao/.local/node-v22.23.3-darwin-x64/bin/node c8-rename-refused.mjs unbound - - respond500
# c8-unbound-respond500  db=h8  2026-10-07T14:29:20.442Z
PASS  initial Turn COMPLETED  -> 703dd6f0-2201-4246-9060-1c1c3595a68b
NOTE  rename under respond500  -> 503 hosted_harness_unavailable; command rows ["rename-1791383360446-1ea1:FAILED"]
NOTE  same key, same title, fault cleared  -> 200 first title replay=true; rows ["rename-1791383360446-1ea1:COMPLETED"]
NOTE  fresh key  -> 200 second title; rows ["fresh-1791383360446-1ea1:COMPLETED","rename-1791383360446-1ea1:COMPLETED"]
NOTE  POST /title calls seen by the tap  -> ["respond:500","pass:200","pass:200"]
NOTE  session.* events  -> ["session.created ","session.update.requested control:RENAME_SESSION:rename-1791383360446-1ea1:requested","session.updated control:RENAME_SESSION:rename-1791383360446-1ea1:completed","session.update.requested control:RENAME_SESSION:fresh-1791383360446-1ea1:requested","session.updated control:RENAME_SESSION:fresh-1791383360446-1ea1:completed"]
== c8-unbound-respond500: 1 passed, 0 failed
RC=0
### /Users/wenshao/.local/node-v22.23.3-darwin-x64/bin/node c3-lost-delivery.mjs bound ws-c3 e drop-before 1
# c3-bound-drop-before-x1  db=h8  2026-10-07T14:29:21.943Z
PASS  initial Turn COMPLETED  -> 4ee286a0-1a63-4ae0-94d8-4b34a4a57402
NOTE  cancel admission  -> 202 accepted
NOTE  POST /cancel attempts seen by the tap (ms after the cancel)  -> [{"at":22,"fault":"drop-before","status":null},{"at":19561,"fault":null,"status":204}]
NOTE  Turn end  -> CANCELLED  at +19901 ms
NOTE  model  -> aborted after 19923 ms held
NOTE  Workspace file written by the cancelled Turn  -> null; executions added=0
PASS  Turn ended CANCELLED  -> CANCELLED
PASS  cancel delivered after 1 lost attempt(s)  -> 2 attempts
NOTE  Turn history  -> [["turn_b13acc613254495e9a1a3efa74c987cf","COMPLETED","","0"],["turn_6466d5cafa9a4a84a26010d131f87b99","CANCELLED","","0"]]
== c3-bound-drop-before-x1: 3 passed, 0 failed
RC=0
### /Users/wenshao/.local/node-v22.23.3-darwin-x64/bin/node c3-lost-delivery.mjs unbound - - drop-before 1
# c3-unbound-drop-before-x1  db=h8  2026-10-07T14:29:47.859Z
PASS  initial Turn COMPLETED  -> 6b92a5f6-25f7-4457-a7bd-4640ece21356
NOTE  cancel admission  -> 202 accepted
NOTE  POST /cancel attempts seen by the tap (ms after the cancel)  -> [{"at":25,"fault":"drop-before","status":null},{"at":19497,"fault":null,"status":204}]
NOTE  Turn end  -> CANCELLED  at +19782 ms
NOTE  model  -> aborted after 19908 ms held
PASS  Turn ended CANCELLED  -> CANCELLED
PASS  cancel delivered after 1 lost attempt(s)  -> 2 attempts
NOTE  Turn history  -> [["turn_6563750c8d8241ce95fc77cf5c1fe5c5","COMPLETED","","0"],["turn_feb07cedccf243b385ef6d6c46e68f1c","CANCELLED","","0"]]
== c3-unbound-drop-before-x1: 3 passed, 0 failed
RC=0
BATCH8B-DONE 14:30:10
