23:35:50.678 machine_id=f03cd9a6530b4a84b59095456b085bfb boot_id=6278d279-d406-4b4f-bf9b-d807bb06a15e uptime=548s kernel=6.8.0-117-generic
23:35:50.681    jar=/opt/w1b/r2-server-workspace-bundle.jar cli=/opt/w1b/dist-r2/cli.js
23:35:56.080    health=200 === 2026-10-01T23:35:50.951Z start pid=2303 boot_id=6278d279-d406-4b4f-bf9b-d807bb06a15e machine_id=f03cd9a6530b4a84b59095456b085bfb jar=r2-server.jar dist=dist-r2 verified=false durable=true harness=false db=w1b_r2
23:35:56.542    stopped (migrations applied)
23:35:57.229   maint register-a: exit=0 683 ms -> Workspace storage maintenance operation verified.
23:35:57.832   maint register-b: exit=0 602 ms -> Workspace storage maintenance operation verified.
23:36:01.018    health=200 === 2026-10-01T23:35:57.853Z start pid=2781 boot_id=6278d279-d406-4b4f-bf9b-d807bb06a15e machine_id=f03cd9a6530b4a84b59095456b085bfb jar=r2-server.jar dist=dist-r2 verified=true durable=true harness=false db=w1b_r2
23:36:01.627    inspect a: state=ready revision=1 operation=null completed=b1d5f087-a007-488b-8067-1f24fc67d8cb holder=false identity=match marker=match registration=valid
23:36:02.202    inspect b: state=ready revision=1 operation=null completed=3724980d-2c5d-4c81-87b5-29b0a83258ad holder=false identity=match marker=match registration=valid
23:36:03.679    F1 7dae9250-510f-4f2d-ad7a-700f0b67af0f (ws-a1, hosted-workspace-files/1) create=200
23:36:05.082      F1 WRITE notes.txt v1: turn_complete
23:36:05.959      F1 WRITE notes.txt v2: turn_complete
23:36:06.848      F1 WRITE __proto__ proto-named: turn_complete
23:36:07.553      F1 READ notes.txt: turn_complete
23:36:07.599    S1 4ff06e5e-7160-4dca-9cad-bf67772f0130 (ws-a1, hosted-workspace-shell/1) create=200
23:36:08.877      S1 SHELL64 bWtkaXIgLXAgc3JjIGJpbiAmJiBwcmludGYgImV4: turn_complete
23:36:09.757      S1 SHELL64 bWtkaXIgLXAgZ2VuICYmIHB5dGhvbjMgLWMgImlt: turn_complete
23:36:09.801    O1 55a67167-cfa7-4720-99d2-e7a74e0bc465 (ws-a2, hosted-workspace-shell/1, captureBytes=16777216) create=200
23:36:11.477      O1 O2SH64 aGVhZCAtYyAzMDAwMDAwIC9kZXYvemVybyB8IHRyI: turn_complete
23:36:11.577      O1 publication: REFERENCED 3 segments, seals stderr=0/0 stdout=3/3000001
23:36:11.624    F2 3e10e0ff-de53-4a40-9471-f5a2af9559c9 (ws-a2, hosted-workspace-files/1) create=200
23:36:12.687      F2 WRITE other.txt x1: turn_complete
23:36:13.562      F2 WRITE other.txt x2: turn_complete
23:36:13.607    F3 debd2fd9-1799-4853-b313-f4bccf2f036b (ws-a1, hosted-workspace-files/1) create=200
23:36:14.774      F3 WRITE closed.txt c1: turn_complete
23:36:14.817    S2 eaa289c3-30d9-4a08-bd41-0fd576fba267 (ws-a1, hosted-workspace-shell/1) create=200
23:36:15.981      S2 SHELL64 ZWNobyBkZWxldGVkLXNlc3Npb24gPiBkZWwudHh0: turn_complete
23:36:15.991    U1 bc1a11fe-c4d3-40cf-a49c-8a6d841c17d1 (ws-a2) public create only, never attached
23:36:16.030    B1 85ce223c-b67d-4fa1-a46f-c825c8973e7f (ws-b1, hosted-workspace-files/1) create=200
23:36:17.197      B1 WRITE b.txt b1: turn_complete
23:36:17.320    lifecycle archive: 409 op=undefine state=undefined | close: 409 op=undefine state=undefined | delete: 409 op=undefine state=undefined
23:36:17.425    Harness stopped
23:36:17.878    service stopped
23:36:17.919    writer leases lapsed after 39 ms
23:36:18.570   maint fence-a: exit=0 617 ms -> Workspace storage maintenance operation verified.
23:36:18.602    row state=FENCED rev=1 op=6f30f3fc completed=- dev=64769 ino=806310 birth=2026-10-01T23:35:50.484667142Z reg=f443fe7c holder=-
23:36:18.669    row state=FENCED rev=1 op=6f30f3fc completed=- dev=64769 ino=806310 birth=2026-10-01T23:35:50.484667142Z reg=f443fe7c holder=-; members=7
23:36:18.670 == A: capture / replay / verify / authority unchanged
23:36:58.557   w1b A-capture: exit=0 38303 ms java≤244 MiB node≤119 MiB -> state=SEALED sessions=7/7 assets=3840 pendingRefs=0 lastError=null contentVerified=true authorityCompatible=true activation=false entries=3422 manifest=045e47162665
23:36:59.449   w1b A-replay: exit=0 891 ms java≤192 MiB node≤0 MiB -> state=SEALED sessions=7/7 assets=3840 pendingRefs=0 lastError=null contentVerified=true authorityCompatible=true activation=false entries=3422 manifest=045e47162665
23:37:23.237   w1b A-verify: exit=0 23786 ms java≤199 MiB node≤115 MiB -> state=VERIFIED sessions=7/7 assets=3840 pendingRefs=0 lastError=null contentVerified=true authorityCompatible=true activation=false entries=3422 manifest=045e47162665
23:37:24.673    replay identical=true; authority (34 tables) identical=true
23:37:24.674 == B: unsupported entries in the stopped source
23:37:35.743   w1b B-venv: exit=1 10932 ms java≤188 MiB node≤99 MiB -> REFUSED unsupported_source_entry: unsupported_source_entry (unsupported_symlink at "a/project/.venv/bin/python3.12")
23:37:36.732    venv           1 INVALIDATED/unsupported_source_entry 10932 ms | unsupported_source_entry: unsupported_source_entry (unsupported_symlink at "a/project/.venv/bin/python3.12") | same UUID: REFUSED source_drift: source_drift
23:37:47.899   w1b B-abs-link: exit=1 11052 ms java≤199 MiB node≤99 MiB -> REFUSED unsupported_source_entry: unsupported_source_entry (unsupported_symlink at "a/project/abs-notes")
23:37:48.872    abs-link       1 INVALIDATED/unsupported_source_entry 11052 ms | unsupported_source_entry: unsupported_source_entry (unsupported_symlink at "a/project/abs-notes") | same UUID: REFUSED source_drift: source_drift
23:38:00.133   w1b B-dangling-link: exit=1 11150 ms java≤185 MiB node≤99 MiB -> REFUSED unsupported_source_entry: unsupported_source_entry (unsupported_symlink at "a/project/main-link")
23:38:01.117    dangling-link  1 INVALIDATED/unsupported_source_entry 11150 ms | unsupported_source_entry: unsupported_source_entry (unsupported_symlink at "a/project/main-link") | same UUID: REFUSED source_drift: source_drift
23:38:12.171   w1b B-escaping-link: exit=1 10941 ms java≤187 MiB node≤98 MiB -> REFUSED unsupported_source_entry: unsupported_source_entry (unsupported_symlink at "a/project/host-link")
23:38:13.189    escaping-link  1 INVALIDATED/unsupported_source_entry 10941 ms | unsupported_source_entry: unsupported_source_entry (unsupported_symlink at "a/project/host-link") | same UUID: REFUSED source_drift: source_drift
23:38:24.152   w1b B-enotdir-link: exit=1 10848 ms java≤190 MiB node≤99 MiB -> REFUSED unsupported_source_entry: unsupported_source_entry (unsupported_symlink at "a/project/enotdir-link")
23:38:25.147    enotdir-link   1 INVALIDATED/unsupported_source_entry 10848 ms | unsupported_source_entry: unsupported_source_entry (unsupported_symlink at "a/project/enotdir-link") | same UUID: REFUSED source_drift: source_drift
23:38:26.330   w1b B-hard-link: exit=1 1080 ms java≤199 MiB node≤55 MiB -> REFUSED unsupported_source_entry: unsupported_source_entry (unsupported_file_type at "a/project/data-hard")
23:38:27.291    hard-link      1 INVALIDATED/unsupported_source_entry 1080 ms | unsupported_source_entry: unsupported_source_entry (unsupported_file_type at "a/project/data-hard") | same UUID: REFUSED source_drift: source_drift
23:38:38.127   w1b B-fifo: exit=1 10729 ms java≤188 MiB node≤98 MiB -> REFUSED unsupported_source_entry: unsupported_source_entry (unsupported_file_type at "a/project/pipe")
23:38:39.084    fifo           1 INVALIDATED/unsupported_source_entry 10729 ms | unsupported_source_entry: unsupported_source_entry (unsupported_file_type at "a/project/pipe") | same UUID: REFUSED source_drift: source_drift
23:38:50.349   w1b B-socket: exit=1 11136 ms java≤197 MiB node≤98 MiB -> REFUSED unsupported_source_entry: unsupported_source_entry (unsupported_file_type at "a/project/dev.sock")
23:38:51.337    socket         1 INVALIDATED/unsupported_source_entry 11136 ms | unsupported_source_entry: unsupported_source_entry (unsupported_file_type at "a/project/dev.sock") | same UUID: REFUSED source_drift: source_drift
23:39:02.654   w1b B-odd-name: exit=1 11178 ms java≤195 MiB node≤97 MiB -> REFUSED unsupported_source_entry: unsupported_source_entry (unsupported_file_type at "a/project/x\"\n\u001b[31mred")
23:39:03.658    odd-name       1 INVALIDATED/unsupported_source_entry 11178 ms | unsupported_source_entry: unsupported_source_entry (unsupported_file_type at "a/project/x\"\n\u001b[31mred") | same UUID: REFUSED source_drift: source_drift
23:39:41.962   w1b B-new-uuid-after-removal: exit=0 38195 ms java≤208 MiB node≤128 MiB -> state=SEALED sessions=7/7 assets=3840 pendingRefs=0 lastError=null contentVerified=true authorityCompatible=true activation=false entries=3422 manifest=11f70b113b45
23:39:41.962    all entries removed, new UUID: state=SEALED sessions=7/7 assets=3840 pendingRefs=0 lastError=null contentVerified=true authorityCompatible=true activat
23:39:41.990 == R1-29: a stray file only in the operator copy
23:39:55.812   w1b R1-29: exit=1 13735 ms java≤192 MiB node≤99 MiB -> REFUSED source_drift: source_drift
23:39:56.935   w1b R1-29-same-uuid-after-cleaning-copy: exit=1 1062 ms java≤195 MiB node≤46 MiB -> REFUSED source_drift: source_drift
23:39:56.935    INVALIDATED/source_drift | source_drift: source_drift | same UUID after removing the stray copy file: REFUSED source_drift: source_drift
23:39:56.962 == R1-31a: a file missing from the operator copy
23:40:08.458   w1b R1-31a: exit=1 11405 ms java≤190 MiB node≤99 MiB -> REFUSED bundle_io_failed: ENOENT: no such file or directory, lstat '/srv/w1b-bundles/r2-r131a/workspace/project/notes.txt'
23:40:47.146   w1b R1-31a-same-uuid-after-fixing-copy: exit=0 38652 ms java≤200 MiB node≤130 MiB -> state=SEALED sessions=7/7 assets=3840 pendingRefs=0 lastError=null contentVerified=true authorityCompatible=true activation=false entries=3422 manifest=728332f38df9
23:40:47.147    CAPTURING/bundle_io_failed | bundle_io_failed: ENOENT: no such file or directory, lstat '/srv/w1b-bundles/r2-r131a/workspace/project/notes.txt' | absolute bundle path on stderr=true | same UUID after restoring the copy: state=SEALED sessions=7/7 assets=3840 pendingRefs=0 lastError=null contentVerifi
23:40:47.176 == R1-31b: a new file appears in the source after the copy was made
23:40:57.988   w1b R1-31b: exit=1 10721 ms java≤189 MiB node≤100 MiB -> REFUSED bundle_io_failed: ENOENT: no such file or directory, lstat '/srv/w1b-bundles/r2-r131b/workspace/project/late-new.txt'
23:41:35.884   w1b R1-31b-same-uuid-after-removing-it: exit=0 37861 ms java≤211 MiB node≤126 MiB -> state=SEALED sessions=7/7 assets=3840 pendingRefs=0 lastError=null contentVerified=true authorityCompatible=true activation=false entries=3422 manifest=2c34a436fc8b
23:41:35.885    CAPTURING/bundle_io_failed | bundle_io_failed: ENOENT: no such file or directory, lstat '/srv/w1b-bundles/r2-r131b/workspace/project/late-new.txt' | same UUID after the source file is gone again: state=SEALED sessions=7/7 assets=3840 pendingRefs=0 lastError=null contentVerifi
23:41:35.914 == R1-30: SIGKILL while assets.ndjson is being published
23:42:06.199   w1b R1-30-killed: exit=SIGKILL 30194 ms [SIGKILL when assets.ndjson.partial exists held (30185 ms)] java≤210 MiB node≤118 MiB -> REFUSED (no output)
23:42:32.935   w1b R1-30-resume-1: exit=1 26734 ms java≤246 MiB node≤115 MiB -> REFUSED undeclared_bundle_entry: undeclared_bundle_entry
23:42:59.577   w1b R1-30-resume-2: exit=1 26641 ms java≤231 MiB node≤131 MiB -> REFUSED undeclared_bundle_entry: undeclared_bundle_entry
23:43:34.634   w1b R1-30-resume-after-deleting-partial: exit=0 35055 ms java≤239 MiB node≤131 MiB -> state=SEALED sessions=7/7 assets=3840 pendingRefs=0 lastError=null contentVerified=true authorityCompatible=true activation=false entries=3422 manifest=02cdd78d1e4d
23:43:34.668    [SIGKILL when assets.ndjson.partial exists held (30185 ms)] leftover=assets.ndjson.partial-3fc498b8-3913-43cb-9c93-6c9aba5eae59,sessions.ndjson | resume 1: REFUSED undeclared_bundle_entry: undeclared_bundle_entry | resume 2: REFUSED undeclared_bundle_entry: undeclared_bundle_entry | after deleting the .partial by hand: state=SEALED sessions=7/7 assets=3840 pendingRefs=0 lastError=null con
23:43:34.697 == R1-32: timezone of the maintenance JVM
23:43:34.730    journal heads with a non-null writer_lease_until: 7
23:43:58.159   w1b R1-32-verify-UTC: exit=0 23427 ms java≤203 MiB node≤107 MiB -> state=VERIFIED sessions=7/7 assets=3840 pendingRefs=0 lastError=null contentVerified=true authorityCompatible=true activation=false entries=3422 manifest=045e47162665
23:44:21.294   w1b R1-32-verify-Asia-Shanghai: exit=0 23134 ms java≤198 MiB node≤108 MiB -> state=VERIFIED sessions=7/7 assets=3840 pendingRefs=0 lastError=null contentVerified=true authorityCompatible=false activation=false entries=3422 manifest=045e47162665
23:44:44.687   w1b R1-32-verify-system-default: exit=0 23392 ms java≤205 MiB node≤115 MiB -> state=VERIFIED sessions=7/7 assets=3840 pendingRefs=0 lastError=null contentVerified=true authorityCompatible=false activation=false entries=3422 manifest=045e47162665
23:44:44.688    verify of the UTC-sealed C0: UTC -> authorityCompatible=true | Asia/Shanghai -> authorityCompatible=false | system default (VM is CST) -> authorityCompatible=false
23:45:03.241   w1b R1-32-same-tz-killed: exit=SIGKILL 18467 ms [SIGKILL when 2 Sessions complete held (18459 ms)] java≤192 MiB node≤113 MiB -> REFUSED (no output)
23:45:40.375   w1b R1-32-same-tz-resume: exit=0 37133 ms java≤202 MiB node≤132 MiB -> state=SEALED sessions=7/7 assets=3840 pendingRefs=0 lastError=null contentVerified=true authorityCompatible=true activation=false entries=3422 manifest=614b97d38053
23:45:40.405    capture under UTC killed [SIGKILL when 2 Sessions complete held (18459 ms)], resumed under UTC: SEALED/- state=SEALED sessions=7/7 assets=3840 pendingRefs=0 lastError=null contentVerifi
23:45:59.945   w1b R1-32-other-tz-killed: exit=SIGKILL 19426 ms [SIGKILL when 2 Sessions complete held (19412 ms)] java≤187 MiB node≤113 MiB -> REFUSED (no output)
23:46:16.270   w1b R1-32-other-tz-resume: exit=1 16323 ms java≤192 MiB node≤101 MiB -> REFUSED source_drift: source_drift
23:46:16.306    capture under UTC killed [SIGKILL when 2 Sessions complete held (19412 ms)], resumed under Asia/Shanghai: INVALIDATED/source_drift REFUSED source_drift: source_drift
23:46:16.333 == D: MySQL wait_timeout shorter than an idle stretch (2 GiB file hashing with no RPC)
23:46:37.761   w1b D-wait-timeout-2s: exit=1 19985 ms java≤180 MiB node≤103 MiB -> REFUSED Connection was closed in SingleConnectionDataSource. Check that user code checks shouldClose() before closing Connections, or set 'suppressClose' to 'true'
23:47:23.272   w1b D-same-uuid-default-timeout: exit=0 45446 ms java≤217 MiB node≤129 MiB -> state=SEALED sessions=7/7 assets=3841 pendingRefs=0 lastError=null contentVerified=true authorityCompatible=true activation=false entries=3423 manifest=aaaabbdbecd0
23:47:23.272    wait_timeout=2: exit=1 CAPTURING/- cause="Connection was closed in SingleConnectionDataSource. Check that user code checks shouldClose() before closing Connection" | same UUID with the default timeout: state=SEALED sessions=7/7 assets=3841 pendingRefs=0 lastError=null contentVerifi
23:47:23.511 R2-DONE
