ARM-START h db=h jar=h dist=h 16:03:39
harness pid=1038074 dist=h up after 2s log=/root/v13682/rig/run/h/harness-0.log
springb pid=1038119 jar=h store=http://127.0.0.1:18683 up after 38s log=/root/v13682/rig/run/h/springb-0.log
spring pid=1039931 jar=h store=http://127.0.0.1:18683 up after 8s log=/root/v13682/rig/run/h/spring-0.log
### [h 16:04:27] /usr/bin/node p7-unicode.mjs ws-u a
# p7-unicode  db=h  2026-10-10T16:04:27.695Z
PASS  initial Turn COMPLETED  -> fbf3a976-c2b1-4608-a1ee-1fd3a8db639d
NOTE  NBSP (U+00A0)  -> 400 invalid_title; commands +0; Harness title POSTs +0; delivery null
NOTE  FEFF (U+FEFF)  -> 400 invalid_title; commands +0; Harness title POSTs +0; delivery null
NOTE  U2007 (U+2007)  -> 400 invalid_title; commands +0; Harness title POSTs +0; delivery null
NOTE  U202F (U+202F)  -> 400 invalid_title; commands +0; Harness title POSTs +0; delivery null
NOTE  mixed (U+00A0 U+2007 U+202F U+FEFF)  -> 400 invalid_title; commands +0; Harness title POSTs +0; delivery null
NOTE  IDEOSP (U+3000)  -> 400 invalid_title; commands +0; Harness title POSTs +0; delivery null
NOTE  LS (U+2028)  -> 400 invalid_title; commands +0; Harness title POSTs +0; delivery null
PASS  all Unicode-blank titles answer 400 invalid_title  -> {"NBSP":"400 invalid_title","FEFF":"400 invalid_title","U2007":"400 invalid_title","U202F":"400 invalid_title","mixed":"400 invalid_title","IDEOSP":"400 invalid_title","LS":"400 invalid_title"}
PASS  no command row and no Harness call for any of them  -> {"NBSP":"0/0","FEFF":"0/0","U2007":"0/0","U202F":"0/0","mixed":"0/0","IDEOSP":"0/0","LS":"0/0"}
NOTE  visible title with inner NBSP/U+2007/U+202F  -> 200 A B C D
PASS  visible title keeps its exact code points in both stores  -> DB "A B C D" / Harness "A B C D"
NOTE  close afterwards  -> 202 pending → CLOSED
PASS  close is still admitted  -> 202 CLOSED
== p7-unicode: 5 passed, 0 failed
RC=0
### [h 16:04:42] /usr/bin/node p5-lost-reply.mjs turn ws-l5 b
# p5-lost-reply-turn  db=h  2026-10-10T16:04:42.962Z
NOTE  create  -> 202 d1dd641c-627c-4751-8ac6-652b17809075
PASS  initial Turn COMPLETED
NOTE  rename whose reply is lost after the Harness committed  -> 503 hosted_harness_unavailable after 235 ms; DB <null>; commands [["k-1791648283213-94eb","FAILED"]]; delivery ["1","k-1791648283213-94eb","Lost Reply Title","PENDING","1","","1791648288963"]
NOTE  waited (no client retry) for the receipt to complete  -> completed at +757 ms
NOTE  title POSTs seen by the tap  -> ["Lost Reply Title@1:drop-after:200","Lost Reply Title@1:-:200"]
NOTE  journal title records  -> ["Lost Reply Title@1:hosted-title:1"]
PASS  public receipt completes without a client retry  -> [["k-1791648283213-94eb","COMPLETED"]]
PASS  public and Harness titles agree  -> DB Lost Reply Title / Harness Lost Reply Title
PASS  exactly one title record in the journal  -> 1
NOTE  replay of the completed key / same key with changed content  -> 200 Lost Reply Title / 409 idempotency_conflict; Harness title POSTs added 0; journal records 1
PASS  replay writes nothing; changed content conflicts  -> 200/409
== p5-lost-reply-turn: 5 passed, 0 failed
RC=0
### [h 16:04:50] /usr/bin/node p5-lost-reply.mjs empty ws-l5e c
# p5-lost-reply-empty  db=h  2026-10-10T16:04:50.932Z
NOTE  create  -> 202 7ee0ba33-eeb6-4254-8199-e8ddc0889de8
NOTE  rename whose reply is lost after the Harness committed  -> 503 hosted_harness_unavailable after 463 ms; DB <null>; commands [["k-1791648291128-063a","FAILED"]]; delivery ["1","k-1791648291128-063a","Lost Reply Title","RUNNING","2","01be1f8a-6021-42fd-b00d-3a48e5d2a84b","1791648292127"]
NOTE  waited (no client retry) for the receipt to complete  -> completed at +698 ms
NOTE  title POSTs seen by the tap  -> ["Lost Reply Title@1:drop-after:200","Lost Reply Title@1:-:200"]
NOTE  journal title records  -> ["Lost Reply Title@1:hosted-title:1"]
PASS  public receipt completes without a client retry  -> [["k-1791648291128-063a","COMPLETED"]]
PASS  public and Harness titles agree  -> DB Lost Reply Title / Harness Lost Reply Title
PASS  exactly one title record in the journal  -> 1
NOTE  replay of the completed key / same key with changed content  -> 200 Lost Reply Title / 409 idempotency_conflict; Harness title POSTs added 0; journal records 1
PASS  replay writes nothing; changed content conflicts  -> 200/409
== p5-lost-reply-empty: 4 passed, 0 failed
RC=0
### [h 16:04:53] /usr/bin/node p5-lost-reply.mjs unbound - -
# p5-lost-reply-unbound  db=h  2026-10-10T16:04:53.782Z
NOTE  create  -> 202 b6d1cc88-602d-4b1c-905c-6429d3bc5505
NOTE  rename whose reply is lost after the Harness committed  -> 503 hosted_harness_unavailable after 383 ms; DB <null>; commands [["k-1791648293784-dd60","FAILED"]]; delivery ["1","k-1791648293784-dd60","Lost Reply Title","PENDING","1","","1791648294644"]
NOTE  waited (no client retry) for the receipt to complete  -> completed at +1130 ms
NOTE  title POSTs seen by the tap  -> ["Lost Reply Title@1:drop-after:200","Lost Reply Title@1:-:200"]
NOTE  journal title records  -> ["Lost Reply Title@1:hosted-title:1"]
PASS  public receipt completes without a client retry  -> [["k-1791648293784-dd60","COMPLETED"]]
PASS  public and Harness titles agree  -> DB Lost Reply Title / Harness Lost Reply Title
PASS  exactly one title record in the journal  -> 1
NOTE  replay of the completed key / same key with changed content  -> 200 Lost Reply Title / 409 idempotency_conflict; Harness title POSTs added 0; journal records 1
PASS  replay writes nothing; changed content conflicts  -> 200/409
== p5-lost-reply-unbound: 4 passed, 0 failed
RC=0
### [h 16:04:56] /usr/bin/node p4-late-write.mjs bound ws-l4 d
# p4-late-write-bound  db=h  2026-10-10T16:04:56.892Z
PASS  initial Turn COMPLETED  -> c769a921-4344-48bb-97fe-8bd406f15baa
NOTE  K1 → Alpha (held 40000 ms at the tap before reaching the Harness)  -> 503 hosted_harness_unavailable after 30132 ms; K1 rows [["k1-1791648297159-9d11","FAILED"]]; delivery ["1","k1-1791648297159-9d11","Alpha","PENDING","1","","1791648332270"]
NOTE  K2 → Bravo right after K1 answered  -> 200 Bravo at +30622 ms; DB Bravo; journal ["Bravo@2"]
NOTE  held K1 request reached the Harness late and was answered  -> 409 rev=1 at +40079 ms
NOTE  title POSTs seen by the tap  -> ["Bravo@2:-:200","Alpha@1:delay:409"]
NOTE  journal title records (title@revision)  -> ["Bravo@2"]
NOTE  rename commands  -> [["k1-1791648297159-9d11","FAILED"],["k2-1791648297159-9d11","COMPLETED"]]
NOTE  delivery row  -> ["2","k2-1791648297159-9d11","Bravo","COMPLETED","1","","1791648332544"]
PASS  after the late K1 write: public title is Bravo  -> Bravo
PASS  after the late K1 write: Harness journal title is Bravo  -> Bravo
NOTE  K1 retried after Bravo  -> 200 Alpha; delivery ["3","k1-1791648297159-9d11","Alpha","COMPLETED","1","","1791648346703"]; commands [["k1-1791648297159-9d11","COMPLETED"],["k2-1791648297159-9d11","COMPLETED"]]
PASS  K1 retry wins in both stores (Alpha)  -> DB Alpha / Harness Alpha
NOTE  journal title records at the end  -> ["Bravo@2:hosted-title:2","Alpha@3:hosted-title:3"]
== p4-late-write-bound: 4 passed, 0 failed
RC=0
### [h 16:05:50] /usr/bin/node p4-late-write.mjs unbound - -
# p4-late-write-unbound  db=h  2026-10-10T16:05:50.158Z
PASS  initial Turn COMPLETED  -> 4907950f-66c6-42f9-817e-26a18b2a324d
NOTE  K1 → Alpha (held 40000 ms at the tap before reaching the Harness)  -> 503 hosted_harness_unavailable after 30090 ms; K1 rows [["k1-1791648350160-2098","FAILED"]]; delivery ["1","k1-1791648350160-2098","Alpha","PENDING","1","","1791648381748"]
NOTE  K2 → Bravo right after K1 answered  -> 200 Bravo at +30351 ms; DB Bravo; journal ["Bravo@2"]
NOTE  held K1 request reached the Harness late and was answered  -> 409 rev=1 at +40056 ms
NOTE  title POSTs seen by the tap  -> ["Bravo@2:-:200","Alpha@1:delay:409"]
NOTE  journal title records (title@revision)  -> ["Bravo@2"]
NOTE  rename commands  -> [["k1-1791648350160-2098","FAILED"],["k2-1791648350160-2098","COMPLETED"]]
NOTE  delivery row  -> ["2","k2-1791648350160-2098","Bravo","COMPLETED","1","","1791648381924"]
PASS  after the late K1 write: public title is Bravo  -> Bravo
PASS  after the late K1 write: Harness journal title is Bravo  -> Bravo
NOTE  K1 retried after Bravo  -> 200 Alpha; delivery ["3","k1-1791648350160-2098","Alpha","COMPLETED","1","","1791648396071"]; commands [["k1-1791648350160-2098","COMPLETED"],["k2-1791648350160-2098","COMPLETED"]]
PASS  K1 retry wins in both stores (Alpha)  -> DB Alpha / Harness Alpha
NOTE  journal title records at the end  -> ["Bravo@2:hosted-title:2","Alpha@3:hosted-title:3"]
== p4-late-write-unbound: 4 passed, 0 failed
RC=0
### [h 16:06:39] /usr/bin/node p6-barrier.mjs ws-b6 e close
# p6-barrier-close  db=h  2026-10-10T16:06:39.260Z
PASS  initial Turn COMPLETED  -> d34e0fcb-a245-4dec-ad23-9a73783e2f05
NOTE  rename (Harness committed, reply lost; redeliveries get 503)  -> 503 hosted_harness_unavailable; DB <null>; Harness Sealed Title; delivery ["1","k-1791648399468-189f","Sealed Title","PENDING","1","","1791648404703"]
NOTE  close while the delivery is open (+483 ms)  -> 409 session_operation_active The Session has a title delivery awaiting completion.
NOTE  archive while the delivery is open (+483 ms)  -> 409 session_operation_active The Session has a title delivery awaiting completion.
NOTE  cwd while the delivery is open (+483 ms)  -> 409 session_context_busy The Session has an active Turn, operation or retained Runtime context.
NOTE  status / titles right after the attempts  -> ACTIVE; DB <null>; Harness Sealed Title
PASS  no lifecycle change is admitted while the title delivery is open  -> ACTIVE close 409 archive 409 cwd 409
NOTE  delivery after 15000 ms of 503s  -> ["1","k-1791648399468-189f","Sealed Title","PENDING","4","","1791648434236"]; title POSTs 4
NOTE  delivery settles after the Harness recovers  -> +14730 ms
NOTE  close after the delivery settled  -> 202 pending → CLOSING at +36 ms
NOTE  final titles  -> DB Sealed Title / Harness Sealed Title; commands [["k-1791648399468-189f","COMPLETED"]]
PASS  close is admitted once the delivery settled  -> 202 CLOSING
PASS  sealed Session keeps equal public and Harness titles  -> DB Sealed Title / Harness Sealed Title
== p6-barrier-close: 4 passed, 0 failed
RC=0
### [h 16:07:15] env HOLD=8000 /usr/bin/node p6-barrier.mjs ws-b6d f delete
# p6-barrier-delete  db=h  2026-10-10T16:07:15.256Z
PASS  initial Turn COMPLETED  -> 05ce407c-54c7-4f22-91e8-3cad4bac49c7
NOTE  rename (Harness committed, reply lost; redeliveries get 503)  -> 503 hosted_harness_unavailable; DB <null>; Harness Sealed Title; delivery ["1","k-1791648435499-45bc","Sealed Title","PENDING","1","","1791648441073"]
NOTE  close while the delivery is open (+611 ms)  -> 409 session_operation_active The Session has a title delivery awaiting completion.
NOTE  archive while the delivery is open (+612 ms)  -> 409 session_operation_active The Session has a title delivery awaiting completion.
NOTE  cwd while the delivery is open (+612 ms)  -> 409 session_context_busy The Session has an active Turn, operation or retained Runtime context.
NOTE  status / titles right after the attempts  -> ACTIVE; DB <null>; Harness Sealed Title
PASS  no lifecycle change is admitted while the title delivery is open  -> ACTIVE close 409 archive 409 cwd 409
NOTE  delivery after 8000 ms of 503s  -> ["1","k-1791648435499-45bc","Sealed Title","PENDING","3","","1791648453462"]; title POSTs 3
NOTE  delivery settles after the Harness recovers  -> +5680 ms
NOTE  delete after the delivery settled  -> 202 pending → DELETING at +43 ms
NOTE  final titles  -> DB Sealed Title / Harness Sealed Title; commands [["k-1791648435499-45bc","COMPLETED"]]
PASS  delete is admitted once the delivery settled  -> 202 DELETED
PASS  sealed Session keeps equal public and Harness titles  -> DB Sealed Title / Harness Sealed Title
== p6-barrier-delete: 4 passed, 0 failed
RC=0
### [h 16:07:35] /usr/bin/node c19-rename-race.mjs bound ws-c19 g
# c19-rename-race-bound  db=h  2026-10-10T16:07:35.518Z
PASS  initial Turn COMPLETED  -> e378d8ce-9b08-4962-a6ef-214e04f57752
NOTE  R1 (K1 → A, Harness 500)  -> 503 hosted_harness_unavailable; K1 row FAILED
NOTE  K2 → B  -> 200 title B
NOTE  R2 (K1 → A retry, Harness call held 8 s, then 200)  -> 200 title A; K1 row while held PENDING
NOTE  R3 (K1 → A retry overlapping R2, Harness 500)  -> 503 hosted_harness_unavailable; K1 row after R3 PENDING
NOTE  database title afterwards  -> title A
NOTE  Harness journal title afterwards (Session Store)  -> title A; records ["title B@2","title A@3"]
NOTE  title calls the Harness applied, in order  -> ["title B","title A"]
NOTE  Harness title calls with faults  -> ["title A:respond:500","title B:-:200","title A:delay:200"]
NOTE  R4 (K1 → A once more, no fault)  -> 200 title A; database title then title A; K1 row COMPLETED
== c19-rename-race-bound: 1 passed, 0 failed
RC=0
### [h 16:07:51] /usr/bin/node c21-boundary-moved.mjs bound ws-c21 h
# c21-boundary-moved-bound  db=h  2026-10-10T16:07:51.623Z
PASS  initial Turn COMPLETED  -> fc08eff8-7a48-4155-8217-e5586a5cb873
NOTE  #1 K1 → Alpha (reaches the Harness, answer held 7 s)  -> 200 Alpha
NOTE  #2 K1 → Alpha (Harness 500)  -> 503 hosted_harness_unavailable; K1 row PENDING
NOTE  K2 → Bravo  -> 409 session_operation_active
NOTE  #3 K1 → Alpha after Bravo (Harness 500)  -> 503 hosted_harness_unavailable; K1 row PENDING
NOTE  database title afterwards  -> Alpha
NOTE  Harness journal title afterwards (Session Store)  -> Alpha; records ["Alpha@1"]
NOTE  title calls the Harness applied, in arrival order  -> ["Alpha"]
NOTE  Harness title calls with faults  -> ["Alpha:delay-after:200"]
NOTE  #4 K1 → Alpha once more (no fault)  -> 200 Alpha; database Alpha; Harness title calls now 1 (was 1)
== c21-boundary-moved-bound: 1 passed, 0 failed
RC=0
### [h 16:08:05] /usr/bin/node p8-mixed.mjs ws-m a
# p8-mixed  db=h  2026-10-10T16:08:05.932Z
PASS  initial Turn COMPLETED  -> 4b8d0162-ce1e-4af7-8b5f-a68ccc226c9c
NOTE  rename  -> 200 Mixed Title 
NOTE  after rename  -> DB Mixed Title / Harness Mixed Title; commands [["m-1791648486095-4261","COMPLETED"]]; delivery ["1","m-1791648486095-4261","Mixed Title","COMPLETED","1","","1791648490336"]; title POSTs ["Mixed Title@1:200"]
NOTE  close  -> 202 pending → CLOSED
== p8-mixed: 1 passed, 0 failed
RC=0
stopped spring pid=1039931 sig=TERM
stopped spring-b pid=1038119 sig=TERM
stopped harness pid=1038074 sig=TERM
stopped model pid=1038040 sig=TERM
stopped tap pid=1038041 sig=TERM
harness pid=1047687 dist=h up after 2s log=/root/v13682/rig/run/h/harness-1.log
springb pid=1047732 jar=h store=http://127.0.0.1:18683 up after 7s log=/root/v13682/rig/run/h/springb-1.log
spring pid=1047898 jar=h store=http://127.0.0.1:18683 up after 9s log=/root/v13682/rig/run/h/spring-1.log
### [h 16:08:32] env RESTART_CMD=bash /root/v13682/rig/stop.sh h spring > /dev/null; STORE=b APPROVAL=default DIST=h bash /root/v13682/rig/spring.sh h h /usr/bin/node p1-approval-cold.mjs ws-p1 a
# p1-approval-cold-ws-p1  db=h  2026-10-10T16:08:32.214Z
PASS  initial Turn COMPLETED after approval
PASS  later Turn waits for approval  -> tool_approval_47daad3d4aeda3cc3b0224cb6295b7ef
NOTE  dispatcher replica restarted (attachment cache lost)  -> spring pid=1049315 jar=h store=http://127.0.0.1:18683 up after 10s log=/root/v13682/rig/run/h/spring-2.log (19318 ms)
NOTE  READER bob answers  -> 403 action_forbidden
NOTE  OPERATOR carol answers alice's approval / same-key replay  -> 202 op_79e984d30b7146a5bdad8d877d1c8221 / 202 op_79e984d30b7146a5bdad8d877d1c8221
NOTE  answer operation states seen (state, error, attempts, delivery)  -> ["[\"RUNNING\",\"\",\"0\",\"LEASED\"]","[\"COMPLETED\",\"\",\"0\",\"CONFIRMED\"]"]
NOTE  Harness calls for the Session after the restart  -> ["POST /session/:id/load 200","POST /session/:id/actions/:a/resolve 200"]
NOTE  Turn  -> RUNNING  (not terminal)
NOTE  file child/a2-12419.txt / executions added  -> null / 0
PASS  READER is refused  -> 403
PASS  second OPERATOR's answer is admitted and the same-key replay returns the same operation  -> 202 op_79e984d30b7146a5bdad8d877d1c8221 op_79e984d30b7146a5bdad8d877d1c8221
PASS  the original operation completes and the Action is decided  -> ["COMPLETED","","0","CONFIRMED"] action=decided at +980 ms
PASS  exactly one successful resolve reaches the Harness  -> 1
FAIL  the Turn completes and the approved write lands once  -> RUNNING file=null executions+0
NOTE  cleanup cancel  -> 202 → CANCELLED
NOTE  Turn history  -> [["turn_f96bf3e6ba804cec861873df2a26f724","COMPLETED","","0"],["turn_d1faec38dbc74ac8a141ad80357674b1","CANCELLED","","0"]]
== p1-approval-cold-ws-p1: 6 passed, 1 failed
RC=0
### [h 16:10:07] env RESTART_CMD=bash /root/v13682/rig/stop.sh h spring > /dev/null; STORE=b APPROVAL=default DIST=h bash /root/v13682/rig/spring.sh h h /usr/bin/node c23-approve-retry.mjs ws-r1 b hold503 restore
# c23-approve-retry-hold503-restore-ws-r1  db=h  2026-10-10T16:10:07.443Z
PASS  initial Turn COMPLETED after approval
PASS  later Turn waits for approval  -> tool_approval_e0584ea7ccd08f13c8dca1d1a297926b
NOTE  approval answer (public)  -> 202 pending
NOTE  answer operation after 12000 ms under hold503 (state, error, attempts)  -> ["RUNNING","","4"] (not settled); states seen ["RUNNING"]
NOTE  resolve calls reaching the Harness during the hold  -> ["-:200","respond:503","respond:503","respond:503","respond:503"]
NOTE  Action row during the hold  -> ["requested"]
NOTE  Workspace file child/a2-7679.txt during the hold  -> null
PASS  hold503: answer stays retryable (PENDING, not FAILED) while the state is changed  -> ["RUNNING","","4"]
PASS  hold503: nothing delivered to the Harness while the state is changed  -> delivered=0 file=null
NOTE  dispatcher replica restarted with the state still changed (cold attachment cache)  -> spring pid=1053457 jar=h store=http://127.0.0.1:18683 up after 9s log=/root/v13682/rig/run/h/spring-3.log (18303 ms)
NOTE  answer operation after the restart, state still changed  -> ["RUNNING","","5"]; resolve calls ["-:200","respond:503","respond:503","respond:503","respond:503","respond:503"]
PASS  hold503: after the cold restart the answer is still retryable and undelivered  -> ["RUNNING","","5"] delivered=0
NOTE  answer operation after the restore  -> ["COMPLETED","","5"] at +8374 ms
NOTE  Action row after the restore  -> ["decided","decision_fae07296f0d0f0fba890d6c48c3566fafd722647af87f02fca0a14d39b310d10"]
NOTE  Turn after the restore  -> RUNNING  (not terminal)
NOTE  resolve calls reaching the Harness (all)  -> ["-:200","respond:503","respond:503","respond:503","respond:503","respond:503","-:200"]
NOTE  Workspace file child/a2-7679.txt / executions added  -> null / 0
PASS  restore: the committed answer is delivered (op COMPLETED, Action decided)  -> ["COMPLETED","","5"] ["decided","decision_fae07296f0d0f0fba890d6c48c3566fafd722647af87f02fca0a14d39b310d10"]
PASS  restore: exactly one successful resolve reached the Harness  -> ["-:200","respond:503","respond:503","respond:503","respond:503","respond:503","-:200"]
FAIL  restore: the Turn completes and the approved write lands  -> RUNNING file=null
NOTE  cleanup cancel of the stranded Turn  -> 202 → CANCELLED at +512 ms
NOTE  Harness calls for the Session after the first 503 (method path status)  -> ["POST /session/:id/actions/:a/resolve respond:503 ×4","POST /session/:id/load 200","POST /session/:id/actions/:a/resolve respond:503","POST /session/:id/actions/:a/resolve 200","POST /session/:id/cancel 409 ×2","POST /session/:id/load 200"]
NOTE  Turn history  -> [["turn_a5689e1e3577434d850ea675147a7969","COMPLETED","","0"],["turn_772a672ebd2b4983abdee2f1d083a266","CANCELLED","","0"]]
== c23-approve-retry-hold503-restore-ws-r1: 7 passed, 1 failed
RC=0
### [h 16:12:31] env STOP_CMD=bash /root/v13682/rig/stop.sh h spring START_CMD=STORE=b APPROVAL=default DIST=h bash /root/v13682/rig/spring.sh h h BLOG=/root/v13682/rig/run/h/springb-1.log /usr/bin/node p2-disabled-replica.mjs ws-p2 c
# p2-disabled-replica-ws-p2  db=h  2026-10-10T16:12:31.585Z
PASS  initial Turn COMPLETED after approval
PASS  later Turn waits for approval
NOTE  answer admitted; first delivery got 503  -> 202; op ["RUNNING","PENDING","1","1791648757458"]
NOTE  op row before B-only window  -> ["RUNNING","PENDING","1","1791648757458"]
NOTE  op row changes during 20000 ms with only B running (at ms: state, delivery, attempts, available_at, owner, error)  -> [[42,["RUNNING","PENDING","1",0,"",null]]]
NOTE  B log lines naming this operation  -> 0
PASS  B does not claim the requested answer (attempts/available_at unchanged)  -> attempts 1→1, available_at +0 ms
NOTE  dispatcher A restarted  -> spring pid=1060297 jar=h store=http://127.0.0.1:18683 up after 7s log=/root/v13682/rig/run/h/spring-4.log
NOTE  after A returns and the tap heals  -> op ["COMPLETED","CONFIRMED","1","1791648757458"] at +567 ms; Turn RUNNING; file null; executions +0; successful resolves 1 (excluding the first Action)
FAIL  the answer is delivered once and the Turn completes  -> COMPLETED RUNNING null resolves=1
NOTE  Turn history  -> [["turn_019f8407717f4af682f748efa7d04370","COMPLETED","","0"],["turn_eb226fe4b6094a97886e6e551bd02894","RUNNING","","0"]]
== p2-disabled-replica-ws-p2: 3 passed, 1 failed
RC=0
### [h 16:14:14] /usr/bin/node c23-approve-retry.mjs ws-r3 d hold503 restore
# c23-approve-retry-hold503-restore-ws-r3  db=h  2026-10-10T16:14:14.853Z
PASS  initial Turn COMPLETED after approval
PASS  later Turn waits for approval  -> tool_approval_c48866eadff5cb821a16a46d679d1793
NOTE  approval answer (public)  -> 202 pending
NOTE  answer operation after 12000 ms under hold503 (state, error, attempts)  -> ["RUNNING","","4"] (not settled); states seen ["RUNNING"]
NOTE  resolve calls reaching the Harness during the hold  -> ["-:200","respond:503","respond:503","respond:503","respond:503"]
NOTE  Action row during the hold  -> ["requested"]
NOTE  Workspace file child/a2-55135.txt during the hold  -> null
PASS  hold503: answer stays retryable (PENDING, not FAILED) while the state is changed  -> ["RUNNING","","4"]
PASS  hold503: nothing delivered to the Harness while the state is changed  -> delivered=0 file=null
NOTE  answer operation after the restore  -> ["COMPLETED","","4"] at +6149 ms
NOTE  Action row after the restore  -> ["decided","decision_44d48798a908068cf3be1b8a425f23ca4dc3fc369e1c9ff9141eef684489c351"]
NOTE  Turn after the restore  -> COMPLETED  at +2017 ms
NOTE  resolve calls reaching the Harness (all)  -> ["-:200","respond:503","respond:503","respond:503","respond:503","-:200"]
NOTE  Workspace file child/a2-55135.txt / executions added  -> SECOND / 1
PASS  restore: the committed answer is delivered (op COMPLETED, Action decided)  -> ["COMPLETED","","4"] ["decided","decision_44d48798a908068cf3be1b8a425f23ca4dc3fc369e1c9ff9141eef684489c351"]
PASS  restore: exactly one successful resolve reached the Harness  -> ["-:200","respond:503","respond:503","respond:503","respond:503","-:200"]
PASS  restore: the Turn completes and the approved write lands  -> COMPLETED file=SECOND
NOTE  Harness calls for the Session after the first 503 (method path status)  -> ["POST /session/:id/actions/:a/resolve respond:503 ×4","POST /session/:id/actions/:a/resolve 200"]
NOTE  Turn history  -> [["turn_78f28fbcd1fe4023b534af9818d548af","COMPLETED","","0"],["turn_cc51fbf903db48248ca0bee520797b1e","COMPLETED","","0"]]
== c23-approve-retry-hold503-restore-ws-r3: 7 passed, 0 failed
RC=0
### [h 16:14:42] /usr/bin/node c23-approve-retry.mjs ws-r4 e hold503 restore
# c23-approve-retry-hold503-restore-ws-r4  db=h  2026-10-10T16:14:42.101Z
PASS  initial Turn COMPLETED after approval
PASS  later Turn waits for approval  -> tool_approval_aa46111fe583b05dec278b8193048d80
NOTE  approval answer (public)  -> 202 pending
NOTE  answer operation after 12000 ms under hold503 (state, error, attempts)  -> ["RUNNING","","4"] (not settled); states seen ["RUNNING"]
NOTE  resolve calls reaching the Harness during the hold  -> ["-:200","respond:503","respond:503","respond:503","respond:503"]
NOTE  Action row during the hold  -> ["requested"]
NOTE  Workspace file child/a2-82425.txt during the hold  -> null
PASS  hold503: answer stays retryable (PENDING, not FAILED) while the state is changed  -> ["RUNNING","","4"]
PASS  hold503: nothing delivered to the Harness while the state is changed  -> delivered=0 file=null
NOTE  answer operation after the restore  -> ["COMPLETED","","4"] at +6964 ms
NOTE  Action row after the restore  -> ["decided","decision_140fcdd837c3f05ffa5d7d9515dee8762db1ddf88b6a2d2b795e49ac6e491a7f"]
NOTE  Turn after the restore  -> COMPLETED  at +1507 ms
NOTE  resolve calls reaching the Harness (all)  -> ["-:200","respond:503","respond:503","respond:503","respond:503","-:200"]
NOTE  Workspace file child/a2-82425.txt / executions added  -> SECOND / 1
PASS  restore: the committed answer is delivered (op COMPLETED, Action decided)  -> ["COMPLETED","","4"] ["decided","decision_140fcdd837c3f05ffa5d7d9515dee8762db1ddf88b6a2d2b795e49ac6e491a7f"]
PASS  restore: exactly one successful resolve reached the Harness  -> ["-:200","respond:503","respond:503","respond:503","respond:503","-:200"]
PASS  restore: the Turn completes and the approved write lands  -> COMPLETED file=SECOND
NOTE  Harness calls for the Session after the first 503 (method path status)  -> ["POST /session/:id/actions/:a/resolve respond:503 ×4","POST /session/:id/actions/:a/resolve 200"]
NOTE  Turn history  -> [["turn_b82f4a425e814985a9e4f8c6c35b4ed7","COMPLETED","","0"],["turn_b5ca94432b0c4b36935fa61b4154e860","COMPLETED","","0"]]
== c23-approve-retry-hold503-restore-ws-r4: 7 passed, 0 failed
RC=0
stopped spring pid=1060297 sig=TERM
stopped spring-b pid=1047732 sig=TERM
stopped harness pid=1047687 sig=TERM
stopped model pid=1047661 sig=TERM
stopped tap pid=1047662 sig=TERM
leftover rig workers: 10
ARM-DONE h 16:15:22
