P9-START 16:53:09
harness pid=1144484 dist=h up after 2s log=/root/v13682/rig/run/kh/harness-0.log
springb pid=1144671 jar=h store=http://127.0.0.1:18683 up after 30s log=/root/v13682/rig/run/kh/springb-0.log
spring pid=1145897 jar=h store=http://127.0.0.1:18683 up after 7s log=/root/v13682/rig/run/kh/spring-0.log
### [h 16:53:47] env RESTART_CMD=bash /root/v13682/rig/stop.sh kh spring > /dev/null; STORE=b APPROVAL=default DIST=h bash /root/v13682/rig/spring.sh h kh /usr/bin/node p9-controls.mjs slow-term ws-s1 a
# p9-slow-term-ws-s1  db=kh  2026-10-10T16:53:47.958Z
PASS  initial Turn COMPLETED  -> 4018b6d2-0e92-452c-91f6-1f564cbbe507
NOTE  A restarted (TERM) while the model call is in flight  -> spring pid=1146409 jar=h store=http://127.0.0.1:18683 up after 7s log=/root/v13682/rig/run/kh/spring-1.log
NOTE  Harness calls for the Session  -> ["POST /session/:id/prompt 202","POST /session/:id/load 409 ×6"]
NOTE  Turn / file / executions added / new "recovery blocked" lines in the Harness log  -> RUNNING (not terminal) / null / 0 / 0
FAIL  the Turn completes and the tool write lands once  -> RUNNING null
NOTE  cleanup cancel  -> 202 → CANCELLED
== p9-slow-term-ws-s1: 1 passed, 1 failed
RC=0
### [h 16:56:00] env KILL_CMD=bash /root/v13682/rig/stop.sh kh spring KILL > /dev/null; STORE=b APPROVAL=default DIST=h bash /root/v13682/rig/spring.sh h kh /usr/bin/node p9-controls.mjs approve-kill ws-k1 b
# p9-approve-kill-ws-k1  db=kh  2026-10-10T16:56:00.773Z
PASS  initial Turn COMPLETED  -> 706d8a7b-5e4e-4a69-8700-a6a14e531ac8
NOTE  A SIGKILLed and restarted  -> spring pid=1148985 jar=h store=http://127.0.0.1:18683 up after 7s log=/root/v13682/rig/run/kh/spring-2.log
NOTE  answer via replica A  -> 202 
NOTE  answer operation  -> ["COMPLETED","","0"] at +488 ms
NOTE  Harness calls for the Session  -> ["POST /session/:id/prompt 202","POST /session/:id/load 200","POST /session/:id/actions/:a/resolve 200"]
NOTE  Turn / file / executions added / new "recovery blocked" lines in the Harness log  -> RUNNING (not terminal) / null / 0 / 1
FAIL  the Turn completes and the tool write lands once  -> RUNNING null
NOTE  cleanup cancel  -> 202 → CANCELLED
== p9-approve-kill-ws-k1: 1 passed, 1 failed
RC=0
springc pid=1150516 jar=h store=http://127.0.0.1:18683 up after 7s log=/root/v13682/rig/run/kh/springc-0.log
### [h 16:57:32] /usr/bin/node p9-controls.mjs approve-peer ws-c1 c
# p9-approve-peer-ws-c1  db=kh  2026-10-10T16:57:32.141Z
PASS  initial Turn COMPLETED  -> 4eb94143-888b-44be-abb9-cb89c9b8369c
NOTE  answer via replica C  -> 202 
NOTE  answer operation  -> ["COMPLETED","","0"] at +455 ms
NOTE  Harness calls for the Session  -> ["POST /session/:id/prompt 202","POST /session/:id/load 200","POST /session/:id/actions/:a/resolve 200"]
NOTE  Turn / file / executions added / new "recovery blocked" lines in the Harness log  -> COMPLETED / SECOND / 1 / 0
PASS  the Turn completes and the tool write lands once  -> COMPLETED SECOND
== p9-approve-peer-ws-c1: 2 passed, 0 failed
RC=0
### [h 16:57:40] /usr/bin/node p9-controls.mjs approve-peer ws-c2 d
# p9-approve-peer-ws-c2  db=kh  2026-10-10T16:57:40.544Z
PASS  initial Turn COMPLETED  -> df0fe317-1ca1-4f84-b52e-c1480dd15589
NOTE  answer via replica C  -> 202 
NOTE  answer operation  -> ["COMPLETED","","0"] at +242 ms
NOTE  Harness calls for the Session  -> ["POST /session/:id/prompt 202","POST /session/:id/load 200","POST /session/:id/actions/:a/resolve 200"]
NOTE  Turn / file / executions added / new "recovery blocked" lines in the Harness log  -> COMPLETED / SECOND / 1 / 0
PASS  the Turn completes and the tool write lands once  -> COMPLETED SECOND
== p9-approve-peer-ws-c2: 2 passed, 0 failed
RC=0
stopped spring-c pid=1150516 sig=TERM
stopped spring pid=1148985 sig=TERM
stopped spring-b pid=1144671 sig=TERM
stopped harness pid=1144484 sig=TERM
stopped model pid=1144458 sig=TERM
stopped tap pid=1144459 sig=TERM
leftover rig workers: 4
harness pid=1151730 dist=b up after 2s log=/root/v13682/rig/run/kb/harness-0.log
springb pid=1151780 jar=b store=http://127.0.0.1:18683 up after 30s log=/root/v13682/rig/run/kb/springb-0.log
spring pid=1152934 jar=b store=http://127.0.0.1:18683 up after 7s log=/root/v13682/rig/run/kb/spring-0.log
### [b 16:58:30] env RESTART_CMD=bash /root/v13682/rig/stop.sh kb spring > /dev/null; STORE=b APPROVAL=default DIST=b bash /root/v13682/rig/spring.sh b kb /usr/bin/node p9-controls.mjs slow-term ws-s1 a
# p9-slow-term-ws-s1  db=kb  2026-10-10T16:58:31.038Z
PASS  initial Turn COMPLETED  -> 1ed5e375-a46e-416e-8c6d-ad26d27a7c8d
NOTE  A restarted (TERM) while the model call is in flight  -> spring pid=1153481 jar=b store=http://127.0.0.1:18683 up after 7s log=/root/v13682/rig/run/kb/spring-1.log
NOTE  Harness calls for the Session  -> ["POST /session/:id/prompt 202","POST /session/:id/load 409 ×6"]
NOTE  Turn / file / executions added / new "recovery blocked" lines in the Harness log  -> RUNNING (not terminal) / null / 0 / 0
FAIL  the Turn completes and the tool write lands once  -> RUNNING null
NOTE  cleanup cancel  -> 202 → CANCELLED
== p9-slow-term-ws-s1: 1 passed, 1 failed
RC=0
### [b 17:00:44] env KILL_CMD=bash /root/v13682/rig/stop.sh kb spring KILL > /dev/null; STORE=b APPROVAL=default DIST=b bash /root/v13682/rig/spring.sh b kb /usr/bin/node p9-controls.mjs approve-kill ws-k1 b
# p9-approve-kill-ws-k1  db=kb  2026-10-10T17:00:44.817Z
PASS  initial Turn COMPLETED  -> e9943a9e-4e1c-4737-a003-77762e050b1f
NOTE  A SIGKILLed and restarted  -> spring pid=1157357 jar=b store=http://127.0.0.1:18683 up after 7s log=/root/v13682/rig/run/kb/spring-2.log
NOTE  answer via replica A  -> 202 
NOTE  answer operation  -> ["RUNNING","","7"] at +73080 ms
NOTE  Harness calls for the Session  -> ["POST /session/:id/prompt 202","POST /session/:id/load 409 ×10"]
NOTE  Turn / file / executions added / new "recovery blocked" lines in the Harness log  -> RUNNING (not terminal) / null / 0 / 0
FAIL  the Turn completes and the tool write lands once  -> RUNNING null
NOTE  cleanup cancel  -> 202 → CANCELLED
== p9-approve-kill-ws-k1: 1 passed, 1 failed
RC=0
springc pid=1163688 jar=b store=http://127.0.0.1:18683 up after 7s log=/root/v13682/rig/run/kb/springc-0.log
### [b 17:04:25] /usr/bin/node p9-controls.mjs approve-peer ws-c1 c
# p9-approve-peer-ws-c1  db=kb  2026-10-10T17:04:25.165Z
PASS  initial Turn COMPLETED  -> 8c8f3dc8-c8ab-4135-b688-78cdc40cdae8
NOTE  answer via replica C  -> 202 
NOTE  answer operation  -> ["COMPLETED","","1"] at +1955 ms
NOTE  Harness calls for the Session  -> ["POST /session/:id/prompt 202","POST /session/:id/load 409","POST /session/:id/actions/:a/resolve 200"]
NOTE  Turn / file / executions added / new "recovery blocked" lines in the Harness log  -> COMPLETED / SECOND / 1 / 0
PASS  the Turn completes and the tool write lands once  -> COMPLETED SECOND
== p9-approve-peer-ws-c1: 2 passed, 0 failed
RC=0
### [b 17:04:34] /usr/bin/node p9-controls.mjs approve-peer ws-c2 d
# p9-approve-peer-ws-c2  db=kb  2026-10-10T17:04:34.652Z
PASS  initial Turn COMPLETED  -> 4dddda3f-5762-4490-91c5-0560f2e4cd95
NOTE  answer via replica C  -> 202 
NOTE  answer operation  -> ["COMPLETED","","5"] at +34140 ms
NOTE  Harness calls for the Session  -> ["POST /session/:id/prompt 202","POST /session/:id/load 409 ×4","POST /session/:id/actions/:a/resolve 200"]
NOTE  Turn / file / executions added / new "recovery blocked" lines in the Harness log  -> COMPLETED / SECOND / 1 / 0
PASS  the Turn completes and the tool write lands once  -> COMPLETED SECOND
== p9-approve-peer-ws-c2: 2 passed, 0 failed
RC=0
stopped spring-c pid=1163688 sig=TERM
stopped spring pid=1157357 sig=TERM
stopped spring-b pid=1151780 sig=TERM
stopped harness pid=1151730 sig=TERM
stopped model pid=1151699 sig=TERM
stopped tap pid=1151701 sig=TERM
leftover rig workers: 4
P9-DONE 17:05:20
