UI-START 16:47:46
harness pid=1135025 dist=h up after 2s log=/root/v13682/rig/run/uih/harness-0.log
springb pid=1135081 jar=h store=http://127.0.0.1:18683 up after 31s log=/root/v13682/rig/run/uih/springb-0.log
spring pid=1136977 jar=h store=http://127.0.0.1:18683 up after 7s log=/root/v13682/rig/run/uih/spring-0.log
vite h up on 18689 after 2s
### [h 16:48:27] p1-ui
# p1-ui-h-ws-ui-h  db=uih  2026-10-10T16:48:28.131Z
PASS  initial Turn COMPLETED  -> 87b31d03-bfe6-44e2-892c-96346a1930fe
PASS  later Turn waits for approval
NOTE  dispatcher restarted (cold attachment cache)  -> spring pid=1137718 jar=h store=http://127.0.0.1:18683 up after 7s log=/root/v13682/rig/run/uih/spring-1.log
PASS  approval card is shown  -> 954 ms
NOTE  card options  -> ["Reject","Yes, allow once"]
NOTE  panel respond call  -> 202 {"operationId":"op_f6cccb6eca06439d97f1ade8b38ded76","sessionId":"87b31d03-bfe6-44e2-892c-96346a1930fe","type":"action_response","status":"pending","admissionStage":"java_durable","deliveryState":"pen
NOTE  answer operation / Turn / file / executions added  -> ["COMPLETED","","0"] at +19538 ms / RUNNING (not terminal) / null / 0
FAIL  the panel answer completes the Turn and writes the file once  -> COMPLETED RUNNING null
NOTE  page console errors  -> []
NOTE  cleanup cancel  -> 202 → CANCELLED
== p1-ui-h-ws-ui-h: 3 passed, 1 failed
RC=0
stopped spring pid=1137718 sig=TERM
stopped spring-b pid=1135081 sig=TERM
stopped harness pid=1135025 sig=TERM
stopped model pid=1134991 sig=TERM
stopped tap pid=1134992 sig=TERM
leftover rig workers: 1
harness pid=1139291 dist=b up after 2s log=/root/v13682/rig/run/uib/harness-0.log
springb pid=1139368 jar=b store=http://127.0.0.1:18683 up after 32s log=/root/v13682/rig/run/uib/springb-0.log
spring pid=1140779 jar=b store=http://127.0.0.1:18683 up after 8s log=/root/v13682/rig/run/uib/spring-0.log
vite b up on 18690 after 2s
### [b 16:50:41] p1-ui
# p1-ui-b-ws-ui-b  db=uib  2026-10-10T16:50:42.279Z
PASS  initial Turn COMPLETED  -> e891fae9-665c-4138-b31b-466f3ef8057a
PASS  later Turn waits for approval
NOTE  dispatcher restarted (cold attachment cache)  -> spring pid=1141485 jar=b store=http://127.0.0.1:18683 up after 7s log=/root/v13682/rig/run/uib/spring-1.log
PASS  approval card is shown  -> 935 ms
NOTE  card options  -> ["Reject","Yes, allow once"]
NOTE  panel respond call  -> 202 {"operationId":"op_b31d0e4114d3458482d3630b07e6e351","sessionId":"e891fae9-665c-4138-b31b-466f3ef8057a","type":"action_response","status":"pending","admissionStage":"java_durable","deliveryState":"pen
NOTE  answer operation / Turn / file / executions added  -> ["RUNNING","","6"] at +55933 ms / RUNNING (not terminal) / null / 0
FAIL  the panel answer completes the Turn and writes the file once  -> RUNNING RUNNING null
NOTE  page console errors  -> []
NOTE  cleanup cancel  -> 202 → CANCELLED
== p1-ui-b-ws-ui-b: 3 passed, 1 failed
RC=0
stopped spring pid=1141485 sig=TERM
stopped spring-b pid=1139368 sig=TERM
stopped harness pid=1139291 sig=TERM
stopped model pid=1139265 sig=TERM
stopped tap pid=1139266 sig=TERM
leftover rig workers: 1
UI-DONE 16:52:50
