started e2e3-B arm=m4 pid=12542 port=18621 db=pr13554_e2e3
booted e2e3-B after 15s
B owner=e7cc56b5-e3d0-447e-a96b-501d1332ade7
seeded session=L1-midpage rows=41 bytes=41944064
seeded session=L2-between rows=41 bytes=41944064
trx_id	trx_rows_locked
1083732	1
== (a) retire L1 only; B will block inside its first page
retired L1-midpage in 545ms
KILLED pid=12542 after 112 polls inside uncommitted trx {trx_id=1083745, trx_rows_modified=19, trx_mysql_thread_id=9511, trx_query=UPDATE qwen_managed_session_resource SET state = 'COLLECTED', inline_bytes = NULL WHERE session_scope_key = 'd5c445fa1590a863220afcb2028ce01e3eb28d9a646b0cb8f668c63b75df50f7' AND inline_bytes IS NOT NULL AND resource_id IN ('19c69cc840e2a8093232d31db2e7d3e124ef85e9a4cfab48206f9d677fc32665', '1a31116337f37c1698b3a8cf7fb239d43affff6ee76a4955bf8bb2f01124f397', '1f3f14170964d9e5039b81e03fd8dd015cfb88f70cb96b33efd7b52d6f493264', '24ec9434b9fbc423374aae85e90389b9ecc0adbab69d368854bb53b7bacfe678', '2a4c4a15ea576ab10710e773c7b66298bfa76e19cbb441c55cc9548e62f466ae', '2fdf8d923440a59612c9116c70ac84a027636b5e62d010faab3cbab345b27484', '312298ea3b744d8ea76ad67b308a79c94d8794a8261faafafade67308bf231a1', '32b433d30d1378ff13cd2c70025652a724488c79344eef8bcf3f92a03457c6ce', '332ce2616e74c0612b4d27084025a9e7f0fd053f9a7802c200229d750dfb6257', '4177a5c6b12c9c4550ba77f8726840a41121747b69f8e8a45db3d04d177606e5', '41cd1c206ffd0c73937d2cd3479fd7d44d2b542b549214fe75ffaeb1f846e73e', '43dda79e2dc1e2e9751a092721360e532ee0a2447e79d07f133}
trx after kill (same thread): [{trx_id=1083745, trx_state=LOCK WAIT, trx_rows_modified=19}]
-- state right after kill -9 of B (lock still held):
session_id	gen	owner	cur	collected_bytes	done	gc_blocker
L1-midpage	1	e7cc56b5		0	0	NULL
session_id	state	n	bytes	inline_present	digest_ok
L1-midpage	PUBLISHED	41	41944064	41	41
L2-between	PUBLISHED	41	41944064	41	41
released lock holder 9513
started e2e3-A arm=m4 pid=12794 port=18622 db=pr13554_e2e3
booted e2e3-A after 7s
A owner=937e3d94-5d15-4c45-967d-1d1c30802137
-- L1 after takeover by A (waited 30s after A started):
session_id	gen	owner	cur	collected_bytes	done	gc_blocker
L1-midpage	3	-	ffee2a1a98a8	41944064	1	NULL
session_id	state	n	bytes	inline_present	digest_ok
L1-midpage	COLLECTED	41	41944064	0	0
L2-between	PUBLISHED	41	41944064	41	41
== (b) retire L2; kill -9 A right after its first page commits
retired L2-between in 536ms
KILLED pid=12794 between pages, ledger={session_id=L2-between, gc_generation=1, gc_cursor=cea5fe6d801d5a81a5e37ee91d0402640dae2a4aa47bc7683e77ea2427472d01, collected_bytes=32506880, gc_claim_until=1791564392052}
-- state right after kill -9 of A:
session_id	gen	owner	cur	collected_bytes	done	gc_blocker
L1-midpage	3	-	ffee2a1a98a8	41944064	1	NULL
L2-between	1	937e3d94	cea5fe6d801d	32506880	0	NULL
session_id	state	n	bytes	inline_present	digest_ok
L1-midpage	COLLECTED	41	41944064	0	0
L2-between	COLLECTED	32	32506880	0	0
L2-between	PUBLISHED	9	9437184	9	9
started e2e3-C arm=m4 pid=13042 port=18623 db=pr13554_e2e3
booted e2e3-C after 7s
-- L2 after takeover by C (54s after C started):
session_id	gen	owner	cur	collected_bytes	done	gc_blocker
L1-midpage	3	-	ffee2a1a98a8	41944064	1	NULL
L2-between	2	-	fcd96e04b0ea	41944064	1	NULL
session_id	state	n	bytes	inline_present	digest_ok
L1-midpage	COLLECTED	41	41944064	0	0
L2-between	COLLECTED	41	41944064	0	0
