# s3-approvals-ws-d  db=t1  2026-10-02T14:22:44.351Z
PASS  Session approval_mode = default  -> default
PASS  initial Turn asks for approval  -> tool_approval_5f38095e15352b71c0257abf6391176d
PASS  creator allows -> 202  -> 202
PASS  initial Turn COMPLETED, a1.txt = FIRST  -> {"status":"COMPLETED","error":"","ms":451} FIRST
PASS  creator later Turn -> 202  -> 202 
PASS  later Turn asks for approval  -> tool_approval_896a39565bec602d079065e372a10d04
PASS  another creator-capable actor cannot answer (D6b creator rule)  -> 403 action_forbidden
PASS  creator allows; later Turn COMPLETED, a2.txt = SECOND  -> 202 {"status":"COMPLETED","error":"","ms":672} SECOND
PASS  third Turn waits for approval  -> tool_approval_7190748c3783bbc4b49352f6a8e431ca
PASS  creator cancels the waiting Turn -> 202  -> 202 
PASS  waiting Turn ends CANCELLED  -> {"status":"CANCELLED","error":"","ms":234} after 243 ms
PASS  a3.txt was not written  -> null
NOTE  the pending Action after the cancel (state, receipt, digest)  -> ["cancelled"]
NOTE  public actions list after the cancel  -> []
PASS  answering the cancelled Turn's Action is refused  -> 409 action_cancelled
PASS  fourth Turn asks for approval (Workspace free after the cancel)  -> 202 tool_approval_7980c3690b7cd393b7a149143a81d815
PASS  fourth Turn COMPLETED, a4.txt = FOURTH  -> {"status":"COMPLETED","error":"","ms":889} FOURTH
NOTE  Turn history  -> [["turn_4cd49d8a74a8491fa39aff2335e374fd","COMPLETED","","0"],["turn_6730e466ae1845529713d0017a92e0f4","COMPLETED","","0"],["turn_a8ee5f45a23943acb20b73965a62d9ce","CANCELLED","","0"],["turn_123382356f3841879e4b73bcfb0458e2","COMPLETED","","0"]]
== s3-approvals-ws-d: 15 passed, 0 failed
