=== host: Linux 6.8.0-117-generic aarch64 | node v22.23.2 | nproc 2 ===
ARM=A1_before_clean run=1 variant=before mutant=none latency=0s exit=0 verdict=PASS wall=2.59s
ARM=A1_before_clean run=2 variant=before mutant=none latency=0s exit=0 verdict=PASS wall=2.60s
ARM=A1_before_clean run=3 variant=before mutant=none latency=0s exit=0 verdict=PASS wall=2.59s
ARM=A1_before_clean run=4 variant=before mutant=none latency=0s exit=0 verdict=PASS wall=2.59s
ARM=A1_before_clean run=5 variant=before mutant=none latency=0s exit=0 verdict=PASS wall=2.59s
ARM=A2_before_forklatency run=1 variant=before mutant=none latency=0.3s exit=1 verdict=FAIL wall=2.59s
ARM=A2_before_forklatency run=2 variant=before mutant=none latency=0.3s exit=1 verdict=FAIL wall=2.59s
ARM=A2_before_forklatency run=3 variant=before mutant=none latency=0.3s exit=1 verdict=FAIL wall=2.59s
ARM=A2_before_forklatency run=4 variant=before mutant=none latency=0.3s exit=1 verdict=FAIL wall=2.59s
ARM=A2_before_forklatency run=5 variant=before mutant=none latency=0.3s exit=1 verdict=FAIL wall=2.59s
ARM=B1_after_clean run=1 variant=after mutant=none latency=0s exit=0 verdict=PASS wall=2.20s
ARM=B1_after_clean run=2 variant=after mutant=none latency=0s exit=0 verdict=PASS wall=2.22s
ARM=B1_after_clean run=3 variant=after mutant=none latency=0s exit=0 verdict=PASS wall=2.18s
ARM=B1_after_clean run=4 variant=after mutant=none latency=0s exit=0 verdict=PASS wall=2.17s
ARM=B1_after_clean run=5 variant=after mutant=none latency=0s exit=0 verdict=PASS wall=2.18s
ARM=B2_after_forklatency run=1 variant=after mutant=none latency=0.3s exit=0 verdict=PASS wall=6.23s
ARM=B2_after_forklatency run=2 variant=after mutant=none latency=0.3s exit=0 verdict=PASS wall=6.20s
ARM=B2_after_forklatency run=3 variant=after mutant=none latency=0.3s exit=0 verdict=PASS wall=6.19s
ARM=B2_after_forklatency run=4 variant=after mutant=none latency=0.3s exit=0 verdict=PASS wall=6.22s
ARM=B2_after_forklatency run=5 variant=after mutant=none latency=0.3s exit=0 verdict=PASS wall=6.25s
ARM=M1_after_failopen run=1 variant=after mutant=failopen latency=0s exit=1 verdict=FAIL wall=2.20s
ARM=M1_after_failopen run=2 variant=after mutant=failopen latency=0s exit=1 verdict=FAIL wall=2.20s
ARM=M1_after_failopen run=3 variant=after mutant=failopen latency=0s exit=1 verdict=FAIL wall=2.20s
ARM=M2_after_failopen_lat run=1 variant=after mutant=failopen latency=0.3s exit=1 verdict=FAIL wall=7.16s
ARM=M2_after_failopen_lat run=2 variant=after mutant=failopen latency=0.3s exit=1 verdict=FAIL wall=7.14s
ARM=M2_after_failopen_lat run=3 variant=after mutant=failopen latency=0.3s exit=1 verdict=FAIL wall=7.20s
ARM=M3_before_failopen run=1 variant=before mutant=failopen latency=0s exit=1 verdict=FAIL wall=2.59s
ARM=M3_before_failopen run=2 variant=before mutant=failopen latency=0s exit=1 verdict=FAIL wall=2.60s
ARM=M3_before_failopen run=3 variant=before mutant=failopen latency=0s exit=1 verdict=FAIL wall=2.58s
ARM=M4_after_dieonskip run=1 variant=after mutant=dieonskip latency=0s exit=1 verdict=FAIL wall=8.10s
ARM=M4_after_dieonskip run=2 variant=after mutant=dieonskip latency=0s exit=1 verdict=FAIL wall=8.09s
ARM=M4_after_dieonskip run=3 variant=after mutant=dieonskip latency=0s exit=1 verdict=FAIL wall=8.09s
ARM=M5_before_dieonskip run=1 variant=before mutant=dieonskip latency=0s exit=1 verdict=FAIL wall=2.61s
ARM=M5_before_dieonskip run=2 variant=before mutant=dieonskip latency=0s exit=1 verdict=FAIL wall=2.60s
ARM=M5_before_dieonskip run=3 variant=before mutant=dieonskip latency=0s exit=1 verdict=FAIL wall=2.62s
ARM=G1_gate1_failopen_lat run=1 variant=gate1 mutant=failopen latency=0.3s exit=0 verdict=PASS wall=3.45s
ARM=G1_gate1_failopen_lat run=2 variant=gate1 mutant=failopen latency=0.3s exit=0 verdict=PASS wall=3.40s
ARM=G1_gate1_failopen_lat run=3 variant=gate1 mutant=failopen latency=0.3s exit=0 verdict=PASS wall=3.43s
ARM=G1_gate1_failopen_lat run=4 variant=gate1 mutant=failopen latency=0.3s exit=0 verdict=PASS wall=3.40s
ARM=G1_gate1_failopen_lat run=5 variant=gate1 mutant=failopen latency=0.3s exit=0 verdict=PASS wall=3.31s
ARM=G2_gate1_failopen_clean run=1 variant=gate1 mutant=failopen latency=0s exit=1 verdict=FAIL wall=1.18s
ARM=G2_gate1_failopen_clean run=2 variant=gate1 mutant=failopen latency=0s exit=1 verdict=FAIL wall=1.15s
ARM=G2_gate1_failopen_clean run=3 variant=gate1 mutant=failopen latency=0s exit=1 verdict=FAIL wall=1.16s
ARM=G3_gate1_clean_lat run=1 variant=gate1 mutant=none latency=0.3s exit=0 verdict=PASS wall=3.32s
ARM=G3_gate1_clean_lat run=2 variant=gate1 mutant=none latency=0.3s exit=0 verdict=PASS wall=3.28s
ARM=G3_gate1_clean_lat run=3 variant=gate1 mutant=none latency=0.3s exit=0 verdict=PASS wall=3.29s
