# Subtest: buildComment: renderIncomplete false keeps the existing no-change / coverage-gap behavior
ok 270 - buildComment: renderIncomplete false keeps the existing no-change / coverage-gap behavior
  ---
  duration_ms: 0.139667
  type: 'test'
  ...
# Subtest: buildComment: render-failure note omits the run link when runUrl is absent
ok 271 - buildComment: render-failure note omits the run link when runUrl is absent
  ---
  duration_ms: 0.080875
  type: 'test'
  ...
# Subtest: publish workflow carries a hosting failure into the posted body
ok 272 - publish workflow carries a hosting failure into the posted body
  ---
  duration_ms: 563.673334
  type: 'test'
  ...
# Subtest: publish workflow keeps successful hosting out of the failure path
ok 273 - publish workflow keeps successful hosting out of the failure path
  ---
  duration_ms: 545.464917
  type: 'test'
  ...
# Subtest: publish workflow fixture forces ESM scope onto the gh stub
ok 274 - publish workflow fixture forces ESM scope onto the gh stub
  ---
  duration_ms: 42.924583
  type: 'test'
  ...
1..274
# tests 509
# suites 47
# pass 473
# fail 36
# cancelled 0
# skipped 0
# todo 0
# duration_ms 52454.132859
EXIT=1 WALL=53s
