C1 stdin never inherited => KILLED | 1 failed | 11 passed (12)
C2 TTY guard dropped (always inherit) => SURVIVED | 12 passed (12)
C3 EPIPE exit code 141 -> 1 => KILLED | 1 failed | 11 passed (12)
C4 no abort on output error => KILLED | 1 failed | 11 passed (12)
C5 no stderr error listener => SURVIVED | 12 passed (12)
C6 no stdout error listener => KILLED | 1 failed | 11 passed (12)
C7 listeners never removed => SURVIVED | 12 passed (12)
C8 drain EPIPE rethrown => SURVIVED | 12 passed (12)
C9 non-EPIPE output error swallowed => SURVIVED | 12 passed (12)
C10 abort-guard clause dropped => SURVIVED | 12 passed (12)
C11 first-error latch dropped => SURVIVED | 12 passed (12)
B1 inheritStdin not forwarded to relay => KILLED | 1 failed | 184 passed (185)
B2 piped+inherited conflict allowed => KILLED | 1 failed | 184 passed (185)
B3 PTY + inherit allowed => SURVIVED | 185 passed (185)
S1 inherit -> ignore at spawn => KILLED | 1 failed | 184 passed (185)
S2 snapshot drops inheritStdin => KILLED | 2 failed | 183 passed (185)
S3 piped+inherited conflict allowed => KILLED | 2 failed | 183 passed (185)
S4 PTY + inherit allowed => KILLED | 1 failed | 184 passed (185)
[
 [
  "C1 stdin never inherited",
  "KILLED | 1 failed | 11 passed (12)"
 ],
 [
  "C2 TTY guard dropped (always inherit)",
  "SURVIVED | 12 passed (12)"
 ],
 [
  "C3 EPIPE exit code 141 -> 1",
  "KILLED | 1 failed | 11 passed (12)"
 ],
 [
  "C4 no abort on output error",
  "KILLED | 1 failed | 11 passed (12)"
 ],
 [
  "C5 no stderr error listener",
  "SURVIVED | 12 passed (12)"
 ],
 [
  "C6 no stdout error listener",
  "KILLED | 1 failed | 11 passed (12)"
 ],
 [
  "C7 listeners never removed",
  "SURVIVED | 12 passed (12)"
 ],
 [
  "C8 drain EPIPE rethrown",
  "SURVIVED | 12 passed (12)"
 ],
 [
  "C9 non-EPIPE output error swallowed",
  "SURVIVED | 12 passed (12)"
 ],
 [
  "C10 abort-guard clause dropped",
  "SURVIVED | 12 passed (12)"
 ],
 [
  "C11 first-error latch dropped",
  "SURVIVED | 12 passed (12)"
 ],
 [
  "B1 inheritStdin not forwarded to relay",
  "KILLED | 1 failed | 184 passed (185)"
 ],
 [
  "B2 piped+inherited conflict allowed",
  "KILLED | 1 failed | 184 passed (185)"
 ],
 [
  "B3 PTY + inherit allowed",
  "SURVIVED | 185 passed (185)"
 ],
 [
  "S1 inherit -> ignore at spawn",
  "KILLED | 1 failed | 184 passed (185)"
 ],
 [
  "S2 snapshot drops inheritStdin",
  "KILLED | 2 failed | 183 passed (185)"
 ],
 [
  "S3 piped+inherited conflict allowed",
  "KILLED | 2 failed | 183 passed (185)"
 ],
 [
  "S4 PTY + inherit allowed",
  "KILLED | 1 failed | 184 passed (185)"
 ]
]
