=== ARM=head12 node s20-bounded-refusal.mjs 18:04:04
PASS  505 write_file calls: cancel → every call has exactly one refusal, records fit the real Store, next turn runs  -> first turn=admit=202 terminal=<none> recoveryBlocked=true 776ms record=recovery_blocked/"not_started_proven" cancel=200 cancelled recovery writes=1 [64943B/505 refusals/200] record sizes=64943 calls=505 toolResultRecords=1 responses=505 unique=505 allCallsCove
PASS  505 write_file calls: detach/load, then a new Harness process cold-loads; durable responses unchanged  -> detach=204 load=200 again=admit=202 terminal=turn_complete(end_turn) recoveryBlocked=false 452ms | cold load=200 calls=505 toolResultRecords=1 responses=505 unique=505 allCallsCovered=true parentChain=true terminal=turn_complete(cancelled) next=admit=202 terminal=turn
PASS  510 write_file calls: cancel → every call has exactly one refusal, records fit the real Store, next turn runs  -> first turn=admit=202 terminal=<none> recoveryBlocked=true 530ms record=recovery_blocked/"not_started_proven" cancel=200 cancelled recovery writes=2 [65455B/509 refusals/200, 541B/1 refusals/200] record sizes=65455/541 calls=510 toolResultRecords=2 responses=51
PASS  510 write_file calls: detach/load, then a new Harness process cold-loads; durable responses unchanged  -> detach=204 load=200 again=admit=202 terminal=turn_complete(end_turn) recoveryBlocked=false 451ms | cold load=200 calls=510 toolResultRecords=2 responses=510 unique=510 allCallsCovered=true parentChain=true terminal=turn_complete(cancelled) next=admit=202 terminal=turn
PASS  650 write_file calls: cancel → every call has exactly one refusal, records fit the real Store, next turn runs  -> first turn=admit=202 terminal=<none> recoveryBlocked=true 530ms record=recovery_blocked/"not_started_proven" cancel=200 cancelled recovery writes=2 [65455B/509 refusals/200, 18461B/141 refusals/200] record sizes=65455/18461 calls=650 toolResultRecords=2 respon
PASS  650 write_file calls: detach/load, then a new Harness process cold-loads; durable responses unchanged  -> detach=204 load=200 again=admit=202 terminal=turn_complete(end_turn) recoveryBlocked=false 463ms | cold load=200 calls=650 toolResultRecords=2 responses=650 unique=650 allCallsCovered=true parentChain=true terminal=turn_complete(cancelled) next=admit=202 terminal=turn
NOTE  650 write_file calls; second record answered 503 three times: in the same Harness after the failed second record  -> cancel=409 hosted_hook_recovery_required recovery writes=4 [65461B/509 refusals/200, 18467B/141 refusals/fail-503, 18467B/141 refusals/fail-503, 18467B/141 refusals/fail-503] visible calls=650 toolResultRecords=1 responses=509 unique=509 allCallsCovered=fal
PASS  650 write_file calls; second record answered 503 three times: after Harness replacement the load writes only the missing refusals; no duplicates  -> load=200 after 61s; fill writes=1 [18467B/141 refusals/200] calls=650 toolResultRecords=2 responses=650 unique=650 allCallsCovered=true parentChain=true terminal=turn_complete(cancelled) next=admit=202 terminal=turn_complete(
NOTE  650 write_file calls; second record committed, reply lost 3 times: in the same Harness after the failed second record  -> cancel=409 hosted_hook_recovery_required recovery writes=4 [65461B/509 refusals/200, 18467B/141 refusals/drop-reply, 18467B/141 refusals/drop-reply, 18467B/141 refusals/drop-reply] visible calls=650 toolResultRecords=1 responses=509 unique=509 allCalls
PASS  650 write_file calls; second record committed, reply lost 3 times: after Harness replacement the load writes only the missing refusals; no duplicates  -> load=200 after 61s; fill writes=0 [] calls=650 toolResultRecords=2 responses=650 unique=650 allCallsCovered=true parentChain=true terminal=turn_complete(cancelled) next=admit=202 terminal=turn_complete(end_turn) recovery
== RESULT s20-bounded-refusal-head12: 8 passed, 0 failed
=== ARM=head12 node s11-cancel.mjs 18:06:33
PASS  UserPromptSubmit: cancel mid-Hook, then the Session runs the next turn  -> cancel=204 cancel→idle=329ms terminal=turn_complete(cancelled) recoveryBlocked=false hook=cancelled/"settled" written=false next=admit=202 terminal=turn_complete(end_turn) recoveryBlocked=false 632ms
PASS  PreToolUse: cancel mid-Hook, then the Session runs the next turn  -> cancel=204 cancel→idle=218ms terminal=turn_complete(cancelled) recoveryBlocked=false hook=cancelled/"settled" written=false next=admit=202 terminal=turn_complete(end_turn) recoveryBlocked=false 639ms
PASS  PostToolUse: cancel mid-Hook, then the Session runs the next turn  -> cancel=204 cancel→idle=318ms terminal=turn_complete(cancelled) recoveryBlocked=false hook=cancelled/"settled" written=true next=admit=202 terminal=turn_complete(end_turn) recoveryBlocked=false 637ms
PASS  Stop: cancel mid-Hook, then the Session runs the next turn  -> cancel=204 cancel→idle=319ms terminal=turn_complete(cancelled) recoveryBlocked=false hook=cancelled/"settled" written=true next=admit=202 terminal=turn_complete(end_turn) recoveryBlocked=false 640ms
FAIL  PreToolUse (callback ignores the abort, 8 s): cancel mid-Hook, then the Session runs the next turn  -> cancel=204 cancel→idle=1191ms terminal=<none> recoveryBlocked=true hook=recovery_blocked/"outcome_unknown" written=false next=admit=409 hosted_turn_recovery_required terminal=<none> recoveryBlocked=undefined 2ms
NOTE  PreToolUse (callback ignores the abort, 8 s): another Session in the same Workspace  -> admit=202 terminal=turn_error[{"sessionId":"c260d630-a950-49fb-b616-990b243ec324","promptId":"a2e16353-5e4f-4e25-8d6d-1e7c201d15c2","code":"hosted_turn_failed","message":"Hosted Harness turn failed."}] recoveryBlocked=false 421ms
NOTE  PreToolUse (callback ignores the abort, 8 s): after detach + load  -> detach=503 load=409  admit=409 hosted_turn_recovery_required terminal=<none> recoveryBlocked=undefined 1ms
PASS  PreToolUse (HTTP Hook, server replies after 8 s): cancel mid-Hook, then the Session runs the next turn  -> cancel=204 cancel→idle=7592ms terminal=turn_complete(cancelled) recoveryBlocked=false hook=settled/"settled" written=false next=admit=202 terminal=turn_complete(end_turn) recoveryBlocked=false 220ms
PASS  UserPromptSubmit (HTTP Hook, server replies after 8 s): cancel mid-Hook, then the Session runs the next turn  -> cancel=204 cancel→idle=7599ms terminal=turn_complete(cancelled) recoveryBlocked=false hook=settled/"settled" written=false next=admit=202 terminal=turn_complete(end_turn) recoveryBlocked=false 8373ms
PASS  PostToolUse (HTTP Hook, server replies after 8 s): cancel mid-Hook, then the Session runs the next turn  -> cancel=204 cancel→idle=7687ms terminal=turn_complete(cancelled) recoveryBlocked=false hook=settled/"settled" written=true next=admit=202 terminal=turn_complete(end_turn) recoveryBlocked=false 219ms
PASS  Stop (HTTP Hook, server replies after 8 s): cancel mid-Hook, then the Session runs the next turn  -> cancel=204 cancel→idle=7575ms terminal=turn_complete(cancelled) recoveryBlocked=false hook=settled/"settled" written=true next=admit=202 terminal=turn_complete(end_turn) recoveryBlocked=false 8373ms
FAIL  PreToolUse (HTTP Hook, server never replies; Hook timeout 10 s): cancel mid-Hook, then the Session runs the next turn  -> cancel=204 cancel→idle=9551ms terminal=<none> recoveryBlocked=true hook=recovery_blocked/"outcome_unknown" written=false next=admit=409 hosted_turn_recovery_required terminal=<none> recoveryBlocked=undefined 2ms
NOTE  PreToolUse (HTTP Hook, server never replies; Hook timeout 10 s): another Session in the same Workspace  -> admit=202 terminal=turn_error[{"sessionId":"ead2f1a5-6677-4fff-83e7-e59077a3be47","promptId":"e731dd0a-f018-4e6b-9686-557886da157d","code":"hosted_turn_failed","message":"Hosted Harness turn failed."}] recoveryBlocked=false 422ms
NOTE  PreToolUse (HTTP Hook, server never replies; Hook timeout 10 s): after detach + load  -> detach=503 load=409  admit=409 hosted_turn_recovery_required terminal=<none> recoveryBlocked=undefined 2ms
== RESULT s11-cancel-head12: 8 passed, 2 failed
=== ARM=head12 node s14-activation-fault.mjs 18:07:53
NOTE  warm-up turn  -> admit=202 terminal=turn_complete(end_turn) recoveryBlocked=false 543ms activation-install writes seen so far=1
NOTE  no fault (baseline): detach + load  -> detach=204  load=200  admit=202 terminal=turn_complete(end_turn) recoveryBlocked=false 333ms
NOTE  no fault (baseline)  -> hookOp=200  install requests=2 journal tx=12 status.recoveryBlocked=false next prompt: admit=202 terminal=turn_complete(end_turn) recoveryBlocked=false 322ms
NOTE  one 503 on the activation-install commit: detach + load  -> detach=204  load=200  admit=202 terminal=turn_complete(end_turn) recoveryBlocked=false 335ms
NOTE  one 503 on the activation-install commit  -> hookOp=200  install requests=3 journal tx=12 status.recoveryBlocked=false next prompt: admit=202 terminal=turn_complete(end_turn) recoveryBlocked=false 331ms
NOTE  activation-install commit succeeds, its reply is dropped once: detach + load  -> detach=204  load=200  admit=202 terminal=turn_complete(end_turn) recoveryBlocked=false 452ms
NOTE  activation-install commit succeeds, its reply is dropped once  -> hookOp=200  install requests=3 journal tx=12 status.recoveryBlocked=false next prompt: admit=202 terminal=turn_complete(end_turn) recoveryBlocked=false 449ms
NOTE  503 on every activation-install commit (retries exhausted): detach + load  -> detach=204  load=200  admit=202 terminal=turn_complete(end_turn) recoveryBlocked=false 455ms
NOTE  503 on every activation-install commit (retries exhausted)  -> hookOp=503 hosted_hook_operation_failed install requests=3 journal tx=1 status.recoveryBlocked=false next prompt: admit=409 hosted_turn_recovery_required terminal=<none> recoveryBlocked=undefined 3ms | after the fault cleared: admit=409 hosted_turn_recovery_required terminal=<none> recoveryBlocked=undefined 2m
== RESULT s14-activation-fault-head12: 0 passed, 0 failed
=== ARM=head12 node s15-history-hooks.mjs 18:08:08
PASS  with Hooks: Write, Write, undo of the second Write, Write  -> turns=turn_complete,turn_complete,turn_complete history=200 snapshots=2 undo=200  afterUndo="one" final="three"
PASS  with Hooks: PreToolUse and PostToolUse ran once per write (3 each)  -> pre=3 post=3
PASS  with Hooks: after detach, another Session uses the Workspace  -> detach=204 admit=202 terminal=turn_complete(end_turn) recoveryBlocked=false 640ms lease=<free>
PASS  no Hooks: Write, Write, undo of the second Write, Write  -> turns=turn_complete,turn_complete,turn_complete history=200 snapshots=2 undo=200  afterUndo="one" final="three"
PASS  no Hooks: after detach, another Session uses the Workspace  -> detach=204 admit=202 terminal=turn_complete(end_turn) recoveryBlocked=false 643ms lease=<free>
== RESULT s15-history-hooks-head12: 5 passed, 0 failed
=== ARM=head12 WS=ws-hvs HOOK=hv-start node s9mac-refusal.mjs 18:08:18
NOTE  rig repair  -> null
PASS  command Hook refused before any effect (marker file not created)  -> turn: admit=202 terminal=<none> recoveryBlocked=true 338ms record=recovery_blocked/"not_started_proven"
NOTE  Session after the refusal  -> status.recoveryBlocked=true next prompt -> 409 hosted_turn_recovery_required
NOTE  cancel of the blocked execution  -> 200 cancelled -> record cancelled/"not_started_proven"
PASS  after cancelling the blocked occurrence the Session accepts work again  -> admit=202 terminal=turn_complete(end_turn) recoveryBlocked=false 330ms
PASS  after cancel + detach + load the Session accepts work again  -> detach=204  load=200  admit=202 terminal=turn_complete(end_turn) recoveryBlocked=false 219ms
NOTE  next prompt after recovery  -> admit=202 terminal=turn_complete(end_turn) recoveryBlocked=false 223ms cmd-ups records=1 states=cancelled/not_started_proven
NOTE  plan markers  -> SessionStart:settled/"settled" result=true UserPromptSubmit:settled/"settled" result=true Stop:settled/"settled" result=true MessageDisplay:settled/"settled" result=true UserPromptSubmit:settled/"settled" result=true Stop:settled/"settled" result=true MessageDisplay:settled/"settled" result=true UserPromptSubmit:settled/"settled" result=true Stop:settled/
PASS  after also cancelling the plan marker the Session accepts work  -> admit=202 terminal=turn_complete(end_turn) recoveryBlocked=false 222ms
NOTE  turn status  -> {"sessionId":"8c097e46-da0c-4e08-af97-6409633bc8be","hasActivePrompt":false,"recoveryBlocked":false}
PASS  after /cancel + detach + load the Session accepts work  -> cancel=204  detach=204 load=200  admit=202 terminal=turn_complete(end_turn) recoveryBlocked=false 223ms
PASS  marker still absent at the end
== RESULT s9mac-refusal-ws-hvs-head12: 6 passed, 0 failed
=== ARM=head12 WS=ws-hvo HOOK=hvo-ups node s9mac-refusal.mjs 18:08:23
NOTE  rig repair  -> null
PASS  command Hook refused before any effect (marker file not created)  -> turn: admit=202 terminal=<none> recoveryBlocked=true 446ms record=recovery_blocked/"not_started_proven"
NOTE  Session after the refusal  -> status.recoveryBlocked=true next prompt -> 409 hosted_turn_recovery_required
NOTE  cancel of the blocked execution  -> 200 cancelled -> record cancelled/"not_started_proven"
PASS  after cancelling the blocked occurrence the Session accepts work again  -> admit=202 terminal=turn_complete(end_turn) recoveryBlocked=false 332ms
PASS  after cancel + detach + load the Session accepts work again  -> detach=204  load=200  admit=202 terminal=turn_complete(end_turn) recoveryBlocked=false 218ms
NOTE  next prompt after recovery  -> admit=202 terminal=turn_complete(end_turn) recoveryBlocked=false 221ms cmd-ups records=1 states=cancelled/not_started_proven
NOTE  plan markers  -> SessionStart:settled/"settled" result=true UserPromptSubmit:settled/"settled" result=true UserPromptSubmit:settled/"settled" result=true Stop:settled/"settled" result=true MessageDisplay:settled/"settled" result=true UserPromptSubmit:settled/"settled" result=true Stop:settled/"settled" result=true MessageDisplay:settled/"settled" result=true UserPromptSub
PASS  after also cancelling the plan marker the Session accepts work  -> admit=202 terminal=turn_complete(end_turn) recoveryBlocked=false 225ms
NOTE  turn status  -> {"sessionId":"d47264f9-a6a7-47d1-b0de-90b7d1e794dc","hasActivePrompt":false,"recoveryBlocked":false}
PASS  after /cancel + detach + load the Session accepts work  -> cancel=204  detach=204 load=200  admit=202 terminal=turn_complete(end_turn) recoveryBlocked=false 226ms
PASS  marker still absent at the end
== RESULT s9mac-refusal-ws-hvo-head12: 6 passed, 0 failed
=== ARM=head12 WS=ws-hvp HOOK=hv-pre TOOL=1 node s9mac-refusal.mjs 18:08:27
NOTE  rig repair  -> null
PASS  command Hook refused before any effect (marker file not created)  -> turn: admit=202 terminal=<none> recoveryBlocked=true 536ms record=recovery_blocked/"not_started_proven"
NOTE  Session after the refusal  -> status.recoveryBlocked=true next prompt -> 409 hosted_turn_recovery_required
NOTE  cancel of the blocked execution  -> 200 cancelled -> record cancelled/"not_started_proven"
PASS  after cancelling the blocked occurrence the Session accepts work again  -> admit=202 terminal=<none> recoveryBlocked=true 324ms
FAIL  after cancel + detach + load the Session accepts work again  -> detach=204  load=200  admit=202 terminal=<none> recoveryBlocked=true 432ms
NOTE  next prompt after recovery  -> admit=409 hosted_turn_recovery_required terminal=<none> recoveryBlocked=undefined 3ms cmd-ups records=3 states=cancelled/not_started_proven,cancelled/not_started_proven,recovery_blocked/not_started_proven
NOTE  plan markers  -> SessionStart:settled/"settled" result=true UserPromptSubmit:settled/"settled" result=true PreToolUse:settled/"settled" result=true UserPromptSubmit:settled/"settled" result=true PreToolUse:cancelled/"settled" result=true UserPromptSubmit:settled/"settled" result=true PreToolUse:running/"dispatch_started" result=false
NOTE  cancel plan marker PreToolUse  -> 200 cancelled
FAIL  after also cancelling the plan marker the Session accepts work  -> admit=202 terminal=<none> recoveryBlocked=true 337ms
NOTE  turn status  -> {"sessionId":"9e7f3785-0df7-4382-8fa9-0af21de8f5f4","hasActivePrompt":false,"recoveryBlocked":true}
FAIL  after /cancel + detach + load the Session accepts work  -> cancel=204  detach=204 load=200  admit=202 terminal=<none> recoveryBlocked=true 449ms
PASS  marker still absent at the end
== RESULT s9mac-refusal-ws-hvp-head12: 3 passed, 3 failed
=== ARM=head12 node s12-lifecycle.mjs 18:08:33
NOTE  SessionEnd succeeds  -> DELETE=204  retry=404 hosted_session_not_found retry2=404 hosted_session_not_found sessionEndHttpRequests=0 status-after=404 SessionEnd=settled/"settled" SessionDelete runs=1 deleted_session_id=matches lease=<free> otherSession=terminal=turn_complete(end_turn)
NOTE  SessionEnd throws  -> DELETE=204  retry=404 hosted_session_not_found retry2=404 hosted_session_not_found sessionEndHttpRequests=0 status-after=404 SessionEnd=settled/"settled" SessionDelete runs=1 deleted_session_id=matches lease=<free> otherSession=terminal=turn_complete(end_turn)
NOTE  SessionEnd refused before effect (missing handler revision)  -> DELETE=503 managed_session_close_failed retry=204  retry2=404 hosted_session_not_found sessionEndHttpRequests=0 status-after=404 SessionEnd=cancelled/"not_started_proven" SessionDelete runs=1 deleted_session_id=matches lease=<free> otherSession=terminal=turn_complete(end_turn)
NOTE  SessionEnd HTTP reply dropped (unknown)  -> DELETE=503 managed_session_close_failed retry=503 managed_session_close_failed retry2=503 managed_session_close_failed sessionEndHttpRequests=1 status-after=200 SessionEnd=recovery_blocked/"outcome_unknown" SessionDelete runs=0 deleted_session_id=undefined lease=hooks-activation-19ba07199cdabc9ea1d7dada9f4fb06ba9b108fb825095460e
== RESULT s12-lifecycle-head12: 0 passed, 0 failed
=== ARM=head12 node s2b-lease.mjs ws-t9d t yes SIGTERM 18:08:44
NOTE  lease before  -> <no row>
PASS  A (hooks=yes) turn 1 completes  -> admit=202 terminal=turn_complete(end_turn) recoveryBlocked=false 957ms
NOTE  lease holder while A is attached and idle  -> hooks-activation-e3f861c50627af70a8ec10c0926560cb594515dc9f4a0fba61664c78b7144ba4
FAIL  B (no hooks, same Workspace) completes a tool turn while A is attached+idle  -> admit=202 terminal=turn_error[{"sessionId":"eb37d5e5-1718-4cfb-8443-1a653b3ba562","promptId":"18e94307-37aa-444a-b653-15d7bd0f141b","code":"hosted_turn_failed","message":"Hosted Harness turn failed."}] recoveryBlocked=false 419ms
NOTE  lease after B  -> hooks-activation-e3f861c50627af70a8ec10c0926560cb594515dc9f4a0fba61664c78b7144ba4
PASS  A turn 2 completes  -> admit=202 terminal=turn_complete(end_turn) recoveryBlocked=false 855ms
NOTE  Harness stopped with SIGTERM  -> lease=hooks-activation-e3f861c50627af70a8ec10c0926560cb594515dc9f4a0fba61664c78b7144ba4
NOTE  load retried until writer lease lapsed  -> 61s
PASS  new Harness loads A  -> status=200  lease=hooks-activation-e3f861c50627af70a8ec10c0926560cb594515dc9f4a0fba61664c78b7144ba4
PASS  A turn after cold load completes  -> admit=202 terminal=turn_complete(end_turn) recoveryBlocked=false 1276ms lease=hooks-activation-0e3558f33ad27c6a0e4a6b28a0462b4589bc5d1902b1807f45a27b8d383704ed
NOTE  A detached on the new Harness  -> status=204  lease=<free>
PASS  a fresh no-hook Session in the Workspace completes a tool turn after A was detached  -> admit=202 terminal=turn_complete(end_turn) recoveryBlocked=false 742ms lease=<free>
NOTE  final lease  -> <free>
== RESULT s2b-lease-head12-ws-t9d-yes-SIGTERM: 5 passed, 1 failed
=== ARM=head12 node s2e-reattach.mjs ws-t6b h 18:09:52
PASS  round 1: hook turn completes  -> admit=202 terminal=turn_complete(end_turn) recoveryBlocked=false 1088ms hooks=2 lease=hooks-activation-a63ec2c7a5ce45da525b36ec98dbc460fc2692b6f314cd712fd41e4a00c28734
PASS  round 1: detach + load  -> detach=204 load=200  lease=<free>
PASS  round 2: hook turn completes  -> admit=202 terminal=turn_complete(end_turn) recoveryBlocked=false 1177ms hooks=2 lease=hooks-activation-8955fb9babe66ba138bc493867f6440ce1fb56af41a5b770fc3b9b38fee0f1be
PASS  round 2: detach + load  -> detach=204 load=200  lease=<free>
PASS  round 3: hook turn completes  -> admit=202 terminal=turn_complete(end_turn) recoveryBlocked=false 1112ms hooks=2 lease=hooks-activation-aa5c17fa441624037b3c59600cb7269f6bac7f80797d473762d1427f0c1c0c92
PASS  DELETE frees the lease  -> delete=204 "" lease=<free>
== RESULT s2e-reattach-head12-ws-t6b: 6 passed, 0 failed
=== ARM=head12 node s5b-lost.mjs ws-t4b ws-t9c 18:09:59
PASS  (c) partial response body: received once, stays unknown, blocks new work  -> op=503 child=recovery_blocked/"outcome_unknown" status=recovery_blocked physical=1
NOTE  (d) operation with the dispatch acknowledgement dropped  -> 200 {"operationId":"d97c9fee-25cb-43d8-83c3-22c53755a199","output":{"continue":true}} dropped=1
PASS  (d) cold reload reconciles: settled, ONE physical call, ONE success callback  -> load=200 state=settled calls=1 callbacks=1 lease=hooks-activation-c1d49b4fa5bd73de0f8eef6352ca681eeed0085d9e0625c39600a33e1cba6d16
PASS  (d) the reconciled Session then runs a normal tool turn  -> admit=202 terminal=turn_complete(end_turn) recoveryBlocked=false 1342ms lease=hooks-activation-9ff6e968c9d0a0f2cc7a251f2648e12be4e18850bc88171c0cb9938ffd2a72d7
== RESULT s5b-lost-head12-ws-t9c: 3 passed, 0 failed
=== ARM=head12 node s1-permission.mjs 18:11:05
NOTE  rig repair of an earlier F1 leak  -> null
PASS  create default-approval Session with catalog  -> status=200 approvalMode=default
PASS  1a turn completes, no human Action (PermissionRequest Hook allowed)  -> admit=202 terminal=turn_complete(end_turn) recoveryBlocked=false 690ms asked=[] file=P1
PASS  1a PermissionRequest Hook ran before PreToolUse  -> start > ups > perm(plain.txt) > pre(plain.txt) > post(plain.txt) > batch > stop > display
PASS  1a before-Hook context reaches the model only after the tool result  -> requests=[tools=0 ] [tools=1 PRE-CTX:plain.txt,POST-CTX:plain.txt,BATCH-CTX]
FAIL  1b PreToolUse deny: file not written, refusal reaches model, no PostToolUse for the refused call  -> ups > perm(blocked.txt) > pre(blocked.txt) > batch > stop > display | result write_file: "No reason provided"
PASS  1c rewritten args need a fresh approval; only the approved replacement is written  -> asked=["allow->200"] rewrite-a=null rewritten-a=REWRITTEN-BY-HOOK order=ups > perm(rewrite-a.txt) > pre(rewrite-a.txt) > post(rewritten-a.txt) > batch > stop > display
PASS  1c' denying the fresh approval writes neither path  -> asked=["deny->200"] result write_file: "The Session owner denied this tool call, so it was not run."
PASS  1d PermissionRequest Hook deny: not written, PreToolUse not run  -> ups > perm(permdeny.txt) > batch > stop > display | result write_file: "PermissionRequest Hook denied the call."
NOTE  detach default Session before the yolo Session  -> 204
PASS  1e yolo + PreToolUse ask -> Action requested; allow -> written; no PermissionRequest Hook in yolo  -> asked=["allow->200"] order=start > ups > pre(ask-y.txt) > post(ask-y.txt) > batch > stop > display
PASS  1e' yolo + ask, deny -> not written  -> asked=["deny->200"]
PASS  load again on the same Harness  -> {"load":200}
PASS  after reload: PRE-CTX/POST-CTX of 1a appear exactly once in history  -> pre=1 post=1 batch=5
NOTE  cold load waited for the old writer lease  -> 67s
PASS  cold load on a new Harness (catalog pin omitted -> restored)  -> status=200 {"sessionId":"60b1b47a-b3be-4795-9f82-5cd3498e270f","clientId":"548de9eb-1588-4891-b9dd-6c02cd0f6b5b","workspaceCwd":"/Users/wenshao/pr13129-rig/run/r10/harness
NOTE  first prompt after cold load  -> admit=202 terminal=turn_complete(end_turn) recoveryBlocked=false 16ms
PASS  after cold load: contexts still exactly once; SessionStart not re-run  -> pre=1 post=1 hooks-after=ups > stop > display admit=202 terminal=turn_complete(end_turn) recoveryBlocked=false 16ms catalog=undefined@undefined
PASS  load with a different catalog pin is refused  -> status=409 hosted_tool_profile_conflict
== RESULT s1-permission-head12: 14 passed, 1 failed
=== ARM=head12 node s3-catalog.mjs 18:12:43
NOTE  rig repair of an earlier F1 leak  -> null
PASS  P1 on rev1: h-a (rev1) runs, once Hook attempted and fails, turn still completes (fail-open)  -> admit=202 terminal=turn_complete(end_turn) recoveryBlocked=false 1199ms hooks=once,rev1
PASS  register rev2 with expectedRevision=1  -> 200 {"operationId":"46ec8aee-f3c2-4f46-8fd3-8784118ef37c","registered":true}
PASS  retrying the same registration operation is idempotent  -> 200 {"operationId":"46ec8aee-f3c2-4f46-8fd3-8784118ef37c","registered":true}
PASS  registering the older revision under a new operation is refused  -> 409 {"error":"hook_registration_failed","code":"hook_registration_failed"}
PASS  expectedRevision mismatch is refused  -> 409 {"error":"hook_registration_failed","code":"hook_registration_failed"}
PASS  a catalog revision the Runtime does not have is refused  -> 409 {"error":"hook_registration_failed","code":"hook_registration_failed"}
PASS  GET hooks reports rev2 without h-a  -> rev=2 hooks=h-b,h-once
PASS  public hook-catalog reports rev2  -> 200 {"object":"agent.hook_catalog","session_id":"83dba08d-6677-4865-9622-b90f3c1e15eb","catalogs":[{"catalog_id":"cat-t2","catalog_revision":2,"hooks":[{"hook_id":"h-b","event_name":"PreToolUse","type":"function","sequential":false,"async":false,"fail_closed":false,"once":false,"matcher":"write_file"},{
PASS  P2 on rev2: h-b runs, h-a does not, failed once Hook is not retried  -> admit=202 terminal=turn_complete(end_turn) recoveryBlocked=false 961ms hooks=rev2
PASS  earlier executions stay bound to rev1, later ones to rev2  -> registrations=1@seq2,2@seq54
PASS  status/cancel/status of the failed once execution dispatch no new effect  -> status=200 settled/"settled" cancel=200 settled after=settled newLedger=0
PASS  after detach + new Harness: rev2 still effective, once still consumed  -> load=200 admit=202 terminal=turn_complete(end_turn) recoveryBlocked=false 1150ms hooks=rev2
PASS  fresh Session: successful once Hook runs exactly once over three turns  -> once=1
== RESULT s3-catalog-head12: 13 passed, 0 failed
=== ARM=head12 node s4-prompt.mjs 18:12:55
NOTE  rig repair of an earlier F1 leak  -> null
PASS  Notification operation outside a turn: 200 with aggregated prompt + function context  -> 200 {"operationId":"06d8635a-ba8d-4282-8e13-62bd72a844ae","output":{"continue":true,"decision":"allow","hookSpecificOutput":{"hookEventName":"Notification","additionalContext":"PROMPT-NOTIFY-CTX\nNOTIFY-CTX"}}}
PASS  exactly one model request, flagged as the prompt Hook  -> requests=1 promptHook=true
PASS  no user turn / prompt events were created by the operation  -> new events=managed_journal_event,managed_journal_event,managed_journal_event,managed_journal_event,managed_journal_event,managed_journal_event,managed_journal_event,managed_journal_event,managed_journal_event,managed_journal_event,managed_journal_event,managed_journal_event,managed_journal_event,managed_journa
NOTE  status after operation  -> {"sessionId":"44778e28-c9ca-437c-834e-712d29135e81","hasActivePrompt":false,"recoveryBlocked":false}
PASS  same operationId + same input replays the saved result, no new model request  -> 200 newModel=0
PASS  same operationId + different input is refused  -> 503 {"error":"hosted_hook_operation_failed","code":"hosted_hook_operation_failed"}
PASS  a user prompt is refused while a prompt Hook operation owns the model  -> prompt during op -> 409 hosted_mcp_operation_active; op -> 200
PASS  a Hook operation is refused while a user turn is active  -> turn=202 op during turn -> 409 hosted_turn_active
PASS  in-turn prompt Hook (UserPromptSubmit) adds its context to the main model request  -> admit=202 terminal=turn_complete(end_turn) recoveryBlocked=false 321ms hookReqs=1
NOTE  Store resource kinds for the Session  -> managed-activation-boundary=8 managed-activation-install=9 managed-admission=2 managed-checkpoint=3 managed-definition=1 managed-hook-catalog=1 managed-hook-input=15 managed-hook-messages=2 managed-hook-model-route=4 managed-hook-model-usage=4 managed-hook-plan=9 managed-hook-result=15 managed-hook_execution=45 managed-hook_registr
PASS  detach emits neither SessionEnd nor SessionDelete  -> detach=204 lifecycle=<none>
PASS  DELETE runs SessionEnd then SessionDelete, once each  -> delete=204 lifecycle:SessionEnd,lifecycle:SessionDelete
== RESULT s4-prompt-head12: 10 passed, 0 failed
=== ARM=head12 node s6-limits.mjs 18:13:03
NOTE  ws-t5 rig repair  -> null
PASS  ws-t5: 17 children recorded, 16 executed physically, the refused one has a bounded receipt  -> children=17 physical=16
PASS  fail-open: the operation succeeds and the Session accepts the next prompt  -> op=200 next=202
NOTE  ws-t5b rig repair  -> null
PASS  ws-t5b: 17 children recorded, 16 executed physically, the refused one has a bounded receipt  -> children=17 physical=16
PASS  fail-closed: the refused Hook makes the aggregate blocking; Session still usable  -> op=200 output={"continue":false,"decision":"block","reason":"Hook evaluation failed."} next=202 blocked=false
NOTE  ws-t9d rig repair  -> null
NOTE  individual 70 KB receipt: result  -> op=200 bytes=68 {"operationId":"ecbeae40-2501-4b9c-868f-a09ca0c021c4","output":null} children=settled plan=settled physical=1
PASS  individual 70 KB receipt: bounded result (no 60 KB+ payload returned) and the Session continues  -> resultBytes=68 next=turn_complete
PASS  individual 70 KB receipt: replaying the operation returns the saved result without re-running Hooks  -> replay=200 physical=1
NOTE  ws-t6b rig repair  -> null
NOTE  aggregate 8 x 10 KB: result  -> op=200 bytes=186 {"operationId":"94186a2b-689e-4210-9351-bacea04bc93f","output":{"continue":false,"decision":"block","reason":"Hook data exceeds the 60 KiB resource or 8 MiB control/transaction limit."}} children=settled,settled,settled,settled,settled,settled,settled,settled plan=settled physical=8
PASS  aggregate 8 x 10 KB: bounded result (no 60 KB+ payload returned) and the Session continues  -> resultBytes=186 next=turn_complete
PASS  aggregate 8 x 10 KB: replaying the operation returns the saved result without re-running Hooks  -> replay=200 physical=8
== RESULT s6-limits: 8 passed, 0 failed
=== ARM=head12 node s8-secrets.mjs 18:13:18
NOTE  rig repair  -> null
PASS  HTTP hook received the deployment header (credential lives only at the Runtime)  -> op=200 http=1 auth=Bearer RIG-SECRET-HEADER-7f3a
PASS  public catalog lists the 4 Hooks with display metadata only  -> 200 {"object":"agent.hook_catalog","session_id":"52d88d49-b26d-4c09-b9a2-c41c482e6a25","catalogs":[{"catalog_id":"cat-t7","catalog_revision":1,"hooks":[{"hook_id":"sec-http","event_name":"Notification","type":"http","sequential":false,"async":false,"fail_closed":false,"once":false},{"hook_id":"sec-fn","event_
PASS  public catalog contains none of the secrets / recipes / module paths  -> clean
NOTE  private GET /session/:id/hooks contains  -> none of the secrets
PASS  another actor cannot read the catalog  -> 404 {"error":{"code":"session_not_found","message":"The Session was not found.","request_id":"e53f9c19-6ecd-4786-b245-f1286a
PASS  unauthenticated request is refused  -> 404
PASS  a Session without Hooks reports an empty catalog list  -> 200 {"object":"agent.hook_catalog","session_id":"78dac7e4-0412-4c57-bd19-971c62d76446","catalogs":[]}
FAIL  no secret / recipe / module path appears anywhere in the MySQL database  -> RIG-PROMPT-TEXT-SENSITIVE
NOTE  prompt Hook text stored in the Store (design: Harness receives prompt definitions)  -> true
== RESULT s8-secrets: 6 passed, 1 failed
=== ARM=head12 node s10-baseline.mjs 18:13:20
PASS  ordinary Hosted tool turn completes  -> admit=202 terminal=turn_complete(end_turn) recoveryBlocked=false 747ms
PASS  ambient Legacy Hooks from host settings did not run  -> marker=false
NOTE  GET /session/:id/hooks  -> 409 {"error":"hosted_hooks_unavailable","code":"hosted_hooks_unavailable"}
NOTE  public hook-catalog  -> 200 {"object":"agent.hook_catalog","session_id":"168d0a48-77eb-4521-adda-0bdb557ba8b1","catalogs":[]}
NOTE  model requests  -> 2
== RESULT s10-baseline-head12: 2 passed, 0 failed
=== ARM=head12 node s16-http-timeout.mjs 18:13:22
NOTE  server never replies, no cancel  -> request at 832 ms, idle at 15911 ms; terminal=<none> hook=recovery_blocked/"outcome_unknown" written=false recoveryBlocked=true next=admit=409 hosted_turn_recovery_required terminal=<none> recoveryBlocked=undefined 3ms httpRequests=1
NOTE  server never replies, no cancel: detach, then another Session (no Hooks) in the same Workspace  -> detach=503 other=admit=202 terminal=turn_error[{"sessionId":"619cf353-23f1-4690-b89e-99c7fc28c914","promptId":"10c5258d-05b4-4323-992c-7036e893aac4","code":"hosted_turn_failed","message":"Hosted Harness turn failed."}] recoveryBlocked=false 419ms
NOTE  server never replies, user cancels  -> request at 609 ms, cancel at 2612 ms, idle at 15729 ms; terminal=<none> hook=recovery_blocked/"outcome_unknown" written=false recoveryBlocked=true next=admit=409 hosted_turn_recovery_required terminal=<none> recoveryBlocked=undefined 3ms httpRequests=1
NOTE  server never replies, user cancels: detach, then another Session (no Hooks) in the same Workspace  -> detach=503 other=admit=202 terminal=turn_error[{"sessionId":"5e41d5cf-c21b-43aa-9967-053ff02bccfa","promptId":"1be9c830-4f3f-4d25-8c43-df442478f72c","code":"hosted_turn_failed","message":"Hosted Harness turn failed."}] recoveryBlocked=false 419ms
NOTE  server replies after 5 s (control)  -> request at 604 ms, idle at 6193 ms; terminal=turn_complete(end_turn) hook=settled/"settled" written=true recoveryBlocked=false next=admit=202 terminal=turn_complete(end_turn) recoveryBlocked=false 228ms httpRequests=1
== RESULT s16-http-timeout-head12: 0 passed, 0 failed
=== SET=8 ARM=head12 node s17-cancel-window.mjs 18:14:03
PASS  (b) 2 calls, cancel during call 1 PreToolUse HTTP Hook (server answers after 4 s): turn cancelled, every call has a result, next turn runs  -> create=200 trigger=792ms cancel=204@1795ms idle@4967ms terminal=turn_complete(cancelled) recoveryBlocked=false calls=2 results=2 [result write_file: "Hook execution cancelled." | result write_file: "Hook execution cancelled."] preT
PASS  (b) 2 calls, cancel during call 1 PreToolUse HTTP Hook (server answers after 4 s): detach, load, another prompt, then a second Session (no Hooks) writes in the Workspace  -> detach=204 load=200 again=admit=202 terminal=turn_complete(end_turn) recoveryBlocked=false 224ms detach2=204 other=admit=202 terminal=turn_complete(end_turn) recoveryBlocked=false 638ms otherFile=true
PASS  (b) 2 calls, cancel during call 1 PreToolUse HTTP Hook (server answers after 4 s): a new Harness process cold-loads the Session from the Store and runs a turn  -> load=200 durable calls/results=2/2 next=admit=202 terminal=turn_complete(end_turn) recoveryBlocked=false 480ms
PASS  (b) 2 calls, cancel during call 1 PreToolUse function Hook (honours the abort): turn cancelled, every call has a result, next turn runs  -> create=200 trigger=598ms cancel=204@1598ms idle@1916ms terminal=turn_complete(cancelled) recoveryBlocked=false calls=2 results=2 [result write_file: "Hook execution cancelled." | result write_file: "Hook execution cancelled."] preTool
PASS  (b) 2 calls, cancel during call 1 PreToolUse function Hook (honours the abort): detach, load, another prompt, then a second Session (no Hooks) writes in the Workspace  -> detach=204 load=200 again=admit=202 terminal=turn_complete(end_turn) recoveryBlocked=false 226ms detach2=204 other=admit=202 terminal=turn_complete(end_turn) recoveryBlocked=false 636ms otherFile=true
PASS  (b) 2 calls, cancel during call 1 PreToolUse function Hook (honours the abort): a new Harness process cold-loads the Session from the Store and runs a turn  -> load=200 durable calls/results=2/2 next=admit=202 terminal=turn_complete(end_turn) recoveryBlocked=false 475ms
PASS  (b) 2 calls, cancel during call 1 PreToolUse function Hook (finishes 0.5 s later, inside the grace): turn cancelled, every call has a result, next turn runs  -> create=200 trigger=589ms cancel=204@789ms idle@1530ms terminal=turn_complete(cancelled) recoveryBlocked=false calls=2 results=2 [result write_file: "Hook execution cancelled." | result write_file: "Hook execution 
PASS  (b) 2 calls, cancel during call 1 PreToolUse function Hook (finishes 0.5 s later, inside the grace): detach, load, another prompt, then a second Session (no Hooks) writes in the Workspace  -> detach=204 load=200 again=admit=202 terminal=turn_complete(end_turn) recoveryBlocked=false 222ms detach2=204 other=admit=202 terminal=turn_complete(end_turn) recoveryBlocked=false 63
PASS  (b) 2 calls, cancel during call 1 PreToolUse function Hook (finishes 0.5 s later, inside the grace): a new Harness process cold-loads the Session from the Store and runs a turn  -> load=200 durable calls/results=2/2 next=admit=202 terminal=turn_complete(end_turn) recoveryBlocked=false 536ms
PASS  (a) cancel while the assistant tool-call commit is in flight, PreToolUse function Hook: turn cancelled, every call has a result, next turn runs  -> create=200 trigger=708ms cancel=204@1710ms idle@3912ms delayedStoreReply=200-reply-delayed terminal=turn_complete(cancelled) recoveryBlocked=false calls=1 results=1 [result write_file: "Hook execution cancelled."] preToolUse=[
PASS  (a) cancel while the assistant tool-call commit is in flight, PreToolUse function Hook: detach, load, another prompt, then a second Session (no Hooks) writes in the Workspace  -> detach=204 load=200 again=admit=202 terminal=turn_complete(end_turn) recoveryBlocked=false 439ms detach2=204 other=admit=202 terminal=turn_complete(end_turn) recoveryBlocked=false 740ms otherFile
PASS  (a) cancel while the assistant tool-call commit is in flight, PreToolUse function Hook: a new Harness process cold-loads the Session from the Store and runs a turn  -> load=200 durable calls/results=1/1 next=admit=202 terminal=turn_complete(end_turn) recoveryBlocked=false 541ms
PASS  (a) control: same timing, no Hooks: turn cancelled, every call has a result, next turn runs  -> create=200 trigger=485ms cancel=204@1486ms idle@3724ms delayedStoreReply=200-reply-delayed terminal=turn_complete(cancelled) recoveryBlocked=false calls=1 results=1 [result write_file: "Runtime tool cancelled."] preToolUse=[] hookRuns=0 filesWritten=0 next=admit=202 terminal=tu
PASS  (a) control: same timing, no Hooks: detach, load, another prompt, then a second Session (no Hooks) writes in the Workspace  -> detach=204 load=200 again=admit=202 terminal=turn_complete(end_turn) recoveryBlocked=false 233ms detach2=204 other=admit=202 terminal=turn_complete(end_turn) recoveryBlocked=false 637ms otherFile=true
PASS  (a) control: same timing, no Hooks: a new Harness process cold-loads the Session from the Store and runs a turn  -> load=200 durable calls/results=1/1 next=admit=202 terminal=turn_complete(end_turn) recoveryBlocked=false 347ms
== RESULT s17-cancel-window-head12: 15 passed, 0 failed
=== SET=a ARM=head12 node s18-refusal-recovery.mjs 18:14:39
PASS  one tool call: refused before effect; before the explicit cancel the Session stays blocked  -> turn=admit=202 terminal=<none> recoveryBlocked=true 574ms record=recovery_blocked/"not_started_proven" nextBeforeCancel=409 hosted_turn_recovery_required
PASS  one tool call: after the cancel every call has a refusal, the turn settles and the next turn runs  -> cancel=200 cancelled not_started_proven results=1/1 [result write_file: "The turn was cancelled before this tool call ran."] terminal=turn_complete(cancelled) next=admit=202 terminal=turn_complete(end_turn) recoveryBlocked=false 225ms
PASS  one tool call: detach, load, another prompt; a second Session (no Hooks) writes in the Workspace  -> detach=204 load=200 again=admit=202 terminal=turn_complete(end_turn) recoveryBlocked=false 225ms results=1/1 other=admit=202 terminal=turn_complete(end_turn) recoveryBlocked=false 637ms otherFile=true
PASS  one tool call: a new Harness process cold-loads the Session; durable results unchanged; a turn runs  -> load=200 durable calls/results=1/1 terminal=turn_complete(cancelled) next=admit=202 terminal=turn_complete(end_turn) recoveryBlocked=false 482ms filesWritten=0
PASS  two tool calls: refused before effect; before the explicit cancel the Session stays blocked  -> turn=admit=202 terminal=<none> recoveryBlocked=true 318ms record=recovery_blocked/"not_started_proven" nextBeforeCancel=409 hosted_turn_recovery_required
PASS  two tool calls: after the cancel every call has a refusal, the turn settles and the next turn runs  -> cancel=200 cancelled not_started_proven results=2/2 [result write_file: "The turn was cancelled before this tool call ran." | result write_file: "The turn was cancelled before this tool call ran."] terminal=turn_complete(cancelled) next=admit=202 terminal=turn_complete(e
PASS  two tool calls: detach, load, another prompt; a second Session (no Hooks) writes in the Workspace  -> detach=204 load=200 again=admit=202 terminal=turn_complete(end_turn) recoveryBlocked=false 226ms results=2/2 other=admit=202 terminal=turn_complete(end_turn) recoveryBlocked=false 638ms otherFile=true
PASS  two tool calls: a new Harness process cold-loads the Session; durable results unchanged; a turn runs  -> load=200 durable calls/results=2/2 terminal=turn_complete(cancelled) next=admit=202 terminal=turn_complete(end_turn) recoveryBlocked=false 489ms filesWritten=0
PASS  two tool calls; recovery write committed but its reply dropped 3 times: refused before effect; before the explicit cancel the Session stays blocked  -> turn=admit=202 terminal=<none> recoveryBlocked=true 640ms record=recovery_blocked/"not_started_proven" nextBeforeCancel=409 hosted_turn_recovery_required
NOTE  two tool calls; recovery write committed but its reply dropped 3 times: in the same Harness after the failed write  -> cancel=409 hosted_hook_recovery_required faultedWrites=3 results=0/2 next=409 hosted_turn_recovery_required | status-read retry=409 hosted_hook_recovery_required results=0/2 next=409 hosted_turn_recovery_required | detach=503 load=- next=-
PASS  two tool calls; recovery write committed but its reply dropped 3 times: barrier held; after Harness replacement the load recovers with exactly one result per call  -> load=200 after 61s durable calls/results=2/2 [result write_file: "The turn was cancelled before this tool call ran." | result write_file: "The turn was cancelled before this tool call ran."] terminal=turn_co
PASS  two tool calls; recovery write committed but its reply dropped 3 times: a second Session (no Hooks) writes in the Workspace  -> admit=202 terminal=turn_complete(end_turn) recoveryBlocked=false 634ms
PASS  two tool calls; recovery write answered 503 three times: refused before effect; before the explicit cancel the Session stays blocked  -> turn=admit=202 terminal=<none> recoveryBlocked=true 634ms record=recovery_blocked/"not_started_proven" nextBeforeCancel=409 hosted_turn_recovery_required
NOTE  two tool calls; recovery write answered 503 three times: in the same Harness after the failed write  -> cancel=409 hosted_hook_recovery_required faultedWrites=3 results=0/2 next=409 hosted_turn_recovery_required | status-read retry=409 hosted_hook_recovery_required results=0/2 next=409 hosted_turn_recovery_required | detach=503 load=- next=-
PASS  two tool calls; recovery write answered 503 three times: barrier held; after Harness replacement the load recovers with exactly one result per call  -> load=200 after 61s durable calls/results=2/2 [result write_file: "The turn was cancelled before this tool call ran." | result write_file: "The turn was cancelled before this tool call ran."] terminal=turn_complete(cancelle
PASS  two tool calls; recovery write answered 503 three times: a second Session (no Hooks) writes in the Workspace  -> admit=202 terminal=turn_complete(end_turn) recoveryBlocked=false 637ms
PASS  two tool calls; cancel, 2 status reads and a prompt fired concurrently: refused before effect; before the explicit cancel the Session stays blocked  -> turn=admit=202 terminal=<none> recoveryBlocked=true 318ms record=recovery_blocked/"not_started_proven" nextBeforeCancel=409 hosted_turn_recovery_required
PASS  two tool calls; cancel, 2 status reads and a prompt fired concurrently: after the cancel every call has a refusal, the turn settles and the next turn runs  -> cancel=200 cancelled not_started_proven race: status=200/200 prompt=409 hosted_turn_recovery_required results=2/2 [result write_file: "The turn was cancelled before this tool call ran." | result write_file: "The tur
PASS  two tool calls; cancel, 2 status reads and a prompt fired concurrently: detach, load, another prompt; a second Session (no Hooks) writes in the Workspace  -> detach=204 load=200 again=admit=202 terminal=turn_complete(end_turn) recoveryBlocked=false 223ms results=2/2 other=admit=202 terminal=turn_complete(end_turn) recoveryBlocked=false 634ms otherFile=true
PASS  two tool calls; cancel, 2 status reads and a prompt fired concurrently: a new Harness process cold-loads the Session; durable results unchanged; a turn runs  -> load=200 durable calls/results=2/2 terminal=turn_complete(cancelled) next=admit=202 terminal=turn_complete(end_turn) recoveryBlocked=false 346ms filesWritten=0
== RESULT s18-refusal-recovery-head12-a: 18 passed, 0 failed
=== ALL-DONE 18:17:04
