head=d4dd9afbe3 mergebase=728c13de21
files: cli       11 core       15; load { 25.41 29.89 28.72 }
cli exit=0
core exit=0
== r10-unit-cli:       Tests  567 passed | 4 skipped (571)
== r10-unit-core:       Tests  1448 passed | 5 skipped (1453)
== mutation M1-buffer-never:  1 file changed, 1 insertion(+), 1 deletion(-)
× src/serve/hosted-harness-model.test.ts > Hosted Harness model boundary > suppresses both returned text and persisted parts when MessageDisplay hides the answer 8ms
× src/serve/hosted-harness-model.test.ts > Hosted Harness model boundary > buffers discarded Stop drafts until the final answer is accepted 1ms
Tests  2 failed | 184 passed (186)
restored, dirty files: 0
== mutation M2-takeover-flags-for-hooks:  1 file changed, 1 deletion(-)
× src/serve/hosted-harness-session.test.ts > Hosted Harness no-tool session > settles only a cancelled pre-model Hook (managed_hook_handler_unavailable, SessionStart, reload=true, modelStarted=false) 
× src/serve/hosted-harness-session.test.ts > Hosted Harness no-tool session > settles only a cancelled pre-model Hook (managed_hook_command_isolation_unavailable, SessionStart, reload=true, modelStart
× src/serve/hosted-harness-session.test.ts > Hosted Harness no-tool session > settles only a cancelled pre-model Hook (managed_hook_handler_unavailable, UserPromptSubmit, reload=true, modelStarted=fal
× src/serve/hosted-harness-session.test.ts > Hosted Harness no-tool session > settles only a cancelled pre-model Hook (managed_hook_handler_unavailable, InstructionsLoaded, reload=true, modelStarted=f
Tests  4 failed | 152 passed (156)
restored, dirty files: 0
== mutation M3-runtime-routes-unguarded:  1 file changed, 2 deletions(-)
× src/serve/hosted-harness-session.test.ts > Hosted Harness no-tool session > refuses Runtime-only continue for a Hook Session without changing its owner or records 105ms
× src/serve/hosted-harness-session.test.ts > Hosted Harness no-tool session > refuses Runtime-only cancel for a Hook Session without changing its owner or records 94ms
× src/serve/hosted-harness-session.test.ts > Hosted Harness Runtime turn takeover > settles the parked execution on load and continues the turn 370ms
Tests  3 failed | 153 passed (156)
restored, dirty files: 0
