@type string, first        json={"executionStatus":"success","output":{"@type":"Person","name":"Ada"}}
    head reader     same    @type=Person (String)
    patched reader  same    @type=Person (String)
@type array, first         json={"executionStatus":"success","output":{"@type":["Product","Thing"],"name":"Widget"}}
    head reader     CHANGED @type=["Product","Thing"] (String)
    patched reader  CHANGED @type=["Product","Thing"] (String)
@type array, not first     json={"executionStatus":"success","output":{"name":"Widget","@type":["Product","Thing"]}}
    head reader     same    @type=[Product, Thing] (UnmodifiableRandomAccessList)
    patched reader  same    @type=[Product, Thing] (UnmodifiableRandomAccessList)
@type boolean, first       json={"executionStatus":"success","output":{"@type":false,"k":1}}
    head reader     CHANGED @type=false (String)
    patched reader  CHANGED @type=false (String)
@type number, first        json={"executionStatus":"success","output":{"@type":7,"k":1}}
    head reader     CHANGED @type=7 (String)
    patched reader  CHANGED @type=7 (String)
@type object, first        json={"executionStatus":"success","output":{"@type":{"a":1},"k":1}}
    head reader     CHANGED @type={"a":1} (String)
    patched reader  CHANGED @type={"a":1} (String)
@type null, first          json={"executionStatus":"success","output":{"@type":null,"k":1}}
    head reader     THROWS JSONException: illegal input, offset 57, character 1, line 1, column 57, fastjson-version 2.0.60 {"executionStatus":"success","output":{"@type":null,"k":1}}
    patched reader  THROWS JSONException: illegal input, offset 57, character 1, line 1, column 57, fastjson-version 2.0.60 {"executionStatus":"success","output":{"@type":null,"k":1}}
