leaf kind Double  (100000 payloads, seed 12458)
   PR codec                         {same=100000}
   A  +DisableReferenceDetect       {same=100000}
   B  A +UseBigDecimalForDoubles    {same=100000}
   C  A +WriteBigDecimalAsPlain     {same=100000}
leaf kind Float  (100000 payloads, seed 12459)
   PR codec                         {same=100000}
   A  +DisableReferenceDetect       {same=100000}
   B  A +UseBigDecimalForDoubles    {same=100000}
   C  A +WriteBigDecimalAsPlain     {same=100000}
leaf kind BigInteger  (100000 payloads, seed 12460)
   PR codec                         {same=100000}
   A  +DisableReferenceDetect       {same=100000}
   B  A +UseBigDecimalForDoubles    {same=100000}
   C  A +WriteBigDecimalAsPlain     {same=100000}
leaf kind BigDecimal  (100000 payloads, seed 12461)
   PR codec                         {CHANGED=9048, same=90952}
   A  +DisableReferenceDetect       {CHANGED=9048, same=90952}
   B  A +UseBigDecimalForDoubles    {CHANGED=38601, same=61399}
   C  A +WriteBigDecimalAsPlain     {same=100000}
   e.g. B  A +UseBigDecimalForDoubles CHANGED {"executionStatus":"success","a":{"x":1},"output":1.793051667744879313804992102E+73}
   e.g. PR codec                    CHANGED {"executionStatus":"success","a":{"x":1},"output":8.5178296866775547755613765817646707832049679E+100}
   e.g. A  +DisableReferenceDetect  CHANGED {"executionStatus":"success","a":{"x":1},"output":8.5178296866775547755613765817646707832049679E+100}
leaf kind $ref-map  (100000 payloads, seed 12462)
   PR codec                         {CHANGED=30061, THROWS JSONException=29943, THROWS StackOverflowError=29969, same=10027}
   A  +DisableReferenceDetect       {same=100000}
   B  A +UseBigDecimalForDoubles    {same=100000}
   C  A +WriteBigDecimalAsPlain     {same=100000}
   e.g. PR codec                    CHANGED {"executionStatus":"success","a":{"x":1},"output":{"$ref":"$['a']"}}
leaf kind Integer/Long/str/bool/null  (100000 payloads, seed 12463)
   PR codec                         {same=100000}
   A  +DisableReferenceDetect       {same=100000}
   B  A +UseBigDecimalForDoubles    {same=100000}
   C  A +WriteBigDecimalAsPlain     {same=100000}
