leaf kind Double  (100000 payloads, seed 12458)
   PR codec                         {CHANGED=1, same=99999}
   A  +DisableReferenceDetect       {CHANGED=1, same=99999}
   B  A +UseBigDecimalForDoubles    {CHANGED=507, same=99493}
   C  A +WriteBigDecimalAsPlain     {CHANGED=1, same=99999}
   e.g. B  A +UseBigDecimalForDoubles CHANGED {"executionStatus":"success","a":{"x":1},"output":-8.7633262872715776E18}
   e.g. PR codec                    CHANGED {"executionStatus":"success","a":{"x":1},"output":-1363683.0538119469}
   e.g. A  +DisableReferenceDetect  CHANGED {"executionStatus":"success","a":{"x":1},"output":-1363683.0538119469}
   e.g. C  A +WriteBigDecimalAsPlain CHANGED {"executionStatus":"success","a":{"x":1},"output":-1363683.0538119469}
leaf kind Float  (100000 payloads, seed 12459)
   PR codec                         {CHANGED=418, same=99582}
   A  +DisableReferenceDetect       {CHANGED=418, same=99582}
   B  A +UseBigDecimalForDoubles    {CHANGED=418, same=99582}
   C  A +WriteBigDecimalAsPlain     {CHANGED=418, same=99582}
   e.g. PR codec                    CHANGED {"executionStatus":"success","a":{"x":1},"output":162544.13}
   e.g. A  +DisableReferenceDetect  CHANGED {"executionStatus":"success","a":{"x":1},"output":162544.13}
   e.g. B  A +UseBigDecimalForDoubles CHANGED {"executionStatus":"success","a":{"x":1},"output":162544.13}
   e.g. C  A +WriteBigDecimalAsPlain CHANGED {"executionStatus":"success","a":{"x":1},"output":162544.13}
leaf kind BigInteger  (100000 payloads, seed 12460)
   PR codec                         {same=100000}
   A  +DisableReferenceDetect       {same=100000}
   B  A +UseBigDecimalForDoubles    {same=100000}
   C  A +WriteBigDecimalAsPlain     {same=100000}
leaf kind BigDecimal  (100000 payloads, seed 12461)
   PR codec                         {CHANGED=42235, same=57765}
   A  +DisableReferenceDetect       {CHANGED=42235, same=57765}
   B  A +UseBigDecimalForDoubles    {CHANGED=38601, same=61399}
   C  A +WriteBigDecimalAsPlain     {same=100000}
   e.g. PR codec                    CHANGED {"executionStatus":"success","a":{"x":1},"output":1.793051667744879313804992102E+73}
   e.g. A  +DisableReferenceDetect  CHANGED {"executionStatus":"success","a":{"x":1},"output":1.793051667744879313804992102E+73}
   e.g. B  A +UseBigDecimalForDoubles CHANGED {"executionStatus":"success","a":{"x":1},"output":1.793051667744879313804992102E+73}
leaf kind $ref-map  (100000 payloads, seed 12462)
   PR codec                         {CHANGED=30061, THROWS JSONException=29943, THROWS StackOverflowError=29969, same=10027}
   A  +DisableReferenceDetect       {same=100000}
   B  A +UseBigDecimalForDoubles    {same=100000}
   C  A +WriteBigDecimalAsPlain     {same=100000}
   e.g. PR codec                    CHANGED {"executionStatus":"success","a":{"x":1},"output":{"$ref":"$['a']"}}
leaf kind Integer/Long/str/bool/null  (100000 payloads, seed 12463)
   PR codec                         {same=100000}
   A  +DisableReferenceDetect       {same=100000}
   B  A +UseBigDecimalForDoubles    {same=100000}
   C  A +WriteBigDecimalAsPlain     {same=100000}
