# p4-crash-ABC  db=s6 arm=r4  2026-10-05T17:09:20.710Z
NOTE  [A] before kill  -> {"mid":{"kind":"DELETE","state":"RUNNING","delivery":"LEASED","before_":"ACTIVE","receipt":"","gen":2,"attempts":1,"err":"workspace_lifecycle_hooks_unsettled","proto":1,"effects":1},"sess":"DELETING","harnessDetaches":["POST /session/:id/detach -> 204 auth=op_282d6b3d/g1"]}
stopped spring pid=19179 sig=KILL
spring pid=19341 up after 5s log=/Users/wenshao/pr13354-rig/run/s6/spring-2.log
PASS  [A] successor completes the delete after SIGKILL (claim gen >= 2)  -> {"row":{"kind":"DELETE","state":"COMPLETED","delivery":"CONFIRMED","before_":"ACTIVE","receipt":"rcpt_8eae9c5260f845d3ae67b77df3333d74","gen":3,"attempts":1,"err":"","proto":1,"effects":1},"sess":"DELETED","sinceKillMs":59945,"waitMs":55578}
PASS  [A] original worker stopped, registration RETIRED  -> {"binding":"771937e4-8b9c-4835-ad7a-18a175b96b4d","bstate":"RELEASED","rid":"a53a9c5b3c54","pid":19303,"regState":"RETIRED","regFiles":"json,lock,ready","pidAlive":false}
NOTE  [A] wire  -> ["POST /session/:id/detach -> 204 auth=op_282d6b3d/g1","POST /session/:id/detach -> 404 auth=op_282d6b3d/g3"]
PASS  [A] no SessionEnd/Delete Hook replay, no legacy DELETE, no lifecycle load
NOTE  [B] before kill  -> {"mid":{"kind":"DELETE","state":"RECOVERY_BLOCKED","delivery":"BLOCKED","before_":"ACTIVE","receipt":"","gen":1,"attempts":1,"err":"workspace_lifecycle_hooks_unsettled","proto":1,"effects":1},"sess":"DELETING","harnessDetaches":["POST /session/:id/detach -> drop-before auth=op_93f34ba3/g1"]}
stopped spring pid=19341 sig=KILL
spring pid=19491 up after 5s log=/Users/wenshao/pr13354-rig/run/s6/spring-3.log
PASS  [B] successor completes the delete after SIGKILL (claim gen >= 2)  -> {"row":{"kind":"DELETE","state":"COMPLETED","delivery":"CONFIRMED","before_":"ACTIVE","receipt":"rcpt_66a786efd8cb44baa9e935d7122f5ca3","gen":2,"attempts":1,"err":"","proto":1,"effects":1},"sess":"DELETED","sinceKillMs":4362,"waitMs":8}
PASS  [B] original worker stopped, registration RETIRED  -> {"binding":"3430425b-d4ae-43f0-ae23-a8320c07e64f","bstate":"RELEASED","rid":"7acf0876a241","pid":19451,"regState":"RETIRED","regFiles":"json,lock,ready","pidAlive":false}
NOTE  [B] wire  -> ["POST /session/:id/detach -> drop-before auth=op_93f34ba3/g1","POST /session/:id/detach -> 204 auth=op_93f34ba3/g2"]
PASS  [B] no SessionEnd/Delete Hook replay, no legacy DELETE, no lifecycle load
NOTE  [C] coordinator blocked on the held row lock  -> {"lockWaits":true,"ms":2269,"row":{"kind":"DELETE","state":"RUNNING","delivery":"LEASED","before_":"ACTIVE","receipt":"","gen":1,"attempts":0,"err":"","proto":1,"effects":1},"sess":"DELETING"}
stopped spring pid=19491 sig=KILL
spring pid=19627 up after 5s log=/Users/wenshao/pr13354-rig/run/s6/spring-4.log
PASS  [C] successor completes the delete after SIGKILL (claim gen >= 2)  -> {"row":{"kind":"DELETE","state":"COMPLETED","delivery":"CONFIRMED","before_":"ACTIVE","receipt":"rcpt_eed08b486b2e4c468e52a26402de8ae3","gen":2,"attempts":0,"err":"","proto":1,"effects":1},"sess":"DELETED","sinceKillMs":57116,"waitMs":52778}
PASS  [C] original worker stopped, registration RETIRED  -> {"binding":"4e9be577-5908-4a26-979d-c64f5a7f8ed9","bstate":"RELEASED","rid":"677bcec093ea","pid":19586,"regState":"RETIRED","regFiles":"json,lock,ready","pidAlive":false}
NOTE  [C] wire  -> ["POST /session/:id/detach -> 503 auth=op_a984ddb3/g1","POST /session/:id/detach -> 204 auth=op_a984ddb3/g2"]
PASS  [C] no SessionEnd/Delete Hook replay, no legacy DELETE, no lifecycle load
== p4-crash-ABC: 9 passed, 0 failed
