07:34:38.616 machine_id=f03cd9a6530b4a84b59095456b085bfb boot_id=14e83e98-9694-4d15-aa36-bb22489780b8 uptime=522s kernel=6.8.0-117-generic
07:34:38.617    server jar=d8b-server.jar dist=dist-d8b | maint jar=/opt/w1b/d8b-server-workspace-bundle.jar cli=/opt/w1b/dist-d8b/cli.js db=w1b_r4s
07:34:45.009    health=200 === 2026-10-02T07:34:38.863Z start pid=9333 boot_id=14e83e98-9694-4d15-aa36-bb22489780b8 machine_id=f03cd9a6530b4a84b59095456b085bfb jar=d8b-server.jar dist=dist-d8b verified=false durable=true harness=false db=w1b_r4s
07:34:45.417    stopped (migrations applied)
07:34:46.062   maint register-a: exit=0 643 ms -> Workspace storage maintenance operation verified.
07:34:46.735   maint register-b: exit=0 671 ms -> Workspace storage maintenance operation verified.
07:34:50.917    health=200 === 2026-10-02T07:34:46.764Z start pid=9852 boot_id=14e83e98-9694-4d15-aa36-bb22489780b8 machine_id=f03cd9a6530b4a84b59095456b085bfb jar=d8b-server.jar dist=dist-d8b verified=true durable=true harness=false db=w1b_r4s
07:34:51.432    inspect a: state=ready revision=1 operation=null completed=ba756868-7ca3-4fcc-ad46-30a40a930f1e holder=false identity=match marker=match registration=valid
07:34:52.068    inspect b: state=ready revision=1 operation=null completed=69402091-f556-4ca2-b3cd-3d878c5ba453 holder=false identity=match marker=match registration=valid
07:34:53.535    F1 e62a080b-cd40-46d2-ab4d-22b1c6731055 (ws-a1, hosted-workspace-files/1) create=200
07:34:55.264      F1 WRITE notes.txt v1: turn_complete
07:34:56.382      F1 WRITE notes.txt v2: turn_complete
07:34:57.636      F1 WRITE __proto__ proto-named: turn_complete
07:34:58.499      F1 READ notes.txt: turn_complete
07:34:58.561    S1 146e8e4f-9dfa-4cd1-a8b4-3b7bf2ec6ff9 (ws-a1, hosted-workspace-shell/1) create=200
07:35:00.065      S1 SHELL64 bWtkaXIgLXAgc3JjIGJpbiAmJiBwcmludGYgImV4: turn_complete
07:35:01.182      S1 SHELL64 bWtkaXIgLXAgZ2VuICYmIHB5dGhvbjMgLWMgImlt: turn_complete
07:35:01.237    O1 07480237-84f1-43b9-90fc-2a72bc74f38a (ws-a2, hosted-workspace-shell/1, captureBytes=16777216) create=200
07:35:03.635      O1 O2SH64 aGVhZCAtYyAzMDAwMDAwIC9kZXYvemVybyB8IHRyI: turn_complete
07:35:03.737      O1 publication: REFERENCED 3 segments, seals stderr=0/0 stdout=3/3000001
07:35:03.790    F2 7d5dcd03-469f-4c40-8de6-34b4156e8ba3 (ws-a2, hosted-workspace-files/1) create=200
07:35:05.099      F2 WRITE other.txt x1: turn_complete
07:35:06.211      F2 WRITE other.txt x2: turn_complete
07:35:06.264    F3 62db47d4-29b1-469f-a3fe-bb53b777b4c9 (ws-a1, hosted-workspace-files/1) create=200
07:35:07.552      F3 WRITE closed.txt c1: turn_complete
07:35:07.609    S2 4d061670-5f72-4c8d-bdb1-d1f8e680c268 (ws-a1, hosted-workspace-shell/1) create=200
07:35:09.036      S2 SHELL64 ZWNobyBkZWxldGVkLXNlc3Npb24gPiBkZWwudHh0: turn_complete
07:35:09.046    U1 69f22cc5-38bf-4e31-a3fd-85f3a608d2b0 (ws-a2) public create only, never attached
07:35:09.101    B1 16636f9b-604e-4531-b6ed-931883c359af (ws-b1, hosted-workspace-files/1) create=200
07:35:10.287      B1 WRITE b.txt b1: turn_complete
07:35:10.452    lifecycle archive: 409 op=undefine state=undefined | close: 409 op=undefine state=undefined | delete: 409 op=undefine state=undefined
07:35:10.452 == undo
07:35:10.508    U1 bca142c3-8ce6-45f0-9c17-3ef26e49f8be create=200
07:35:11.701      U1 WRITE first: turn_complete
07:35:12.702      U1 WRITE second: turn_complete
07:35:13.237      rewind(second prompt): 200 filesChanged=["undo.txt"] conflict=false -> undo.txt="first"
07:35:13.331      latest file_history record undoReceipts=1
07:35:13.350 == delete O1 and S2 (SQL admission row, real coordinator completion)
07:35:13.386    writer leases lapsed after 36 ms
07:35:14.859    O1 07480237-84f1-43b9-90fc-2a72bc74f38a: operation=COMPLETED/CONFIRMED/JAVA_DURABLE/1790926513744 session=DELETED/1790926513744 head=DELETED/NULL/NULL retirement=same op gen=1 protected=0 publications=RETIRING=1
07:35:15.043    S2 4d061670-5f72-4c8d-bdb1-d1f8e680c268: operation=COMPLETED/CONFIRMED/JAVA_DURABLE/1790926513735 session=DELETED/1790926513735 head=DELETED/NULL/NULL retirement=same op gen=1 protected=0 publications=none
07:35:15.151    Harness stopped
07:35:15.597    service stopped
07:35:15.633    writer leases lapsed after 35 ms
07:35:16.390   maint fence-a: exit=0 706 ms -> Workspace storage maintenance operation verified.
07:35:16.428    row state=FENCED rev=1 op=d9f46a4b completed=- dev=64769 ino=806313 birth=2026-10-02T07:34:38.218990160Z reg=646ca278 holder=-
07:35:16.466      07480237-84f1-43b9-90fc-2a72bc74f38a ws-a2 DELETED  head=DELETED rev=22 seq=23 history=-
07:35:16.467      146e8e4f-9dfa-4cd1-a8b4-3b7bf2ec6ff9 ws-a1 ACTIVE   head=SEALED rev=40 seq=43 history=-
07:35:16.467      4d061670-5f72-4c8d-bdb1-d1f8e680c268 ws-a1 DELETED  head=DELETED rev=22 seq=23 history=-
07:35:16.468      62db47d4-29b1-469f-a3fe-bb53b777b4c9 ws-a1 ACTIVE   head=SEALED rev=23 seq=24 history=-
07:35:16.468      69f22cc5-38bf-4e31-a3fd-85f3a608d2b0 ws-a2 ACTIVE   head=- rev=0 seq=0 history=-
07:35:16.468      7d5dcd03-469f-4c40-8de6-34b4156e8ba3 ws-a2 ACTIVE   head=SEALED rev=42 seq=45 history=1 files
07:35:16.468      bca142c3-8ce6-45f0-9c17-3ef26e49f8be ws-a1 ACTIVE   head=SEALED rev=45 seq=48 history=1 files
07:35:16.469      e62a080b-cd40-46d2-ab4d-22b1c6731055 ws-a1 ACTIVE   head=SEALED rev=78 seq=85 history=2 files
07:35:16.469 == A: capture / replay / verify / authority unchanged
07:36:11.563   w1b d8b-A-capture: exit=0 53317 ms java≤204 MiB node≤133 MiB -> state=SEALED sessions=8/8 assets=4194 pendingRefs=0 lastError=null contentVerified=true authorityCompatible=true activation=false entries=3592 manifest=282c72d2a1a1
07:36:12.512   w1b d8b-A-replay: exit=0 947 ms java≤188 MiB node≤0 MiB -> state=SEALED sessions=8/8 assets=4194 pendingRefs=0 lastError=null contentVerified=true authorityCompatible=true activation=false entries=3592 manifest=282c72d2a1a1
07:36:43.170   w1b d8b-A-verify: exit=0 30656 ms java≤203 MiB node≤116 MiB -> state=VERIFIED sessions=8/8 assets=4194 pendingRefs=0 lastError=null contentVerified=true authorityCompatible=true activation=false entries=3592 manifest=282c72d2a1a1
07:36:44.954    replay identical=true; authority (37 tables) identical=true; deleted Sessions in sessions.ndjson=true,true
07:36:44.987 == R1-30: SIGKILL while assets.ndjson is being published
07:37:32.857   w1b d8b-R130-killed: exit=SIGKILL 47767 ms [SIGKILL when assets.ndjson.partial exists held (47753 ms)] java≤204 MiB node≤116 MiB -> REFUSED (no output)
07:38:18.220   w1b d8b-R130-resume: exit=0 45360 ms java≤202 MiB node≤133 MiB -> state=SEALED sessions=8/8 assets=4194 pendingRefs=0 lastError=null contentVerified=true authorityCompatible=true activation=false entries=3592 manifest=6ba5eda082e7
07:38:18.221    [SIGKILL when assets.ndjson.partial exists held (47753 ms)] resume: state=SEALED sessions=8/8 assets=4194 pendingRefs=0 lastError=null contentVerified=true authorityCom
07:38:18.255 == negative retirement variants (each reverted before the next)
07:38:19.624    N1 retirement recovery_protected=TRUE                      exit=1 -/- | Workspace recovery: source_drift
07:38:20.923    N2 retirement row kept, Session status back to ACTIVE      exit=1 -/- | Workspace recovery: source_drift
07:38:46.071    N3 retirement row removed (DELETED head, pointer cleared)  exit=1 CAPTURING/protocol_validation_failed | protocol_validation_failed: Workspace recovery: journal does not match pinned private head.
07:38:47.402    N4 DELETE operation not COMPLETED/CONFIRMED                exit=1 -/- | Workspace recovery: source_drift
07:38:48.740    N5 retirement names another operation                      exit=1 -/- | Workspace recovery: source_drift
07:38:49.974    N6 retired head pointer set back to its last checkpoint    exit=1 -/- | Workspace recovery: source_drift
07:39:35.021   w1b d8b-N-control: exit=0 44956 ms java≤206 MiB node≤133 MiB -> state=SEALED sessions=8/8 assets=4194 pendingRefs=0 lastError=null contentVerified=true authorityCompatible=true activation=false entries=3592 manifest=18dbf8df70e2
07:39:35.021    control after all reverts (new UUID): state=SEALED sessions=8/8 assets=4194 pendingRefs=0 lastError=null contentVerified=true authorityCompatible=tr
07:39:35.052 R4-DONE
