[session] {"sessionId":"2c613c3f-c2d8-420a-a008-191077647a4c","capabilities":{"items":true,"snapshots":true,"artifacts":false,"resync":true,"session_lifecycle":true,"tasks":true,"actions":false,"session_close":true,"session_archive":true,"session_unarchive":true,"session_delete":true}}
[resources] {"cmd1":"managed-tool-args/b3c8481e-a35","cmd2":"managed-tool-args/24a730a1-72e","cmd3":"managed-tool-args/5175d751-74f","receipt1":"managed-runtime-receipt/704626ce-c5e","receipt2":"managed-runtime-receipt/883442c1-376","receipt3":"managed-runtime-receipt/3f6a5887-a67","receipt3b":"managed-runtime-receipt/c41bae25-598","manifest1":"managed-tool-result-manifest/dd5b7d2a-9b8","manifest2":"managed-tool-result-manifest/37c43f6f-cf2"}
[commit] {"id":"shell-1","label":"admit","rev":1,"ts":"background_shell pending/unbound","java":"background_shell pending/unbound rev1","same":true}
[commit] {"id":"shell-1","label":"dispatch","rev":2,"ts":"background_shell running/provisioning","java":"background_shell running/provisioning rev2","same":true}
[commit] {"id":"shell-1","label":"attach","rev":3,"ts":"background_shell waiting/ready","java":"background_shell waiting/ready rev3","same":true}
[commit] {"id":"shell-1","label":"output","rev":4,"ts":"background_shell running/ready","java":"background_shell running/ready rev4","same":true}
[commit] {"id":"shell-1","label":"output2","rev":5,"ts":"background_shell waiting/ready","java":"background_shell waiting/ready rev5","same":true}
[commit] {"id":"shell-1","label":"exit","rev":6,"ts":"background_shell completed/null","java":"background_shell completed/null rev6","same":true}
[refused] {"id":"shell-1","label":"reopen-settled","error":"ManagedSessionConflictError: child_run record shell-1 cannot follow its revision 6.","unchanged":true}
[commit] {"id":"shell-2","label":"admit","rev":1,"ts":"background_shell pending/unbound","java":"background_shell pending/unbound rev1","same":true}
[refused] {"id":"shell-2","label":"skip-dispatch","error":"ManagedSessionConflictError: child_run record shell-2 cannot follow its revision 1.","unchanged":true}
[commit] {"id":"shell-2","label":"dispatch","rev":2,"ts":"background_shell running/provisioning","java":"background_shell running/provisioning rev2","same":true}
[commit] {"id":"shell-2","label":"attach","rev":3,"ts":"background_shell running/ready","java":"background_shell running/ready rev3","same":true}
[refused] {"id":"shell-2","label":"stop","error":"ManagedSessionRecordError: Child run stop_requested needs its stop request.","unchanged":true}
[commit] {"id":"shell-3","label":"admit","rev":1,"ts":"background_shell pending/unbound","java":"background_shell pending/unbound rev1","same":true}
[commit] {"id":"shell-3","label":"dispatch","rev":2,"ts":"background_shell running/provisioning","java":"background_shell running/provisioning rev2","same":true}
[commit] {"id":"shell-3","label":"attach","rev":3,"ts":"background_shell running/ready","java":"background_shell running/ready rev3","same":true}
[commit] {"id":"shell-3","label":"runtime-lost","rev":4,"ts":"background_shell recovery_blocked/lost","java":"background_shell recovery_blocked/lost rev4","same":true}
[refused] {"id":"shell-3","label":"reattach-new-receipt","error":"ManagedSessionConflictError: child_run record shell-3 cannot follow its revision 4.","unchanged":true}
[commit] {"id":"shell-3","label":"reattach-same-receipt","rev":5,"ts":"background_shell degraded/ready","java":"background_shell degraded/ready rev5","same":true}
[refused] {"id":"shell-4","label":"start-with-stop-request","error":"ManagedSessionConflictError: the first revision of child_run record shell-4 must open its run.","unchanged":true}
[commit] {"id":"shell-4","label":"admit","rev":1,"ts":"background_shell pending/unbound","java":"background_shell pending/unbound rev1","same":true}
[commit] {"id":"shell-4","label":"dispatch","rev":2,"ts":"background_shell running/provisioning","java":"background_shell running/provisioning rev2","same":true}
[commit] {"id":"shell-4","label":"attach","rev":3,"ts":"background_shell running/ready","java":"background_shell running/ready rev3","same":true}
[commit] {"id":"shell-4","label":"stop-request","rev":4,"ts":"background_shell running/draining","java":"background_shell running/draining rev4","same":true}
[refused] {"id":"shell-4","label":"clear-stop-request","error":"ManagedSessionConflictError: child_run record shell-4 cannot follow its revision 4.","unchanged":true}
[commit] {"id":"shell-4","label":"stopped","rev":5,"ts":"background_shell cancelled/null","java":"background_shell cancelled/null rev5","same":true}
[commit] {"id":"shell-5","label":"admit","rev":1,"ts":"background_shell pending/unbound","java":"background_shell pending/unbound rev1","same":true}
[commit] {"id":"shell-5","label":"stop-before-start","rev":2,"ts":"background_shell running/draining","java":"background_shell running/draining rev2","same":true}
[refused] {"id":"shell-5","label":"never-started","error":"ManagedSessionRecordError: Child run cancelled needs its settled execution.","unchanged":true}
[commit] {"id":"shell-6","label":"admit","rev":1,"ts":"background_shell pending/unbound","java":"background_shell pending/unbound rev1","same":true}
[commit] {"id":"shell-6","label":"dispatch","rev":2,"ts":"background_shell running/provisioning","java":"background_shell running/provisioning rev2","same":true}
[commit] {"id":"shell-6","label":"attach","rev":3,"ts":"background_shell running/ready","java":"background_shell running/ready rev3","same":true}
[commit] {"id":"shell-6","label":"output-rev2","rev":4,"ts":"background_shell running/ready","java":"background_shell running/ready rev4","same":true}
[commit] {"id":"shell-6","label":"output-back-to-rev1","rev":5,"ts":"background_shell running/ready","java":"background_shell running/ready rev5","same":true}
[public tasks] {"status":200,"tasks":["background_shell running/ready task_1e1f6f5a","background_shell running/draining task_18f067ab","background_shell cancelled/- task_14ae4562","background_shell degraded/ready task_d9d12580","background_shell running/ready task_bee2c896","background_shell completed/- task_028a22a1"]}
[public == authority] true
[task detail] {"status":200,"body":{"id":"task_1e1f6f5afd80b6822fb1e86686dad62295dbac22dc0574e3ba713bc7a5f35e91","object":"agent.task","session_id":"2c613c3f-c2d8-420a-a008-191077647a4c","kind":"background_shell","state":"running","runtime_state":"ready","created_at":1791090255231,"started_at":1791090255318,"artifact_refs":[],"action_capabilities":[]}}
[task detail] {"status":200,"body":{"id":"task_18f067abe69fc7fc576a82b725a49c7f4bdbae8a47963d09c15f12271f1995d9","object":"agent.task","session_id":"2c613c3f-c2d8-420a-a008-191077647a4c","kind":"background_shell","state":"running","runtime_state":"draining","created_at":1791090254935,"started_at":1791090255036,"artifact_refs":[],"action_capabilities":[]}}
[task detail] {"status":200,"body":{"id":"task_14ae4562bad1eb7c9ebdba81ec6132ea59320d90ab05ffba395033c4bea8084c","object":"agent.task","session_id":"2c613c3f-c2d8-420a-a008-191077647a4c","kind":"background_shell","state":"cancelled","created_at":1791090254320,"started_at":1791090254417,"settled_at":1791090254854,"artifact_refs":[],"action_capabilities":[]}}
[task detail] {"status":200,"body":{"id":"task_d9d12580629a16cb5432e4da5a057e5dda0cecdfa1d4b0a696499c9c8d1d6bcb","object":"agent.task","session_id":"2c613c3f-c2d8-420a-a008-191077647a4c","kind":"background_shell","state":"degraded","runtime_state":"ready","created_at":1791090253645,"started_at":1791090253738,"artifact_refs":[],"action_capabilities":[]}}
[task detail] {"status":200,"body":{"id":"task_bee2c89687df48c1fbcebe966c5c200d4477e6c9a6d58abd4ac551f2b34eb71e","object":"agent.task","session_id":"2c613c3f-c2d8-420a-a008-191077647a4c","kind":"background_shell","state":"running","runtime_state":"ready","created_at":1791090253127,"started_at":1791090253357,"artifact_refs":[],"action_capabilities":[]}}
[task detail] {"status":200,"body":{"id":"task_028a22a1be5b896d0b0635dc5440a41eef25746c15eea9bb234578a2dc5c5100","object":"agent.task","session_id":"2c613c3f-c2d8-420a-a008-191077647a4c","kind":"background_shell","state":"completed","created_at":1791090252360,"started_at":1791090252495,"settled_at":1791090252921,"artifact_refs":[],"action_capabilities":[]}}
[task.updated events] ["2::pending","3::running","4::waiting","5::running","6::waiting","7::completed","8::pending","9::running","10::running","11::pending","12::running","13::running","14::recovery_blocked","15::degraded","16::pending","17::running","18::running","19::running","20::cancelled","21::pending","22::running","23::pending","24::running","25::running"]
[cold reopen by writer-b] {"equal":true,"views":["background_shell running/ready","background_shell running/draining","background_shell cancelled/null","background_shell degraded/ready","background_shell running/ready","background_shell completed/null"]}
[RESULT] {"mismatches":0,"commits":26,"reattachNewReceipt":false,"reattachSameReceipt":true,"startWithStop":false,"drainingAttached":true,"clearStop":false,"drainingProvisioning":true,"outputRewind":true,"publicEqualsTs":true,"taskUpdated":24,"coldReopenEqual":true,"sessionId":"2c613c3f-c2d8-420a-a008-191077647a4c"}
