=== ARM=head13 node s20-bounded-refusal.mjs 00:00:12
PASS  505 write_file calls: cancel → every call has exactly one refusal, records fit the real Store, next turn runs  -> first turn=admit=202 terminal=<none> recoveryBlocked=true 775ms record=recovery_blocked/"not_started_proven" cancel=200 cancelled recovery writes=1 [64943B/505 refusals/200] record sizes=64943 calls=505 toolResultRecords=1 responses=505 unique=505 allCallsCove
PASS  505 write_file calls: detach/load, then a new Harness process cold-loads; durable responses unchanged  -> detach=204 load=200 again=admit=202 terminal=turn_complete(end_turn) recoveryBlocked=false 332ms | cold load=200 calls=505 toolResultRecords=1 responses=505 unique=505 allCallsCovered=true parentChain=true terminal=turn_complete(cancelled) next=admit=202 terminal=turn
PASS  510 write_file calls: cancel → every call has exactly one refusal, records fit the real Store, next turn runs  -> first turn=admit=202 terminal=<none> recoveryBlocked=true 523ms record=recovery_blocked/"not_started_proven" cancel=200 cancelled recovery writes=2 [65455B/509 refusals/200, 541B/1 refusals/200] record sizes=65455/541 calls=510 toolResultRecords=2 responses=51
PASS  510 write_file calls: detach/load, then a new Harness process cold-loads; durable responses unchanged  -> detach=204 load=200 again=admit=202 terminal=turn_complete(end_turn) recoveryBlocked=false 340ms | cold load=200 calls=510 toolResultRecords=2 responses=510 unique=510 allCallsCovered=true parentChain=true terminal=turn_complete(cancelled) next=admit=202 terminal=turn
PASS  650 write_file calls: cancel → every call has exactly one refusal, records fit the real Store, next turn runs  -> first turn=admit=202 terminal=<none> recoveryBlocked=true 524ms record=recovery_blocked/"not_started_proven" cancel=200 cancelled recovery writes=2 [65455B/509 refusals/200, 18461B/141 refusals/200] record sizes=65455/18461 calls=650 toolResultRecords=2 respon
PASS  650 write_file calls: detach/load, then a new Harness process cold-loads; durable responses unchanged  -> detach=204 load=200 again=admit=202 terminal=turn_complete(end_turn) recoveryBlocked=false 446ms | cold load=200 calls=650 toolResultRecords=2 responses=650 unique=650 allCallsCovered=true parentChain=true terminal=turn_complete(cancelled) next=admit=202 terminal=turn
NOTE  650 write_file calls; second record answered 503 three times: in the same Harness after the failed second record  -> cancel=409 hosted_hook_recovery_required recovery writes=4 [65461B/509 refusals/200, 18467B/141 refusals/fail-503, 18467B/141 refusals/fail-503, 18467B/141 refusals/fail-503] visible calls=650 toolResultRecords=1 responses=509 unique=509 allCallsCovered=fal
PASS  650 write_file calls; second record answered 503 three times: after Harness replacement the load writes only the missing refusals; no duplicates  -> load=200 after 61s; fill writes=1 [18467B/141 refusals/200] calls=650 toolResultRecords=2 responses=650 unique=650 allCallsCovered=true parentChain=true terminal=turn_complete(cancelled) next=admit=202 terminal=turn_complete(
NOTE  650 write_file calls; second record committed, reply lost 3 times: in the same Harness after the failed second record  -> cancel=409 hosted_hook_recovery_required recovery writes=4 [65461B/509 refusals/200, 18467B/141 refusals/drop-reply, 18467B/141 refusals/drop-reply, 18467B/141 refusals/drop-reply] visible calls=650 toolResultRecords=1 responses=509 unique=509 allCalls
PASS  650 write_file calls; second record committed, reply lost 3 times: after Harness replacement the load writes only the missing refusals; no duplicates  -> load=200 after 61s; fill writes=0 [] calls=650 toolResultRecords=2 responses=650 unique=650 allCallsCovered=true parentChain=true terminal=turn_complete(cancelled) next=admit=202 terminal=turn_complete(end_turn) recovery
== RESULT s20-bounded-refusal-head13: 8 passed, 0 failed
=== ARM=head13 node s11-cancel.mjs 00:02:39
PASS  UserPromptSubmit: cancel mid-Hook, then the Session runs the next turn  -> cancel=204 cancel→idle=317ms terminal=turn_complete(cancelled) recoveryBlocked=false hook=cancelled/"settled" written=false next=admit=202 terminal=turn_complete(end_turn) recoveryBlocked=false 629ms
PASS  PreToolUse: cancel mid-Hook, then the Session runs the next turn  -> cancel=204 cancel→idle=212ms terminal=turn_complete(cancelled) recoveryBlocked=false hook=cancelled/"settled" written=false next=admit=202 terminal=turn_complete(end_turn) recoveryBlocked=false 633ms
PASS  PostToolUse: cancel mid-Hook, then the Session runs the next turn  -> cancel=204 cancel→idle=312ms terminal=turn_complete(cancelled) recoveryBlocked=false hook=cancelled/"settled" written=true next=admit=202 terminal=turn_complete(end_turn) recoveryBlocked=false 528ms
PASS  Stop: cancel mid-Hook, then the Session runs the next turn  -> cancel=204 cancel→idle=315ms terminal=turn_complete(cancelled) recoveryBlocked=false hook=cancelled/"settled" written=true next=admit=202 terminal=turn_complete(end_turn) recoveryBlocked=false 533ms
FAIL  PreToolUse (callback ignores the abort, 8 s): cancel mid-Hook, then the Session runs the next turn  -> cancel=204 cancel→idle=1245ms terminal=<none> recoveryBlocked=true hook=recovery_blocked/"outcome_unknown" written=false next=admit=409 hosted_turn_recovery_required terminal=<none> recoveryBlocked=undefined 3ms
NOTE  PreToolUse (callback ignores the abort, 8 s): another Session in the same Workspace  -> admit=202 terminal=turn_error[{"sessionId":"f860a11c-4986-49f1-82fd-48461f998581","promptId":"d76aaabb-1d35-4c39-a24c-0568aba4efc9","code":"hosted_turn_failed","message":"Hosted Harness turn failed."}] recoveryBlocked=false 418ms
NOTE  PreToolUse (callback ignores the abort, 8 s): after detach + load  -> detach=503 load=409  admit=409 hosted_turn_recovery_required terminal=<none> recoveryBlocked=undefined 2ms
PASS  PreToolUse (HTTP Hook, server replies after 8 s): cancel mid-Hook, then the Session runs the next turn  -> cancel=204 cancel→idle=7641ms terminal=turn_complete(cancelled) recoveryBlocked=false hook=settled/"settled" written=false next=admit=202 terminal=turn_complete(end_turn) recoveryBlocked=false 219ms
PASS  UserPromptSubmit (HTTP Hook, server replies after 8 s): cancel mid-Hook, then the Session runs the next turn  -> cancel=204 cancel→idle=7561ms terminal=turn_complete(cancelled) recoveryBlocked=false hook=settled/"settled" written=false next=admit=202 terminal=turn_complete(end_turn) recoveryBlocked=false 8374ms
PASS  PostToolUse (HTTP Hook, server replies after 8 s): cancel mid-Hook, then the Session runs the next turn  -> cancel=204 cancel→idle=7546ms terminal=turn_complete(cancelled) recoveryBlocked=false hook=settled/"settled" written=true next=admit=202 terminal=turn_complete(end_turn) recoveryBlocked=false 226ms
PASS  Stop (HTTP Hook, server replies after 8 s): cancel mid-Hook, then the Session runs the next turn  -> cancel=204 cancel→idle=7740ms terminal=turn_complete(cancelled) recoveryBlocked=false hook=settled/"settled" written=true next=admit=202 terminal=turn_complete(end_turn) recoveryBlocked=false 8365ms
FAIL  PreToolUse (HTTP Hook, server never replies; Hook timeout 10 s): cancel mid-Hook, then the Session runs the next turn  -> cancel=204 cancel→idle=9601ms terminal=<none> recoveryBlocked=true hook=recovery_blocked/"outcome_unknown" written=false next=admit=409 hosted_turn_recovery_required terminal=<none> recoveryBlocked=undefined 2ms
NOTE  PreToolUse (HTTP Hook, server never replies; Hook timeout 10 s): another Session in the same Workspace  -> admit=202 terminal=turn_error[{"sessionId":"25e3d839-ac25-4e87-8f89-c85581866cf8","promptId":"825d7560-6663-449f-96bc-76f9b2ef3fab","code":"hosted_turn_failed","message":"Hosted Harness turn failed."}] recoveryBlocked=false 416ms
NOTE  PreToolUse (HTTP Hook, server never replies; Hook timeout 10 s): after detach + load  -> detach=503 load=409  admit=409 hosted_turn_recovery_required terminal=<none> recoveryBlocked=undefined 2ms
== RESULT s11-cancel-head13: 8 passed, 2 failed
=== ARM=head13 node s14-activation-fault.mjs 00:03:58
NOTE  warm-up turn  -> admit=202 terminal=turn_complete(end_turn) recoveryBlocked=false 553ms activation-install writes seen so far=1
NOTE  no fault (baseline): detach + load  -> detach=204  load=200  admit=202 terminal=turn_complete(end_turn) recoveryBlocked=false 327ms
NOTE  no fault (baseline)  -> hookOp=200  install requests=2 journal tx=12 status.recoveryBlocked=false next prompt: admit=202 terminal=turn_complete(end_turn) recoveryBlocked=false 323ms
NOTE  one 503 on the activation-install commit: detach + load  -> detach=204  load=200  admit=202 terminal=turn_complete(end_turn) recoveryBlocked=false 340ms
NOTE  one 503 on the activation-install commit  -> hookOp=200  install requests=3 journal tx=12 status.recoveryBlocked=false next prompt: admit=202 terminal=turn_complete(end_turn) recoveryBlocked=false 329ms
NOTE  activation-install commit succeeds, its reply is dropped once: detach + load  -> detach=204  load=200  admit=202 terminal=turn_complete(end_turn) recoveryBlocked=false 343ms
NOTE  activation-install commit succeeds, its reply is dropped once  -> hookOp=200  install requests=3 journal tx=12 status.recoveryBlocked=false next prompt: admit=202 terminal=turn_complete(end_turn) recoveryBlocked=false 337ms
NOTE  503 on every activation-install commit (retries exhausted): detach + load  -> detach=204  load=200  admit=202 terminal=turn_complete(end_turn) recoveryBlocked=false 451ms
NOTE  503 on every activation-install commit (retries exhausted)  -> hookOp=503 hosted_hook_operation_failed install requests=3 journal tx=1 status.recoveryBlocked=false next prompt: admit=409 hosted_turn_recovery_required terminal=<none> recoveryBlocked=undefined 2ms | after the fault cleared: admit=409 hosted_turn_recovery_required terminal=<none> recoveryBlocked=undefined 1m
== RESULT s14-activation-fault-head13: 0 passed, 0 failed
=== ARM=head13 node s15-history-hooks.mjs 00:04:13
PASS  with Hooks: Write, Write, undo of the second Write, Write  -> turns=turn_complete,turn_complete,turn_complete history=200 snapshots=2 undo=200  afterUndo="one" final="three"
PASS  with Hooks: PreToolUse and PostToolUse ran once per write (3 each)  -> pre=3 post=3
PASS  with Hooks: after detach, another Session uses the Workspace  -> detach=204 admit=202 terminal=turn_complete(end_turn) recoveryBlocked=false 741ms lease=<free>
PASS  no Hooks: Write, Write, undo of the second Write, Write  -> turns=turn_complete,turn_complete,turn_complete history=200 snapshots=2 undo=200  afterUndo="one" final="three"
PASS  no Hooks: after detach, another Session uses the Workspace  -> detach=204 admit=202 terminal=turn_complete(end_turn) recoveryBlocked=false 634ms lease=<free>
== RESULT s15-history-hooks-head13: 5 passed, 0 failed
=== ARM=head13 WS=ws-hvs HOOK=hv-start node s9mac-refusal.mjs 00:04:23
NOTE  rig repair  -> null
PASS  command Hook refused before any effect (marker file not created)  -> turn: admit=202 terminal=<none> recoveryBlocked=true 326ms record=recovery_blocked/"not_started_proven"
NOTE  Session after the refusal  -> status.recoveryBlocked=true next prompt -> 409 hosted_turn_recovery_required
NOTE  cancel of the blocked execution  -> 200 cancelled -> record cancelled/"not_started_proven"
PASS  after cancelling the blocked occurrence the Session accepts work again  -> admit=202 terminal=turn_complete(end_turn) recoveryBlocked=false 338ms
PASS  after cancel + detach + load the Session accepts work again  -> detach=204  load=200  admit=202 terminal=turn_complete(end_turn) recoveryBlocked=false 216ms
NOTE  next prompt after recovery  -> admit=202 terminal=turn_complete(end_turn) recoveryBlocked=false 222ms cmd-ups records=1 states=cancelled/not_started_proven
NOTE  plan markers  -> SessionStart:settled/"settled" result=true UserPromptSubmit:settled/"settled" result=true Stop:settled/"settled" result=true MessageDisplay:settled/"settled" result=true UserPromptSubmit:settled/"settled" result=true Stop:settled/"settled" result=true MessageDisplay:settled/"settled" result=true UserPromptSubmit:settled/"settled" result=true Stop:settled/
PASS  after also cancelling the plan marker the Session accepts work  -> admit=202 terminal=turn_complete(end_turn) recoveryBlocked=false 225ms
NOTE  turn status  -> {"sessionId":"1fb6286a-105e-4dfc-812a-1c48a774b2f9","hasActivePrompt":false,"recoveryBlocked":false}
PASS  after /cancel + detach + load the Session accepts work  -> cancel=204  detach=204 load=200  admit=202 terminal=turn_complete(end_turn) recoveryBlocked=false 226ms
PASS  marker still absent at the end
== RESULT s9mac-refusal-ws-hvs-head13: 6 passed, 0 failed
=== ARM=head13 WS=ws-hvo HOOK=hvo-ups node s9mac-refusal.mjs 00:04:28
NOTE  rig repair  -> null
PASS  command Hook refused before any effect (marker file not created)  -> turn: admit=202 terminal=<none> recoveryBlocked=true 424ms record=recovery_blocked/"not_started_proven"
NOTE  Session after the refusal  -> status.recoveryBlocked=true next prompt -> 409 hosted_turn_recovery_required
NOTE  cancel of the blocked execution  -> 200 cancelled -> record cancelled/"not_started_proven"
PASS  after cancelling the blocked occurrence the Session accepts work again  -> admit=202 terminal=turn_complete(end_turn) recoveryBlocked=false 327ms
PASS  after cancel + detach + load the Session accepts work again  -> detach=204  load=200  admit=202 terminal=turn_complete(end_turn) recoveryBlocked=false 219ms
NOTE  next prompt after recovery  -> admit=202 terminal=turn_complete(end_turn) recoveryBlocked=false 230ms cmd-ups records=1 states=cancelled/not_started_proven
NOTE  plan markers  -> SessionStart:settled/"settled" result=true UserPromptSubmit:settled/"settled" result=true UserPromptSubmit:settled/"settled" result=true Stop:settled/"settled" result=true MessageDisplay:settled/"settled" result=true UserPromptSubmit:settled/"settled" result=true Stop:settled/"settled" result=true MessageDisplay:settled/"settled" result=true UserPromptSub
PASS  after also cancelling the plan marker the Session accepts work  -> admit=202 terminal=turn_complete(end_turn) recoveryBlocked=false 225ms
NOTE  turn status  -> {"sessionId":"ef4b508b-a536-4c3c-b644-2533477f7f27","hasActivePrompt":false,"recoveryBlocked":false}
PASS  after /cancel + detach + load the Session accepts work  -> cancel=204  detach=204 load=200  admit=202 terminal=turn_complete(end_turn) recoveryBlocked=false 226ms
PASS  marker still absent at the end
== RESULT s9mac-refusal-ws-hvo-head13: 6 passed, 0 failed
=== ARM=head13 WS=ws-hvp HOOK=hv-pre TOOL=1 node s9mac-refusal.mjs 00:04:32
NOTE  rig repair  -> null
PASS  command Hook refused before any effect (marker file not created)  -> turn: admit=202 terminal=<none> recoveryBlocked=true 571ms record=recovery_blocked/"not_started_proven"
NOTE  Session after the refusal  -> status.recoveryBlocked=true next prompt -> 409 hosted_turn_recovery_required
NOTE  cancel of the blocked execution  -> 200 cancelled -> record cancelled/"not_started_proven"
PASS  after cancelling the blocked occurrence the Session accepts work again  -> admit=202 terminal=<none> recoveryBlocked=true 324ms
FAIL  after cancel + detach + load the Session accepts work again  -> detach=204  load=200  admit=202 terminal=<none> recoveryBlocked=true 330ms
NOTE  next prompt after recovery  -> admit=409 hosted_turn_recovery_required terminal=<none> recoveryBlocked=undefined 2ms cmd-ups records=3 states=cancelled/not_started_proven,cancelled/not_started_proven,recovery_blocked/not_started_proven
NOTE  plan markers  -> SessionStart:settled/"settled" result=true UserPromptSubmit:settled/"settled" result=true PreToolUse:settled/"settled" result=true UserPromptSubmit:settled/"settled" result=true PreToolUse:cancelled/"settled" result=true UserPromptSubmit:settled/"settled" result=true PreToolUse:running/"dispatch_started" result=false
NOTE  cancel plan marker PreToolUse  -> 200 cancelled
FAIL  after also cancelling the plan marker the Session accepts work  -> admit=202 terminal=<none> recoveryBlocked=true 338ms
NOTE  turn status  -> {"sessionId":"e14358e8-dc6a-4582-a97f-cfee8be30c5d","hasActivePrompt":false,"recoveryBlocked":true}
FAIL  after /cancel + detach + load the Session accepts work  -> cancel=204  detach=204 load=200  admit=202 terminal=<none> recoveryBlocked=true 446ms
PASS  marker still absent at the end
== RESULT s9mac-refusal-ws-hvp-head13: 3 passed, 3 failed
=== ARM=head13 node s12-lifecycle.mjs 00:04:38
NOTE  SessionEnd succeeds  -> DELETE=204  retry=404 hosted_session_not_found retry2=404 hosted_session_not_found sessionEndHttpRequests=0 status-after=404 SessionEnd=settled/"settled" SessionDelete runs=1 deleted_session_id=matches lease=<free> otherSession=terminal=turn_complete(end_turn)
NOTE  SessionEnd throws  -> DELETE=204  retry=404 hosted_session_not_found retry2=404 hosted_session_not_found sessionEndHttpRequests=0 status-after=404 SessionEnd=settled/"settled" SessionDelete runs=1 deleted_session_id=matches lease=<free> otherSession=terminal=turn_complete(end_turn)
NOTE  SessionEnd refused before effect (missing handler revision)  -> DELETE=503 managed_session_close_failed retry=204  retry2=404 hosted_session_not_found sessionEndHttpRequests=0 status-after=404 SessionEnd=cancelled/"not_started_proven" SessionDelete runs=1 deleted_session_id=matches lease=<free> otherSession=terminal=turn_complete(end_turn)
NOTE  SessionEnd HTTP reply dropped (unknown)  -> DELETE=503 managed_session_close_failed retry=503 managed_session_close_failed retry2=503 managed_session_close_failed sessionEndHttpRequests=1 status-after=200 SessionEnd=recovery_blocked/"outcome_unknown" SessionDelete runs=0 deleted_session_id=undefined lease=hooks-activation-43e8f72614c63e0d4e3ba977546a39d782d4eacaf24ad7c7a9
== RESULT s12-lifecycle-head13: 0 passed, 0 failed
=== ARM=head13 node s2b-lease.mjs ws-t9d t yes SIGTERM 00:04:48
NOTE  lease before  -> <no row>
PASS  A (hooks=yes) turn 1 completes  -> admit=202 terminal=turn_complete(end_turn) recoveryBlocked=false 878ms
NOTE  lease holder while A is attached and idle  -> hooks-activation-7e950edb4484cc071a3a54c24eed641c1fc2d1bcd9f964b7671d3808d05ac3ed
FAIL  B (no hooks, same Workspace) completes a tool turn while A is attached+idle  -> admit=202 terminal=turn_error[{"sessionId":"69bd6ead-19b7-4975-8788-46c47aa3ce6b","promptId":"a79dffc2-965a-4601-a2d6-abbbbb4ca6cc","code":"hosted_turn_failed","message":"Hosted Harness turn failed."}] recoveryBlocked=false 417ms
NOTE  lease after B  -> hooks-activation-7e950edb4484cc071a3a54c24eed641c1fc2d1bcd9f964b7671d3808d05ac3ed
PASS  A turn 2 completes  -> admit=202 terminal=turn_complete(end_turn) recoveryBlocked=false 752ms
NOTE  Harness stopped with SIGTERM  -> lease=hooks-activation-7e950edb4484cc071a3a54c24eed641c1fc2d1bcd9f964b7671d3808d05ac3ed
NOTE  load retried until writer lease lapsed  -> 61s
PASS  new Harness loads A  -> status=200  lease=hooks-activation-7e950edb4484cc071a3a54c24eed641c1fc2d1bcd9f964b7671d3808d05ac3ed
PASS  A turn after cold load completes  -> admit=202 terminal=turn_complete(end_turn) recoveryBlocked=false 1257ms lease=hooks-activation-4e86b5fce4891731d94270f0172a4592cbc04a316c0ec51e256cce2f2f3f925b
NOTE  A detached on the new Harness  -> status=204  lease=<free>
PASS  a fresh no-hook Session in the Workspace completes a tool turn after A was detached  -> admit=202 terminal=turn_complete(end_turn) recoveryBlocked=false 742ms lease=<free>
NOTE  final lease  -> <free>
== RESULT s2b-lease-head13-ws-t9d-yes-SIGTERM: 5 passed, 1 failed
=== ARM=head13 node s2e-reattach.mjs ws-t6b h 00:05:56
PASS  round 1: hook turn completes  -> admit=202 terminal=turn_complete(end_turn) recoveryBlocked=false 1076ms hooks=2 lease=hooks-activation-7f5da6bc766d9d54202bff9a4c3ed94486d389d4fe15f9ec363d12db7cf4f99e
PASS  round 1: detach + load  -> detach=204 load=200  lease=<free>
PASS  round 2: hook turn completes  -> admit=202 terminal=turn_complete(end_turn) recoveryBlocked=false 857ms hooks=2 lease=hooks-activation-61b993d2779d92bab54afbbe5280b78ed62c7fc1233bb42026bfe3f8e7864479
PASS  round 2: detach + load  -> detach=204 load=200  lease=<free>
PASS  round 3: hook turn completes  -> admit=202 terminal=turn_complete(end_turn) recoveryBlocked=false 980ms hooks=2 lease=hooks-activation-ddd59b73d4cde5505331cd7af1e3eec6aa9b566b3a325062068bc52579c50bc7
PASS  DELETE frees the lease  -> delete=204 "" lease=<free>
== RESULT s2e-reattach-head13-ws-t6b: 6 passed, 0 failed
=== ARM=head13 node s5b-lost.mjs ws-t4b ws-t9c 00:06:03
PASS  (c) partial response body: received once, stays unknown, blocks new work  -> op=503 child=recovery_blocked/"outcome_unknown" status=recovery_blocked physical=1
NOTE  (d) operation with the dispatch acknowledgement dropped  -> 200 {"operationId":"34440d6b-ecfc-4fa0-90fd-30f41e2bd816","output":{"continue":true}} dropped=1
PASS  (d) cold reload reconciles: settled, ONE physical call, ONE success callback  -> load=200 state=settled calls=1 callbacks=1 lease=hooks-activation-72e63ba9af31a95213a715bbc34326abea31698efbd06ebc9f60c1471b435400
PASS  (d) the reconciled Session then runs a normal tool turn  -> admit=202 terminal=turn_complete(end_turn) recoveryBlocked=false 1017ms lease=hooks-activation-57551262c538e4aa5b6cfca8aca5ff3cf19414cc72a7b83cfacabbb0da22c42a
== RESULT s5b-lost-head13-ws-t9c: 3 passed, 0 failed
=== ARM=head13 node s1-permission.mjs 00:07:07
NOTE  rig repair of an earlier F1 leak  -> null
PASS  create default-approval Session with catalog  -> status=200 approvalMode=default
PASS  1a turn completes, no human Action (PermissionRequest Hook allowed)  -> admit=202 terminal=turn_complete(end_turn) recoveryBlocked=false 435ms asked=[] file=P1
PASS  1a PermissionRequest Hook ran before PreToolUse  -> start > ups > perm(plain.txt) > pre(plain.txt) > post(plain.txt) > batch > stop > display
PASS  1a before-Hook context reaches the model only after the tool result  -> requests=[tools=0 ] [tools=1 PRE-CTX:plain.txt,POST-CTX:plain.txt,BATCH-CTX]
FAIL  1b PreToolUse deny: file not written, refusal reaches model, no PostToolUse for the refused call  -> ups > perm(blocked.txt) > pre(blocked.txt) > batch > stop > display | result write_file: "No reason provided"
PASS  1c rewritten args need a fresh approval; only the approved replacement is written  -> asked=["allow->200"] rewrite-a=null rewritten-a=REWRITTEN-BY-HOOK order=ups > perm(rewrite-a.txt) > pre(rewrite-a.txt) > post(rewritten-a.txt) > batch > stop > display
PASS  1c' denying the fresh approval writes neither path  -> asked=["deny->200"] result write_file: "The Session owner denied this tool call, so it was not run."
PASS  1d PermissionRequest Hook deny: not written, PreToolUse not run  -> ups > perm(permdeny.txt) > batch > stop > display | result write_file: "PermissionRequest Hook denied the call."
NOTE  detach default Session before the yolo Session  -> 204
PASS  1e yolo + PreToolUse ask -> Action requested; allow -> written; no PermissionRequest Hook in yolo  -> asked=["allow->200"] order=start > ups > pre(ask-y.txt) > post(ask-y.txt) > batch > stop > display
PASS  1e' yolo + ask, deny -> not written  -> asked=["deny->200"]
PASS  load again on the same Harness  -> {"load":200}
PASS  after reload: PRE-CTX/POST-CTX of 1a appear exactly once in history  -> pre=1 post=1 batch=5
NOTE  cold load waited for the old writer lease  -> 66s
PASS  cold load on a new Harness (catalog pin omitted -> restored)  -> status=200 {"sessionId":"7c973696-9b03-4a86-8692-9d80f1133910","clientId":"3ba755e7-b183-4a23-ab43-4caf745092a6","workspaceCwd":"/Users/wenshao/pr13129-rig/run/r11/harness
NOTE  first prompt after cold load  -> admit=202 terminal=turn_complete(end_turn) recoveryBlocked=false 16ms
PASS  after cold load: contexts still exactly once; SessionStart not re-run  -> pre=1 post=1 hooks-after=ups > stop > display admit=202 terminal=turn_complete(end_turn) recoveryBlocked=false 16ms catalog=undefined@undefined
PASS  load with a different catalog pin is refused  -> status=409 hosted_tool_profile_conflict
== RESULT s1-permission-head13: 14 passed, 1 failed
=== ARM=head13 node s3-catalog.mjs 00:08:42
NOTE  rig repair of an earlier F1 leak  -> null
PASS  P1 on rev1: h-a (rev1) runs, once Hook attempted and fails, turn still completes (fail-open)  -> admit=202 terminal=turn_complete(end_turn) recoveryBlocked=false 1197ms hooks=once,rev1
PASS  register rev2 with expectedRevision=1  -> 200 {"operationId":"e6abcb9f-c8ce-46ee-9068-95b78c10090e","registered":true}
PASS  retrying the same registration operation is idempotent  -> 200 {"operationId":"e6abcb9f-c8ce-46ee-9068-95b78c10090e","registered":true}
PASS  registering the older revision under a new operation is refused  -> 409 {"error":"hook_registration_failed","code":"hook_registration_failed"}
PASS  expectedRevision mismatch is refused  -> 409 {"error":"hook_registration_failed","code":"hook_registration_failed"}
PASS  a catalog revision the Runtime does not have is refused  -> 409 {"error":"hook_registration_failed","code":"hook_registration_failed"}
PASS  GET hooks reports rev2 without h-a  -> rev=2 hooks=h-b,h-once
PASS  public hook-catalog reports rev2  -> 200 {"object":"agent.hook_catalog","session_id":"3c736e82-fad3-4fc0-bb35-c47a54fb7bfe","catalogs":[{"catalog_id":"cat-t2","catalog_revision":2,"hooks":[{"hook_id":"h-b","event_name":"PreToolUse","type":"function","sequential":false,"async":false,"fail_closed":false,"once":false,"matcher":"write_file"},{
PASS  P2 on rev2: h-b runs, h-a does not, failed once Hook is not retried  -> admit=202 terminal=turn_complete(end_turn) recoveryBlocked=false 863ms hooks=rev2
PASS  earlier executions stay bound to rev1, later ones to rev2  -> registrations=1@seq2,2@seq54
PASS  status/cancel/status of the failed once execution dispatch no new effect  -> status=200 settled/"settled" cancel=200 settled after=settled newLedger=0
PASS  after detach + new Harness: rev2 still effective, once still consumed  -> load=200 admit=202 terminal=turn_complete(end_turn) recoveryBlocked=false 1133ms hooks=rev2
PASS  fresh Session: successful once Hook runs exactly once over three turns  -> once=1
== RESULT s3-catalog-head13: 13 passed, 0 failed
=== ARM=head13 node s4-prompt.mjs 00:08:54
NOTE  rig repair of an earlier F1 leak  -> null
PASS  Notification operation outside a turn: 200 with aggregated prompt + function context  -> 200 {"operationId":"6953a0d1-e550-4b6a-8fdc-40e2ce8da1b0","output":{"continue":true,"decision":"allow","hookSpecificOutput":{"hookEventName":"Notification","additionalContext":"PROMPT-NOTIFY-CTX\nNOTIFY-CTX"}}}
PASS  exactly one model request, flagged as the prompt Hook  -> requests=1 promptHook=true
PASS  no user turn / prompt events were created by the operation  -> new events=managed_journal_event,managed_journal_event,managed_journal_event,managed_journal_event,managed_journal_event,managed_journal_event,managed_journal_event,managed_journal_event,managed_journal_event,managed_journal_event,managed_journal_event,managed_journal_event,managed_journal_event,managed_journa
NOTE  status after operation  -> {"sessionId":"4756b86d-2d2b-499c-86d1-808e5773fb77","hasActivePrompt":false,"recoveryBlocked":false}
PASS  same operationId + same input replays the saved result, no new model request  -> 200 newModel=0
PASS  same operationId + different input is refused  -> 503 {"error":"hosted_hook_operation_failed","code":"hosted_hook_operation_failed"}
PASS  a user prompt is refused while a prompt Hook operation owns the model  -> prompt during op -> 409 hosted_mcp_operation_active; op -> 200
PASS  a Hook operation is refused while a user turn is active  -> turn=202 op during turn -> 409 hosted_turn_active
PASS  in-turn prompt Hook (UserPromptSubmit) adds its context to the main model request  -> admit=202 terminal=turn_complete(end_turn) recoveryBlocked=false 323ms hookReqs=1
NOTE  Store resource kinds for the Session  -> managed-activation-boundary=8 managed-activation-install=9 managed-admission=2 managed-checkpoint=3 managed-definition=1 managed-hook-catalog=1 managed-hook-input=15 managed-hook-messages=2 managed-hook-model-route=4 managed-hook-model-usage=4 managed-hook-plan=9 managed-hook-result=15 managed-hook_execution=45 managed-hook_registr
PASS  detach emits neither SessionEnd nor SessionDelete  -> detach=204 lifecycle=<none>
PASS  DELETE runs SessionEnd then SessionDelete, once each  -> delete=204 lifecycle:SessionEnd,lifecycle:SessionDelete
== RESULT s4-prompt-head13: 10 passed, 0 failed
=== ARM=head13 node s6-limits.mjs 00:09:02
NOTE  ws-t5 rig repair  -> null
PASS  ws-t5: 17 children recorded, 16 executed physically, the refused one has a bounded receipt  -> children=17 physical=16
PASS  fail-open: the operation succeeds and the Session accepts the next prompt  -> op=200 next=202
NOTE  ws-t5b rig repair  -> null
PASS  ws-t5b: 17 children recorded, 16 executed physically, the refused one has a bounded receipt  -> children=17 physical=16
PASS  fail-closed: the refused Hook makes the aggregate blocking; Session still usable  -> op=200 output={"continue":false,"decision":"block","reason":"Hook evaluation failed."} next=202 blocked=false
NOTE  ws-t9d rig repair  -> null
NOTE  individual 70 KB receipt: result  -> op=200 bytes=68 {"operationId":"b280b613-1e5b-4b0c-8451-2523bdef0754","output":null} children=settled plan=settled physical=1
PASS  individual 70 KB receipt: bounded result (no 60 KB+ payload returned) and the Session continues  -> resultBytes=68 next=turn_complete
PASS  individual 70 KB receipt: replaying the operation returns the saved result without re-running Hooks  -> replay=200 physical=1
NOTE  ws-t6b rig repair  -> null
NOTE  aggregate 8 x 10 KB: result  -> op=200 bytes=186 {"operationId":"b98c2558-687e-452d-9a7f-a44e31c819d7","output":{"continue":false,"decision":"block","reason":"Hook data exceeds the 60 KiB resource or 8 MiB control/transaction limit."}} children=settled,settled,settled,settled,settled,settled,settled,settled plan=settled physical=8
PASS  aggregate 8 x 10 KB: bounded result (no 60 KB+ payload returned) and the Session continues  -> resultBytes=186 next=turn_complete
PASS  aggregate 8 x 10 KB: replaying the operation returns the saved result without re-running Hooks  -> replay=200 physical=8
== RESULT s6-limits: 8 passed, 0 failed
=== ARM=head13 node s8-secrets.mjs 00:09:16
NOTE  rig repair  -> null
PASS  HTTP hook received the deployment header (credential lives only at the Runtime)  -> op=200 http=1 auth=Bearer RIG-SECRET-HEADER-7f3a
PASS  public catalog lists the 4 Hooks with display metadata only  -> 200 {"object":"agent.hook_catalog","session_id":"06011bad-7859-494b-9b26-6e814e675ddd","catalogs":[{"catalog_id":"cat-t7","catalog_revision":1,"hooks":[{"hook_id":"sec-http","event_name":"Notification","type":"http","sequential":false,"async":false,"fail_closed":false,"once":false},{"hook_id":"sec-fn","event_
PASS  public catalog contains none of the secrets / recipes / module paths  -> clean
NOTE  private GET /session/:id/hooks contains  -> none of the secrets
PASS  another actor cannot read the catalog  -> 404 {"error":{"code":"session_not_found","message":"The Session was not found.","request_id":"dfc55519-4207-4923-9554-dee56f
PASS  unauthenticated request is refused  -> 404
PASS  a Session without Hooks reports an empty catalog list  -> 200 {"object":"agent.hook_catalog","session_id":"805ec508-5f1c-4a19-b73b-b9354ebab437","catalogs":[]}
FAIL  no secret / recipe / module path appears anywhere in the MySQL database  -> RIG-PROMPT-TEXT-SENSITIVE
NOTE  prompt Hook text stored in the Store (design: Harness receives prompt definitions)  -> true
== RESULT s8-secrets: 6 passed, 1 failed
=== ARM=head13 node s10-baseline.mjs 00:09:18
PASS  ordinary Hosted tool turn completes  -> admit=202 terminal=turn_complete(end_turn) recoveryBlocked=false 785ms
PASS  ambient Legacy Hooks from host settings did not run  -> marker=false
NOTE  GET /session/:id/hooks  -> 409 {"error":"hosted_hooks_unavailable","code":"hosted_hooks_unavailable"}
NOTE  public hook-catalog  -> 200 {"object":"agent.hook_catalog","session_id":"ade07df9-5742-496a-bac7-3a8a75b30de9","catalogs":[]}
NOTE  model requests  -> 2
== RESULT s10-baseline-head13: 2 passed, 0 failed
=== ARM=head13 node s16-http-timeout.mjs 00:09:21
NOTE  server never replies, no cancel  -> request at 843 ms, idle at 15848 ms; terminal=<none> hook=recovery_blocked/"outcome_unknown" written=false recoveryBlocked=true next=admit=409 hosted_turn_recovery_required terminal=<none> recoveryBlocked=undefined 3ms httpRequests=1
NOTE  server never replies, no cancel: detach, then another Session (no Hooks) in the same Workspace  -> detach=503 other=admit=202 terminal=turn_error[{"sessionId":"3e470047-8c5c-467e-bcb0-bc1235263bc1","promptId":"b41b85c0-96a7-4090-878f-a173fa63fb3e","code":"hosted_turn_failed","message":"Hosted Harness turn failed."}] recoveryBlocked=false 520ms
NOTE  server never replies, user cancels  -> request at 727 ms, cancel at 2729 ms, idle at 15762 ms; terminal=<none> hook=recovery_blocked/"outcome_unknown" written=false recoveryBlocked=true next=admit=409 hosted_turn_recovery_required terminal=<none> recoveryBlocked=undefined 2ms httpRequests=1
NOTE  server never replies, user cancels: detach, then another Session (no Hooks) in the same Workspace  -> detach=503 other=admit=202 terminal=turn_error[{"sessionId":"4d4e475e-326e-4292-872d-25b2aec11aa7","promptId":"581a14db-5510-42a3-b82a-1d65188ef3a4","code":"hosted_turn_failed","message":"Hosted Harness turn failed."}] recoveryBlocked=false 418ms
NOTE  server replies after 5 s (control)  -> request at 616 ms, idle at 6084 ms; terminal=turn_complete(end_turn) hook=settled/"settled" written=true recoveryBlocked=false next=admit=202 terminal=turn_complete(end_turn) recoveryBlocked=false 226ms httpRequests=1
== RESULT s16-http-timeout-head13: 0 passed, 0 failed
=== SET=8 ARM=head13 node s17-cancel-window.mjs 00:10:01
PASS  (b) 2 calls, cancel during call 1 PreToolUse HTTP Hook (server answers after 4 s): turn cancelled, every call has a result, next turn runs  -> create=200 trigger=825ms cancel=204@1828ms idle@4965ms terminal=turn_complete(cancelled) recoveryBlocked=false calls=2 results=2 [result write_file: "Hook execution cancelled." | result write_file: "Hook execution cancelled."] preT
PASS  (b) 2 calls, cancel during call 1 PreToolUse HTTP Hook (server answers after 4 s): detach, load, another prompt, then a second Session (no Hooks) writes in the Workspace  -> detach=204 load=200 again=admit=202 terminal=turn_complete(end_turn) recoveryBlocked=false 227ms detach2=204 other=admit=202 terminal=turn_complete(end_turn) recoveryBlocked=false 741ms otherFile=true
PASS  (b) 2 calls, cancel during call 1 PreToolUse HTTP Hook (server answers after 4 s): a new Harness process cold-loads the Session from the Store and runs a turn  -> load=200 durable calls/results=2/2 next=admit=202 terminal=turn_complete(end_turn) recoveryBlocked=false 498ms
PASS  (b) 2 calls, cancel during call 1 PreToolUse function Hook (honours the abort): turn cancelled, every call has a result, next turn runs  -> create=200 trigger=610ms cancel=204@1610ms idle@1924ms terminal=turn_complete(cancelled) recoveryBlocked=false calls=2 results=2 [result write_file: "Hook execution cancelled." | result write_file: "Hook execution cancelled."] preTool
PASS  (b) 2 calls, cancel during call 1 PreToolUse function Hook (honours the abort): detach, load, another prompt, then a second Session (no Hooks) writes in the Workspace  -> detach=204 load=200 again=admit=202 terminal=turn_complete(end_turn) recoveryBlocked=false 222ms detach2=204 other=admit=202 terminal=turn_complete(end_turn) recoveryBlocked=false 632ms otherFile=true
PASS  (b) 2 calls, cancel during call 1 PreToolUse function Hook (honours the abort): a new Harness process cold-loads the Session from the Store and runs a turn  -> load=200 durable calls/results=2/2 next=admit=202 terminal=turn_complete(end_turn) recoveryBlocked=false 488ms
PASS  (b) 2 calls, cancel during call 1 PreToolUse function Hook (finishes 0.5 s later, inside the grace): turn cancelled, every call has a result, next turn runs  -> create=200 trigger=596ms cancel=204@797ms idle@1427ms terminal=turn_complete(cancelled) recoveryBlocked=false calls=2 results=2 [result write_file: "Hook execution cancelled." | result write_file: "Hook execution 
PASS  (b) 2 calls, cancel during call 1 PreToolUse function Hook (finishes 0.5 s later, inside the grace): detach, load, another prompt, then a second Session (no Hooks) writes in the Workspace  -> detach=204 load=200 again=admit=202 terminal=turn_complete(end_turn) recoveryBlocked=false 222ms detach2=204 other=admit=202 terminal=turn_complete(end_turn) recoveryBlocked=false 63
PASS  (b) 2 calls, cancel during call 1 PreToolUse function Hook (finishes 0.5 s later, inside the grace): a new Harness process cold-loads the Session from the Store and runs a turn  -> load=200 durable calls/results=2/2 next=admit=202 terminal=turn_complete(end_turn) recoveryBlocked=false 479ms
PASS  (a) cancel while the assistant tool-call commit is in flight, PreToolUse function Hook: turn cancelled, every call has a result, next turn runs  -> create=200 trigger=578ms cancel=204@1579ms idle@3745ms delayedStoreReply=200-reply-delayed terminal=turn_complete(cancelled) recoveryBlocked=false calls=1 results=1 [result write_file: "Hook execution cancelled."] preToolUse=[
PASS  (a) cancel while the assistant tool-call commit is in flight, PreToolUse function Hook: detach, load, another prompt, then a second Session (no Hooks) writes in the Workspace  -> detach=204 load=200 again=admit=202 terminal=turn_complete(end_turn) recoveryBlocked=false 335ms detach2=204 other=admit=202 terminal=turn_complete(end_turn) recoveryBlocked=false 632ms otherFile
PASS  (a) cancel while the assistant tool-call commit is in flight, PreToolUse function Hook: a new Harness process cold-loads the Session from the Store and runs a turn  -> load=200 durable calls/results=1/1 next=admit=202 terminal=turn_complete(end_turn) recoveryBlocked=false 480ms
PASS  (a) control: same timing, no Hooks: turn cancelled, every call has a result, next turn runs  -> create=200 trigger=456ms cancel=204@1458ms idle@3633ms delayedStoreReply=200-reply-delayed terminal=turn_complete(cancelled) recoveryBlocked=false calls=1 results=1 [result write_file: "Runtime tool cancelled."] preToolUse=[] hookRuns=0 filesWritten=0 next=admit=202 terminal=tu
PASS  (a) control: same timing, no Hooks: detach, load, another prompt, then a second Session (no Hooks) writes in the Workspace  -> detach=204 load=200 again=admit=202 terminal=turn_complete(end_turn) recoveryBlocked=false 224ms detach2=204 other=admit=202 terminal=turn_complete(end_turn) recoveryBlocked=false 633ms otherFile=true
PASS  (a) control: same timing, no Hooks: a new Harness process cold-loads the Session from the Store and runs a turn  -> load=200 durable calls/results=1/1 next=admit=202 terminal=turn_complete(end_turn) recoveryBlocked=false 345ms
== RESULT s17-cancel-window-head13: 15 passed, 0 failed
=== SET=a ARM=head13 node s18-refusal-recovery.mjs 00:10:38
PASS  one tool call: refused before effect; before the explicit cancel the Session stays blocked  -> turn=admit=202 terminal=<none> recoveryBlocked=true 581ms record=recovery_blocked/"not_started_proven" nextBeforeCancel=409 hosted_turn_recovery_required
PASS  one tool call: after the cancel every call has a refusal, the turn settles and the next turn runs  -> cancel=200 cancelled not_started_proven results=1/1 [result write_file: "The turn was cancelled before this tool call ran."] terminal=turn_complete(cancelled) next=admit=202 terminal=turn_complete(end_turn) recoveryBlocked=false 218ms
PASS  one tool call: detach, load, another prompt; a second Session (no Hooks) writes in the Workspace  -> detach=204 load=200 again=admit=202 terminal=turn_complete(end_turn) recoveryBlocked=false 223ms results=1/1 other=admit=202 terminal=turn_complete(end_turn) recoveryBlocked=false 636ms otherFile=true
PASS  one tool call: a new Harness process cold-loads the Session; durable results unchanged; a turn runs  -> load=200 durable calls/results=1/1 terminal=turn_complete(cancelled) next=admit=202 terminal=turn_complete(end_turn) recoveryBlocked=false 479ms filesWritten=0
PASS  two tool calls: refused before effect; before the explicit cancel the Session stays blocked  -> turn=admit=202 terminal=<none> recoveryBlocked=true 319ms record=recovery_blocked/"not_started_proven" nextBeforeCancel=409 hosted_turn_recovery_required
PASS  two tool calls: after the cancel every call has a refusal, the turn settles and the next turn runs  -> cancel=200 cancelled not_started_proven results=2/2 [result write_file: "The turn was cancelled before this tool call ran." | result write_file: "The turn was cancelled before this tool call ran."] terminal=turn_complete(cancelled) next=admit=202 terminal=turn_complete(e
PASS  two tool calls: detach, load, another prompt; a second Session (no Hooks) writes in the Workspace  -> detach=204 load=200 again=admit=202 terminal=turn_complete(end_turn) recoveryBlocked=false 224ms results=2/2 other=admit=202 terminal=turn_complete(end_turn) recoveryBlocked=false 738ms otherFile=true
PASS  two tool calls: a new Harness process cold-loads the Session; durable results unchanged; a turn runs  -> load=200 durable calls/results=2/2 terminal=turn_complete(cancelled) next=admit=202 terminal=turn_complete(end_turn) recoveryBlocked=false 493ms filesWritten=0
PASS  two tool calls; recovery write committed but its reply dropped 3 times: refused before effect; before the explicit cancel the Session stays blocked  -> turn=admit=202 terminal=<none> recoveryBlocked=true 641ms record=recovery_blocked/"not_started_proven" nextBeforeCancel=409 hosted_turn_recovery_required
NOTE  two tool calls; recovery write committed but its reply dropped 3 times: in the same Harness after the failed write  -> cancel=409 hosted_hook_recovery_required faultedWrites=3 results=0/2 next=409 hosted_turn_recovery_required | status-read retry=409 hosted_hook_recovery_required results=0/2 next=409 hosted_turn_recovery_required | detach=503 load=- next=-
PASS  two tool calls; recovery write committed but its reply dropped 3 times: barrier held; after Harness replacement the load recovers with exactly one result per call  -> load=200 after 61s durable calls/results=2/2 [result write_file: "The turn was cancelled before this tool call ran." | result write_file: "The turn was cancelled before this tool call ran."] terminal=turn_co
PASS  two tool calls; recovery write committed but its reply dropped 3 times: a second Session (no Hooks) writes in the Workspace  -> admit=202 terminal=turn_complete(end_turn) recoveryBlocked=false 630ms
PASS  two tool calls; recovery write answered 503 three times: refused before effect; before the explicit cancel the Session stays blocked  -> turn=admit=202 terminal=<none> recoveryBlocked=true 638ms record=recovery_blocked/"not_started_proven" nextBeforeCancel=409 hosted_turn_recovery_required
NOTE  two tool calls; recovery write answered 503 three times: in the same Harness after the failed write  -> cancel=409 hosted_hook_recovery_required faultedWrites=3 results=0/2 next=409 hosted_turn_recovery_required | status-read retry=409 hosted_hook_recovery_required results=0/2 next=409 hosted_turn_recovery_required | detach=503 load=- next=-
PASS  two tool calls; recovery write answered 503 three times: barrier held; after Harness replacement the load recovers with exactly one result per call  -> load=200 after 61s durable calls/results=2/2 [result write_file: "The turn was cancelled before this tool call ran." | result write_file: "The turn was cancelled before this tool call ran."] terminal=turn_complete(cancelle
PASS  two tool calls; recovery write answered 503 three times: a second Session (no Hooks) writes in the Workspace  -> admit=202 terminal=turn_complete(end_turn) recoveryBlocked=false 632ms
PASS  two tool calls; cancel, 2 status reads and a prompt fired concurrently: refused before effect; before the explicit cancel the Session stays blocked  -> turn=admit=202 terminal=<none> recoveryBlocked=true 417ms record=recovery_blocked/"not_started_proven" nextBeforeCancel=409 hosted_turn_recovery_required
PASS  two tool calls; cancel, 2 status reads and a prompt fired concurrently: after the cancel every call has a refusal, the turn settles and the next turn runs  -> cancel=200 cancelled not_started_proven race: status=200/200 prompt=409 hosted_turn_recovery_required results=2/2 [result write_file: "The turn was cancelled before this tool call ran." | result write_file: "The tur
PASS  two tool calls; cancel, 2 status reads and a prompt fired concurrently: detach, load, another prompt; a second Session (no Hooks) writes in the Workspace  -> detach=204 load=200 again=admit=202 terminal=turn_complete(end_turn) recoveryBlocked=false 222ms results=2/2 other=admit=202 terminal=turn_complete(end_turn) recoveryBlocked=false 633ms otherFile=true
PASS  two tool calls; cancel, 2 status reads and a prompt fired concurrently: a new Harness process cold-loads the Session; durable results unchanged; a turn runs  -> load=200 durable calls/results=2/2 terminal=turn_complete(cancelled) next=admit=202 terminal=turn_complete(end_turn) recoveryBlocked=false 478ms filesWritten=0
== RESULT s18-refusal-recovery-head13-a: 18 passed, 0 failed
=== ARM=head13 node s23-owner-diagnostics.mjs 00:13:03
PASS  E1 HTTP Hook URL with an allowed env var (http://…/${RIG_HOOK_PATH})  -> create=200 turn=admit=202 terminal=turn_complete(end_turn) recoveryBlocked=false 894ms hook=settled/"settled" hookRuns=1 paths=["/ok-env"] fileWritten=true status.recoveryBlocked=false
PASS  I1 Hook Session in Workspace "_lead-ws"  -> create=200 turn=admit=202 terminal=turn_complete(end_turn) recoveryBlocked=false 739ms hook=settled/"settled" hookRuns=1 fileWritten=true status.recoveryBlocked=false
PASS  I2 hookId ".dot-pre"  -> create=200 turn=admit=202 terminal=turn_complete(end_turn) recoveryBlocked=false 737ms hook=settled/"settled" hookRuns=1 fileWritten=true status.recoveryBlocked=false
== RESULT s23-owner-diagnostics-head13: 3 passed, 0 failed
=== ARM=head13 node s22-merge-policy.mjs 00:13:08
PASS  A no Hooks: model text streams as durable deltas  -> turn=admit=202 terminal=turn_complete(end_turn) recoveryBlocked=false 334ms durable assistant text="DRAFT-ONE" client chunks="DRAFT-ONE" message.delta commits=1 delta==DRAFT-ONE:true delta==FINAL-TWO:false
PASS  A UserPromptSubmit Hook only (no output policy): model text streams as durable deltas  -> turn=admit=202 terminal=turn_complete(end_turn) recoveryBlocked=false 419ms durable assistant text="DRAFT-ONE" client chunks="DRAFT-ONE" message.delta commits=1 delta==DRAFT-ONE:true delta==FINAL-TWO:false
PASS  A Stop Hook blocks the first draft once: no durable delta of a draft before the Hook decision  -> turn=admit=202 terminal=turn_complete(end_turn) recoveryBlocked=false 623ms durable assistant text="FINAL-TWO" client chunks="FINAL-TWO" message.delta commits=0 delta==DRAFT-ONE:false delta==FINAL-TWO:false
PASS  A Stop Hook allows: no durable delta of a draft before the Hook decision  -> turn=admit=202 terminal=turn_complete(end_turn) recoveryBlocked=false 421ms durable assistant text="DRAFT-ONE" client chunks="DRAFT-ONE" message.delta commits=0 delta==DRAFT-ONE:false delta==FINAL-TWO:false
PASS  A MessageDisplay Hook: no durable delta of a draft before the Hook decision  -> turn=admit=202 terminal=turn_complete(end_turn) recoveryBlocked=false 417ms durable assistant text="DRAFT-ONE" client chunks="DRAFT-ONE" message.delta commits=0 delta==DRAFT-ONE:false delta==FINAL-TWO:false
NOTE  B0 no-Hook Session: Runtime-only continue / cancel with an empty body  -> continue=400 invalid_managed_runtime_recovery cancel=400 invalid_managed_runtime_recovery
PASS  B load with driveRuntimeRecovery: Hook Session after a Harness SIGKILL mid-PreToolUse; Runtime-only routes refuse without touching records  -> load attempts=[503 managed_session_open_failed, 503 managed_session_open_failed, 503 managed_session_open_failed, 503 managed_session_open_failed, 503 managed_session_open_failed, 503 managed_session_open_failed, 200 recoveryRequir
PASS  B load with passiveManagedRuntimeRecovery: Hook Session after a Harness SIGKILL mid-PreToolUse; Runtime-only routes refuse without touching records  -> load attempts=[503 managed_session_open_failed, 503 managed_session_open_failed, 503 managed_session_open_failed, 503 managed_session_open_failed, 503 managed_session_open_failed, 503 managed_session_open_failed, 200 recov
PASS  B plain load (control): Hook Session after a Harness SIGKILL mid-PreToolUse; Runtime-only routes refuse without touching records  -> load attempts=[503 managed_session_open_failed, 503 managed_session_open_failed, 503 managed_session_open_failed, 503 managed_session_open_failed, 503 managed_session_open_failed, 503 managed_session_open_failed, 200 recoveryRequired] after 
== RESULT s22-merge-policy-head13: 8 passed, 0 failed
=== ALL-DONE 00:16:24
