[SECTION] D v1
[PASS] D-v1.1 release cleans up an unreserved preparation without effect :: ok true
[PASS] D-v1.2 a released Session refuses a late reservation :: 404 runtime_session_not_found
[PASS] D-v1.3 release with an uncancelled durable reservation is refused; Session stays READY :: refused status=409 code=runtime_session_busy BrokerResponseError: Managed Runtime Broker returned HTTP 409.
[PASS] D-v1.4 cancel before start settles cancelled with no effect and no execute on the wire :: ok {"state":"settled","cancelRequested":true,"lastSeq":0,"firstAvailableSeq":0,"progressGap":false,"progress":[],"result":{"executionStatus":"cancelled"}} wire=/provider/v1/control[cancel] -> 200,/provider/v1/control[status] -> 200
[PASS] D-v1.5 start after cancel never executes :: ok {"executionStatus":"cancelled"}
[PASS] D-v1.6 release succeeds after the cancel :: ok true
[PASS] D-v1.7 release during running work is refused; Session stays READY :: refused status=409 code=runtime_session_busy BrokerResponseError: Managed Runtime Broker returned HTTP 409.
[PASS] D-v1.8 cancel of running work settles cancelled well before the command would finish :: cancel=ok {"state":"cancel_requested","cancelRequested":true,"lastSeq":0,"firstAvailableSeq":0,"p result=cancelled 36ms
[PASS] D-v1.9 release succeeds once the work settled :: ok true
[PASS] D-v1.10 the cancelled command left no late effect
[PASS] D-v1.11 release is idempotent (provider and Broker) :: ok true raw=200
[PASS] D-v1.12 a released Runtime Session admits no new acquire or control :: acquire=refused status=409 code=runtime_session_not_acquirable BrokerResponseError: Managed Runtime Broker returned HTTP 409. control=404 runtime_session_not_found
[PASS] D-v1.13 evidence of the cancelled execution is preserved
[D-v1] Broker HTTP observation after release: 404 runtime_session_not_found
[PASS] D-v1.14 another Harness Session / turn kind cannot acquire, control or release it :: 409 runtime_session_conflict | 409 runtime_session_conflict | 409 runtime_session_conflict | 409 runtime_session_conflict
[D-v1] release ok true
[SECTION] D v2
[PASS] D-v2.1 release cleans up an unreserved preparation without effect :: ok true
[PASS] D-v2.2 a released Session refuses a late reservation :: 404 runtime_session_not_found
[PASS] D-v2.3 release with an uncancelled durable reservation is refused; Session stays READY :: refused status=409 code=runtime_session_busy BrokerResponseError: Managed Runtime Broker returned HTTP 409.
[PASS] D-v2.4 cancel before start settles cancelled with no effect and no execute on the wire :: ok {"state":"settled","cancelRequested":true,"lastSeq":0,"firstAvailableSeq":0,"progressGap":false,"progress":[],"result":{"executionStatus":"cancelled"}} wire=/provider/v1/control[cancel] -> 200,/provider/v1/control[status] -> 200
[PASS] D-v2.5 start after cancel never executes :: ok {"executionStatus":"cancelled"}
[PASS] D-v2.6 release succeeds after the cancel :: ok true
[PASS] D-v2.7 release during running work is refused; Session stays READY :: refused status=409 code=runtime_session_busy BrokerResponseError: Managed Runtime Broker returned HTTP 409.
[PASS] D-v2.8 cancel of running work settles cancelled well before the command would finish :: cancel=ok {"state":"cancel_requested","cancelRequested":true,"lastSeq":0,"firstAvailableSeq":0,"p result=cancelled 33ms
[PASS] D-v2.9 release succeeds once the work settled :: ok true
[PASS] D-v2.10 the cancelled command left no late effect
[PASS] D-v2.11 release is idempotent (provider and Broker) :: ok true raw=200
[PASS] D-v2.12 a released Runtime Session admits no new acquire or control :: acquire=refused status=409 code=runtime_session_not_acquirable BrokerResponseError: Managed Runtime Broker returned HTTP 409. control=404 runtime_session_not_found
[PASS] D-v2.13 evidence of the cancelled execution is preserved
[D-v2] Broker HTTP observation after release: 404 runtime_session_not_found
[FAIL] D-v2.14 another Harness Session / turn kind cannot acquire, control or release it :: 503 runtime_scope_resolution_failed | 409 runtime_session_conflict | 409 runtime_session_conflict | 409 runtime_session_conflict
[D-v2] release ok true
[SUMMARY] 27/28 checks passed — failed: D-v2.14
