[SHELL_1] admit=202 terminal=turn_complete(end_turn) recoveryBlocked=false 978ms
[SHELL_1 broker] POST /runtimes:warm -> 200
[SHELL_1 broker] POST /tool-sessions:acquire -> 200
[SHELL_1 broker] POST /tool-sessions/1e966d59:publisher -> 200
[SHELL_1 broker] POST /executions:prepare -> 200 state=prepared
[SHELL_1 broker] POST /executions/b1f6a406:start -> 200 state=executing
[SHELL_1 broker] GET /executions/b1f6a406 -> 200 state=executing
[SHELL_1 broker] GET /executions/b1f6a406 -> 200 state=executing
[SHELL_1 broker] GET /executions/b1f6a406 -> 200 state=executing
[SHELL_1 broker] GET /executions/b1f6a406 -> 200 state=settled
[SHELL_1 broker] POST /executions/b1f6a406:acknowledge -> 200 state=settled
[SHELL_1 broker] POST /tool-sessions/1e966d59:release -> 200
[reload] detach + load -> 200
[SHELL_2] admit=202 terminal=turn_complete(end_turn) recoveryBlocked=false 576ms
[SHELL_2 broker] POST /runtimes:warm -> 200
[SHELL_2 broker] POST /tool-sessions:acquire -> 200
[SHELL_2 broker] POST /tool-sessions/80d86e49:publisher -> 200
[SHELL_2 broker] POST /executions:prepare -> 200 state=prepared
[SHELL_2 broker] POST /executions/78ce08b2:start -> 200 state=executing
[SHELL_2 broker] GET /executions/78ce08b2 -> 200 state=executing
[SHELL_2 broker] GET /executions/78ce08b2 -> 200 state=executing
[SHELL_2 broker] GET /executions/78ce08b2 -> 200 state=settled
[SHELL_2 broker] POST /executions/78ce08b2:acknowledge -> 200 state=settled
[SHELL_2 broker] POST /tool-sessions/80d86e49:release -> 200
[harness] []
[fs] trace.txt="shell-1\nshell-2\n"
