[session] {"sessionId":"c945cd09-c37f-4628-949b-af8a536165e7","capabilities":{"items":true,"snapshots":true,"artifacts":false,"resync":true,"session_lifecycle":true,"tasks":true,"actions":false,"session_close":true,"session_archive":true,"session_unarchive":true,"session_delete":true}}
[resources] {"cmd1":"managed-tool-args/c7653cc1-6e6","cmd2":"managed-tool-args/dcb409d6-fb1","cmd3":"managed-tool-args/7d3dcee5-9d7","receipt1":"managed-runtime-receipt/1bd65a4b-496","receipt2":"managed-runtime-receipt/19c741b4-884","receipt3":"managed-runtime-receipt/45975bba-724","receipt3b":"managed-runtime-receipt/842261ed-7ea","manifest1":"managed-tool-result-manifest/ea25e5b0-b60","manifest2":"managed-tool-result-manifest/b2f3dfa3-269"}
[commit] {"id":"shell-1","label":"admit","rev":1,"ts":"background_shell pending/unbound","java":"background_shell pending/unbound rev1","same":true}
[commit] {"id":"shell-1","label":"dispatch","rev":2,"ts":"background_shell running/provisioning","java":"background_shell running/provisioning rev2","same":true}
[commit] {"id":"shell-1","label":"attach","rev":3,"ts":"background_shell waiting/ready","java":"background_shell waiting/ready rev3","same":true}
[commit] {"id":"shell-1","label":"output","rev":4,"ts":"background_shell running/ready","java":"background_shell running/ready rev4","same":true}
[commit] {"id":"shell-1","label":"output2","rev":5,"ts":"background_shell waiting/ready","java":"background_shell waiting/ready rev5","same":true}
[commit] {"id":"shell-1","label":"exit","rev":6,"ts":"background_shell completed/null","java":"background_shell completed/null rev6","same":true}
[refused] {"id":"shell-1","label":"reopen-settled","error":"ManagedSessionConflictError: child_run record shell-1 cannot follow its revision 6.","unchanged":true}
[commit] {"id":"shell-2","label":"admit","rev":1,"ts":"background_shell pending/unbound","java":"background_shell pending/unbound rev1","same":true}
[refused] {"id":"shell-2","label":"skip-dispatch","error":"ManagedSessionConflictError: child_run record shell-2 cannot follow its revision 1.","unchanged":true}
[commit] {"id":"shell-2","label":"dispatch","rev":2,"ts":"background_shell running/provisioning","java":"background_shell running/provisioning rev2","same":true}
[commit] {"id":"shell-2","label":"attach","rev":3,"ts":"background_shell running/ready","java":"background_shell running/ready rev3","same":true}
[commit] {"id":"shell-2","label":"stop","rev":4,"ts":"background_shell cancelled/null","java":"background_shell cancelled/null rev4","same":true}
[commit] {"id":"shell-3","label":"admit","rev":1,"ts":"background_shell pending/unbound","java":"background_shell pending/unbound rev1","same":true}
[commit] {"id":"shell-3","label":"dispatch","rev":2,"ts":"background_shell running/provisioning","java":"background_shell running/provisioning rev2","same":true}
[commit] {"id":"shell-3","label":"attach","rev":3,"ts":"background_shell running/ready","java":"background_shell running/ready rev3","same":true}
[commit] {"id":"shell-3","label":"runtime-lost","rev":4,"ts":"background_shell recovery_blocked/lost","java":"background_shell recovery_blocked/lost rev4","same":true}
[refused] {"id":"shell-3","label":"reattach-same-receipt","error":"ManagedSessionConflictError: child_run record shell-3 cannot follow its revision 4.","unchanged":true}
[commit] {"id":"shell-3","label":"reattach-new-receipt","rev":5,"ts":"background_shell degraded/ready","java":"background_shell degraded/ready rev5","same":true}
[public tasks] {"status":200,"tasks":["background_shell degraded/ready task_9ba68cbc","background_shell cancelled/- task_baf71d27","background_shell completed/- task_5d611cf0"]}
[public == authority] true
[task detail] {"status":200,"body":{"id":"task_9ba68cbca4ff5cfc68b5f0d41027d7d755fce0cc913708e93a6755f50fe449f6","object":"agent.task","session_id":"c945cd09-c37f-4628-949b-af8a536165e7","kind":"background_shell","state":"degraded","runtime_state":"ready","created_at":1791031517049,"started_at":1791031517309,"artifact_refs":[],"action_capabilities":[]}}
[task detail] {"status":200,"body":{"id":"task_baf71d27e32f4e97f27920dbcf106d60673374e9a534f976115140b689272165","object":"agent.task","session_id":"c945cd09-c37f-4628-949b-af8a536165e7","kind":"background_shell","state":"cancelled","created_at":1791031515721,"started_at":1791031516254,"settled_at":1791031516775,"artifact_refs":[],"action_capabilities":[]}}
[task detail] {"status":200,"body":{"id":"task_5d611cf0c213aae34501ca54a4334eb53c4faad1a992f713df1fd4fd8a218952","object":"agent.task","session_id":"c945cd09-c37f-4628-949b-af8a536165e7","kind":"background_shell","state":"completed","created_at":1791031513278,"started_at":1791031513654,"settled_at":1791031515107,"artifact_refs":[],"action_capabilities":[]}}
[task.updated events] ["2::pending","3::running","4::waiting","5::running","6::waiting","7::completed","8::pending","9::running","10::running","11::cancelled","12::pending","13::running","14::running","15::recovery_blocked","16::degraded"]
[cold reopen by writer-b] {"equal":true,"views":["background_shell degraded/ready","background_shell cancelled/null","background_shell completed/null"]}
[RESULT] {"mismatches":0,"commits":15,"reattachSameReceipt":false,"reattachNewReceipt":true,"publicEqualsTs":true,"taskUpdated":15,"coldReopenEqual":true,"sessionId":"c945cd09-c37f-4628-949b-af8a536165e7"}
