   3039 P1 LEGACY held attest; binding id=adf8f6da-38de-4ba8-b7b3-9b5756e3c601 gen=1 state=PROVISIONING lease=null lossEvidence=null stopEvidence=null
   4755 P1 LEGACY broker SIGKILL, worker SIGKILL pid=160 stat=absent
   8071 P1 LEGACY attempt 1 warm -> ok=false status=409 code=runtime_broker_recovery_blocked retryable=false in 421 ms
   8120 P1 LEGACY   binding id=adf8f6da-38de-4ba8-b7b3-9b5756e3c601 gen=1 state=RECOVERY_BLOCKED lease=null lossEvidence=null stopEvidence=null newWorkers=0
   8318 P1 LEGACY attempt 2 warm -> ok=false status=409 code=runtime_broker_resource_conflict retryable=false in 197 ms
   8372 P1 LEGACY   binding id=adf8f6da-38de-4ba8-b7b3-9b5756e3c601 gen=1 state=RECOVERY_BLOCKED lease=null lossEvidence=null stopEvidence=null newWorkers=0
   8514 P1 LEGACY attempt 3 warm -> ok=false status=409 code=runtime_broker_resource_conflict retryable=false in 141 ms
   8547 P1 LEGACY   binding id=adf8f6da-38de-4ba8-b7b3-9b5756e3c601 gen=1 state=RECOVERY_BLOCKED lease=null lossEvidence=null stopEvidence=null newWorkers=0
   8752 P1 LEGACY attempt 4 warm -> ok=false status=409 code=runtime_broker_resource_conflict retryable=false in 204 ms
   8788 P1 LEGACY   binding id=adf8f6da-38de-4ba8-b7b3-9b5756e3c601 gen=1 state=RECOVERY_BLOCKED lease=null lossEvidence=null stopEvidence=null newWorkers=0
   8789 P1 LEGACY durable dir mode=rwx------
   8793 P1 LEGACY   cb909c3541ac….json mode=rw------- size=445
   8794 P1 LEGACY     state=RETIRED pid=160 started=ticks:20345529 endpoint=
   8795 P1 LEGACY     handle={"resourceId":"cb909c3541ac7fddacf55d8abc8db46fb46b0a5a8d7f426cfe584a526b4a6141","hostId":"6a7c4b8a14b0d66d11808bc2e4892b13","bootId":"08fabd5c-2347-4e29-a451-bff6bedd9aac","pidNamespace":"pid:[4026532779]","timeNamespace":"time:[4026532839]","identityDigest":"d7c09b9e34c05b0f89f205b4c1266a09d87c8fe1241d0e4e3b45e3d86a9159a2"}
   8796 P1 LEGACY   cb909c3541ac….lock mode=rw------- size=0
   8796 P1 LEGACY   cb909c3541ac….ready mode=rw------- size=240
  10206 P1 MANAGED held attest; binding id=40e10faa-a7ac-44a0-8582-7f48cf77549e gen=1 state=PROVISIONING lease=null lossEvidence=null stopEvidence=null
  11879 P1 MANAGED broker SIGKILL, worker SIGKILL pid=349 stat=absent
  15046 P1 MANAGED attempt 1 warm -> ok=false status=409 code=runtime_broker_recovery_blocked retryable=false in 297 ms
  15068 P1 MANAGED   binding id=40e10faa-a7ac-44a0-8582-7f48cf77549e gen=1 state=RECOVERY_BLOCKED lease=null lossEvidence=null stopEvidence=null newWorkers=0
  15273 P1 MANAGED attempt 2 warm -> ok=false status=409 code=runtime_broker_resource_conflict retryable=false in 203 ms
  15296 P1 MANAGED   binding id=40e10faa-a7ac-44a0-8582-7f48cf77549e gen=1 state=RECOVERY_BLOCKED lease=null lossEvidence=null stopEvidence=null newWorkers=0
  15415 P1 MANAGED attempt 3 warm -> ok=false status=409 code=runtime_broker_resource_conflict retryable=false in 117 ms
  15439 P1 MANAGED   binding id=40e10faa-a7ac-44a0-8582-7f48cf77549e gen=1 state=RECOVERY_BLOCKED lease=null lossEvidence=null stopEvidence=null newWorkers=0
  15558 P1 MANAGED attempt 4 warm -> ok=false status=409 code=runtime_broker_resource_conflict retryable=false in 117 ms
  15580 P1 MANAGED   binding id=40e10faa-a7ac-44a0-8582-7f48cf77549e gen=1 state=RECOVERY_BLOCKED lease=null lossEvidence=null stopEvidence=null newWorkers=0
  15580 P1 MANAGED durable dir mode=rwx------
  15581 P1 MANAGED   4f60bcfecd92….json mode=rw------- size=445
  15581 P1 MANAGED     state=RETIRED pid=349 started=ticks:20346274 endpoint=
  15582 P1 MANAGED     handle={"resourceId":"4f60bcfecd9257b5e63a3a5cdf52bbb2b6908c650e87aeea0deb529a4d406580","hostId":"6a7c4b8a14b0d66d11808bc2e4892b13","bootId":"08fabd5c-2347-4e29-a451-bff6bedd9aac","pidNamespace":"pid:[4026532779]","timeNamespace":"time:[4026532839]","identityDigest":"73bb596dfe54261feccf0f02281fe7d2607b67d7837015cb4f3c418e735310c1"}
  15582 P1 MANAGED   4f60bcfecd92….lock mode=rw------- size=0
  15582 P1 MANAGED   4f60bcfecd92….ready mode=rw------- size=277
  17961 Z2 LEGACY adopt warm -> ok=true status=0 code=null retryable=false in 373 ms
  18568 Z2 LEGACY adopted worker SIGKILL pid=535 stat=absent
  18702 Z2 LEGACY attempt 1 warm -> ok=false status=503 code=runtime_provision_failed retryable=true in 132 ms
  18721 Z2 LEGACY   binding id=7a0387de-06d5-4695-b691-447f18ac9392 gen=1 state=LOST lease=http://127.0.0.1:35921/ lossEvidence=null stopEvidence=null newWorkers=0
  18915 Z2 LEGACY attempt 2 warm -> ok=false status=503 code=runtime_broker_runtime_lost retryable=true in 192 ms
  18939 Z2 LEGACY   binding id=7a0387de-06d5-4695-b691-447f18ac9392 gen=1 state=LOST lease=http://127.0.0.1:35921/ lossEvidence=JOURNAL_LOST stopEvidence=null newWorkers=0
  19128 Z2 LEGACY attempt 3 warm -> ok=false status=503 code=runtime_broker_runtime_lost retryable=true in 188 ms
  19147 Z2 LEGACY   binding id=7a0387de-06d5-4695-b691-447f18ac9392 gen=1 state=LOST lease=http://127.0.0.1:35921/ lossEvidence=JOURNAL_LOST stopEvidence=null newWorkers=0
  21291 Z2 MANAGED adopt warm -> ok=true status=0 code=null retryable=false in 338 ms
  21897 Z2 MANAGED adopted worker SIGKILL pid=766 stat=absent
  22029 Z2 MANAGED attempt 1 warm -> ok=false status=503 code=runtime_provision_failed retryable=true in 129 ms
  22046 Z2 MANAGED   binding id=85f34cbf-9127-433c-a264-dc533f527fdd gen=1 state=LOST lease=http://127.0.0.1:43829/ lossEvidence=null stopEvidence=null newWorkers=0
  22207 Z2 MANAGED attempt 2 warm -> ok=false status=503 code=runtime_broker_runtime_lost retryable=true in 160 ms
  22226 Z2 MANAGED   binding id=85f34cbf-9127-433c-a264-dc533f527fdd gen=1 state=LOST lease=http://127.0.0.1:43829/ lossEvidence=JOURNAL_LOST stopEvidence=null newWorkers=0
  22411 Z2 MANAGED attempt 3 warm -> ok=false status=503 code=runtime_broker_runtime_lost retryable=true in 184 ms
  22432 Z2 MANAGED   binding id=85f34cbf-9127-433c-a264-dc533f527fdd gen=1 state=LOST lease=http://127.0.0.1:43829/ lossEvidence=JOURNAL_LOST stopEvidence=null newWorkers=0
  24743 T1 LEGACY adopt warm -> ok=true status=0 code=null retryable=false in 404 ms
  24760 T1 LEGACY   binding id=1923451d-8314-41b4-b899-d1b2ec317f1c gen=1 state=READY lease=http://127.0.0.1:38535/ lossEvidence=null stopEvidence=null
  24793 T1 LEGACY confirm with attest RESET warm -> ok=false status=503 code=managed_runtime_unavailable retryable=true in 31 ms
  24809 T1 LEGACY   binding id=1923451d-8314-41b4-b899-d1b2ec317f1c gen=1 state=READY lease=http://127.0.0.1:38535/ lossEvidence=null stopEvidence=null workerAlive=true
  24852 T1 LEGACY next warm warm -> ok=true status=0 code=null retryable=false in 41 ms
  24871 T1 LEGACY   binding id=1923451d-8314-41b4-b899-d1b2ec317f1c gen=1 state=READY lease=http://127.0.0.1:38535/ lossEvidence=null stopEvidence=null workerAlive=true newWorkers=0
  27199 T1 MANAGED adopt warm -> ok=true status=0 code=null retryable=false in 397 ms
  27219 T1 MANAGED   binding id=76dbbe0d-cc07-4179-9fb1-fff46fc5a7f2 gen=1 state=READY lease=http://127.0.0.1:36551/ lossEvidence=null stopEvidence=null
  27263 T1 MANAGED confirm with attest RESET warm -> ok=false status=503 code=managed_runtime_unavailable retryable=true in 43 ms
  27294 T1 MANAGED   binding id=76dbbe0d-cc07-4179-9fb1-fff46fc5a7f2 gen=1 state=READY lease=http://127.0.0.1:36551/ lossEvidence=null stopEvidence=null workerAlive=true
  27329 T1 MANAGED next warm warm -> ok=true status=0 code=null retryable=false in 33 ms
  27353 T1 MANAGED   binding id=76dbbe0d-cc07-4179-9fb1-fff46fc5a7f2 gen=1 state=READY lease=http://127.0.0.1:36551/ lossEvidence=null stopEvidence=null workerAlive=true newWorkers=0
  29029 P1b LEGACY first warm -> status=503 code=managed_runtime_unavailable retryable=true
  29044 P1b LEGACY   binding id=0981194e-cc18-4af3-9922-a2503bf21bc9 gen=1 state=PROVISIONING lease=null lossEvidence=null stopEvidence=null
  29182 P1b LEGACY attempt 2 warm -> ok=false status=409 code=runtime_broker_recovery_blocked retryable=false in 137 ms
  29196 P1b LEGACY   binding id=0981194e-cc18-4af3-9922-a2503bf21bc9 gen=1 state=RECOVERY_BLOCKED lease=null lossEvidence=null stopEvidence=null liveWorkers=0
  29306 P1b LEGACY attempt 3 warm -> ok=false status=409 code=runtime_broker_resource_conflict retryable=false in 108 ms
  29323 P1b LEGACY   binding id=0981194e-cc18-4af3-9922-a2503bf21bc9 gen=1 state=RECOVERY_BLOCKED lease=null lossEvidence=null stopEvidence=null liveWorkers=0
  29402 P1b LEGACY attempt 4 warm -> ok=false status=409 code=runtime_broker_resource_conflict retryable=false in 78 ms
  29420 P1b LEGACY   binding id=0981194e-cc18-4af3-9922-a2503bf21bc9 gen=1 state=RECOVERY_BLOCKED lease=null lossEvidence=null stopEvidence=null liveWorkers=0
  31159 P1b MANAGED first warm -> status=409 code=runtime_broker_recovery_blocked retryable=false
  31168 P1b MANAGED   binding id=bbd121f6-32b7-435a-92b3-96480f9feb67 gen=1 state=RECOVERY_BLOCKED lease=null lossEvidence=null stopEvidence=null
  31277 P1b MANAGED attempt 2 warm -> ok=false status=409 code=runtime_broker_resource_conflict retryable=false in 108 ms
  31300 P1b MANAGED   binding id=bbd121f6-32b7-435a-92b3-96480f9feb67 gen=1 state=RECOVERY_BLOCKED lease=null lossEvidence=null stopEvidence=null liveWorkers=0
  31396 P1b MANAGED attempt 3 warm -> ok=false status=409 code=runtime_broker_resource_conflict retryable=false in 93 ms
  31412 P1b MANAGED   binding id=bbd121f6-32b7-435a-92b3-96480f9feb67 gen=1 state=RECOVERY_BLOCKED lease=null lossEvidence=null stopEvidence=null liveWorkers=0
  31518 P1b MANAGED attempt 4 warm -> ok=false status=409 code=runtime_broker_resource_conflict retryable=false in 103 ms
  31532 P1b MANAGED   binding id=bbd121f6-32b7-435a-92b3-96480f9feb67 gen=1 state=RECOVERY_BLOCKED lease=null lossEvidence=null stopEvidence=null liveWorkers=0
