   2915 P3b LEGACY durable spawn-failure attempt 1 warm -> ok=false status=409 code=runtime_broker_recovery_blocked retryable=false in 472 ms
   3011 P3b LEGACY durable   binding id=0c6bfa3c-8aa5-40b6-9fc9-077b7ed197fb gen=1 state=RECOVERY_BLOCKED lease=null lossEvidence=null stopEvidence=null
   3013 P3b LEGACY durable after spawn failure durable dir mode=rwx------
   3016 P3b LEGACY durable after spawn failure   336a1c5656d6….json mode=rw------- size=431
   3020 P3b LEGACY durable after spawn failure     state=LAUNCHING pid=0 started= endpoint=
   3021 P3b LEGACY durable after spawn failure     handle={"resourceId":"336a1c5656d6231c6833424d6c633294a8d137f86992557e6591a3a11abc8cad","hostId":"6a7c4b8a14b0d66d11808bc2e4892b13","bootId":"08fabd5c-2347-4e29-a451-bff6bedd9aac","pidNamespace":"pid:[4026532779]","timeNamespace":"time:[4026532839]","identityDigest":"77b5213f01e3f0b6aab803326ae5b8b6a4ee7aae48fe3ce9d02b814c0ba53695"}
   3021 P3b LEGACY durable after spawn failure   336a1c5656d6….lock mode=rw------- size=0
   3022 P3b LEGACY durable after spawn failure   336a1c5656d6….ready mode=rw------- size=0
  14492 P3b LEGACY durable fixed attempt 1 warm -> ok=false status=503 code=runtime_broker_reconcile_timeout retryable=true in 8255 ms
  14517 P3b LEGACY durable   binding id=0c6bfa3c-8aa5-40b6-9fc9-077b7ed197fb gen=1 state=RECOVERY_BLOCKED lease=null lossEvidence=null stopEvidence=null liveWorkers=0
  25122 P3b LEGACY durable fixed attempt 2 warm -> ok=false status=503 code=runtime_broker_reconcile_timeout retryable=true in 8103 ms
  25164 P3b LEGACY durable   binding id=0c6bfa3c-8aa5-40b6-9fc9-077b7ed197fb gen=1 state=RECOVERY_BLOCKED lease=null lossEvidence=null stopEvidence=null liveWorkers=0
  29628 P3b MANAGED durable spawn-failure attempt 1 warm -> ok=false status=409 code=runtime_broker_recovery_blocked retryable=false in 322 ms
  29651 P3b MANAGED durable   binding id=ec8cc842-28ea-4906-8bba-03fe244b4033 gen=1 state=RECOVERY_BLOCKED lease=null lossEvidence=null stopEvidence=null
  29652 P3b MANAGED durable after spawn failure durable dir mode=rwx------
  29652 P3b MANAGED durable after spawn failure   d11cd7ec3dfc….json mode=rw------- size=431
  29653 P3b MANAGED durable after spawn failure     state=LAUNCHING pid=0 started= endpoint=
  29653 P3b MANAGED durable after spawn failure     handle={"resourceId":"d11cd7ec3dfca933f2ac7f31d5634c18ba15866d12c1f460ac6b26d3ca3cfc81","hostId":"6a7c4b8a14b0d66d11808bc2e4892b13","bootId":"08fabd5c-2347-4e29-a451-bff6bedd9aac","pidNamespace":"pid:[4026532779]","timeNamespace":"time:[4026532839]","identityDigest":"45e65bece12fbba8040a6b6801d6fac9292867bea3fb1031323af14e42876fb0"}
  29654 P3b MANAGED durable after spawn failure   d11cd7ec3dfc….lock mode=rw------- size=0
  29655 P3b MANAGED durable after spawn failure   d11cd7ec3dfc….ready mode=rw------- size=0
  41105 P3b MANAGED durable fixed attempt 1 warm -> ok=false status=503 code=runtime_broker_reconcile_timeout retryable=true in 8183 ms
  41131 P3b MANAGED durable   binding id=ec8cc842-28ea-4906-8bba-03fe244b4033 gen=1 state=RECOVERY_BLOCKED lease=null lossEvidence=null stopEvidence=null liveWorkers=0
  51749 P3b MANAGED durable fixed attempt 2 warm -> ok=false status=503 code=runtime_broker_reconcile_timeout retryable=true in 8116 ms
  51783 P3b MANAGED durable   binding id=ec8cc842-28ea-4906-8bba-03fe244b4033 gen=1 state=RECOVERY_BLOCKED lease=null lossEvidence=null stopEvidence=null liveWorkers=0
  56634 C1 LEGACY broker SIGKILL, then worker SIGKILL pid=771 stat=absent
  57611 C1 LEGACY attempt 1 warm -> ok=false status=503 code=runtime_broker_runtime_lost retryable=true in 528 ms
  57641 C1 LEGACY   binding id=b1c7d8d5-258c-4aee-95d6-676038b8a9b2 gen=1 state=LOST lease=http://127.0.0.1:34553/ lossEvidence=JOURNAL_LOST stopEvidence=null newWorkers=0
  57817 C1 LEGACY attempt 2 warm -> ok=false status=503 code=runtime_broker_runtime_lost retryable=true in 174 ms
  57836 C1 LEGACY   binding id=b1c7d8d5-258c-4aee-95d6-676038b8a9b2 gen=1 state=LOST lease=http://127.0.0.1:34553/ lossEvidence=JOURNAL_LOST stopEvidence=null newWorkers=0
  60123 C1 MANAGED broker SIGKILL, then worker SIGKILL pid=970 stat=absent
  61034 C1 MANAGED attempt 1 warm -> ok=false status=503 code=runtime_broker_runtime_lost retryable=true in 508 ms
  61052 C1 MANAGED   binding id=133386e5-8e5c-4f3a-b91a-dfece78ad19b gen=1 state=LOST lease=http://127.0.0.1:46181/ lossEvidence=JOURNAL_LOST stopEvidence=null newWorkers=0
  61250 C1 MANAGED attempt 2 warm -> ok=false status=503 code=runtime_broker_runtime_lost retryable=true in 197 ms
  61268 C1 MANAGED   binding id=133386e5-8e5c-4f3a-b91a-dfece78ad19b gen=1 state=LOST lease=http://127.0.0.1:46181/ lossEvidence=JOURNAL_LOST stopEvidence=null newWorkers=0
  62716 P1 LEGACY held attest; binding id=9163875a-76fd-4c4c-b0d9-d72b58fb534f gen=1 state=PROVISIONING lease=null lossEvidence=null stopEvidence=null
  64409 P1 LEGACY broker SIGKILL, worker SIGKILL pid=1186 stat=absent
  67570 P1 LEGACY attempt 1 warm -> ok=false status=409 code=runtime_broker_recovery_blocked retryable=false in 286 ms
  67596 P1 LEGACY   binding id=9163875a-76fd-4c4c-b0d9-d72b58fb534f gen=1 state=RECOVERY_BLOCKED lease=null lossEvidence=null stopEvidence=null newWorkers=0
  75693 P1 LEGACY attempt 2 warm -> ok=false status=503 code=runtime_broker_reconcile_timeout retryable=true in 8094 ms
  75745 P1 LEGACY   binding id=9163875a-76fd-4c4c-b0d9-d72b58fb534f gen=1 state=RECOVERY_BLOCKED lease=null lossEvidence=null stopEvidence=null newWorkers=0
  83870 P1 LEGACY attempt 3 warm -> ok=false status=503 code=runtime_broker_reconcile_timeout retryable=true in 8121 ms
  83894 P1 LEGACY   binding id=9163875a-76fd-4c4c-b0d9-d72b58fb534f gen=1 state=RECOVERY_BLOCKED lease=null lossEvidence=null stopEvidence=null newWorkers=0
  91970 P1 LEGACY attempt 4 warm -> ok=false status=503 code=runtime_broker_reconcile_timeout retryable=true in 8075 ms
  91999 P1 LEGACY   binding id=9163875a-76fd-4c4c-b0d9-d72b58fb534f gen=1 state=RECOVERY_BLOCKED lease=null lossEvidence=null stopEvidence=null newWorkers=0
  92000 P1 LEGACY durable dir mode=rwx------
  92001 P1 LEGACY   e8f9a24f4da6….json mode=rw------- size=446
  92002 P1 LEGACY     state=RETIRED pid=1186 started=ticks:20274997 endpoint=
  92003 P1 LEGACY     handle={"resourceId":"e8f9a24f4da6c7d461c48fa2ee51f9beaffdf64dfec67e2f07cac0999be53271","hostId":"6a7c4b8a14b0d66d11808bc2e4892b13","bootId":"08fabd5c-2347-4e29-a451-bff6bedd9aac","pidNamespace":"pid:[4026532779]","timeNamespace":"time:[4026532839]","identityDigest":"22794a945317403a0083a7e52580ba08f0bbb11a67b920f0ca5ab67b75946fe7"}
  92004 P1 LEGACY   e8f9a24f4da6….lock mode=rw------- size=0
  92004 P1 LEGACY   e8f9a24f4da6….ready mode=rw------- size=240
  94233 P1 MANAGED held attest; binding id=f4891b7a-81e2-490c-9e16-f9ebd7eb9ab7 gen=1 state=PROVISIONING lease=null lossEvidence=null stopEvidence=null
  95862 P1 MANAGED broker SIGKILL, worker SIGKILL pid=1597 stat=absent
  98913 P1 MANAGED attempt 1 warm -> ok=false status=409 code=runtime_broker_recovery_blocked retryable=false in 207 ms
  98927 P1 MANAGED   binding id=f4891b7a-81e2-490c-9e16-f9ebd7eb9ab7 gen=1 state=RECOVERY_BLOCKED lease=null lossEvidence=null stopEvidence=null newWorkers=0
 107032 P1 MANAGED attempt 2 warm -> ok=false status=503 code=runtime_broker_reconcile_timeout retryable=true in 8104 ms
 107049 P1 MANAGED   binding id=f4891b7a-81e2-490c-9e16-f9ebd7eb9ab7 gen=1 state=RECOVERY_BLOCKED lease=null lossEvidence=null stopEvidence=null newWorkers=0
 115128 P1 MANAGED attempt 3 warm -> ok=false status=503 code=runtime_broker_reconcile_timeout retryable=true in 8078 ms
 115150 P1 MANAGED   binding id=f4891b7a-81e2-490c-9e16-f9ebd7eb9ab7 gen=1 state=RECOVERY_BLOCKED lease=null lossEvidence=null stopEvidence=null newWorkers=0
 123231 P1 MANAGED attempt 4 warm -> ok=false status=503 code=runtime_broker_reconcile_timeout retryable=true in 8079 ms
 123245 P1 MANAGED   binding id=f4891b7a-81e2-490c-9e16-f9ebd7eb9ab7 gen=1 state=RECOVERY_BLOCKED lease=null lossEvidence=null stopEvidence=null newWorkers=0
 123247 P1 MANAGED durable dir mode=rwx------
 123247 P1 MANAGED   92f07250154e….json mode=rw------- size=446
 123248 P1 MANAGED     state=RETIRED pid=1597 started=ticks:20278131 endpoint=
 123249 P1 MANAGED     handle={"resourceId":"92f07250154eba4706ef0355e3ef38e3d3e8afa52a2cfcd3b459818c0913c2fb","hostId":"6a7c4b8a14b0d66d11808bc2e4892b13","bootId":"08fabd5c-2347-4e29-a451-bff6bedd9aac","pidNamespace":"pid:[4026532779]","timeNamespace":"time:[4026532839]","identityDigest":"606389f95084339b730bbd6dcfe226e23d348844b627751e1726143a0d14a838"}
 123249 P1 MANAGED   92f07250154e….lock mode=rw------- size=0
 123249 P1 MANAGED   92f07250154e….ready mode=rw------- size=277
 125296 Z2 LEGACY adopt warm -> ok=true status=0 code=null retryable=false in 311 ms
 125905 Z2 LEGACY adopted worker SIGKILL pid=2011 stat=absent
 125995 Z2 LEGACY attempt 1 warm -> ok=false status=503 code=runtime_provision_failed retryable=true in 87 ms
 126010 Z2 LEGACY   binding id=5a991759-e464-4365-9418-8c940d962c03 gen=1 state=LOST lease=http://127.0.0.1:46637/ lossEvidence=null stopEvidence=null newWorkers=0
 126138 Z2 LEGACY attempt 2 warm -> ok=false status=503 code=runtime_broker_runtime_lost retryable=true in 127 ms
 126156 Z2 LEGACY   binding id=5a991759-e464-4365-9418-8c940d962c03 gen=1 state=LOST lease=http://127.0.0.1:46637/ lossEvidence=JOURNAL_LOST stopEvidence=null newWorkers=0
 126291 Z2 LEGACY attempt 3 warm -> ok=false status=503 code=runtime_broker_runtime_lost retryable=true in 134 ms
 126304 Z2 LEGACY   binding id=5a991759-e464-4365-9418-8c940d962c03 gen=1 state=LOST lease=http://127.0.0.1:46637/ lossEvidence=JOURNAL_LOST stopEvidence=null newWorkers=0
 128357 Z2 MANAGED adopt warm -> ok=true status=0 code=null retryable=false in 290 ms
 128966 Z2 MANAGED adopted worker SIGKILL pid=2244 stat=absent
 129057 Z2 MANAGED attempt 1 warm -> ok=false status=503 code=runtime_provision_failed retryable=true in 89 ms
 129073 Z2 MANAGED   binding id=28662ae3-dff8-4d66-8fe7-0d5e712de075 gen=1 state=LOST lease=http://127.0.0.1:43765/ lossEvidence=null stopEvidence=null newWorkers=0
 129212 Z2 MANAGED attempt 2 warm -> ok=false status=503 code=runtime_broker_runtime_lost retryable=true in 138 ms
 129227 Z2 MANAGED   binding id=28662ae3-dff8-4d66-8fe7-0d5e712de075 gen=1 state=LOST lease=http://127.0.0.1:43765/ lossEvidence=JOURNAL_LOST stopEvidence=null newWorkers=0
 129366 Z2 MANAGED attempt 3 warm -> ok=false status=503 code=runtime_broker_runtime_lost retryable=true in 137 ms
 129384 Z2 MANAGED   binding id=28662ae3-dff8-4d66-8fe7-0d5e712de075 gen=1 state=LOST lease=http://127.0.0.1:43765/ lossEvidence=JOURNAL_LOST stopEvidence=null newWorkers=0
 131321 T1 LEGACY adopt warm -> ok=true status=0 code=null retryable=false in 271 ms
 131337 T1 LEGACY   binding id=fb347801-b6df-47a7-b28d-38156373ec44 gen=1 state=READY lease=http://127.0.0.1:37905/ lossEvidence=null stopEvidence=null
 131360 T1 LEGACY confirm with attest RESET warm -> ok=false status=503 code=managed_runtime_unavailable retryable=true in 22 ms
 131380 T1 LEGACY   binding id=fb347801-b6df-47a7-b28d-38156373ec44 gen=1 state=READY lease=http://127.0.0.1:37905/ lossEvidence=null stopEvidence=null workerAlive=true
 131401 T1 LEGACY next warm warm -> ok=true status=0 code=null retryable=false in 20 ms
 131415 T1 LEGACY   binding id=fb347801-b6df-47a7-b28d-38156373ec44 gen=1 state=READY lease=http://127.0.0.1:37905/ lossEvidence=null stopEvidence=null workerAlive=true newWorkers=0
 133409 T1 MANAGED adopt warm -> ok=true status=0 code=null retryable=false in 231 ms
 133423 T1 MANAGED   binding id=33bcaa51-39eb-43b4-90d5-966c33c4f7e8 gen=1 state=READY lease=http://127.0.0.1:42771/ lossEvidence=null stopEvidence=null
 133449 T1 MANAGED confirm with attest RESET warm -> ok=false status=503 code=managed_runtime_unavailable retryable=true in 25 ms
 133463 T1 MANAGED   binding id=33bcaa51-39eb-43b4-90d5-966c33c4f7e8 gen=1 state=READY lease=http://127.0.0.1:42771/ lossEvidence=null stopEvidence=null workerAlive=true
 133484 T1 MANAGED next warm warm -> ok=true status=0 code=null retryable=false in 20 ms
 133498 T1 MANAGED   binding id=33bcaa51-39eb-43b4-90d5-966c33c4f7e8 gen=1 state=READY lease=http://127.0.0.1:42771/ lossEvidence=null stopEvidence=null workerAlive=true newWorkers=0
 135095 P1b LEGACY first warm -> status=503 code=managed_runtime_unavailable retryable=true
 135105 P1b LEGACY   binding id=806722d8-c447-4460-8a3e-97edfddb5a69 gen=1 state=PROVISIONING lease=null lossEvidence=null stopEvidence=null
 135204 P1b LEGACY attempt 2 warm -> ok=false status=409 code=runtime_broker_recovery_blocked retryable=false in 97 ms
 135219 P1b LEGACY   binding id=806722d8-c447-4460-8a3e-97edfddb5a69 gen=1 state=RECOVERY_BLOCKED lease=null lossEvidence=null stopEvidence=null liveWorkers=0
 143301 P1b LEGACY attempt 3 warm -> ok=false status=503 code=runtime_broker_reconcile_timeout retryable=true in 8080 ms
 143321 P1b LEGACY   binding id=806722d8-c447-4460-8a3e-97edfddb5a69 gen=1 state=RECOVERY_BLOCKED lease=null lossEvidence=null stopEvidence=null liveWorkers=0
 151400 P1b LEGACY attempt 4 warm -> ok=false status=503 code=runtime_broker_reconcile_timeout retryable=true in 8077 ms
 151415 P1b LEGACY   binding id=806722d8-c447-4460-8a3e-97edfddb5a69 gen=1 state=RECOVERY_BLOCKED lease=null lossEvidence=null stopEvidence=null liveWorkers=0
 153050 P1b MANAGED first warm -> status=409 code=runtime_broker_recovery_blocked retryable=false
 153060 P1b MANAGED   binding id=4e2e522a-fb3a-43f2-9a7a-d68038edb1c6 gen=1 state=RECOVERY_BLOCKED lease=null lossEvidence=null stopEvidence=null
 161146 P1b MANAGED attempt 2 warm -> ok=false status=503 code=runtime_broker_reconcile_timeout retryable=true in 8084 ms
 161197 P1b MANAGED   binding id=4e2e522a-fb3a-43f2-9a7a-d68038edb1c6 gen=1 state=RECOVERY_BLOCKED lease=null lossEvidence=null stopEvidence=null liveWorkers=0
 169310 P1b MANAGED attempt 3 warm -> ok=false status=503 code=runtime_broker_reconcile_timeout retryable=true in 8111 ms
 169364 P1b MANAGED   binding id=4e2e522a-fb3a-43f2-9a7a-d68038edb1c6 gen=1 state=RECOVERY_BLOCKED lease=null lossEvidence=null stopEvidence=null liveWorkers=0
 177550 P1b MANAGED attempt 4 warm -> ok=false status=503 code=runtime_broker_reconcile_timeout retryable=true in 8185 ms
 177584 P1b MANAGED   binding id=4e2e522a-fb3a-43f2-9a7a-d68038edb1c6 gen=1 state=RECOVERY_BLOCKED lease=null lossEvidence=null stopEvidence=null liveWorkers=0
