[setup] arm=head6 harness=http://127.0.0.1:57915 ws=ws-c
[create] hosted-workspace-files/1 -> 200; turn admit=202 terminal=turn_complete(end_turn) recoveryBlocked=false 870ms; advertised=["read_file","write_file","edit"]
[create] hosted-workspace-files/2 -> 200; turn admit=202 terminal=turn_complete(end_turn) recoveryBlocked=false 411ms; advertised=["read_file","write_file","edit","glob"]
[create] hosted-workspace-shell/1 -> 200; turn admit=202 terminal=turn_complete(end_turn) recoveryBlocked=false 546ms; advertised=["read_file","write_file","edit","run_shell_command","monitor"]
[create] hosted-workspace-shell/2 -> 200; turn admit=202 terminal=turn_complete(end_turn) recoveryBlocked=false 436ms; advertised=["read_file","write_file","edit","run_shell_command","monitor","glob"]
[PASS] files/1 tools  -> ["read_file","write_file","edit"]
[PASS] files/2 tools  -> ["read_file","write_file","edit","glob"]
[PASS] shell/1 has no glob  -> ["read_file","write_file","edit","run_shell_command","monitor"]
[PASS] shell/2 = shell/1 + glob  -> ["read_file","write_file","edit","run_shell_command","monitor","glob"]
[pin] files/2 detach -> 204
[PASS] files/2 loaded as files/1 -> 409 hosted_tool_profile_conflict  -> 409 {"error":"hosted_tool_profile_conflict","code":"hosted_tool_profile_conflict"}
[PASS] files/2 loaded as shell/2 -> 409  -> 409 {"error":"hosted_tool_profile_conflict","code":"hosted_tool_profile_conflict"}
[PASS] files/2 reloaded with no profile keeps glob  -> 200 ["read_file","write_file","edit","glob"]
[PASS] files/1 loaded as files/2 -> 409  -> 409 {"error":"hosted_tool_profile_conflict","code":"hosted_tool_profile_conflict"}
[PASS] files/1 reloaded with no profile still has no glob  -> 200 ["read_file","write_file","edit"]
[unadvertised] admit=202 terminal=turn_error recoveryBlocked=false 485ms
[unadvertised broker] POST /runtimes:warm -> 200
[PASS] unadvertised glob: no Runtime execution prepared  -> POST /runtimes:warm -> 200
[PASS] unadvertised glob: Session not blocked  -> {"sessionId":"73e4e3e4-f030-4f9e-ab07-58637cb7b83a","hasActivePrompt":false,"recoveryBlocked":false}
[PASS] unadvertised glob: next Turn completes  -> admit=202 terminal=turn_complete(end_turn) recoveryBlocked=false 761ms
[holders] [["1feb5a8ebfbefe88750b440d905d8ab5a8abd81c930c2f4472977eb281baa258","<none>"]]
[RESULT] s1-profiles-head6: 12 passed, 0 failed
[setup] arm=head6 ws=ws-b root=/Users/wenshao/pr13166-rig/run/g17/roots/b
[create A] 200
[all] {"pattern":"**/*"} -> admit=202 terminal=turn_complete(end_turn) recoveryBlocked=false 2610ms prepare=1
[all trace] call glob({"pattern":"**/*"})
[all trace] result glob status=success "Found 3 file(s) matching \"**/*\" within ., sorted by modification time (newest first):\n---\npackage.json\nsrc/util/helpers.ts\nsrc/index.ts"
[sub] {"pattern":"*.ts","path":"src"} -> admit=202 terminal=turn_complete(end_turn) recoveryBlocked=false 1591ms prepare=1
[sub trace] call glob({"pattern":"*.ts","path":"src"})
[sub trace] result glob status=success "Found 1 file(s) matching \"*.ts\" within src, sorted by modification time (newest first):\n---\nsrc/index.ts"
[dotpath] {"pattern":"**/*","path":"./src"} -> admit=202 terminal=turn_complete(end_turn) recoveryBlocked=false 2063ms prepare=1
[dotpath trace] call glob({"pattern":"**/*","path":"./src"})
[dotpath trace] result glob status=success "Found 2 file(s) matching \"**/*\" within src, sorted by modification time (newest first):\n---\nsrc/util/helpers.ts\nsrc/index.ts"
[untrimmed] {"pattern":"  **/*.ts  "} -> admit=202 terminal=turn_complete(end_turn) recoveryBlocked=false 1604ms prepare=1
[untrimmed trace] call glob({"pattern":"  **/*.ts  "})
[untrimmed trace] result glob status=success "Found 2 file(s) matching \"**/*.ts\" within ., sorted by modification time (newest first):\n---\nsrc/util/helpers.ts\nsrc/index.ts"
[blankpath] {"pattern":"*.json","path":"   "} -> admit=202 terminal=turn_complete(end_turn) recoveryBlocked=false 1839ms prepare=1
[blankpath trace] call glob({"pattern":"*.json","path":"   "})
[blankpath trace] result glob status=success "Found 1 file(s) matching \"*.json\" within ., sorted by modification time (newest first):\n---\npackage.json"
[nomatch] {"pattern":"zzz*"} -> admit=202 terminal=turn_complete(end_turn) recoveryBlocked=false 1802ms prepare=1
[nomatch trace] call glob({"pattern":"zzz*"})
[nomatch trace] result glob status=success "No files found matching pattern \"zzz*\" within ."
[up] {"pattern":"**/*","path":".."} -> admit=202 terminal=turn_complete(end_turn) recoveryBlocked=false 1328ms prepare=0
[up trace] call glob({"pattern":"**/*","path":".."})
[up trace] result glob status=- "Hosted glob requires a nonempty pattern, and its optional path must be relative to the saved Session working directory. Absolute paths and \"..\" traversal are not allowed. Correct the arguments and retry."
[upnested] {"pattern":"**/*","path":"src/../.."} -> admit=202 terminal=turn_complete(end_turn) recoveryBlocked=false 1677ms prepare=0
[upnested trace] call glob({"pattern":"**/*","path":"src/../.."})
[upnested trace] result glob status=- "Hosted glob requires a nonempty pattern, and its optional path must be relative to the saved Session working directory. Absolute paths and \"..\" traversal are not allowed. Correct the arguments and retry."
[abspath] {"pattern":"*","path":"/Users/wenshao/pr13166-rig/run/g17/roots/b"} -> admit=202 terminal=turn_complete(end_turn) recoveryBlocked=false 1827ms prepare=0
[abspath trace] call glob({"pattern":"*","path":"/Users/wenshao/pr13166-rig/run/g17/roots/b"})
[abspath trace] result glob status=- "Hosted glob requires a nonempty pattern, and its optional path must be relative to the saved Session working directory. Absolute paths and \"..\" traversal are not allowed. Correct the arguments and retry."
[patup] {"pattern":"../**/*"} -> admit=202 terminal=turn_complete(end_turn) recoveryBlocked=false 2027ms prepare=0
[patup trace] call glob({"pattern":"../**/*"})
[patup trace] result glob status=- "Hosted glob requires a nonempty pattern, and its optional path must be relative to the saved Session working directory. Absolute paths and \"..\" traversal are not allowed. Correct the arguments and retry."
[patabs] {"pattern":"/etc/host*"} -> admit=202 terminal=turn_complete(end_turn) recoveryBlocked=false 2019ms prepare=0
[patabs trace] call glob({"pattern":"/etc/host*"})
[patabs trace] result glob status=- "Hosted glob requires a nonempty pattern, and its optional path must be relative to the saved Session working directory. Absolute paths and \"..\" traversal are not allowed. Correct the arguments and retry."
[brace] {"pattern":"{.,..}/**/*"} -> admit=202 terminal=turn_complete(end_turn) recoveryBlocked=false 1815ms prepare=0
[brace trace] call glob({"pattern":"{.,..}/**/*"})
[brace trace] result glob status=- "Hosted glob requires a nonempty pattern, and its optional path must be relative to the saved Session working directory. Absolute paths and \"..\" traversal are not allowed. Correct the arguments and retry."
[braceabs] {"pattern":"{/etc,src}/*"} -> admit=202 terminal=turn_complete(end_turn) recoveryBlocked=false 2721ms prepare=0
[braceabs trace] call glob({"pattern":"{/etc,src}/*"})
[braceabs trace] result glob status=- "Hosted glob requires a nonempty pattern, and its optional path must be relative to the saved Session working directory. Absolute paths and \"..\" traversal are not allowed. Correct the arguments and retry."
[filepath] {"pattern":"*","path":"package.json"} -> admit=202 terminal=turn_complete(end_turn) recoveryBlocked=false 3338ms prepare=1
[filepath trace] call glob({"pattern":"*","path":"package.json"})
[filepath trace] result glob status=error "Path is not a directory: package.json"
[missing] {"pattern":"*","path":"nope"} -> admit=202 terminal=turn_complete(end_turn) recoveryBlocked=false 3097ms prepare=1
[missing trace] call glob({"pattern":"*","path":"nope"})
[missing trace] result glob status=error "Path does not exist: nope"
[wrongkey] {"pattern":"*.ts","dir_path":"src"} -> admit=202 terminal=turn_complete(end_turn) recoveryBlocked=false 3686ms prepare=1
[wrongkey trace] call glob({"pattern":"*.ts","dir_path":"src"})
[wrongkey trace] result glob status=success "No files found matching pattern \"*.ts\" within ."
[readmissing] "read_file nope.txt" -> admit=202 terminal=turn_complete(end_turn) recoveryBlocked=false 2789ms prepare=1
[readmissing trace] call read_file({"file_path":"nope.txt"})
[readmissing trace] result read_file status=error "Could not read file because no file was found at the specified path."
[batch] "read_file nope.txt" -> admit=202 terminal=turn_complete(end_turn) recoveryBlocked=false 2968ms prepare=0
[batch trace] call glob({"pattern":"*.json"})
[batch trace] call glob({"pattern":"*","path":".."})
[batch trace] result glob status=- "This tool was not executed because another call in the batch has invalid arguments. Retry the batch with corrected arguments."
[batch trace] result glob status=- "Hosted glob requires a nonempty pattern, and its optional path must be relative to the saved Session working directory. Absolute paths and \"..\" traversal are not allowed. Correct the arguments and retry."
[create B] 200
[sibling B] admit=202 terminal=turn_complete(end_turn) recoveryBlocked=false 2425ms
[sibling trace] call glob({"pattern":"**/*"})
[sibling trace] result glob status=success "Found 2 file(s) matching \"**/*\" within ., sorted by modification time (newest first):\n---\nweb.ts\nsecret.txt"
[PASS] all: Session files listed  -> [{"id":"rig-all-0-0","name":"glob","response":{"output":"Found 3 file(s) matching \"**/*\" within ., sorted by modification time (newest first):\n---\npackage.json\nsrc/util/helpers.ts\nsrc/index.ts","executionStatus":"success"}}]
[PASS] all: no sibling Session file / Workspace-root file
[PASS] all: searched "within ." (Session root)
[PASS] sub: path=src -> src/index.ts  -> [{"id":"rig-sub-0-0","name":"glob","response":{"output":"Found 1 file(s) matching \"*.ts\" within src, sorted by modification time (newest first):\n---\nsrc/index.ts","executionStatus":"success"}}]
[PASS] dotpath: ./src accepted  -> [{"id":"rig-dotpath-0-0","name":"glob","response":{"output":"Found 2 file(s) matching \"**/*\" within src, sorted by modification time (newest first):\n---\nsrc/util/helpers.ts\nsrc/index.ts","executi
[PASS] untrimmed pattern trimmed and matches  -> [{"id":"rig-untrimmed-0-0","name":"glob","response":{"output":"Found 2 file(s) matching \"**/*.ts\" within ., sorted by modification time (newest first):\n---\nsrc/util/helpers.ts\nsrc/index.ts","exec
[PASS] blank path treated as omitted  -> [{"id":"rig-blankpath-0-0","name":"glob","response":{"output":"Found 1 file(s) matching \"*.json\" within ., sorted by modification time (newest first):\n---\npackage.json","executionStatus":"success"
[PASS] nomatch: "No files found ... within ."  -> [{"id":"rig-nomatch-0-0","name":"glob","response":{"output":"No files found matching pattern \"zzz*\" within .","executionStatus":"success"}}]
[PASS] up: refused before acquisition (0 executions prepared)  -> prepare=0 [{"id":"rig-up-0-0","name":"glob","response":{"error":"Hosted glob requires a nonempty pattern, and its optional path must be relative to the saved Session work
[PASS] upnested: refused before acquisition (0 executions prepared)  -> prepare=0 [{"id":"rig-upnested-0-0","name":"glob","response":{"error":"Hosted glob requires a nonempty pattern, and its optional path must be relative to the saved Sessio
[PASS] abspath: refused before acquisition (0 executions prepared)  -> prepare=0 [{"id":"rig-abspath-0-0","name":"glob","response":{"error":"Hosted glob requires a nonempty pattern, and its optional path must be relative to the saved Session
[PASS] patup: refused before acquisition (0 executions prepared)  -> prepare=0 [{"id":"rig-patup-0-0","name":"glob","response":{"error":"Hosted glob requires a nonempty pattern, and its optional path must be relative to the saved Session w
[PASS] patabs: refused before acquisition (0 executions prepared)  -> prepare=0 [{"id":"rig-patabs-0-0","name":"glob","response":{"error":"Hosted glob requires a nonempty pattern, and its optional path must be relative to the saved Session 
[FAIL] brace: dispatched, refused by the worker's output containment  -> prepare=0 [{"id":"rig-brace-0-0","name":"glob","response":{"error":"Hosted glob requires a nonempty pattern, and its optional path must be relative to the saved Session working directory. Absolute paths and \".
[FAIL] braceabs: dispatched, refused by the worker's output containment  -> prepare=0 [{"id":"rig-braceabs-0-0","name":"glob","response":{"error":"Hosted glob requires a nonempty pattern, and its optional path must be relative to the saved Session working directory. Absolute paths and 
[PASS] filepath: error, no host path  -> [{"id":"rig-filepath-0-0","name":"glob","response":{"error":"Path is not a directory: package.json","executionStatus":"error","runtimeError":{"message":"Path is not a directory: package.json"}}}]
[PASS] missing: error, no host path  -> [{"id":"rig-missing-0-0","name":"glob","response":{"error":"Path does not exist: nope","executionStatus":"error","runtimeError":{"message":"Path does not exist: nope"}}}]
[wrongkey] observed: [{"id":"rig-wrongkey-0-0","name":"glob","response":{"output":"No files found matching pattern \"*.ts\" within .","executionStatus":"success"}}]
[readmissing] read_file control: [{"id":"rig-readmissing-0-0","name":"read_file","response":{"error":"Could not read file because no file was found at the specified path.","executionStatus":"error","runtimeError":{"message":"File not found: /Users/wenshao/pr13166-rig/run/g17/roots/b/services/api/nope.txt","type":"file_not_found"}}}
[batch] observed: [{"id":"rig-batch-0-0","name":"glob","response":{"error":"This tool was not executed because another call in the batch has invalid arguments. Retry the batch with corrected arguments."}},{"id":"rig-batch-0-1","name":"glob","response":{"error":"Hosted glob requires a nonempty pattern, and its optional path must be relative to the saved Session working directory. Absolute paths and \"..\" traversal  prepare=0
[PASS] sibling B sees only its own files  -> [{"id":"rig-sibling-0-0","name":"glob","response":{"output":"Found 2 file(s) matching \"**/*\" within ., sorted by modification time (newest first):\n---\nweb.ts\nsecret.txt","executionStatus":"success"}}]
[PASS] model-visible glob results: no Runtime host path  -> 2658 chars scanned
[PASS] Harness transcript tool results (glob turns): no Runtime host path  -> 3825 chars
[broker wire] Broker req/resp bodies containing the mount root: /executions/:id (of 95)
[read_file control on the wire] read_file nope.txt result carries host path: true
[db scan] /Users/wenshao/pr13166-rig/run/g17/roots/b: ["qwen_managed_session_resource.inline_bytes=3","qwen_runtime_binding.canonical_cwd=2","qwen_runtime_binding_slot.canonical_cwd=2","qwen_runtime_session.canonical_cwd=11","qwen_tool_execution.result_json=1"]
[holders] [["1feb5a8ebfbefe88750b440d905d8ab5a8abd81c930c2f4472977eb281baa258","<none>"],["37735772167fedca8099b2d71864549d8a515c05968489904f054905d3ec773a","<none>"]]
[RESULT] s2-glob-head6: 18 passed, 2 failed
[setup] arm=head6 profile=hosted-workspace-files/2 ws=ws-e root=/Users/wenshao/pr13166-rig/run/g17/roots/e
[create A] 200
[globLinkPath] ["glob",{"pattern":"*","path":"peek"}] -> admit=202 terminal=turn_complete(end_turn) recoveryBlocked=false 2338ms
[globLinkPath result] {"error":"Path 'peek' is not within the Session working directory.","executionStatus":"error","runtimeError":{"message":"Path 'peek' is not within the Session working directory."}}
[globLinkPath model saw] [{"type":"text","text":"Path 'peek' is not within the Session working directory."}]
[globLinkPath host path] durable record: false; model: false
[globLinkPattern] ["glob",{"pattern":"peek/**/*"}] -> admit=202 terminal=turn_complete(end_turn) recoveryBlocked=false 1433ms
[globLinkPattern result] {"output":"No files found matching pattern \"peek/**/*\" within .","executionStatus":"success"}
[globLinkPattern model saw] [{"type":"text","text":"No files found matching pattern \"peek/**/*\" within ."}]
[globLinkPattern host path] durable record: false; model: false
[globAll] ["glob",{"pattern":"**/*"}] -> admit=202 terminal=turn_complete(end_turn) recoveryBlocked=false 1866ms
[globAll result] {"output":"Found 3 file(s) matching \"**/*\" within ., sorted by modification time (newest first):\n---\ndangling\npeek\nsrc/index.ts","executionStatus":"success"}
[globAll model saw] [{"type":"text","text":"Found 3 file(s) matching \"**/*\" within ., sorted by modification time (newest first):\n---\ndangling\npeek\nsrc/index.ts"}]
[globAll host path] durable record: false; model: false
[globStar] ["glob",{"pattern":"*"}] -> admit=202 terminal=turn_complete(end_turn) recoveryBlocked=false 1931ms
[globStar result] {"output":"Found 2 file(s) matching \"*\" within ., sorted by modification time (newest first):\n---\ndangling\npeek","executionStatus":"success"}
[globStar model saw] [{"type":"text","text":"Found 2 file(s) matching \"*\" within ., sorted by modification time (newest first):\n---\ndangling\npeek"}]
[globStar host path] durable record: false; model: false
[globTs] ["glob",{"pattern":"**/*.ts"}] -> admit=202 terminal=turn_complete(end_turn) recoveryBlocked=false 2355ms
[globTs result] {"output":"Found 1 file(s) matching \"**/*.ts\" within ., sorted by modification time (newest first):\n---\nsrc/index.ts","executionStatus":"success"}
[globTs model saw] [{"type":"text","text":"Found 1 file(s) matching \"**/*.ts\" within ., sorted by modification time (newest first):\n---\nsrc/index.ts"}]
[globTs host path] durable record: false; model: false
[globSrc] ["glob",{"pattern":"**/*","path":"src"}] -> admit=202 terminal=turn_complete(end_turn) recoveryBlocked=false 2161ms
[globSrc result] {"output":"Found 1 file(s) matching \"**/*\" within src, sorted by modification time (newest first):\n---\nsrc/index.ts","executionStatus":"success"}
[globSrc model saw] [{"type":"text","text":"Found 1 file(s) matching \"**/*\" within src, sorted by modification time (newest first):\n---\nsrc/index.ts"}]
[globSrc host path] durable record: false; model: false
[readThrough] ["read_file",{"file_path":"peek/secret.txt"}] -> admit=202 terminal=turn_complete(end_turn) recoveryBlocked=false 2777ms
[readThrough result] {"output":"SIBLING_SECRET\n","executionStatus":"success"}
[readThrough model saw] [{"type":"text","text":"SIBLING_SECRET\n"}]
[readThrough host path] durable record: false; model: false
[editThrough] ["edit",{"file_path":"peek/secret.txt","old_string":"SIBLING_SECRET","new_string":"EDITED_BY_A"}] -> admit=202 terminal=turn_complete(end_turn) recoveryBlocked=false 2291ms
[editThrough result] {"error":"Hosted file history refused this batch's Write/Edit before execution: Hosted file history requires ordinary Workspace files."}
[editThrough model saw] [{"type":"text","text":"Hosted file history refused this batch's Write/Edit before execution: Hosted file history requires ordinary Workspace files."}]
[editThrough host path] durable record: false; model: false
[overwriteThrough] ["write_file",{"file_path":"peek/secret.txt","content":"OVERWRITTEN_BY_A\n"}] -> admit=202 terminal=turn_complete(end_turn) recoveryBlocked=false 2398ms
[overwriteThrough result] {"error":"Hosted file history refused this batch's Write/Edit before execution: Hosted file history requires ordinary Workspace files."}
[overwriteThrough model saw] [{"type":"text","text":"Hosted file history refused this batch's Write/Edit before execution: Hosted file history requires ordinary Workspace files."}]
[overwriteThrough host path] durable record: false; model: false
[createThrough] ["write_file",{"file_path":"peek/new-from-a.txt","content":"WRITTEN_BY_A\n"}] -> admit=202 terminal=turn_complete(end_turn) recoveryBlocked=false 2530ms
[createThrough result] {"error":"Hosted file history refused this batch's Write/Edit before execution: Hosted file history requires ordinary Workspace files."}
[createThrough model saw] [{"type":"text","text":"Hosted file history refused this batch's Write/Edit before execution: Hosted file history requires ordinary Workspace files."}]
[createThrough host path] durable record: false; model: false
[createDeepThrough] ["write_file",{"file_path":"peek/sub/deep.txt","content":"DEEP_BY_A\n"}] -> admit=202 terminal=turn_complete(end_turn) recoveryBlocked=false 3667ms
[createDeepThrough result] {"error":"Hosted file history refused this batch's Write/Edit before execution: Hosted file history requires ordinary Workspace files."}
[createDeepThrough model saw] [{"type":"text","text":"Hosted file history refused this batch's Write/Edit before execution: Hosted file history requires ordinary Workspace files."}]
[createDeepThrough host path] durable record: false; model: false
[danglingWrite] ["write_file",{"file_path":"dangling","content":"VIA_DANGLING_LINK\n"}] -> admit=202 terminal=turn_complete(end_turn) recoveryBlocked=false 4608ms
[danglingWrite result] {"error":"Hosted file history refused this batch's Write/Edit before execution: Hosted file history requires ordinary Workspace files."}
[danglingWrite model saw] [{"type":"text","text":"Hosted file history refused this batch's Write/Edit before execution: Hosted file history requires ordinary Workspace files."}]
[danglingWrite host path] durable record: false; model: false
[readOwn] ["read_file",{"file_path":"src/index.ts"}] -> admit=202 terminal=turn_complete(end_turn) recoveryBlocked=false 4705ms
[readOwn result] {"output":"export const api = 1;\n","executionStatus":"success"}
[readOwn model saw] [{"type":"text","text":"export const api = 1;\n"}]
[readOwn host path] durable record: false; model: false
[fs] web/secret.txt="SIBLING_SECRET" web/new-from-a.txt="<absent>" web/sub/deep.txt="<absent>" web/not-yet.txt="<absent>"
[status] {"sessionId":"e49e53f3-aecb-41d9-aebb-76b3a6c5f7d7","hasActivePrompt":false,"recoveryBlocked":false}
[RESULT] s3-symlink-head6: 0 passed, 0 failed
[setup] 100 files, relative path 827 bytes each -> raw list ~82800 bytes
[create] 200
[turn] admit=202 terminal=turn_complete(end_turn) recoveryBlocked=false 2917ms
[broker] POST /runtimes:warm -> 200 | POST /tool-sessions:acquire -> 200 | POST /tool-sessions/773b6443-0aa0-41e8-a2fd-71ebf7d53198/control -> 200 | POST /executions:prepare -> 200 | POST /executions/9bf744c1-93e2-4190-9add-ad500c9ca7df:start -> 200 | GET /executions/9bf744c1-93e2-4190-9add-ad500c9ca7df -> 200 | GET /executions/9bf744c1-93e2-4190-9add-ad500c9ca7df -> 200 | GET /executions/9bf744c1-93e2-4190-9add-ad500c9ca7df -> 200 | GET /executions/9bf744c1-93e2-4190-9add-ad500c9ca7df -> 200 | GET /executions/9bf744c1-93e2-4190-9add-ad500c9ca7df -> 200 | GET /executions/9bf744c1-93e2-4190-9add-ad500c9ca7df -> 200 | GET /executions/9bf744c1-93e2-4190-9add-ad500c9ca7df -> 200 | POST /tool-sessions/773b6443-0aa0-41e8-a2fd-71ebf7d53198:release -> 200
[runtime result size] 83478 bytes returned by the Broker to the Harness
[durable functionResponse] 64957 bytes, outputTruncated=true, kept 78/100 paths
[tail] "d/file-022-xxxxxxxxxxxxxxxxxxxxxxxxxxxxxxxxxxxxxxxxxxxxxxxxxxxxxxxxxxxx.txt\n---\n[Result truncated to fit the durable Session limit. Narrow the pattern or path.]"
[PASS] turn completed  -> admit=202 terminal=turn_complete(end_turn) recoveryBlocked=false 2917ms
[PASS] result kept as a whole-line prefix + narrowing hint  -> kept=78
[PASS] every kept line is a whole path
[PASS] record fits 64 KiB  -> 64957
[PASS] model saw the truncated list  -> 64874 chars
[PASS] Session not blocked  -> {"sessionId":"2203f769-763b-4430-b346-fc83715a9d77","hasActivePrompt":false,"recoveryBlocked":false}
[PASS] Workspace lease released  -> [["1feb5a8ebfbefe88750b440d905d8ab5a8abd81c930c2f4472977eb281baa258","<none>"],["2e9b77e70bf16ce0fc7f89df00bacd95950f13254e206dc6aa5a958972f11879","<none>"],["37735772167fedca8099b2d71864549d8a515c05968489904f054905d3ec773a","<none>"],["ddadb8f76f1c384cad01108a6bb3b91af9a858dd861615a68a59b1c645b48ca2","<none>"]]
[PASS] next Turn (read_file of a listed path) completes  -> admit=202 terminal=turn_complete(end_turn) recoveryBlocked=false 1395ms
[RESULT] s4-truncate-head6: 8 passed, 0 failed
[default] create 200 "default"
[default glob] admit=202 terminal=turn_complete(end_turn) recoveryBlocked=false 3948ms asked=[] result={"output":"Found 1 file(s) matching \"**/*.ts\" within ., sorted by modification time (newest first):\n---\nsrc/a.ts","executionStatus":"success"}
[FAIL] default: glob runs without waiting for approval  -> 3948ms asked=0
[default read] admit=202 terminal=turn_complete(end_turn) recoveryBlocked=false 1857ms asked=[] result={"output":"export {};\n","executionStatus":"success"}
[default write] admit=202 terminal=turn_complete(end_turn) recoveryBlocked=false 4507ms asked=[] result={"error":"Nobody answered the approval request before it expired, so this tool call was not run."}
[PASS] default: write_file still waits for approval (control)  -> 4507ms asked=0
[auto-edit] create 200 "auto-edit"
[auto-edit glob] admit=202 terminal=turn_complete(end_turn) recoveryBlocked=false 3083ms asked=[] result={"output":"Found 1 file(s) matching \"**/*.ts\" within ., sorted by modification time (newest first):\n---\nsrc/a.ts","executionStatus":"success"}
[FAIL] auto-edit: glob runs without waiting for approval  -> 3083ms asked=0
[auto-edit read] admit=202 terminal=turn_complete(end_turn) recoveryBlocked=false 1683ms asked=[] result={"output":"export {};\n","executionStatus":"success"}
[auto-edit write] admit=202 terminal=turn_complete(end_turn) recoveryBlocked=false 3401ms asked=[] result={"output":"Successfully created and wrote to new file: /Users/wenshao/pr13166-rig/run/g17/roots/h/w/src/b.ts.","executionStatus":"success"}
[RESULT] s5-approval-head6: 1 passed, 2 failed
[create] shell/2 {} -> 200
[turn] admit=202 terminal=turn_complete(end_turn) recoveryBlocked=false 5477ms
[trace] call glob({"pattern":"**/*.ts"})
[trace] result glob status=success "Found 1 file(s) matching \"**/*.ts\" within ., sorted by modification time (newest first):\n---\nsrc/a.ts"
[trace] call run_shell_command({"command":"ls -1 src && pwd | sed \"s#.*/##\""})
[trace] result run_shell_command status=success "Command: ls -1 src && pwd | sed \"s#.*/##\"\nDirectory: (root)\nOutput: a.ts\nw\nError: (none)\nExit Code: 0\nSignal: (none)\nProcess Group PGID: (none)"
[PASS] shell/2 {}: glob and run_shell_command both execute  -> glob:success,run_shell_command:success
[FAIL] shell/2 {}: advertised  -> ["read_file","write_file","edit","run_shell_command","monitor","glob"]
[PASS] shell/2 {}: reload keeps shell/2  -> 200 ["read_file","write_file","edit","run_shell_command","monitor","glob"]
[PASS] shell/2 {}: load as shell/1 -> 409  -> 409 {"error":"hosted_tool_profile_conflict","code":"hosted_tool_profile_conflict"}
[create] shell/2 {"captureBytes":1048576} -> 200
[turn] admit=202 terminal=<none> recoveryBlocked=true 3206ms
[trace] call glob({"pattern":"**/*.ts"})
[trace] result glob status=success "Found 1 file(s) matching \"**/*.ts\" within ., sorted by modification time (newest first):\n---\nsrc/a.ts"
[trace] call run_shell_command({"command":"ls -1 src && pwd | sed \"s#.*/##\""})
[FAIL] shell/2 {"captureBytes":1048576}: glob and run_shell_command both execute  -> glob:success
[FAIL] shell/2 {"captureBytes":1048576}: advertised  -> ["read_file","write_file","edit","run_shell_command","monitor","glob"]
[FAIL] shell/2 {"captureBytes":1048576}: reload keeps shell/2  -> 409 undefined
[PASS] shell/2 {"captureBytes":1048576}: load as shell/1 -> 409  -> 409 {"error":"hosted_tool_profile_conflict","code":"hosted_tool_profile_conflict"}
[RESULT] s6-shell2-head6: 4 passed, 4 failed
[create on A] hosted-workspace-files/2 -> 200
[submit on A] 202 promptId=2413fa9b-379c-47c7-8530-18fe713e7ff3
[A model rounds] [{"round":0,"tools":["read_file","write_file","edit","glob"]},{"round":1,"tools":["read_file","write_file","edit","glob"]}]
[A] SIGKILLed while the model round after the committed glob result was in flight
[takeover load on B] 200 recoveryRequired=undefined report={"phase":"results_ready","checkpointId":"ckpt-12","activationId":"c826f8c7-7437-4036-9c66-8b002fd9d9cf","executions":[{"functionCallId":"rig-cont-0-0","toolName":"glob","executionCallId":"faede03e-d928-481c-812c-cf82c0aafff2","runtimeSessionId":"2413fa9b-379c-47c7-8530-18fe713e7ff3","outcome":"known
[continue] 200 {"accepted":true,"promptId":"2413fa9b-379c-47c7-8530-18fe713e7ff3","lastEventId":14,"eventEpoch":"9455a06e_39a2_4639_8729_55bb4dfd0d48"}
[continued model requests] [{"round":1,"tools":["read_file","write_file","edit","glob"]},{"round":2,"tools":["read_file","write_file","edit","glob"]}]
[trace] call glob({"pattern":"**/*.ts"})
[trace] result glob status=success "Found 1 file(s) matching \"**/*.ts\" within ., sorted by modification time (newest first):\n---\nsrc/a.ts"
[trace] call glob({"pattern":"src/*"})
[trace] result glob status=success "Found 1 file(s) matching \"src/*\" within ., sorted by modification time (newest first):\n---\nsrc/a.ts"
[terminal] [{"type":"turn_complete","data":{"sessionId":"744d1a65-51be-4b4b-a788-1512c996f00d","promptId":"2413fa9b-379c-47c7-8530-18fe713e7ff3","stopReason":"end_turn"}}]
[status] {"sessionId":"744d1a65-51be-4b4b-a788-1512c996f00d","hasActivePrompt":false,"recoveryBlocked":false}
[PASS] continued request still advertises glob (hosted-workspace-files/2)  -> ["read_file","write_file","edit","glob"]
[PASS] continued Turn completes  -> ["turn_complete"]
[harness B log] managed scratch workspaces are unavailable: Managed scratch root conflicts with a startup workspace
[RESULT] s9-continue-head6-v2: 2 passed, 0 failed
[create on A] hosted-workspace-shell/2 -> 200
[submit on A] 202 promptId=253a45b9-3eed-4f05-9ffe-94781eb7a945
[A model rounds] [{"round":0,"tools":["read_file","write_file","edit","run_shell_command","monitor","glob"]},{"round":1,"tools":["read_file","write_file","edit","run_shell_command","monitor","glob"]}]
[A] SIGKILLed while the model round after the committed glob result was in flight
[takeover load on B] 200 recoveryRequired=undefined report={"phase":"results_ready","checkpointId":"ckpt-12","activationId":"6502a643-88c3-4352-a102-f79ff7208964","executions":[{"functionCallId":"rig-cont-0-0","toolName":"glob","executionCallId":"2cfe7fbb-9a1b-4430-8155-b9bec11f2024","runtimeSessionId":"253a45b9-3eed-4f05-9ffe-94781eb7a945","outcome":"known
[continue] 200 {"accepted":true,"promptId":"253a45b9-3eed-4f05-9ffe-94781eb7a945","lastEventId":14,"eventEpoch":"0060c820_7985_46a8_87c4_c611658bb9d1"}
[continued model requests] [{"round":1,"tools":["read_file","write_file","edit","run_shell_command","monitor","glob"]},{"round":2,"tools":["read_file","write_file","edit","run_shell_command","monitor","glob"]}]
[trace] call glob({"pattern":"**/*.ts"})
[trace] result glob status=success "Found 1 file(s) matching \"**/*.ts\" within ., sorted by modification time (newest first):\n---\nsrc/a.ts"
[trace] call glob({"pattern":"src/*"})
[trace] result glob status=success "Found 1 file(s) matching \"src/*\" within ., sorted by modification time (newest first):\n---\nsrc/a.ts"
[terminal] [{"type":"turn_complete","data":{"sessionId":"1b757b4c-0327-439d-a0f2-fd2d88f6ed08","promptId":"253a45b9-3eed-4f05-9ffe-94781eb7a945","stopReason":"end_turn"}}]
[status] {"sessionId":"1b757b4c-0327-439d-a0f2-fd2d88f6ed08","hasActivePrompt":false,"recoveryBlocked":false}
[PASS] continued request still advertises glob (hosted-workspace-shell/2)  -> ["read_file","write_file","edit","run_shell_command","monitor","glob"]
[PASS] continued Turn completes  -> ["turn_complete"]
[harness B log] managed scratch workspaces are unavailable: Managed scratch root conflicts with a startup workspace
[RESULT] s9-continue-head6-v2-shell: 2 passed, 0 failed
ALL-DONE
