17:13:04.627 machine_id=<vm-machine-id> boot_id=ecff1133-97db-45e1-aea7-8237792c49ae uptime=936s kernel=6.8.0-117-generic
17:13:04.639 service: active=active health=200
17:13:05.715 == phase 0: option off (VERIFIED=false), nothing registered
17:13:06.047 file Session A c8773c82-e07e-442d-9a21-4ae1199cf0e0 create=200; Shell Session B 7548f365-5c35-4547-8a55-4ec8801fefdb create=200
17:13:07.166 A turn 1: admit=202 terminal=turn_complete(end_turn) recoveryBlocked=false 1096 ms text="Writing.DONE after 1 tool result(s): [{"type":"text","text":"Successfully created and wrote to new file: /srv/w1a/a/project/note.txt."}]"
17:13:07.167    broker: runtimes:warm→200  tool-sessions:acquire→200  executions:prepare→200  executions/:id:start→200  executions/:id→200  tool-sessions/:id:release→200
17:13:08.442 B turn 1: admit=202 terminal=turn_complete(end_turn) recoveryBlocked=false 1257 ms text="Running a Shell command.DONE after 1 tool result(s): [{"type":"text","text":"Command: echo \"call $(date +%s.%N)\" >> .calls; echo b$(wc -l < .calls) > shell.txt; cat shell.txt; echo warn >&2\nDirecto"
17:13:08.442    broker: runtimes:warm→200  tool-sessions:acquire→200  tool-sessions/:id:publisher→200  executions:prepare→200  executions/:id:start→200  executions/:id→200  executions/:id→200  executions/:id→200  executions/:id→200  executions/:id→200  executions/:id→200  executions/:id:acknowledge→200  tool-sessions/:id:release→200
17:13:08.443    files: a/project/note.txt="v1" b/project/shell.txt="b1" .calls=1
17:13:08.510    rename A=200 B=200; detach A=204 B=204
17:13:08.542    row a: row state=UNVERIFIED rev=0 op=- completed=- dev=- ino=- birth=- reg=- holder=-
17:13:08.543    marker a: absent
17:13:08.543 == phase 1: option turned on BEFORE registration (VERIFIED=true), Spring and Harness restarted
17:13:12.149    health=200 === 2026-09-30T17:13:09.004Z start pid=10621 boot_id=ecff1133-97db-45e1-aea7-8237792c49ae machine_id=<vm-machine-id> jar=head-server.jar dist=dist-head verified=true durable=true harness=false db=w1u_s1
17:13:13.606 A cold load (no profile): 200 {"sessionId":"c8773c82-e07e-442d-9a21-4ae1199cf0e0","clientId":"159866a7-104b-48b2-835a-22939817c41a","workspaceCwd":"/v 668 ms
17:13:14.023 A turn on an unregistered mount: admit=202 terminal=turn_error {"sessionId":"c8773c82-e07e-442d-9a21-4ae1199cf0e0","promptId":"1cc1436c-bf2f-45b9-9fc3-3db63f3b5963","code":"hosted_turn_failed","message":"Hosted Harness turn failed."} recoveryBlocked=false 398 ms
17:13:14.024    broker: runtimes:warm→409(workspace_unavailable)
17:13:14.057    model calls +1; file created: false; row a: row state=UNVERIFIED rev=0 op=- completed=- dev=- ino=- birth=- reg=- holder=-; marker: absent
17:13:14.060    A status after the refusal: {"sessionId":"c8773c82-e07e-442d-9a21-4ae1199cf0e0","hasActivePrompt":false,"recoveryBlocked":false}
17:13:14.321 A text-only turn after the refusal: admit=202 terminal=turn_complete(end_turn) recoveryBlocked=false 243 ms text="HISTORY users=2 toolResults=1 messages=6"
17:13:14.349    detach A=204
17:13:14.349 == phase 2: service stopped, register from the shipped fat jar
17:13:14.772    service stopped
17:13:14.785    workers still alive (durable local process): 10544,10562
17:13:15.320    inspect a before: state=unverified revision=0 operation=null completed=null holder=false identity=mismatch marker=unavailable registration=valid
17:13:15.488   maint register-a-without-flag: exit=1 167 ms -> REFUSED: Usage: register <tenant> <storage> <canonical-root> <operation-uuid> --offline-confirmed | (fence|restore-original) <tenant> <storage> <canonical-root> <mount-revision> <operation-uuid> --offline-confirmed | inspect <tenant> <storage> <canonical-root>
17:13:15.851   maint register-a-bad-uuid: exit=1 362 ms -> REFUSED: Workspace execution authority is unavailable.
17:13:16.454   maint register-a: exit=0 602 ms -> Workspace storage maintenance operation verified.
17:13:16.516    row a: row state=READY rev=1 op=- completed=1bb81db6 dev=64769 ino=788592 birth=2026-09-30T17:12:59.376034439Z reg=44ddcbaf holder=-
17:13:16.516    stat root a: dev=64769 ino=788592
17:13:16.517    marker a: {"version":2,"tenantId":"t-w1a","storageId":"st-a","root":"/srv/w1a/a","hostId":"665491af788208c15aa6389b19bc35b1835e5f4bb45c0c1172ac3e825b4da6be","device":"64769","inode":"788592","birthTime":"2026-09-30T17:12:59.376034439Z","registrationId":"44ddcbaf-5ac7-4cbb-aeae-742027cb017d"}
17:13:16.517    marker mode=664 nlink=1 size=282; leftovers: none
17:13:17.110   maint register-a-retry-same-op: exit=0 591 ms -> Workspace storage maintenance operation verified.
17:13:17.144    after the retry: row unchanged=true; marker inode unchanged=true mtime unchanged=true
17:13:17.696   maint register-a-other-op: exit=1 552 ms -> REFUSED: Workspace execution authority is unavailable.
17:13:17.729    after the conflicting operation: row unchanged=true
17:13:18.324   maint register-b: exit=0 594 ms -> Workspace storage maintenance operation verified.
17:13:18.896    inspect a: state=ready revision=1 operation=null completed=1bb81db6-918f-4dec-8f0b-f72509722ec3 holder=false identity=match marker=match registration=valid
17:13:19.484    inspect b: state=ready revision=1 operation=null completed=9f2de4dd-cdaa-4dbb-840b-c07bfa2b02a6 holder=false identity=match marker=match registration=valid
17:13:19.994    inspect c (never registered): unverified
17:13:19.995 == phase 3: option on, registered; Spring and Harness restarted (new Harness boot id)
17:13:23.154    health=200 === 2026-09-30T17:13:20.018Z start pid=11127 boot_id=ecff1133-97db-45e1-aea7-8237792c49ae machine_id=<vm-machine-id> jar=head-server.jar dist=dist-head verified=true durable=true harness=false db=w1u_s1
17:13:23.954    Harness boot id ba709615 -> a2ccc138
17:13:24.711 A cold load (no profile): 200 756 ms
17:13:25.013 B cold load (no profile): 200 302 ms
17:13:25.013    after both loads: model calls +0, Broker calls: <no Broker calls>
17:13:25.457 A history turn: admit=202 terminal=turn_complete(end_turn) recoveryBlocked=false 427 ms text="HISTORY users=3 toolResults=1 messages=8"
17:13:26.036 A next tool Turn: admit=202 terminal=turn_complete(end_turn) recoveryBlocked=false 564 ms text="Writing.DONE after 1 tool result(s): [{"type":"text","text":"Successfully created and wrote to new file: /srv/w1a/a/project/note3.txt."}]"
17:13:26.037    broker: runtimes:warm→200  runtimes:warm→200  tool-sessions:acquire→200  executions:prepare→200  executions/:id:start→200  executions/:id→200  tool-sessions/:id:release→200
17:13:26.181 B history turn: admit=202 terminal=turn_complete(end_turn) recoveryBlocked=false 129 ms text="HISTORY users=2 toolResults=1 messages=6"
17:13:27.062 B next Shell Turn: admit=202 terminal=turn_complete(end_turn) recoveryBlocked=false 867 ms text="Running a Shell command.DONE after 1 tool result(s): [{"type":"text","text":"Command: echo \"call $(date +%s.%N)\" >> .calls; echo b$(wc -l < .calls) > shell.txt; cat shell.txt; echo warn >&2\nDirecto"
17:13:27.063    broker: runtimes:warm→200  runtimes:warm→200  tool-sessions:acquire→200  tool-sessions/:id:publisher→200  executions:prepare→200  executions/:id:start→200  executions/:id→200  executions/:id→200  executions/:id→200  executions/:id→200  executions/:id:acknowledge→200  tool-sessions/:id:release→200
17:13:27.063    files: note.txt="v1" note3.txt="v3" shell.txt="b2" .calls=2 (2 = the first Shell effect was not repeated)
17:13:27.141 Session C on the unregistered storage c: create=200
17:13:27.263 C tool Turn: admit=202 terminal=turn_error {"sessionId":"e548b221-dd4f-4695-b3e2-640db22ca1e9","promptId":"eabad998-292f-4e28-8cf8-dbf00f151617","code":"hosted_turn_failed","message":"Hosted Harness turn failed."} recoveryBlocked=false 109 ms
17:13:27.263    broker: runtimes:warm→409(workspace_unavailable)
17:13:27.319    detach A=204 B=204 C=204
17:13:27.319 == phase 4a: SIGKILL the server (workers survive), restart Spring + Harness
17:13:27.327    workers before: 10544,10562
17:13:28.367    kill -9 of the server main PID only: pid 11127 -> failed
17:13:31.569    health=200 === 2026-09-30T17:13:28.407Z start pid=11264 boot_id=ecff1133-97db-45e1-aea7-8237792c49ae machine_id=<vm-machine-id> jar=head-server.jar dist=dist-head verified=true durable=true harness=false db=w1u_s1
17:13:32.394    workers after the restart: 10544,10562
17:13:33.330 A cold load: 200 935 ms
17:13:33.857 B cold load: 200 526 ms
17:13:34.691 A next tool Turn: admit=202 terminal=turn_complete(end_turn) recoveryBlocked=false 814 ms text="Writing.DONE after 1 tool result(s): [{"type":"text","text":"Successfully created and wrote to new file: /srv/w1a/a/project/note4.txt."}]"
17:13:34.692    broker: runtimes:warm→200  tool-sessions:acquire→200  executions:prepare→200  executions/:id:start→200  executions/:id→200  tool-sessions/:id:release→200
17:13:35.586 B next Shell Turn: admit=202 terminal=turn_complete(end_turn) recoveryBlocked=false 875 ms text="Running a Shell command.DONE after 1 tool result(s): [{"type":"text","text":"Command: echo \"call $(date +%s.%N)\" >> .calls; echo b$(wc -l < .calls) > shell.txt; cat shell.txt; echo warn >&2\nDirecto"
17:13:35.586    broker: runtimes:warm→200  tool-sessions:acquire→200  tool-sessions/:id:publisher→200  executions:prepare→200  executions/:id:start→200  executions/:id→200  executions/:id→200  executions/:id→200  executions/:id→200  executions/:id:acknowledge→200  tool-sessions/:id:release→200
17:13:35.629    .calls=3 shell.txt="b3"; detach A=204 B=204
17:13:35.630 == phase 4b: SIGKILL the Harness without detaching, then load in a new Harness
17:13:36.127 A load: 200
17:13:45.175    first attempt: 503 {"error":"managed_session_open_failed","code":"managed_session_open_failed"}
17:14:38.606 A cold load after a Harness SIGKILL: 200 after 53 s (27 attempts; the dead writer's 60 s lease must lapse)
17:14:39.426 A next tool Turn: admit=202 terminal=turn_complete(end_turn) recoveryBlocked=false 806 ms text="Writing.DONE after 1 tool result(s): [{"type":"text","text":"Successfully created and wrote to new file: /srv/w1a/a/project/note5.txt."}]"
17:14:39.492    rows: row state=READY rev=1 op=- completed=1bb81db6 dev=64769 ino=788592 birth=2026-09-30T17:12:59.376034439Z reg=44ddcbaf holder=- | row state=READY rev=1 op=- completed=9f2de4dd dev=64769 ino=788594 birth=2026-09-30T17:12:59.377034439Z reg=2acd4b58 holder=-
17:14:40.191    inspect a: state=ready revision=1 operation=null completed=1bb81db6-918f-4dec-8f0b-f72509722ec3 holder=false identity=match marker=match registration=valid
17:14:40.201    model calls total 19; workers 10544,10562
17:14:40.323 S1-DONE
