17:14:46.247 machine_id=<vm-machine-id> boot_id=ecff1133-97db-45e1-aea7-8237792c49ae uptime=1038s kernel=6.8.0-117-generic
17:14:46.261 arm: head-on | active=active health=200
17:14:47.586 file Session A 61cd0950-dfbb-4763-b3ab-48664415c9da create=200
17:14:48.720   maint register-a: exit=0 710 ms -> Workspace storage maintenance operation verified.
17:14:51.860    health=200 === 2026-09-30T17:14:48.735Z start pid=12411 boot_id=ecff1133-97db-45e1-aea7-8237792c49ae machine_id=<vm-machine-id> jar=head-server.jar dist=dist-head verified=true durable=true harness=false db=w1u_s2
17:14:52.331    A load=200
17:14:53.678 A turn 1 (before any change): admit=202 terminal=turn_complete(end_turn) recoveryBlocked=false 1324 ms text="Writing.DONE after 1 tool result(s): [{"type":"text","text":"Successfully created and wrote to new file: /srv/w1a/a/project/seed.txt."}]"
17:14:53.679    broker: runtimes:warm→200  tool-sessions:acquire→200  executions:prepare→200  executions/:id:start→200  executions/:id→200  tool-sessions/:id:release→200
17:14:53.690    worker pids: 12497
17:15:00.066 case 1 control: nothing changed
17:15:00.068    -> EXECUTED -> /srv/w1a/a/project/case1.txt
17:15:00.068    load=200 turn=turn_complete model+2 written=/srv/w1a/a/project/case1.txt | GET session=200 events=200
17:15:00.068    inspect: state=ready revision=1 operation=null completed=0cb1ca8c-d25d-43c3-bae8-9f1256b770a2 holder=false identity=match marker=match registration=valid
17:15:05.717    health=200
17:15:07.125    original dev=64769 ino=788592; replacement dev=64769 ino=789153
17:15:14.966 case 2 root replaced at the same pathname (mv a a.prev; mkdir a/project)
17:15:14.966    -> REFUSED (turn_error; runtimes:warm→409(workspace_unavailable))
17:15:14.967    load=200 turn=turn_error model+1 written=nowhere | GET session=200 events=200
17:15:14.967    inspect: state=ready revision=1 operation=null completed=0cb1ca8c-d25d-43c3-bae8-9f1256b770a2 holder=false identity=unavailable marker=unavailable registration=valid
17:15:20.608    health=200
17:15:29.441 case 3 replacement root with the marker copied into it
17:15:29.441    -> REFUSED (turn_error; runtimes:warm→409(workspace_unavailable))
17:15:29.442    load=200 turn=turn_error model+1 written=nowhere | GET session=200 events=200
17:15:29.442    inspect: state=ready revision=1 operation=null completed=0cb1ca8c-d25d-43c3-bae8-9f1256b770a2 holder=false identity=mismatch marker=match registration=valid
17:15:33.060    health=200
17:15:41.267 case 4 original root back in place (control after the two replacements)
17:15:41.267    -> EXECUTED -> /srv/w1a/a/project/case4.txt
17:15:41.268    load=200 turn=turn_complete model+2 written=/srv/w1a/a/project/case4.txt | GET session=200 events=200
17:15:41.268    inspect: state=ready revision=1 operation=null completed=0cb1ca8c-d25d-43c3-bae8-9f1256b770a2 holder=false identity=match marker=match registration=valid
17:15:45.882    health=200
17:15:54.771 case 5 marker removed from the original root
17:15:54.772    -> REFUSED (turn_error; runtimes:warm→409(workspace_unavailable))
17:15:54.772    load=200 turn=turn_error model+1 written=nowhere | GET session=200 events=200
17:15:54.773    inspect: state=ready revision=1 operation=null completed=0cb1ca8c-d25d-43c3-bae8-9f1256b770a2 holder=false identity=match marker=unavailable registration=valid
17:15:59.448    health=200
17:16:09.823 case 6 marker registrationId edited
17:16:09.824    -> REFUSED (turn_error; runtimes:warm→409(workspace_unavailable))
17:16:09.824    load=200 turn=turn_error model+1 written=nowhere | GET session=200 events=200
17:16:09.825    inspect: state=ready revision=1 operation=null completed=0cb1ca8c-d25d-43c3-bae8-9f1256b770a2 holder=false identity=match marker=mismatch registration=valid
17:16:14.416    health=200
17:16:21.999 case 7 marker re-serialized (pretty-printed, same values)
17:16:22.001    -> EXECUTED -> /srv/w1a/a/project/case7.txt
17:16:22.001    load=200 turn=turn_complete model+2 written=/srv/w1a/a/project/case7.txt | GET session=200 events=200
17:16:22.002    inspect: state=ready revision=1 operation=null completed=0cb1ca8c-d25d-43c3-bae8-9f1256b770a2 holder=false identity=match marker=match registration=valid
17:16:26.621    health=200
17:16:34.625 case 8 marker replaced by a symlink to an identical copy
17:16:34.628    -> REFUSED (turn_error; runtimes:warm→409(workspace_unavailable))
17:16:34.628    load=200 turn=turn_error model+1 written=nowhere | GET session=200 events=200
17:16:34.628    inspect: state=ready revision=1 operation=null completed=0cb1ca8c-d25d-43c3-bae8-9f1256b770a2 holder=false identity=match marker=unavailable registration=valid
17:16:39.235    health=200
17:16:47.526 case 9 saved cwd missing (mv project project.bak)
17:16:47.527    -> REFUSED (turn_error; runtimes:warm→409(workspace_unavailable))
17:16:47.527    load=200 turn=turn_error model+1 written=nowhere | GET session=200 events=200
17:16:47.527    inspect: state=ready revision=1 operation=null completed=0cb1ca8c-d25d-43c3-bae8-9f1256b770a2 holder=false identity=match marker=match registration=valid
17:16:53.172    health=200
17:17:01.718 case 10 saved cwd replaced by a symlink to another directory
17:17:01.719    -> REFUSED (turn_error; runtimes:warm→409(workspace_unavailable))
17:17:01.720    load=200 turn=turn_error model+1 written=nowhere | GET session=200 events=200
17:17:01.720    inspect: state=ready revision=1 operation=null completed=0cb1ca8c-d25d-43c3-bae8-9f1256b770a2 holder=false identity=match marker=match registration=valid
17:17:06.344    health=200
17:17:12.875 case 11 root replaced by a symlink to the moved original (mv a a.real; ln -s a.real a)
17:17:12.875    -> server did not start
17:17:12.875    	at java.base/java.lang.reflect.Method.invoke(Method.java:580) ~[na:na] / 	at org.springframework.beans.factory.support.SimpleInstantiationStrategy.lambda$instantiate$0(SimpleInstantiationStrategy.java:172) ~[spring-beans-6.2.19.jar!/:6.2.19] / 	... 85 common frames omitted
17:17:12.876    inspect: state=ready revision=1 operation=null completed=0cb1ca8c-d25d-43c3-bae8-9f1256b770a2 holder=false identity=unavailable marker=match registration=valid
17:17:18.129    health=200
17:17:22.029   maint fence-a-rev1: exit=0 946 ms -> Workspace storage maintenance operation verified.
17:17:22.067    row: row state=FENCED rev=1 op=dd3931d8 completed=- dev=64769 ino=788592 birth=2026-09-30T17:14:40.988034487Z reg=18c7d069 holder=-
17:17:28.313 case 12 storage fenced offline (fence <rev 1> <op>)
17:17:28.314    -> REFUSED (turn_error; runtimes:warm→409(workspace_unavailable))
17:17:28.315    load=200 turn=turn_error model+1 written=nowhere | GET session=200 events=200
17:17:28.315    inspect: state=fenced revision=1 operation=dd3931d8-fb50-4c06-ab42-685d57b49be6 completed=null holder=false identity=match marker=match registration=valid
17:17:29.566   maint fence-a-rev1-retry: exit=0 779 ms -> Workspace storage maintenance operation verified.
17:17:30.177   maint fence-a-other-op-while-fenced: exit=1 609 ms -> REFUSED: Workspace execution authority is unavailable.
17:17:30.960   maint restore-a-other-op: exit=1 781 ms -> REFUSED: Workspace execution authority is unavailable.
17:17:31.831   maint restore-a-wrong-rev: exit=1 868 ms -> REFUSED: Workspace execution authority is unavailable.
17:17:32.764   maint restore-a: exit=0 932 ms -> Workspace storage maintenance operation verified.
17:17:32.812    row: row state=READY rev=2 op=- completed=dd3931d8 dev=64769 ino=788592 birth=2026-09-30T17:14:40.988034487Z reg=18c7d069 holder=-
17:17:33.791   maint restore-a-retry: exit=0 978 ms -> Workspace storage maintenance operation verified.
17:17:33.834    row after the retry: row state=READY rev=2 op=- completed=dd3931d8 dev=64769 ino=788592 birth=2026-09-30T17:14:40.988034487Z reg=18c7d069 holder=-
17:17:34.993   maint delayed-old-fence-rev1: exit=1 1157 ms -> REFUSED: Workspace execution authority is unavailable.
17:17:35.033    row after the delayed fence: row state=READY rev=2 op=- completed=dd3931d8 dev=64769 ino=788592 birth=2026-09-30T17:14:40.988034487Z reg=18c7d069 holder=-
17:17:40.279    health=200
17:17:51.084 case 13 after restore-original (revision 2)
17:17:51.085    -> EXECUTED -> /srv/w1a/a/project/case13.txt
17:17:51.086    load=200 turn=turn_complete model+2 written=/srv/w1a/a/project/case13.txt | GET session=200 events=200
17:17:51.086    inspect: state=ready revision=2 operation=null completed=dd3931d8-fb50-4c06-ab42-685d57b49be6 holder=false identity=match marker=match registration=valid
17:17:55.722    health=200
17:17:58.202 == summary
17:17:58.203    1 ok  control: nothing changed -> EXECUTED -> /srv/w1a/a/project/case1.txt
17:17:58.203    2 ok  root replaced at the same pathname (mv a a.prev; mkdir a/project) -> REFUSED (turn_error; runtimes:warm→409(workspace_unavailable))
17:17:58.204    3 ok  replacement root with the marker copied into it -> REFUSED (turn_error; runtimes:warm→409(workspace_unavailable))
17:17:58.204    4 ok  original root back in place (control after the two replacements) -> EXECUTED -> /srv/w1a/a/project/case4.txt
17:17:58.204    5 ok  marker removed from the original root -> REFUSED (turn_error; runtimes:warm→409(workspace_unavailable))
17:17:58.204    6 ok  marker registrationId edited -> REFUSED (turn_error; runtimes:warm→409(workspace_unavailable))
17:17:58.207    7 ok  marker re-serialized (pretty-printed, same values) -> EXECUTED -> /srv/w1a/a/project/case7.txt
17:17:58.207    8 ok  marker replaced by a symlink to an identical copy -> REFUSED (turn_error; runtimes:warm→409(workspace_unavailable))
17:17:58.207    9 ok  saved cwd missing (mv project project.bak) -> REFUSED (turn_error; runtimes:warm→409(workspace_unavailable))
17:17:58.208   10 ok  saved cwd replaced by a symlink to another directory -> REFUSED (turn_error; runtimes:warm→409(workspace_unavailable))
17:17:58.208   11 ok  root replaced by a symlink to the moved original (mv a a.real; ln -s a.real a) -> server did not start
17:17:58.208   12 ok  storage fenced offline (fence <rev 1> <op>) -> REFUSED (turn_error; runtimes:warm→409(workspace_unavailable))
17:17:58.208   13 ok  after restore-original (revision 2) -> EXECUTED -> /srv/w1a/a/project/case13.txt
17:17:58.209    files under a/project: case1.txt case13.txt case4.txt case7.txt seed.txt
17:17:58.380 S2-DONE
