[GROUP] M1 v1 arm=r2
[M1-v1] before release: GET 200 state=settled | release ok true
[M1-v1] after release:  GET 404 runtime_session_not_found state=undefined result=undefined | cancel 404 runtime_session_not_found state=undefined | start 404 runtime_session_not_found state=undefined
[M1-v1] after release:  reserve again with the same key and reference 404 runtime_session_not_found sameExecution=false | same key, other invocation 404 runtime_session_not_found | other Harness Session 404 runtime_session_not_found
[M1-v1] after release:  NEW reservation 404 runtime_session_not_found | control[history] 404 runtime_session_not_found | provider.inspectExecution refused status=404 code=runtime_session_not_found BrokerResponseError: Managed Runtime Broker returned HTTP 404. Runtime Session is not active in this Broker process
[M1-v1] Session row RELEASED/v3 -> RELEASED/v3 | rows=["SETTLED/success"] | file="receipt\n" | worker requests after release: 0
[FAIL] M1-v1.1 a released Session still answers for its terminal execution: GET, cancel and the same reservation return the stored receipt
[FAIL] M1-v1.2 receipts are owner-bound and idempotency-bound: other invocation and other Harness Session are refused :: 404 runtime_session_not_found | 404 runtime_session_not_found
[PASS] M1-v1.3 reading receipts reopens nothing: no worker request, Session row unchanged, no new work or live control admitted :: wire=0 fresh=404 runtime_session_not_found control=404 runtime_session_not_found
[GROUP] M1 v2 arm=r2
[M1-v2] before release: GET 200 state=settled | release ok true
[M1-v2] after release:  GET 404 runtime_session_not_found state=undefined result=undefined | cancel 404 runtime_session_not_found state=undefined | start 404 runtime_session_not_found state=undefined
[M1-v2] after release:  reserve again with the same key and reference 404 runtime_session_not_found sameExecution=false | same key, other invocation 404 runtime_session_not_found | other Harness Session 404 runtime_session_not_found
[M1-v2] after release:  NEW reservation 404 runtime_session_not_found | control[history] 404 runtime_session_not_found | provider.inspectExecution refused status=404 code=runtime_session_not_found BrokerResponseError: Managed Runtime Broker returned HTTP 404. Runtime Session is not active in this Broker process
[M1-v2] Session row RELEASED/v3 -> RELEASED/v3 | rows=["SETTLED/success"] | file="receipt\n" | worker requests after release: 0
[FAIL] M1-v2.1 a released Session still answers for its terminal execution: GET, cancel and the same reservation return the stored receipt
[FAIL] M1-v2.2 receipts are owner-bound and idempotency-bound: other invocation and other Harness Session are refused :: 404 runtime_session_not_found | 404 runtime_session_not_found
[PASS] M1-v2.3 reading receipts reopens nothing: no worker request, Session row unchanged, no new work or live control admitted :: wire=0 fresh=404 runtime_session_not_found control=404 runtime_session_not_found
[GROUP] M2 v1 arm=r2
[M2-v1] cancel #1 200 cancelled worker saw [cancel,status] | cancel #2 200 worker saw [cancel] | 3 concurrent 200,200,200 | release ok true | cancel after release 404 runtime_session_not_found worker saw []
[PASS] M2-v1.1 every cancellation before release asks the worker again and answers cancelled; none has an effect
[FAIL] M2-v1.2 after release the cancellation is answered from the stored receipt with no worker request :: release=ok true
[GROUP] M2 v2 arm=r2
[M2-v2] cancel #1 200 cancelled worker saw [cancel,status] | cancel #2 200 worker saw [cancel] | 3 concurrent 200,200,200 | release ok true | cancel after release 404 runtime_session_not_found worker saw []
[PASS] M2-v2.1 every cancellation before release asks the worker again and answers cancelled; none has an effect
[FAIL] M2-v2.2 after release the cancellation is answered from the stored receipt with no worker request :: release=ok true
[SUMMARY] 4/10 checks passed — failed: M1-v1.1, M1-v1.2, M1-v2.1, M1-v2.2, M2-v1.2, M2-v2.2
