=== 10:21:55 h9M1 (src-h9-M1) load: 28.46 38.14 37.84
[h9M1-inflight-db-cancel-load-status-fail] exit=0 40s terminal="terminal":"turn.cancelled"
[h9M1] BATCH-DONE
=== 10:22:37 h9M2 (src-h9-M2) load: 20.91 34.88 36.66
[h9M2-inflight-db-cancel-history-read-fail] exit=0 120s terminal="terminal":"NONEwithin90000ms"
[h9M2] BATCH-DONE
=== 10:24:39 h9M3 (src-h9-M3) load: 34.96 33.75 35.84
[h9M3-inflight-db-cancel-release-fail] exit=0 186s terminal="terminal":"turn.cancelled"
[h9M3] BATCH-DONE
=== 10:27:47 b9 (src-b9) load: 32.15 30.34 33.82
[b9-inflight-db-cancel] exit=0 165s terminal="terminal":"NONEwithin90000ms"
[b9-continuation-db-cancel] exit=0 166s terminal="terminal":"NONEwithin90000ms"
[b9] BATCH-DONE
=== 10:33:20 h9 (src-h9) load: 17.67 20.49 28.28
[h9-continuation-db-cancel] exit=0 38s terminal="terminal":"turn.cancelled"
[h9-inflight-db-cancel-drop-reply] exit=0 39s terminal="terminal":"turn.cancelled"
[h9-continuation-db-cancel-drop-reply] exit=0 37s terminal="terminal":"turn.cancelled"
[h9-continuation-db-cancel-release-fail] exit=0 92s terminal="terminal":"turn.cancelled"
[h9] BATCH-DONE
=== 10:36:47 h9d (src-h9) load: 51.90 34.51 32.51
[h9d-inflight-none] exit=0 41s terminal="terminal":"turn.completed"
[h9d-continuation-none] exit=0 57s terminal="terminal":"turn.completed"
[h9d] BATCH-DONE
=== 10:38:26 BATCH-R5A-DONE
