[CJK stdout 200 KB, tail offset 0] admit=202 terminal=turn_complete(end_turn) recoveryBlocked=false 2872ms
[  model input] 8190 B; marker x1; exit 0: true; omitted-marker: false; [Recent stderr]: false; odd chars in recent-stderr block: 0, in whole input: 0; worker path: false; ansi fragments: 0; U+FFFD: 0
[CJK stdout 200 KB, tail offset 1] admit=202 terminal=turn_complete(end_turn) recoveryBlocked=false 2904ms
[  model input] 8188 B; marker x1; exit 0: true; omitted-marker: false; [Recent stderr]: false; odd chars in recent-stderr block: 0, in whole input: 0; worker path: false; ansi fragments: 0; U+FFFD: 0
[CJK stdout 200 KB, tail offset 2] admit=202 terminal=turn_complete(end_turn) recoveryBlocked=false 2919ms
[  model input] 8189 B; marker x1; exit 0: true; omitted-marker: false; [Recent stderr]: false; odd chars in recent-stderr block: 0, in whole input: 0; worker path: false; ansi fragments: 0; U+FFFD: 0
[CJK log lines 200 KB, tail offset 0] admit=202 terminal=turn_complete(end_turn) recoveryBlocked=false 3112ms
[  model input] 8189 B; marker x1; exit 0: true; omitted-marker: false; [Recent stderr]: false; odd chars in recent-stderr block: 0, in whole input: 0; worker path: false; ansi fragments: 0; U+FFFD: 0
[CJK log lines 200 KB, tail offset 1] admit=202 terminal=turn_complete(end_turn) recoveryBlocked=false 3021ms
[  model input] 8190 B; marker x1; exit 0: true; omitted-marker: false; [Recent stderr]: false; odd chars in recent-stderr block: 0, in whole input: 0; worker path: false; ansi fragments: 0; U+FFFD: 0
[CJK log lines 200 KB, tail offset 2] admit=202 terminal=turn_complete(end_turn) recoveryBlocked=false 3113ms
[  model input] 8188 B; marker x1; exit 0: true; omitted-marker: false; [Recent stderr]: false; odd chars in recent-stderr block: 0, in whole input: 0; worker path: false; ansi fragments: 0; U+FFFD: 0
[CJK stdout 90 KB] admit=202 terminal=turn_complete(end_turn) recoveryBlocked=false 2893ms
[  model input] 8192 B; marker x1; exit 0: true; omitted-marker: false; [Recent stderr]: false; odd chars in recent-stderr block: 0, in whole input: 0; worker path: false; ansi fragments: 0; U+FFFD: 0
[ANSI-coloured stdout 200 KB, tail offset 0] admit=202 terminal=turn_complete(end_turn) recoveryBlocked=false 3222ms
[  model input] 8192 B; marker x1; exit 0: true; omitted-marker: false; [Recent stderr]: false; odd chars in recent-stderr block: 0, in whole input: 0; worker path: false; ansi fragments: 0; U+FFFD: 0
[ANSI-coloured stdout 200 KB, tail offset 1] admit=202 terminal=turn_complete(end_turn) recoveryBlocked=false 3376ms
[  model input] 8192 B; marker x1; exit 0: true; omitted-marker: false; [Recent stderr]: false; odd chars in recent-stderr block: 0, in whole input: 0; worker path: false; ansi fragments: 0; U+FFFD: 0
[ANSI-coloured stdout 200 KB, tail offset 2] admit=202 terminal=turn_complete(end_turn) recoveryBlocked=false 3345ms
[  model input] 8192 B; marker x1; exit 0: true; omitted-marker: false; [Recent stderr]: false; odd chars in recent-stderr block: 0, in whole input: 0; worker path: false; ansi fragments: 0; U+FFFD: 0
