## h4-s3-inherited-pipe  head=33256a5ea9 dirty=0 root=/tmp/pr12821-h4-s3-inherited-pipe-xBzI
host pid=68306 origin=http://127.0.0.1:50174
execute -> 200 1.386044s
  {"state":"settled","executionStatus":"success","capture":{"captureStatus":"partial","captureReason":"producer_lost","deliveryStatus":"blocked","previewTruncated":true,"manifest":{"byteLength":1563}}}
checkpoint -> {"phase":"await_runtime","events":["1:activation.changed","2:checkpoint.committed","3:turn.settled","4:checkpoint.committed","5:tool.intent","6:checkpoint.committed","7:tool.receipt"],"faultLog":[]}
execute (repeat) -> 200 0.001677s  identical=yes
status -> 200 0.002342s {"state":"settled","lastSequence":2,"deliveryStatus":"blocked"}
side-effect runs so far: 1
ack(receipt seq=7, blocked) -> 200 {"state":"settled","deliveryStatus":"blocked","code":null}
ack repeat identical -> 200 {"state":"settled","code":null}
ack upgraded blocked->committed -> 409 {"code":"managed_tool_result_conflict"}
host stopped: CLOSED
successor reader (new process, writer lease as worker-b, O1b read-only):
{
  "successorPid": 68466,
  "checkpointPhase": "await_runtime",
  "events": [
    "1:activation.changed",
    "2:checkpoint.committed",
    "3:turn.settled",
    "4:checkpoint.committed",
    "5:tool.intent",
    "6:checkpoint.committed",
    "7:tool.receipt",
    "8:activation.changed",
    "9:activation.changed"
  ],
  "prefix_stdout": {
    "segmentCount": 2,
    "byteLength": 2097152,
    "digest": "7c2bcff9180744993fb9c514c8908f4830cca22790cb047a162b06ed948f672d",
    "sealed": false,
    "matchesGenerator": true
  },
  "prefix_stderr": {
    "segmentCount": 1,
    "byteLength": 65536,
    "digest": "8289d649c2916233ee45ab38f595a9685eecc8b0f99a6d6993b1d57325a737e7",
    "sealed": false,
    "matchesGenerator": true
  },
  "manifest": {
    "executionStatus": "success",
    "exitCode": 0,
    "signal": null,
    "captureStatus": "partial",
    "captureReason": "producer_lost"
  },
  "recorded": {
    "deliveryStatus": "blocked",
    "historyRevision": null
  },
  "reread_stdout": {
    "state": "incomplete",
    "manifestBytes": 2097152,
    "rereadBytes": 2097152,
    "rereadDigestMatchesManifest": true,
    "generatorBytes": 2097152,
    "rereadDigestMatchesGenerator": true
  },
  "stdoutTail5": {
    "read": "468af31525",
    "generator": "468af31525"
  },
  "reread_stderr": {
    "state": "incomplete",
    "manifestBytes": 65536,
    "rereadBytes": 65536,
    "rereadDigestMatchesManifest": true,
    "generatorBytes": 65536,
    "rereadDigestMatchesGenerator": true
  },
  "rePrepare": "rejected: Original Shell execution was not committed before dispatch.",
  "sideEffectRuns": 1
}
## end h4-s3-inherited-pipe head=33256a5ea9
