06:27:26.465 spring.ready 3360 ms Current version of schema `r45_lineage`: 54
06:27:27.313 harness.ready
06:27:28.887 CELL B|warmup|pub|cr {"status":202,"code":null,"turn":"COMPLETED","error":null,"ms":902}
06:27:29.494 CELL B|setup {"holdP":{"status":202,"code":null},"holdW":{"status":202,"code":null},"heldOk":true,"approval":{"status":202,"code":null},"action":true}
06:27:29.595 CELL B|cap|cr {"get":{"workspaceTurns":false,"actions":true,"sessionClose":false,"sessionArchive":false,"sessionDelete":false},"query":{"workspaceTurns":false},"pub":{"session_close":false,"session_archive":false,"session_delete":false}}
06:27:29.620 CELL B|cap|op2 {"get":{"workspaceTurns":false,"actions":true,"sessionClose":false,"sessionArchive":false,"sessionDelete":false},"query":{"workspaceTurns":false},"pub":{"session_close":false,"session_archive":false,"session_delete":false}}
06:27:29.641 CELL B|cap|ow2 {"get":{"workspaceTurns":false,"actions":true,"sessionClose":false,"sessionArchive":false,"sessionDelete":false},"query":{"workspaceTurns":false},"pub":{"session_close":false,"session_archive":false,"session_delete":false}}
06:27:29.659 CELL B|cap|rd {"get":{"workspaceTurns":false,"actions":true,"sessionClose":false,"sessionArchive":false,"sessionDelete":false},"query":{"workspaceTurns":false},"pub":{"session_close":false,"session_archive":false,"session_delete":false}}
06:27:29.762 CELL B|submit|pub|cr {"status":403,"code":"session_operation_forbidden","delta":{"turnReq":0,"pendingCmd":0,"turns":0,"ops":0}}
06:27:30.101 CELL B|submit|pub|op2 {"status":202,"code":null,"turn":"FAILED","error":"workspace_unavailable","ms":237,"delta":{"turnReq":0,"pendingCmd":0,"turns":1,"ops":0}}
06:27:30.222 CELL B|submit|pub|ow2 {"status":202,"code":null,"turn":"FAILED","error":"workspace_unavailable","ms":16,"delta":{"turnReq":0,"pendingCmd":0,"turns":1,"ops":0}}
06:27:30.324 CELL B|submit|pub|rd {"status":403,"code":"session_operation_forbidden","delta":{"turnReq":0,"pendingCmd":0,"turns":0,"ops":0}}
06:27:30.425 CELL B|submit|web|cr {"status":403,"code":"session_operation_forbidden","delta":{"turnReq":0,"pendingCmd":0,"turns":0,"ops":0}}
06:27:30.549 CELL B|submit|web|op2 {"status":202,"code":null,"turn":"FAILED","error":"workspace_unavailable","ms":17,"delta":{"turnReq":0,"pendingCmd":0,"turns":1,"ops":0}}
06:27:30.673 CELL B|submit|web|ow2 {"status":202,"code":null,"turn":"FAILED","error":"workspace_unavailable","ms":16,"delta":{"turnReq":0,"pendingCmd":0,"turns":1,"ops":0}}
06:27:30.773 CELL B|submit|web|rd {"status":403,"code":"session_operation_forbidden","delta":{"turnReq":0,"pendingCmd":0,"turns":0,"ops":0}}
06:27:30.780 CELL B|rename|pub|cr {"status":403,"code":"session_operation_forbidden"}
06:27:30.792 CELL B|rename|pub|op2 {"status":409,"code":"workspace_unavailable"}
06:27:30.802 CELL B|rename|pub|ow2 {"status":409,"code":"workspace_unavailable"}
06:27:30.847 CELL B|cwd|pub|cr {"status":403,"code":"session_operation_forbidden"}
06:27:30.888 CELL B|cwd|pub|op2 {"status":409,"code":"workspace_unavailable"}
06:27:30.932 CELL B|cwd|web|cr {"status":403,"code":"session_operation_forbidden"}
06:27:30.971 CELL B|cwd|web|op2 {"status":409,"code":"workspace_unavailable"}
06:27:31.078 CELL B|respond|pub|rd {"status":403,"code":"action_forbidden","delta":{"turnReq":0,"pendingCmd":0,"turns":0,"ops":0}}
06:27:51.458 CELL B|respond|pub|op2 {"status":202,"code":null,"delta":{"turnReq":0,"pendingCmd":0,"turns":0,"ops":1},"op":{"state":"NOT_SETTLED(running)","db":["RUNNING","","JAVA_DURABLE","PENDING"]}}
06:28:11.601 CELL B|respond|pub|ow2 {"status":202,"code":null,"delta":{"turnReq":0,"pendingCmd":0,"turns":0,"ops":1},"op":{"state":"NOT_SETTLED(running)","db":["RUNNING","","JAVA_DURABLE","PENDING"]}}
06:28:31.929 CELL B|respond|pub|cr {"status":202,"code":null,"delta":{"turnReq":0,"pendingCmd":0,"turns":0,"ops":1},"op":{"state":"NOT_SETTLED(running)","db":["RUNNING","","JAVA_DURABLE","PENDING"]}}
06:28:32.046 CELL B|respond|web|rd {"status":403,"code":"action_forbidden","delta":{"turnReq":0,"pendingCmd":0,"turns":0,"ops":0}}
06:28:52.417 CELL B|respond|web|op2 {"status":202,"code":null,"delta":{"turnReq":0,"pendingCmd":0,"turns":0,"ops":1},"op":{"state":"NOT_SETTLED(running)","db":["RUNNING","","JAVA_DURABLE","PENDING"]}}
06:29:12.761 CELL B|respond|web|ow2 {"status":202,"code":null,"delta":{"turnReq":0,"pendingCmd":0,"turns":0,"ops":1},"op":{"state":"NOT_SETTLED(running)","db":["RUNNING","","JAVA_DURABLE","PENDING"]}}
06:29:33.069 CELL B|respond|web|cr {"status":202,"code":null,"delta":{"turnReq":0,"pendingCmd":0,"turns":0,"ops":1},"op":{"state":"NOT_SETTLED(running)","db":["RUNNING","","JAVA_DURABLE","PENDING"]}}
06:29:33.099 CELL B|cancel|pub|op2 {"status":202,"code":null,"turn":"COMPLETED","error":null,"ms":17}
06:29:33.125 CELL B|cancel|web|op2 {"status":202,"code":null,"turn":"COMPLETED","error":null,"ms":17}
06:29:33.176 CELL B|totals {"turnReq":0,"pendingCmd":0,"turns":4,"ops":6}
06:29:33.246 CELL B|action-after-restore {"action":"requested","turn":["RUNNING",""]}
06:29:33.742 CELL B|respond-after-restore|pub|cr {"status":202,"code":null,"op":{"state":"completed","failure":null},"turn":"COMPLETED","error":null,"ms":234}
06:29:33.743 DONE facts 131 s
06:29:33.840 harness.exit 0 null
06:29:34.373 spring.exit 143 null
