07:24:41.466 spring.ready 3882 ms Current version of schema `r45_mlin`: 55
07:24:42.299 harness.ready
07:24:43.869 CELL A|warmup|pub|cr {"status":202,"code":null,"turn":"COMPLETED","error":null,"ms":907}
07:24:43.902 CELL A|cap|cr {"get":{"workspaceTurns":true,"actions":true,"sessionClose":false,"sessionArchive":false,"sessionDelete":false},"query":{"workspaceTurns":true},"pub":{"session_close":false,"session_archive":false,"session_delete":false}}
07:24:43.919 CELL A|cap|op2 {"get":{"workspaceTurns":true,"actions":true,"sessionClose":false,"sessionArchive":false,"sessionDelete":false},"query":{"workspaceTurns":true},"pub":{"session_close":false,"session_archive":false,"session_delete":false}}
07:24:43.938 CELL A|cap|ow2 {"get":{"workspaceTurns":true,"actions":true,"sessionClose":false,"sessionArchive":false,"sessionDelete":false},"query":{"workspaceTurns":true},"pub":{"session_close":false,"session_archive":false,"session_delete":false}}
07:24:43.954 CELL A|cap|rd {"get":{"workspaceTurns":false,"actions":true,"sessionClose":false,"sessionArchive":false,"sessionDelete":false},"query":{"workspaceTurns":false},"pub":{"session_close":false,"session_archive":false,"session_delete":false}}
07:24:43.969 CELL A|cap|nn {"get":{"status":404,"code":"session_not_found"},"query":{"listed":false,"status":200},"pub":{"status":404,"code":"session_not_found"}}
07:24:44.535 CELL A|submit|pub|cr {"status":202,"code":null,"turn":"COMPLETED","error":null,"ms":449,"delta":{"turnReq":1,"pendingCmd":0,"turns":1,"ops":0}}
07:24:45.099 CELL A|submit|pub|op2 {"status":202,"code":null,"turn":"COMPLETED","error":null,"ms":450,"delta":{"turnReq":1,"pendingCmd":0,"turns":1,"ops":0}}
07:24:45.661 CELL A|submit|pub|ow2 {"status":202,"code":null,"turn":"COMPLETED","error":null,"ms":450,"delta":{"turnReq":1,"pendingCmd":0,"turns":1,"ops":0}}
07:24:45.767 CELL A|submit|pub|rd {"status":403,"code":"session_operation_forbidden","delta":{"turnReq":0,"pendingCmd":0,"turns":0,"ops":0}}
07:24:45.874 CELL A|submit|pub|nn {"status":404,"code":"session_not_found","delta":{"turnReq":0,"pendingCmd":0,"turns":0,"ops":0}}
07:24:46.442 CELL A|submit|web|cr {"status":202,"code":null,"turn":"COMPLETED","error":null,"ms":451,"delta":{"turnReq":1,"pendingCmd":0,"turns":1,"ops":0}}
07:24:47.011 CELL A|submit|web|op2 {"status":202,"code":null,"turn":"COMPLETED","error":null,"ms":452,"delta":{"turnReq":1,"pendingCmd":0,"turns":1,"ops":0}}
07:24:47.579 CELL A|submit|web|ow2 {"status":202,"code":null,"turn":"COMPLETED","error":null,"ms":455,"delta":{"turnReq":1,"pendingCmd":0,"turns":1,"ops":0}}
07:24:47.693 CELL A|submit|web|rd {"status":403,"code":"session_operation_forbidden","delta":{"turnReq":0,"pendingCmd":0,"turns":0,"ops":0}}
07:24:47.799 CELL A|submit|web|nn {"status":404,"code":"session_not_found","delta":{"turnReq":0,"pendingCmd":0,"turns":0,"ops":0}}
07:24:48.273 CELL A|cancel|pub|cr {"held":true,"status":202,"code":null,"turn":"CANCELLED","error":null,"ms":238}
07:24:48.748 CELL A|cancel|pub|op2 {"held":true,"status":202,"code":null,"turn":"CANCELLED","error":null,"ms":239}
07:24:49.217 CELL A|cancel|pub|ow2 {"held":true,"status":202,"code":null,"turn":"CANCELLED","error":null,"ms":234}
07:24:49.691 CELL A|cancel|pub|rd {"held":true,"status":403,"code":"session_operation_forbidden","cleanup":{"status":202,"code":null,"turn":"CANCELLED","error":null,"ms":237}}
07:24:50.164 CELL A|cancel|pub|nn {"held":true,"status":404,"code":"session_not_found","cleanup":{"status":202,"code":null,"turn":"CANCELLED","error":null,"ms":237}}
07:24:50.658 CELL A|cancel|web|cr {"held":true,"status":202,"code":null,"turn":"CANCELLED","error":null,"ms":236}
07:24:51.141 CELL A|cancel|web|op2 {"held":true,"status":202,"code":null,"turn":"CANCELLED","error":null,"ms":243}
07:24:51.613 CELL A|cancel|web|ow2 {"held":true,"status":202,"code":null,"turn":"CANCELLED","error":null,"ms":239}
07:24:52.090 CELL A|cancel|web|rd {"held":true,"status":403,"code":"session_operation_forbidden","cleanup":{"status":202,"code":null,"turn":"CANCELLED","error":null,"ms":234}}
07:24:52.686 CELL A|cancel|web|nn {"held":true,"status":404,"code":"session_not_found","cleanup":{"status":202,"code":null,"turn":"CANCELLED","error":null,"ms":243}}
07:24:52.733 CELL A|rename|pub|cr {"status":200,"code":null,"title":"renamed by cr d8e5b7"}
07:24:52.776 CELL A|rename|pub|op2 {"status":200,"code":null,"title":"renamed by op2 d8e5b7"}
07:24:52.819 CELL A|rename|pub|ow2 {"status":200,"code":null,"title":"renamed by ow2 d8e5b7"}
07:24:52.839 CELL A|rename|pub|rd {"status":403,"code":"session_operation_forbidden","title":null}
07:24:52.858 CELL A|rename|pub|nn {"status":404,"code":"session_not_found","title":null}
07:24:53.176 CELL A|cwd|pub|cr {"status":202,"code":null,"state":"completed","failure":null,"cwdNow":"d00","moved":true}
07:24:53.507 CELL A|cwd|pub|op2 {"status":202,"code":null,"state":"completed","failure":null,"cwdNow":"d01","moved":true}
07:24:53.828 CELL A|cwd|pub|ow2 {"status":202,"code":null,"state":"completed","failure":null,"cwdNow":"d02","moved":true}
07:24:53.884 CELL A|cwd|pub|rd {"status":403,"code":"session_operation_forbidden","cwdNow":"d02","moved":false}
07:24:53.936 CELL A|cwd|pub|nn {"status":404,"code":"session_not_found","cwdNow":"d02","moved":false}
07:24:54.255 CELL A|cwd|web|cr {"status":202,"code":null,"state":"completed","failure":null,"cwdNow":"d05","moved":true}
07:24:54.570 CELL A|cwd|web|op2 {"status":202,"code":null,"state":"completed","failure":null,"cwdNow":"d06","moved":true}
07:24:54.889 CELL A|cwd|web|ow2 {"status":202,"code":null,"state":"completed","failure":null,"cwdNow":"d07","moved":true}
07:24:54.946 CELL A|cwd|web|rd {"status":403,"code":"session_operation_forbidden","cwdNow":"d07","moved":false}
07:24:55.003 CELL A|cwd|web|nn {"status":404,"code":"session_not_found","cwdNow":"d07","moved":false}
07:24:56.539 CELL A|respond|pub|cr {"status":202,"code":null,"op":{"state":"completed","failure":null},"turn":"COMPLETED","error":null,"ms":453,"fileWritten":true}
07:24:57.545 CELL A|respond|pub|op2 {"status":202,"code":null,"op":{"state":"completed","failure":null},"turn":"COMPLETED","error":null,"ms":461,"fileWritten":true}
07:24:58.557 CELL A|respond|pub|ow2 {"status":202,"code":null,"op":{"state":"completed","failure":null},"turn":"COMPLETED","error":null,"ms":462,"fileWritten":true}
07:24:59.528 CELL A|respond|pub|rd {"status":403,"code":"action_forbidden","cleanup":{"status":202,"code":null},"turn":"COMPLETED","error":null,"ms":674,"fileWritten":true}
07:25:00.722 CELL A|respond|pub|nn {"status":404,"code":"session_not_found","cleanup":{"status":202,"code":null},"turn":"COMPLETED","error":null,"ms":900,"fileWritten":true}
07:25:01.905 CELL A|respond|pub|anon {"status":404,"code":"session_not_found","cleanup":{"status":202,"code":null},"turn":"COMPLETED","error":null,"ms":891,"fileWritten":true}
07:25:03.124 CELL A|respond|web|cr {"status":202,"code":null,"op":{"state":"completed","failure":null},"turn":"COMPLETED","error":null,"ms":667,"fileWritten":true}
07:25:04.602 CELL A|respond|web|op2 {"status":202,"code":null,"op":{"state":"completed","failure":null},"turn":"COMPLETED","error":null,"ms":681,"fileWritten":true}
07:25:06.072 CELL A|respond|web|ow2 {"status":202,"code":null,"op":{"state":"completed","failure":null},"turn":"COMPLETED","error":null,"ms":671,"fileWritten":true}
07:25:07.722 CELL A|respond|web|rd {"status":403,"code":"action_forbidden","cleanup":{"status":202,"code":null},"turn":"COMPLETED","error":null,"ms":1106,"fileWritten":true}
07:25:09.376 CELL A|respond|web|nn {"status":404,"code":"session_not_found","cleanup":{"status":202,"code":null},"turn":"COMPLETED","error":null,"ms":1111,"fileWritten":true}
07:25:11.028 CELL A|respond|web|anon {"status":404,"code":"session_not_found","cleanup":{"status":202,"code":null},"turn":"COMPLETED","error":null,"ms":1112,"fileWritten":true}
07:25:11.386 CELL O|archive|pub|cr {"status":403,"code":"session_operation_forbidden","sessionStatus":"ACTIVE","capArchive":false}
07:25:11.741 CELL O|archive|pub|ow2 {"status":409,"code":"session_state_conflict","sessionStatus":"ACTIVE","capArchive":false}
07:25:12.110 CELL O|archive|pub|op2 {"status":403,"code":"session_operation_forbidden","sessionStatus":"ACTIVE","capArchive":false}
07:25:12.469 CELL O|archive|web|cr {"status":403,"code":"session_operation_forbidden","sessionStatus":"ACTIVE","capArchive":false}
07:25:12.846 CELL O|archive|web|ow2 {"status":409,"code":"session_state_conflict","sessionStatus":"ACTIVE","capArchive":false}
07:25:13.203 CELL O|archive|web|op2 {"status":403,"code":"session_operation_forbidden","sessionStatus":"ACTIVE","capArchive":false}
07:25:13.439 CELL L|close|pub|cr {"status":409,"code":"workspace_unavailable","row":"ACTIVE/"}
07:25:13.671 CELL L|close|pub|op2 {"status":403,"code":"session_operation_forbidden","row":"ACTIVE/"}
07:25:13.902 CELL L|close|pub|ow2 {"status":403,"code":"session_operation_forbidden","row":"ACTIVE/"}
07:25:14.137 CELL L|close|pub|rd {"status":403,"code":"session_operation_forbidden","row":"ACTIVE/"}
07:25:14.378 CELL L|close|pub|nn {"status":404,"code":"session_not_found","row":"ACTIVE/"}
07:25:14.610 CELL L|close|web|cr {"status":409,"code":"workspace_unavailable","row":"ACTIVE/"}
07:25:14.839 CELL L|close|web|op2 {"status":403,"code":"session_operation_forbidden","row":"ACTIVE/"}
07:25:15.090 CELL L|close|web|ow2 {"status":403,"code":"session_operation_forbidden","row":"ACTIVE/"}
07:25:15.324 CELL L|close|web|rd {"status":403,"code":"session_operation_forbidden","row":"ACTIVE/"}
07:25:15.565 CELL L|close|web|nn {"status":404,"code":"session_not_found","row":"ACTIVE/"}
07:25:15.816 CELL L|delete|pub|cr {"status":409,"code":"workspace_unavailable","row":"ACTIVE/"}
07:25:16.059 CELL L|delete|pub|op2 {"status":403,"code":"session_operation_forbidden","row":"ACTIVE/"}
07:25:16.306 CELL L|delete|pub|ow2 {"status":403,"code":"session_operation_forbidden","row":"ACTIVE/"}
07:25:16.535 CELL L|delete|pub|rd {"status":403,"code":"session_operation_forbidden","row":"ACTIVE/"}
07:25:16.765 CELL L|delete|pub|nn {"status":404,"code":"session_not_found","row":"ACTIVE/"}
07:25:16.998 CELL L|delete|web|cr {"status":409,"code":"workspace_unavailable","row":"ACTIVE/"}
07:25:17.230 CELL L|delete|web|op2 {"status":403,"code":"session_operation_forbidden","row":"ACTIVE/"}
07:25:17.459 CELL L|delete|web|ow2 {"status":403,"code":"session_operation_forbidden","row":"ACTIVE/"}
07:25:17.691 CELL L|delete|web|rd {"status":403,"code":"session_operation_forbidden","row":"ACTIVE/"}
07:25:17.919 CELL L|delete|web|nn {"status":404,"code":"session_not_found","row":"ACTIVE/"}
07:25:18.402 CELL B|warmup|pub|cr {"status":202,"code":null,"turn":"COMPLETED","error":null,"ms":455}
07:25:19.139 CELL B|setup {"holdP":{"status":202,"code":null},"holdW":{"status":202,"code":null},"heldOk":true,"approval":{"status":202,"code":null},"action":true}
07:25:19.247 CELL B|cap|cr {"get":{"workspaceTurns":false,"actions":true,"sessionClose":false,"sessionArchive":false,"sessionDelete":false},"query":{"workspaceTurns":false},"pub":{"session_close":false,"session_archive":false,"session_delete":false}}
07:25:19.262 CELL B|cap|op2 {"get":{"workspaceTurns":false,"actions":true,"sessionClose":false,"sessionArchive":false,"sessionDelete":false},"query":{"workspaceTurns":false},"pub":{"session_close":false,"session_archive":false,"session_delete":false}}
07:25:19.277 CELL B|cap|ow2 {"get":{"workspaceTurns":false,"actions":true,"sessionClose":false,"sessionArchive":false,"sessionDelete":false},"query":{"workspaceTurns":false},"pub":{"session_close":false,"session_archive":false,"session_delete":false}}
07:25:19.291 CELL B|cap|rd {"get":{"workspaceTurns":false,"actions":true,"sessionClose":false,"sessionArchive":false,"sessionDelete":false},"query":{"workspaceTurns":false},"pub":{"session_close":false,"session_archive":false,"session_delete":false}}
07:25:19.390 CELL B|submit|pub|cr {"status":403,"code":"session_operation_forbidden","delta":{"turnReq":0,"pendingCmd":0,"turns":0,"ops":0}}
07:25:19.492 CELL B|submit|pub|op2 {"status":409,"code":"workspace_unavailable","delta":{"turnReq":0,"pendingCmd":0,"turns":0,"ops":0}}
07:25:19.594 CELL B|submit|pub|ow2 {"status":409,"code":"workspace_unavailable","delta":{"turnReq":0,"pendingCmd":0,"turns":0,"ops":0}}
07:25:19.691 CELL B|submit|pub|rd {"status":403,"code":"session_operation_forbidden","delta":{"turnReq":0,"pendingCmd":0,"turns":0,"ops":0}}
07:25:19.789 CELL B|submit|web|cr {"status":403,"code":"session_operation_forbidden","delta":{"turnReq":0,"pendingCmd":0,"turns":0,"ops":0}}
07:25:19.895 CELL B|submit|web|op2 {"status":409,"code":"workspace_unavailable","delta":{"turnReq":0,"pendingCmd":0,"turns":0,"ops":0}}
07:25:19.995 CELL B|submit|web|ow2 {"status":409,"code":"workspace_unavailable","delta":{"turnReq":0,"pendingCmd":0,"turns":0,"ops":0}}
07:25:20.091 CELL B|submit|web|rd {"status":403,"code":"session_operation_forbidden","delta":{"turnReq":0,"pendingCmd":0,"turns":0,"ops":0}}
07:25:20.094 CELL B|rename|pub|cr {"status":403,"code":"session_operation_forbidden"}
07:25:20.097 CELL B|rename|pub|op2 {"status":409,"code":"workspace_unavailable"}
07:25:20.100 CELL B|rename|pub|ow2 {"status":409,"code":"workspace_unavailable"}
07:25:20.136 CELL B|cwd|pub|cr {"status":403,"code":"session_operation_forbidden"}
07:25:20.174 CELL B|cwd|pub|op2 {"status":409,"code":"workspace_unavailable"}
07:25:20.212 CELL B|cwd|web|cr {"status":403,"code":"session_operation_forbidden"}
07:25:20.251 CELL B|cwd|web|op2 {"status":409,"code":"workspace_unavailable"}
07:25:20.376 CELL B|respond|pub|rd {"status":403,"code":"action_forbidden","delta":{"turnReq":0,"pendingCmd":0,"turns":0,"ops":0}}
07:25:20.501 CELL B|respond|pub|op2 {"status":409,"code":"workspace_unavailable","delta":{"turnReq":0,"pendingCmd":0,"turns":0,"ops":0}}
07:25:20.650 CELL B|respond|pub|ow2 {"status":409,"code":"workspace_unavailable","delta":{"turnReq":0,"pendingCmd":0,"turns":0,"ops":0}}
07:25:20.753 CELL B|respond|pub|cr {"status":409,"code":"workspace_unavailable","delta":{"turnReq":0,"pendingCmd":0,"turns":0,"ops":0}}
07:25:20.852 CELL B|respond|web|rd {"status":403,"code":"action_forbidden","delta":{"turnReq":0,"pendingCmd":0,"turns":0,"ops":0}}
07:25:20.953 CELL B|respond|web|op2 {"status":409,"code":"workspace_unavailable","delta":{"turnReq":0,"pendingCmd":0,"turns":0,"ops":0}}
07:25:21.054 CELL B|respond|web|ow2 {"status":409,"code":"workspace_unavailable","delta":{"turnReq":0,"pendingCmd":0,"turns":0,"ops":0}}
07:25:21.153 CELL B|respond|web|cr {"status":409,"code":"workspace_unavailable","delta":{"turnReq":0,"pendingCmd":0,"turns":0,"ops":0}}
07:25:21.396 CELL B|cancel|pub|op2 {"status":202,"code":null,"turn":"CANCELLED","error":null,"ms":235}
07:25:21.636 CELL B|cancel|web|op2 {"status":202,"code":null,"turn":"CANCELLED","error":null,"ms":234}
07:25:21.685 CELL B|totals {"turnReq":0,"pendingCmd":0,"turns":0,"ops":0}
07:25:21.752 CELL B|action-after-restore {"action":"requested","turn":["RUNNING",""]}
07:25:22.469 CELL B|respond-after-restore|pub|cr {"status":202,"code":null,"op":{"state":"completed","failure":null},"turn":"COMPLETED","error":null,"ms":453}
07:25:22.510 CELL C|submit|pub|cr {"status":409,"code":"workspace_unavailable","cap":false}
07:25:22.526 CELL C|submit|pub|op2 {"status":409,"code":"workspace_unavailable","cap":false}
07:25:22.542 DONE matrix 45 s
07:25:22.639 harness.exit 0 null
07:25:23.125 spring.exit 143 null
