08:01:21.777 spring.ready 13710 ms Current version of schema `r45_h2lin`: << Empty Schema >> | Migrating schema `r45_h2lin` to version "50 - workspace migration binary identity" | Migrating schema `r45_h2lin` to version "51 - workspace session lifecycle" | Migrating schema `r45_h2lin` to version "52 - managed mutation attempt sequence" | Migrating schema `r45_h2lin` to version "53 - managed workspace roles" | Migrating schema `r45_h2lin` to version "54 - managed operation actor key" | Successfully applied 54 migrations to schema `r45_h2lin`, now at version v54 (execution time 00:05.510s)
08:01:23.054 harness.ready
08:01:26.111 CELL A|warmup|pub|cr {"status":202,"code":null,"turn":"COMPLETED","error":null,"ms":1498}
08:01:26.174 CELL A|cap|cr {"get":{"workspaceTurns":true,"actions":true,"sessionClose":false,"sessionArchive":false,"sessionDelete":false},"query":{"workspaceTurns":true},"pub":{"session_close":false,"session_archive":false,"session_delete":false}}
08:01:26.277 CELL A|cap|op2 {"get":{"workspaceTurns":true,"actions":true,"sessionClose":false,"sessionArchive":false,"sessionDelete":false},"query":{"workspaceTurns":true},"pub":{"session_close":false,"session_archive":false,"session_delete":false}}
08:01:26.334 CELL A|cap|ow2 {"get":{"workspaceTurns":true,"actions":true,"sessionClose":false,"sessionArchive":false,"sessionDelete":false},"query":{"workspaceTurns":true},"pub":{"session_close":false,"session_archive":false,"session_delete":false}}
08:01:26.396 CELL A|cap|rd {"get":{"workspaceTurns":false,"actions":true,"sessionClose":false,"sessionArchive":false,"sessionDelete":false},"query":{"workspaceTurns":false},"pub":{"session_close":false,"session_archive":false,"session_delete":false}}
08:01:26.450 CELL A|cap|nn {"get":{"status":404,"code":"session_not_found"},"query":{"listed":false,"status":200},"pub":{"status":404,"code":"session_not_found"}}
08:01:27.431 CELL A|submit|pub|cr {"status":202,"code":null,"turn":"COMPLETED","error":null,"ms":716,"delta":{"turnReq":1,"pendingCmd":0,"turns":1,"ops":0}}
08:01:28.082 CELL A|submit|pub|op2 {"status":202,"code":null,"turn":"COMPLETED","error":null,"ms":473,"delta":{"turnReq":1,"pendingCmd":0,"turns":1,"ops":0}}
08:01:29.052 CELL A|submit|pub|ow2 {"status":202,"code":null,"turn":"COMPLETED","error":null,"ms":743,"delta":{"turnReq":1,"pendingCmd":0,"turns":1,"ops":0}}
08:01:29.252 CELL A|submit|pub|rd {"status":403,"code":"session_operation_forbidden","delta":{"turnReq":0,"pendingCmd":0,"turns":0,"ops":0}}
08:01:29.443 CELL A|submit|pub|nn {"status":404,"code":"session_not_found","delta":{"turnReq":0,"pendingCmd":0,"turns":0,"ops":0}}
08:01:30.607 CELL A|submit|web|cr {"status":202,"code":null,"turn":"COMPLETED","error":null,"ms":948,"delta":{"turnReq":1,"pendingCmd":0,"turns":1,"ops":0}}
08:01:31.926 CELL A|submit|web|op2 {"status":202,"code":null,"turn":"COMPLETED","error":null,"ms":979,"delta":{"turnReq":1,"pendingCmd":0,"turns":1,"ops":0}}
08:01:32.876 CELL A|submit|web|ow2 {"status":202,"code":null,"turn":"COMPLETED","error":null,"ms":732,"delta":{"turnReq":1,"pendingCmd":0,"turns":1,"ops":0}}
08:01:33.089 CELL A|submit|web|rd {"status":403,"code":"session_operation_forbidden","delta":{"turnReq":0,"pendingCmd":0,"turns":0,"ops":0}}
08:01:33.367 CELL A|submit|web|nn {"status":404,"code":"session_not_found","delta":{"turnReq":0,"pendingCmd":0,"turns":0,"ops":0}}
08:01:34.116 CELL A|cancel|pub|cr {"held":true,"status":202,"code":null,"turn":"CANCELLED","error":null,"ms":273}
08:01:35.106 CELL A|cancel|pub|op2 {"held":true,"status":202,"code":null,"turn":"CANCELLED","error":null,"ms":283}
08:01:35.933 CELL A|cancel|pub|ow2 {"held":true,"status":202,"code":null,"turn":"CANCELLED","error":null,"ms":264}
08:01:36.995 CELL A|cancel|pub|rd {"held":true,"status":403,"code":"session_operation_forbidden","cleanup":{"status":202,"code":null,"turn":"CANCELLED","error":null,"ms":279}}
08:01:37.907 CELL A|cancel|pub|nn {"held":true,"status":404,"code":"session_not_found","cleanup":{"status":202,"code":null,"turn":"CANCELLED","error":null,"ms":291}}
08:01:38.968 CELL A|cancel|web|cr {"held":true,"status":202,"code":null,"turn":"CANCELLED","error":null,"ms":486}
08:01:40.348 CELL A|cancel|web|op2 {"held":true,"status":202,"code":null,"turn":"CANCELLED","error":null,"ms":507}
08:01:41.311 CELL A|cancel|web|ow2 {"held":true,"status":202,"code":null,"turn":"CANCELLED","error":null,"ms":349}
08:01:42.124 CELL A|cancel|web|rd {"held":true,"status":403,"code":"session_operation_forbidden","cleanup":{"status":202,"code":null,"turn":"CANCELLED","error":null,"ms":275}}
08:01:43.225 CELL A|cancel|web|nn {"held":true,"status":404,"code":"session_not_found","cleanup":{"status":202,"code":null,"turn":"CANCELLED","error":null,"ms":257}}
08:01:43.304 CELL A|rename|pub|cr {"status":200,"code":null,"title":"renamed by cr e3ad4b"}
08:01:43.486 CELL A|rename|pub|op2 {"status":200,"code":null,"title":"renamed by op2 e3ad4b"}
08:01:43.546 CELL A|rename|pub|ow2 {"status":200,"code":null,"title":"renamed by ow2 e3ad4b"}
08:01:43.571 CELL A|rename|pub|rd {"status":403,"code":"session_operation_forbidden","title":null}
08:01:43.599 CELL A|rename|pub|nn {"status":404,"code":"session_not_found","title":null}
08:01:43.977 CELL A|cwd|pub|cr {"status":202,"code":null,"state":"completed","failure":null,"cwdNow":"d00","moved":true}
08:01:44.353 CELL A|cwd|pub|op2 {"status":202,"code":null,"state":"completed","failure":null,"cwdNow":"d01","moved":true}
08:01:44.754 CELL A|cwd|pub|ow2 {"status":202,"code":null,"state":"completed","failure":null,"cwdNow":"d02","moved":true}
08:01:44.863 CELL A|cwd|pub|rd {"status":403,"code":"session_operation_forbidden","cwdNow":"d02","moved":false}
08:01:44.958 CELL A|cwd|pub|nn {"status":404,"code":"session_not_found","cwdNow":"d02","moved":false}
08:01:45.353 CELL A|cwd|web|cr {"status":202,"code":null,"state":"completed","failure":null,"cwdNow":"d05","moved":true}
08:01:45.729 CELL A|cwd|web|op2 {"status":202,"code":null,"state":"completed","failure":null,"cwdNow":"d06","moved":true}
08:01:46.094 CELL A|cwd|web|ow2 {"status":202,"code":null,"state":"completed","failure":null,"cwdNow":"d07","moved":true}
08:01:46.242 CELL A|cwd|web|rd {"status":403,"code":"session_operation_forbidden","cwdNow":"d07","moved":false}
08:01:46.319 CELL A|cwd|web|nn {"status":404,"code":"session_not_found","cwdNow":"d07","moved":false}
08:01:49.355 CELL A|respond|pub|cr {"status":202,"code":null,"op":{"state":"completed","failure":null},"turn":"COMPLETED","error":null,"ms":1303,"fileWritten":true}
08:01:51.252 CELL A|respond|pub|op2 {"status":202,"code":null,"op":{"state":"completed","failure":null},"turn":"COMPLETED","error":null,"ms":951,"fileWritten":true}
08:01:53.268 CELL A|respond|pub|ow2 {"status":202,"code":null,"op":{"state":"completed","failure":null},"turn":"COMPLETED","error":null,"ms":1177,"fileWritten":true}
08:01:56.221 CELL A|respond|pub|rd {"status":403,"code":"action_forbidden","cleanup":{"status":202,"code":null},"turn":"COMPLETED","error":null,"ms":2064,"fileWritten":true}
08:01:58.864 CELL A|respond|pub|nn {"status":404,"code":"session_not_found","cleanup":{"status":202,"code":null},"turn":"COMPLETED","error":null,"ms":2038,"fileWritten":true}
08:02:02.066 CELL A|respond|pub|anon {"status":404,"code":"session_not_found","cleanup":{"status":202,"code":null},"turn":"COMPLETED","error":null,"ms":2191,"fileWritten":true}
08:02:06.468 CELL A|respond|web|cr {"status":202,"code":null,"op":{"state":"completed","failure":null},"turn":"COMPLETED","error":null,"ms":2956,"fileWritten":true}
08:02:10.791 CELL A|respond|web|op2 {"status":202,"code":null,"op":{"state":"completed","failure":null},"turn":"COMPLETED","error":null,"ms":2896,"fileWritten":true}
08:02:14.714 CELL A|respond|web|ow2 {"status":202,"code":null,"op":{"state":"completed","failure":null},"turn":"COMPLETED","error":null,"ms":2766,"fileWritten":true}
08:02:19.178 CELL A|respond|web|rd {"status":403,"code":"action_forbidden","cleanup":{"status":202,"code":null},"turn":"COMPLETED","error":null,"ms":3058,"fileWritten":true}
08:02:23.449 CELL A|respond|web|nn {"status":404,"code":"session_not_found","cleanup":{"status":202,"code":null},"turn":"COMPLETED","error":null,"ms":2879,"fileWritten":true}
08:02:27.316 CELL A|respond|web|anon {"status":404,"code":"session_not_found","cleanup":{"status":202,"code":null},"turn":"COMPLETED","error":null,"ms":1800,"fileWritten":true}
08:02:27.681 CELL O|archive|pub|cr {"status":403,"code":"session_operation_forbidden","sessionStatus":"ACTIVE","capArchive":false}
08:02:28.045 CELL O|archive|pub|ow2 {"status":409,"code":"session_state_conflict","sessionStatus":"ACTIVE","capArchive":false}
08:02:28.407 CELL O|archive|pub|op2 {"status":403,"code":"session_operation_forbidden","sessionStatus":"ACTIVE","capArchive":false}
08:02:28.789 CELL O|archive|web|cr {"status":403,"code":"session_operation_forbidden","sessionStatus":"ACTIVE","capArchive":false}
08:02:29.251 CELL O|archive|web|ow2 {"status":409,"code":"session_state_conflict","sessionStatus":"ACTIVE","capArchive":false}
08:02:29.670 CELL O|archive|web|op2 {"status":403,"code":"session_operation_forbidden","sessionStatus":"ACTIVE","capArchive":false}
08:02:29.956 CELL L|close|pub|cr {"status":409,"code":"workspace_unavailable","row":"ACTIVE/"}
08:02:30.198 CELL L|close|pub|op2 {"status":403,"code":"session_operation_forbidden","row":"ACTIVE/"}
08:02:30.586 CELL L|close|pub|ow2 {"status":403,"code":"session_operation_forbidden","row":"ACTIVE/"}
08:02:30.874 CELL L|close|pub|rd {"status":403,"code":"session_operation_forbidden","row":"ACTIVE/"}
08:02:31.117 CELL L|close|pub|nn {"status":404,"code":"session_not_found","row":"ACTIVE/"}
08:02:31.349 CELL L|close|web|cr {"status":409,"code":"workspace_unavailable","row":"ACTIVE/"}
08:02:31.584 CELL L|close|web|op2 {"status":403,"code":"session_operation_forbidden","row":"ACTIVE/"}
08:02:31.815 CELL L|close|web|ow2 {"status":403,"code":"session_operation_forbidden","row":"ACTIVE/"}
08:02:32.048 CELL L|close|web|rd {"status":403,"code":"session_operation_forbidden","row":"ACTIVE/"}
08:02:32.278 CELL L|close|web|nn {"status":404,"code":"session_not_found","row":"ACTIVE/"}
08:02:32.510 CELL L|delete|pub|cr {"status":409,"code":"workspace_unavailable","row":"ACTIVE/"}
08:02:32.742 CELL L|delete|pub|op2 {"status":403,"code":"session_operation_forbidden","row":"ACTIVE/"}
08:02:32.972 CELL L|delete|pub|ow2 {"status":403,"code":"session_operation_forbidden","row":"ACTIVE/"}
08:02:33.202 CELL L|delete|pub|rd {"status":403,"code":"session_operation_forbidden","row":"ACTIVE/"}
08:02:33.433 CELL L|delete|pub|nn {"status":404,"code":"session_not_found","row":"ACTIVE/"}
08:02:33.666 CELL L|delete|web|cr {"status":409,"code":"workspace_unavailable","row":"ACTIVE/"}
08:02:33.899 CELL L|delete|web|op2 {"status":403,"code":"session_operation_forbidden","row":"ACTIVE/"}
08:02:34.129 CELL L|delete|web|ow2 {"status":403,"code":"session_operation_forbidden","row":"ACTIVE/"}
08:02:34.358 CELL L|delete|web|rd {"status":403,"code":"session_operation_forbidden","row":"ACTIVE/"}
08:02:34.592 CELL L|delete|web|nn {"status":404,"code":"session_not_found","row":"ACTIVE/"}
08:02:35.106 CELL B|warmup|pub|cr {"status":202,"code":null,"turn":"COMPLETED","error":null,"ms":469}
08:02:35.798 CELL B|setup {"holdP":{"status":202,"code":null},"holdW":{"status":202,"code":null},"heldOk":true,"approval":{"status":202,"code":null},"action":true}
08:02:35.882 CELL B|cap|cr {"get":{"workspaceTurns":false,"actions":true,"sessionClose":false,"sessionArchive":false,"sessionDelete":false},"query":{"workspaceTurns":false},"pub":{"session_close":false,"session_archive":false,"session_delete":false}}
08:02:35.897 CELL B|cap|op2 {"get":{"workspaceTurns":false,"actions":true,"sessionClose":false,"sessionArchive":false,"sessionDelete":false},"query":{"workspaceTurns":false},"pub":{"session_close":false,"session_archive":false,"session_delete":false}}
08:02:35.912 CELL B|cap|ow2 {"get":{"workspaceTurns":false,"actions":true,"sessionClose":false,"sessionArchive":false,"sessionDelete":false},"query":{"workspaceTurns":false},"pub":{"session_close":false,"session_archive":false,"session_delete":false}}
08:02:35.928 CELL B|cap|rd {"get":{"workspaceTurns":false,"actions":true,"sessionClose":false,"sessionArchive":false,"sessionDelete":false},"query":{"workspaceTurns":false},"pub":{"session_close":false,"session_archive":false,"session_delete":false}}
08:02:36.037 CELL B|submit|pub|cr {"status":403,"code":"session_operation_forbidden","delta":{"turnReq":0,"pendingCmd":0,"turns":0,"ops":0}}
08:02:36.156 CELL B|submit|pub|op2 {"status":409,"code":"workspace_unavailable","delta":{"turnReq":0,"pendingCmd":0,"turns":0,"ops":0}}
08:02:36.286 CELL B|submit|pub|ow2 {"status":409,"code":"workspace_unavailable","delta":{"turnReq":0,"pendingCmd":0,"turns":0,"ops":0}}
08:02:36.419 CELL B|submit|pub|rd {"status":403,"code":"session_operation_forbidden","delta":{"turnReq":0,"pendingCmd":0,"turns":0,"ops":0}}
08:02:36.525 CELL B|submit|web|cr {"status":403,"code":"session_operation_forbidden","delta":{"turnReq":0,"pendingCmd":0,"turns":0,"ops":0}}
08:02:36.644 CELL B|submit|web|op2 {"status":409,"code":"workspace_unavailable","delta":{"turnReq":0,"pendingCmd":0,"turns":0,"ops":0}}
08:02:36.771 CELL B|submit|web|ow2 {"status":409,"code":"workspace_unavailable","delta":{"turnReq":0,"pendingCmd":0,"turns":0,"ops":0}}
08:02:36.874 CELL B|submit|web|rd {"status":403,"code":"session_operation_forbidden","delta":{"turnReq":0,"pendingCmd":0,"turns":0,"ops":0}}
08:02:36.877 CELL B|rename|pub|cr {"status":403,"code":"session_operation_forbidden"}
08:02:36.882 CELL B|rename|pub|op2 {"status":409,"code":"workspace_unavailable"}
08:02:36.886 CELL B|rename|pub|ow2 {"status":409,"code":"workspace_unavailable"}
08:02:36.923 CELL B|cwd|pub|cr {"status":403,"code":"session_operation_forbidden"}
08:02:36.962 CELL B|cwd|pub|op2 {"status":409,"code":"workspace_unavailable"}
08:02:37.003 CELL B|cwd|web|cr {"status":403,"code":"session_operation_forbidden"}
08:02:37.046 CELL B|cwd|web|op2 {"status":409,"code":"workspace_unavailable"}
08:02:37.159 CELL B|respond|pub|rd {"status":403,"code":"action_forbidden","delta":{"turnReq":0,"pendingCmd":0,"turns":0,"ops":0}}
08:02:37.263 CELL B|respond|pub|op2 {"status":409,"code":"workspace_unavailable","delta":{"turnReq":0,"pendingCmd":0,"turns":0,"ops":0}}
08:02:37.388 CELL B|respond|pub|ow2 {"status":409,"code":"workspace_unavailable","delta":{"turnReq":0,"pendingCmd":0,"turns":0,"ops":0}}
08:02:37.506 CELL B|respond|pub|cr {"status":409,"code":"workspace_unavailable","delta":{"turnReq":0,"pendingCmd":0,"turns":0,"ops":0}}
08:02:37.619 CELL B|respond|web|rd {"status":403,"code":"action_forbidden","delta":{"turnReq":0,"pendingCmd":0,"turns":0,"ops":0}}
08:02:37.736 CELL B|respond|web|op2 {"status":409,"code":"workspace_unavailable","delta":{"turnReq":0,"pendingCmd":0,"turns":0,"ops":0}}
08:02:37.861 CELL B|respond|web|ow2 {"status":409,"code":"workspace_unavailable","delta":{"turnReq":0,"pendingCmd":0,"turns":0,"ops":0}}
08:02:37.998 CELL B|respond|web|cr {"status":409,"code":"workspace_unavailable","delta":{"turnReq":0,"pendingCmd":0,"turns":0,"ops":0}}
08:02:38.268 CELL B|cancel|pub|op2 {"status":202,"code":null,"turn":"CANCELLED","error":null,"ms":260}
08:02:38.602 CELL B|cancel|web|op2 {"status":202,"code":null,"turn":"CANCELLED","error":null,"ms":323}
08:02:38.691 CELL B|totals {"turnReq":0,"pendingCmd":0,"turns":0,"ops":0}
08:02:38.831 CELL B|action-after-restore {"action":"requested","turn":["RUNNING",""]}
08:02:39.832 CELL B|respond-after-restore|pub|cr {"status":202,"code":null,"op":{"state":"completed","failure":null},"turn":"COMPLETED","error":null,"ms":720}
08:02:39.932 CELL C|submit|pub|cr {"status":409,"code":"workspace_unavailable","cap":false}
08:02:39.973 CELL C|submit|pub|op2 {"status":409,"code":"workspace_unavailable","cap":false}
08:02:40.004 DONE matrix 92 s
08:02:40.221 harness.exit 0 null
08:02:40.777 spring.exit 143 null
