
 RUN  v3.2.7 /root/verify/pr13468/head/packages/cli
      Coverage enabled with v8

 ❯ src/acp-integration/ssh-workspace-guards.test.ts (3 tests | 1 failed) 9ms
   ✓ SSH workspace guards > allows reviewed session commands and rejects executable custom commands with the same name 1ms
   × SSH workspace guards > blocks every workspace mutation and unsupported session executor 6ms
     → expected true to be false // Object.is equality
   ✓ SSH workspace guards > retains local session ownership, approval, history and cancellation controls 0ms

⎯⎯⎯⎯⎯⎯⎯ Failed Tests 1 ⎯⎯⎯⎯⎯⎯⎯

 FAIL  src/acp-integration/ssh-workspace-guards.test.ts > SSH workspace guards > blocks every workspace mutation and unsupported session executor
AssertionError: expected true to be false // Object.is equality

- Expected
+ Received

- false
+ true

 ❯ src/acp-integration/ssh-workspace-guards.test.ts:63:54
     61|       'rewindSession',
     62|     ])
     63|       expect(isSshWorkspaceExtMethodAllowed(method)).toBe(false);
       |                                                      ^
     64|   });
     65| 

⎯⎯⎯⎯⎯⎯⎯⎯⎯⎯⎯⎯⎯⎯⎯⎯⎯⎯⎯⎯⎯⎯⎯⎯[1/1]⎯


 Test Files  1 failed (1)
      Tests  1 failed | 2 passed (3)
   Start at  09:13:26
   Duration  11.99s (transform 3.33s, setup 143ms, collect 4.77s, tests 9ms, environment 0ms, prepare 60ms)

JUNIT report written to /root/verify/pr13468/head/packages/cli/junit.xml
