# s3-settlement  db=r5t  2026-10-06T05:07:19.291Z
PASS  missing directory → failed workspace_unavailable; binding+revision unchanged; no event  -> 4 ms failed/workspace_unavailable cwd child→child rev 1→1 events 0→0 attempts=0
PASS  regular file → failed workspace_unavailable; binding+revision unchanged; no event  -> 4 ms failed/workspace_unavailable cwd child→child rev 1→1 events 0→0 attempts=0
PASS  FIFO → failed workspace_unavailable; binding+revision unchanged; no event  -> 4 ms failed/workspace_unavailable cwd child→child rev 1→1 events 0→0 attempts=0
PASS  symlink → dir inside the Workspace (alias) → failed workspace_unavailable; binding+revision unchanged; no event  -> 7 ms failed/workspace_unavailable cwd child→child rev 1→1 events 0→0 attempts=0
PASS  symlink → dir outside the Workspace → failed workspace_unavailable; binding+revision unchanged; no event  -> 5 ms failed/workspace_unavailable cwd child→child rev 1→1 events 0→0 attempts=0
PASS  path through an inner symlink (link-in/sub) → failed workspace_unavailable; binding+revision unchanged; no event  -> 5 ms failed/workspace_unavailable cwd child→child rev 1→1 events 0→0 attempts=0
PASS  symlink → nested dir → failed workspace_unavailable; binding+revision unchanged; no event  -> 4 ms failed/workspace_unavailable cwd child→child rev 1→1 events 0→0 attempts=0
PASS  case alias of an existing dir (APFS case-insensitive) → failed workspace_unavailable; binding+revision unchanged; no event  -> 4 ms failed/workspace_unavailable cwd child→child rev 1→1 events 0→0 attempts=0
PASS  Unicode NFD alias of an NFC dir → failed workspace_unavailable; binding+revision unchanged; no event  -> 111 ms failed/workspace_unavailable cwd child→child rev 1→1 events 0→0 attempts=0
PASS  ancestor is a regular file (ENOTDIR) → failed workspace_unavailable; binding+revision unchanged; no event  -> 4 ms failed/workspace_unavailable cwd child→child rev 1→1 events 0→0 attempts=0
PASS  ancestor is a symlink loop (ELOOP) → failed workspace_unavailable; binding+revision unchanged; no event  -> 3 ms failed/workspace_unavailable cwd child→child rev 1→1 events 0→0 attempts=0
PASS  ancestor has mode 000 (EACCES) → failed workspace_unavailable; binding+revision unchanged; no event  -> 3 ms failed/workspace_unavailable cwd child→child rev 1→1 events 0→0 attempts=0
PASS  ancestor is a dangling symlink → failed workspace_unavailable; binding+revision unchanged; no event  -> 3 ms failed/workspace_unavailable cwd child→child rev 1→1 events 0→0 attempts=0
PASS  valid NFC Unicode dir → completed; rev 1→2; one event  -> 109 ms completed cwd child→café-39313 rev 1→2 events 0→1
PASS  valid dir with CJK + spaces → completed; rev 2→3; one event  -> 110 ms completed cwd café-39313→目录 with space-39313 rev 2→3 events 1→2
PASS  nested valid dir → completed; rev 3→4; one event  -> 108 ms completed cwd 目录 with space-39313→s3-39313-ok/b/c/d/e/f/g/h rev 3→4 events 2→3
PASS  Workspace root "." → completed; rev 4→5; one event  -> 107 ms completed cwd s3-39313-ok/b/c/d/e/f/g/h→. rev 4→5 events 3→4
PASS  same directory again (re-validation) → completed; rev 5→6; one event  -> 110 ms completed cwd .→. rev 5→6 events 4→5
PASS  dir with mode 000 (refused since the F1 fix) → failed workspace_unavailable; binding+revision unchanged; no event  -> 4 ms failed/workspace_unavailable cwd .→. rev 6→6 events 5→5 attempts=0
== s3-settlement: 19 passed, 0 failed
