=== 14:20:40 cancelq-merge-1 node=v22.23.2 arm=merge (886eb4b9f2) runner=rig args= load=27.53 27.98 26.96
RIG_ARM=merge
RIG_CANCEL=B@12000
RIG_FIRST_B_MS=3000
RIG_FOLLOWUP=B
RIG_HOLD_A_MS=30000
RIG_LOG_DIR=/Users/wenshao/pr13366-rig/out/runs/cancelq-merge-1
RIG_SCENARIO=cancel-queued
RIG_TAP=1
[rig] {"t":216,"what":"created","label":"A","session":"401fe796-0a5d-4267-b02e-20daa55f7632"}
[rig] {"t":246,"what":"created","label":"B","session":"240ec4ec-974c-4695-861e-9e1a766cbf20"}
[rig] {"t":1132,"what":"lease","row":"5e895f0e-5472-4f8b-9100-c0a846c6b6b7 1"}
[rig] {"t":12036,"what":"cancel","label":"B","turn":"turn_e9cbffd242774eeb93218629b4739e36","turnStatus":"running","status":202,"body":"{\"session_id\":\"240ec4ec-974c-4695-861e-9e1a766cbf20\",\"turn_id\":\"turn_e9cbffd242774eeb93218629b4739e36\",\"status\":\"accepted\",\"replayed\":false}"}
[rig] {"t":12321,"what":"terminal","label":"B","type":"turn.cancelled","data":"{\"stopReason\":\"cancelled\"}"}
[rig] {"t":31738,"what":"lease","row":"- -"}
[rig] {"t":31902,"what":"terminal","label":"A","type":"turn.completed","data":"{\"stopReason\":\"end_turn\"}"}
[rig] {"t":31914,"what":"followup","label":"B2","status":202}
[rig] {"t":32119,"what":"lease","row":"17b65f1b-e683-4569-bc69-2daeef30ac56 1"}
[rig] {"t":32631,"what":"lease","row":"- -"}
[rig] {"t":32760,"what":"terminal","label":"B2","type":"turn.completed","data":"{\"stopReason\":\"end_turn\"}"}
RIG_RESULT {"arm":"merge","scenario":"cancel-queued","order":["A","B"],"terminals":{"A":{"type":"turn.completed","atMs":31902,"text":"SECOND_SESSION_A_DONE"},"B":{"type":"turn.cancelled","atMs":12321,"text":""},"B2":{"type":"turn.completed","atMs":32760,"text":"SECOND_SESSION_B2_DONE"}},"turns":{"A":[{"status":"completed"}],"B":[{"status":"completed"},{"status":"cancelled"}]},"files":{"A":"SECOND_A","B":null,"B2":"SECOND_B2"},"crossTalk":false,"queueNotices":1,"turnFailures":[],"toolExecutions":["SETTLED:2"],"finalLease":"- -","timeline":[{"t":216,"what":"created","label":"A","session":"401fe796-0a5d-4267-b02e-20daa55f7632"},{"t":246,"what":"created","label":"B","session":"240ec4ec-974c-4695-861e-9e1a766cbf20"},{"t":1132,"what":"lease","row":"5e895f0e-5472-4f8b-9100-c0a846c6b6b7 1"},{"t":12036,"what":"cancel","label":"B","turn":"turn_e9cbffd242774eeb93218629b4739e36","turnStatus":"running","status":202,"body":"{\"session_id\":\"240ec4ec-974c-4695-861e-9e1a766cbf20\",\"turn_id\":\"turn_e9cbffd242774eeb93218629b4739e36\",\"status\":\"accepted\",\"replayed\":false}"},{"t":12321,"what":"terminal","label":"B","type":"turn.cancelled","data":"{\"stopReason\":\"cancelled\"}"},{"t":31738,"what":"lease","row":"- -"},{"t":31902,"what":"terminal","label":"A","type":"turn.completed","data":"{\"stopReason\":\"end_turn\"}"},{"t":31914,"what":"followup","label":"B2","status":202},{"t":32119,"what":"lease","row":"17b65f1b-e683-4569-bc69-2daeef30ac56 1"},{"t":32631,"what":"lease","row":"- -"},{"t":32760,"what":"terminal","label":"B2","type":"turn.completed","data":"{\"stopReason\":\"end_turn\"}"}]}
[cancelq-merge-1] exit=0 wall=46s
