stopped harness (39090)
stopped spring (38977)
Started ManagedAgentServerApplication in 3.728 seconds
harness via tap: 200
14:35:07 START s8-main
14:35:17 END rc=0
14:35:17 START b5-base
14:35:22 END rc=0
stopped harness (39628)
stopped spring (39463)
Started ManagedAgentServerApplication in 2.753 seconds
harness via tap: 200
14:35:44 START s8-pr-off
14:35:50 END rc=0
stopped harness (40152)
stopped spring (40043)
Started ManagedAgentServerApplication in 2.681 seconds
harness via tap: 200
14:35:56 START s8-pr-on
14:35:57 END rc=0
14:35:57 START b5-pr
14:36:05 END rc=0
14:36:05 BATCH C DONE
