Started ManagedAgentServerApplication in 4.766 seconds
harness via tap: 200
14:03:06 START s1 (load 10.13)
14:08:33 END rc=0
14:08:33 START s2 (load 13.10)
14:08:38 END rc=0
14:08:38 START s3 (load 12.22)
node:internal/assert/utils:77
    throw err;
    ^

AssertionError [ERR_ASSERTION]: The expression evaluated to a falsy value:

  assert(!this.paused)

    at Parser.finish (node:internal/deps/undici/undici:6165:9)
    at Socket.<anonymous> (node:internal/deps/undici/undici:6499:36)
    at Socket.emit (node:events:531:35)
    at endReadableNT (node:internal/streams/readable:1698:12)
    at process.processTicksAndRejections (node:internal/process/task_queues:89:21) {
  generatedMessage: true,
  code: 'ERR_ASSERTION',
  actual: false,
  expected: true,
  operator: '==',
  diff: 'simple'
}

Node.js v22.23.2
14:08:40 END rc=0
14:08:40 START s4 (load 12.22)
14:08:49 END rc=0
14:08:49 START abort (load 11.64)
14:08:50 END rc=0
14:08:50 START abort-corrupt (load 11.64)
14:08:52 END rc=0
14:08:52 START revoke-pr (load 11.64)
14:08:53 END rc=0
14:08:53 START b1 (load 11.64)
14:09:06 END rc=0
14:09:06 START b2 (load 10.23)
14:09:11 END rc=0
14:09:11 START b3 (load 9.66)
14:09:22 END rc=0
14:09:22 START b4 (load 10.10)
14:10:03 END rc=0
14:10:03 START b6b (load 10.00)
14:10:08 END rc=0
14:10:08 START b8 (load 10.08)
14:12:10 END rc=0
14:12:10 START gib (load 9.58)
14:13:34 END rc=0
14:13:34 START cost (load 9.46)
14:13:50 END rc=0
14:13:50 START slow (load 10.46)
14:16:01 END rc=0
14:16:01 START gone (load 15.54)
14:16:05 END rc=0
Started ManagedAgentServerApplication in 2.73 seconds
harness via tap: 200
14:16:27 START unbound (load 13.03)
14:16:28 END rc=0
14:16:28 START faults (load 12.70)
14:18:26 END rc=0
Started ManagedAgentServerApplication in 2.701 seconds
harness via tap: 200
14:18:32 START tz (load 7.62)
14:18:34 END rc=0
Started ManagedAgentServerApplication in 2.668 seconds
harness via tap: 200
14:18:40 START routes-off (load 7.30)
14:18:40 END rc=0
Started ManagedAgentServerApplication in 2.737 seconds
harness via tap: 200
14:18:46 START routes-on (load 7.59)
14:18:47 END rc=0
Started ManagedAgentServerApplication in 2.654 seconds
harness via tap: 200
14:18:53 START policy enabled, original=false, preview=false (load 7.55)
14:18:55 END rc=0
Started ManagedAgentServerApplication in 2.664 seconds
harness via tap: 200
14:19:01 START policy enabled, original=false, preview=true (load 7.39)
14:19:03 END rc=0
Started ManagedAgentServerApplication in 2.693 seconds
harness via tap: 200
14:19:09 START policy enabled, original=true, preview=false (load 6.95)
14:19:12 END rc=0
Started ManagedAgentServerApplication in 2.76 seconds
harness via tap: 200
14:19:18 START policy disabled (default), publish flags left true (load 6.80)
14:19:32 END rc=0
Started ManagedAgentServerApplication in 2.711 seconds
harness via tap: 200
14:19:38 START policy all three true again (load 5.91)
14:19:41 END rc=0
Started ManagedAgentServerApplication in 2.751 seconds
harness via tap: 200
14:19:47 START perf (load 6.64)
14:21:50 END rc=0
14:21:50 START dblatency (load 8.28)
14:24:07 END rc=0
14:24:07 START paired (load 5.07)
14:26:39 END rc=0
14:26:39 START candidate (load 6.48)
14:27:43 END rc=0
Started ManagedAgentServerApplication in 2.917 seconds
harness via tap: 200
14:27:49 START revoke-cand (load 7.05)
14:27:52 END rc=0
14:27:52 START cost-cand (load 7.05)
14:28:03 END rc=0
Started ManagedAgentServerApplication in 3.019 seconds
harness via tap: 200
14:28:09 BATCH DONE
