16:40:52.046 machine_id=<vm-machine-id> boot_id=d1ef78c6-5a49-437d-9efe-64434c7d7b31 uptime=11909s kernel=6.8.0-117-generic
16:40:52.059 arm: head-on | active=active health=200
16:40:53.465 file Session A 2eadc7e7-ab3c-4112-9e5e-95710de1c308 create=200
16:40:54.579   maint register-a: exit=0 626 ms -> Workspace storage maintenance operation verified.
16:40:57.726    health=200 === 2026-09-30T16:40:54.594Z start pid=165016 boot_id=d1ef78c6-5a49-437d-9efe-64434c7d7b31 machine_id=<vm-machine-id> jar=head-server.jar dist=dist-head verified=true durable=true harness=false db=w1r_s2m
16:40:58.183    A load=200
16:40:59.549 A turn 1 (before any change): admit=202 terminal=turn_complete(end_turn) recoveryBlocked=false 1344 ms text="Writing.DONE after 1 tool result(s): [{"type":"text","text":"Successfully created and wrote to new file: /srv/w1a/a/project/seed.txt."}]"
16:40:59.550    broker: runtimes:warm→200  tool-sessions:acquire→200  executions:prepare→200  executions/:id:start→200  executions/:id→200  tool-sessions/:id:release→200
16:40:59.560    worker pids: 165094
16:41:05.300 case 1 control: nothing changed
16:41:05.301    -> EXECUTED -> /srv/w1a/a/project/case1.txt
16:41:05.301    load=200 turn=turn_complete model+2 written=/srv/w1a/a/project/case1.txt | GET session=200 events=200
16:41:05.302    inspect: state=ready revision=1 operation=null completed=5559dba1-3636-446e-952d-33d0a58c30ba holder=false identity=match marker=match registration=valid
16:41:08.918    health=200
16:41:10.202    original dev=64769 ino=788592; replacement dev=64769 ino=802086
16:41:14.992 case 2 root replaced at the same pathname (mv a a.prev; mkdir a/project)
16:41:14.993    -> REFUSED (turn_error; runtimes:warm→409(workspace_unavailable))
16:41:14.993    load=200 turn=turn_error model+1 written=nowhere | GET session=200 events=200
16:41:14.994    inspect: state=ready revision=1 operation=null completed=5559dba1-3636-446e-952d-33d0a58c30ba holder=false identity=mismatch marker=unavailable registration=valid
16:41:18.629    health=200
16:41:24.993 case 3 replacement root with the marker copied into it
16:41:24.994    -> REFUSED (turn_error; runtimes:warm→409(workspace_unavailable))
16:41:24.994    load=200 turn=turn_error model+1 written=nowhere | GET session=200 events=200
16:41:24.994    inspect: state=ready revision=1 operation=null completed=5559dba1-3636-446e-952d-33d0a58c30ba holder=false identity=mismatch marker=match registration=valid
16:41:29.376    health=200
16:41:36.302 case 4 original root back in place (control after the two replacements)
16:41:36.303    -> EXECUTED -> /srv/w1a/a/project/case4.txt
16:41:36.303    load=200 turn=turn_complete model+2 written=/srv/w1a/a/project/case4.txt | GET session=200 events=200
16:41:36.304    inspect: state=ready revision=1 operation=null completed=5559dba1-3636-446e-952d-33d0a58c30ba holder=false identity=match marker=match registration=valid
16:41:39.953    health=200
16:41:46.635 case 5 marker removed from the original root
16:41:46.636    -> REFUSED (turn_error; runtimes:warm→409(workspace_unavailable))
16:41:46.636    load=200 turn=turn_error model+1 written=nowhere | GET session=200 events=200
16:41:46.636    inspect: state=ready revision=1 operation=null completed=5559dba1-3636-446e-952d-33d0a58c30ba holder=false identity=match marker=unavailable registration=valid
16:41:49.959    health=200
16:41:57.154 case 6 marker registrationId edited
16:41:57.155    -> REFUSED (turn_error; runtimes:warm→409(workspace_unavailable))
16:41:57.155    load=200 turn=turn_error model+1 written=nowhere | GET session=200 events=200
16:41:57.155    inspect: state=ready revision=1 operation=null completed=5559dba1-3636-446e-952d-33d0a58c30ba holder=false identity=match marker=mismatch registration=valid
16:42:00.518    health=200
16:42:07.911 case 7 marker re-serialized (pretty-printed, same values)
16:42:07.912    -> EXECUTED -> /srv/w1a/a/project/case7.txt
16:42:07.912    load=200 turn=turn_complete model+2 written=/srv/w1a/a/project/case7.txt | GET session=200 events=200
16:42:07.913    inspect: state=ready revision=1 operation=null completed=5559dba1-3636-446e-952d-33d0a58c30ba holder=false identity=match marker=match registration=valid
16:42:11.544    health=200
16:42:18.715 case 8 marker replaced by a symlink to an identical copy
16:42:18.716    -> REFUSED (turn_error; runtimes:warm→409(workspace_unavailable))
16:42:18.716    load=200 turn=turn_error model+1 written=nowhere | GET session=200 events=200
16:42:18.716    inspect: state=ready revision=1 operation=null completed=5559dba1-3636-446e-952d-33d0a58c30ba holder=false identity=match marker=unavailable registration=valid
16:42:22.356    health=200
16:42:29.694 case 9 saved cwd missing (mv project project.bak)
16:42:29.694    -> REFUSED (turn_error; runtimes:warm→409(workspace_unavailable))
16:42:29.695    load=200 turn=turn_error model+1 written=nowhere | GET session=200 events=200
16:42:29.695    inspect: state=ready revision=1 operation=null completed=5559dba1-3636-446e-952d-33d0a58c30ba holder=false identity=match marker=match registration=valid
16:42:33.303    health=200
16:42:40.697 case 10 saved cwd replaced by a symlink to another directory
16:42:40.697    -> REFUSED (turn_error; runtimes:warm→409(workspace_unavailable))
16:42:40.697    load=200 turn=turn_error model+1 written=nowhere | GET session=200 events=200
16:42:40.698    inspect: state=ready revision=1 operation=null completed=5559dba1-3636-446e-952d-33d0a58c30ba holder=false identity=match marker=match registration=valid
16:42:44.347    health=200
16:42:49.948 case 11 root replaced by a symlink to the moved original (mv a a.real; ln -s a.real a)
16:42:49.949    -> server did not start
16:42:49.950    	at java.base/java.lang.reflect.Method.invoke(Method.java:580) ~[na:na] / 	at org.springframework.beans.factory.support.SimpleInstantiationStrategy.lambda$instantiate$0(SimpleInstantiationStrategy.java:172) ~[spring-beans-6.2.19.jar!/:6.2.19] / 	... 85 common frames omitted
16:42:49.950    inspect: state=ready revision=1 operation=null completed=5559dba1-3636-446e-952d-33d0a58c30ba holder=false identity=mismatch marker=match registration=valid
16:42:53.145    health=200
16:42:55.681   maint fence-a-rev1: exit=0 629 ms -> Workspace storage maintenance operation verified.
16:42:55.717    row: row state=FENCED rev=1 op=be1bda0d completed=- dev=64769 ino=788592 birth=2026-09-30T16:40:47.756472044Z reg=6c7e8669 holder=-
16:43:01.415 case 12 storage fenced offline (fence <rev 1> <op>)
16:43:01.416    -> REFUSED (turn_error; runtimes:warm→409(workspace_unavailable))
16:43:01.416    load=200 turn=turn_error model+1 written=nowhere | GET session=200 events=200
16:43:01.416    inspect: state=fenced revision=1 operation=be1bda0d-ac73-4ce1-bcb8-dfd7ddd9b4db completed=null holder=false identity=match marker=match registration=valid
16:43:02.446   maint fence-a-rev1-retry: exit=0 544 ms -> Workspace storage maintenance operation verified.
16:43:03.040   maint fence-a-other-op-while-fenced: exit=1 593 ms -> REFUSED: Workspace execution authority is unavailable.
16:43:03.605   maint restore-a-other-op: exit=1 564 ms -> REFUSED: Workspace execution authority is unavailable.
16:43:04.160   maint restore-a-wrong-rev: exit=1 554 ms -> REFUSED: Workspace execution authority is unavailable.
16:43:04.803   maint restore-a: exit=0 642 ms -> Workspace storage maintenance operation verified.
16:43:04.836    row: row state=READY rev=2 op=- completed=be1bda0d dev=64769 ino=788592 birth=2026-09-30T16:40:47.756472044Z reg=6c7e8669 holder=-
16:43:05.476   maint restore-a-retry: exit=0 640 ms -> Workspace storage maintenance operation verified.
16:43:05.512    row after the retry: row state=READY rev=2 op=- completed=be1bda0d dev=64769 ino=788592 birth=2026-09-30T16:40:47.756472044Z reg=6c7e8669 holder=-
16:43:06.146   maint delayed-old-fence-rev1: exit=1 634 ms -> REFUSED: Workspace execution authority is unavailable.
16:43:06.181    row after the delayed fence: row state=READY rev=2 op=- completed=be1bda0d dev=64769 ino=788592 birth=2026-09-30T16:40:47.756472044Z reg=6c7e8669 holder=-
16:43:09.361    health=200
16:43:17.543 case 13 after restore-original (revision 2)
16:43:17.544    -> EXECUTED -> /srv/w1a/a/project/case13.txt
16:43:17.544    load=200 turn=turn_complete model+2 written=/srv/w1a/a/project/case13.txt | GET session=200 events=200
16:43:17.545    inspect: state=ready revision=2 operation=null completed=be1bda0d-ac73-4ce1-bcb8-dfd7ddd9b4db holder=false identity=match marker=match registration=valid
16:43:21.178    health=200
16:43:22.824 == summary
16:43:22.825    1 ok  control: nothing changed -> EXECUTED -> /srv/w1a/a/project/case1.txt
16:43:22.825    2 ok  root replaced at the same pathname (mv a a.prev; mkdir a/project) -> REFUSED (turn_error; runtimes:warm→409(workspace_unavailable))
16:43:22.825    3 ok  replacement root with the marker copied into it -> REFUSED (turn_error; runtimes:warm→409(workspace_unavailable))
16:43:22.826    4 ok  original root back in place (control after the two replacements) -> EXECUTED -> /srv/w1a/a/project/case4.txt
16:43:22.826    5 ok  marker removed from the original root -> REFUSED (turn_error; runtimes:warm→409(workspace_unavailable))
16:43:22.826    6 ok  marker registrationId edited -> REFUSED (turn_error; runtimes:warm→409(workspace_unavailable))
16:43:22.826    7 ok  marker re-serialized (pretty-printed, same values) -> EXECUTED -> /srv/w1a/a/project/case7.txt
16:43:22.827    8 ok  marker replaced by a symlink to an identical copy -> REFUSED (turn_error; runtimes:warm→409(workspace_unavailable))
16:43:22.827    9 ok  saved cwd missing (mv project project.bak) -> REFUSED (turn_error; runtimes:warm→409(workspace_unavailable))
16:43:22.827   10 ok  saved cwd replaced by a symlink to another directory -> REFUSED (turn_error; runtimes:warm→409(workspace_unavailable))
16:43:22.827   11 ok  root replaced by a symlink to the moved original (mv a a.real; ln -s a.real a) -> server did not start
16:43:22.827   12 ok  storage fenced offline (fence <rev 1> <op>) -> REFUSED (turn_error; runtimes:warm→409(workspace_unavailable))
16:43:22.828   13 ok  after restore-original (revision 2) -> EXECUTED -> /srv/w1a/a/project/case13.txt
16:43:22.828    files under a/project: case1.txt case13.txt case4.txt case7.txt seed.txt
16:43:22.954 S2-DONE
