
 RUN  v3.2.7 /Users/wenshao/git/v12546/main/packages/core
      Coverage enabled with v8

 ✓ src/core/prompt-tool-examples.test.ts (2 tests) 40ms
 ✓ src/core/prompts.test.ts (190 tests) 60ms
 ✓ src/agents/arena/ArenaManager.test.ts (31 tests) 6076ms
   ✓ ArenaManager > backend initialization > should emit SESSION_UPDATE with type warning when backend detection returns warning  508ms
   ✓ ArenaManager > chat history forwarding > passes approvalMode to in-process backend spawn configs  504ms
   ✓ ArenaManager > chat history forwarding > should pass chatHistory to backend spawnAgent calls  503ms
   ✓ ArenaManager > chat history forwarding > should pass undefined chatHistory when not provided  503ms
   ✓ ArenaManager > chat history forwarding > builds the in-process worker prompt with headless mode and the active style  504ms
   ✓ ArenaManager > chat history forwarding > does not let a style strip the coding instructions from a peer  504ms
   ✓ ArenaManager > chat history forwarding > gives a peer no style when a custom system prompt replaces the main one  505ms
   ✓ ArenaManager > chat history forwarding > does not embed the auto-memory section in the worker system prompt  503ms
   ✓ ArenaManager > active session lifecycle > collects diff summaries and fallback approach summaries  1006ms
   ✓ ArenaManager > active session lifecycle > cancel should stop backend and move session to CANCELLED  504ms
   ✓ ArenaManager > active session lifecycle > cleanup should release backend and worktree resources after start  503ms

 Test Files  3 passed (3)
      Tests  223 passed (223)
   Start at  23:47:18
   Duration  12.76s (transform 3.43s, setup 96ms, collect 9.89s, tests 6.18s, environment 1ms, prepare 444ms)

JUNIT report written to /Users/wenshao/git/v12546/main/packages/core/junit.xml
 % Coverage report from v8
