[create] {"sessionId":"84c5baa4-9900-4475-bb1e-00ea61bd2825","capabilities":{"items":true,"snapshots":true,"artifacts":false,"resync":true,"tasks":true}}
[tasks-empty] {"status":200,"body":{"object":"list","data":[],"has_more":false,"next_cursor":null}}
[webshell-session-capabilities] {"status":200,"capabilities":{"tasks":true}}
[commit] {"id":"monitor-1","rev":1,"seq":"2-2","ts":"pending/unbound","java":"pending/unbound","fixture":"pending/unbound","same":true}
[commit] {"id":"monitor-2","rev":1,"seq":"3-3","ts":"pending/null","java":"pending/null","fixture":"pending/null","same":true}
[commit] {"id":"monitor-1","rev":2,"seq":"4-4","ts":"pending/provisioning","java":"pending/provisioning","fixture":"pending/provisioning","same":true}
[commit] {"id":"monitor-2","rev":2,"seq":"5-5","ts":"failed/null","java":"failed/null","fixture":"failed/null","same":true}
[commit] {"id":"monitor-1","rev":3,"seq":"6-6","ts":"running/ready","java":"running/ready","fixture":"running/ready","same":true}
[commit] {"id":"monitor-1","rev":4,"seq":"7-7","ts":"running/ready","java":"running/ready","fixture":"running/ready","same":true}
[commit] {"id":"monitor-1","rev":5,"seq":"8-8","ts":"recovery_blocked/lost","java":"recovery_blocked/lost","fixture":"recovery_blocked/lost","same":true}
[commit] {"id":"monitor-1","rev":6,"seq":"9-9","ts":"degraded/ready","java":"degraded/ready","fixture":"degraded/ready","same":true}
[commit] {"id":"monitor-1","rev":7,"seq":"10-10","ts":"degraded/ready","java":"degraded/ready","fixture":"degraded/ready","same":true}
[commit] {"id":"monitor-1","rev":8,"seq":"11-13","ts":"cancelled/null","java":"cancelled/null","fixture":"cancelled/null","same":true}
[stepped-back] {"refused":"ManagedSessionConflictError: monitor_run record monitor-2 cannot follow its revision 2.","before":{"tx":12,"resources":20,"records":2},"after":{"tx":12,"resources":20,"records":2}}
[input-tx] [["11","13","3","commitMonitorRun","monitor-1:8"]]
[ts-taskViews] [{"taskId":"task_0b5bfba7937eaf4bb8ba92a67dbc029ea290de829b9f46d549f505252586f971","sessionId":"84c5baa4-9900-4475-bb1e-00ea61bd2825","kind":"monitor","state":"failed","runtimeState":null,"definitionRevision":null,"createdAt":1790520763979,"startedAt":null,"settledAt":1790520764167},{"taskId":"task_a08732ad9ec9325d3d841e134281a02f8c72a0004c53631aa68002bf62607ae0","sessionId":"84c5baa4-9900-4475-bb1e-00ea61bd2825","kind":"monitor","state":"cancelled","runtimeState":null,"definitionRevision":null,"createdAt":1790520763870,"startedAt":1790520764250,"settledAt":1790520764668}]
[ts-outbox] []
[public-list] {"status":200,"body":{"object":"list","data":[{"id":"task_0b5bfba7937eaf4bb8ba92a67dbc029ea290de829b9f46d549f505252586f971","object":"agent.task","session_id":"84c5baa4-9900-4475-bb1e-00ea61bd2825","kind":"monitor","state":"failed","created_at":1790520763979,"settled_at":1790520764167,"artifact_refs":[],"action_capabilities":[]},{"id":"task_a08732ad9ec9325d3d841e134281a02f8c72a0004c53631aa68002bf62607ae0","object":"agent.task","session_id":"84c5baa4-9900-4475-bb1e-00ea61bd2825","kind":"monitor","state":"cancelled","created_at":1790520763870,"started_at":1790520764250,"settled_at":1790520764668,"artifact_refs":[],"action_capabilities":[]}],"has_more":false,"next_cursor":null}}
[public==ts (order+fields)] true
[detail] {"taskId":"task_0b5bfba7937","public":200,"webshell":200,"webshellBody":{"taskId":"task_0b5bfba7937eaf4bb8ba92a67dbc029ea290de829b9f46d549f505252586f971","sessionId":"84c5baa4-9900-4475-bb1e-00ea61bd2825","kind":"monitor","state":"failed","createdAt":1790520763979,"settledAt":1790520764167,"artifactRefs":[],"actionCapabilities":[]}}
[detail] {"taskId":"task_a08732ad9ec","public":200,"webshell":200,"webshellBody":{"taskId":"task_a08732ad9ec9325d3d841e134281a02f8c72a0004c53631aa68002bf62607ae0","sessionId":"84c5baa4-9900-4475-bb1e-00ea61bd2825","kind":"monitor","state":"cancelled","createdAt":1790520763870,"startedAt":1790520764250,"settledAt":1790520764668,"artifactRefs":[],"actionCapabilities":[]}}
[webshell-query] {"status":200,"ids":["task_0b5bfba7937","task_a08732ad9ec"],"nextCursor":null,"hasMore":false}
[isolation+errors] {"foreignTenant":[404,"session_not_found"],"foreignDetail":[404,"session_not_found"],"otherActorSameTenant":[200,"data=2"],"noActor":[200,"data=2"],"unknownTask":[404,"task_not_found"],"malformedTaskId":[404,"task_not_found"],"badCursor":[400,"invalid_cursor"],"limit0":[400,"invalid_limit"],"limit101":[400,"invalid_limit"],"limitAbc":[400,"invalid_request"]}
[events] {"status":200,"total":9,"types":["session.created","task.updated","task.updated","task.updated","task.updated","task.updated","task.updated","task.updated","task.updated"]}
[task.updated] ["2:a08732ad:pending","3:0b5bfba7:pending","4:a08732ad:pending","5:0b5bfba7:failed","6:a08732ad:running","7:a08732ad:recovery_blocked","8:a08732ad:degraded","9:a08732ad:cancelled"]
[grant-A] {"sessionKey":{"tenantId":"t-rig","workspaceId":"ws-rig","sessionId":"84c5baa4-9900-4475-bb1e-00ea61bd2825"},"operationId":"monitor-1:1","domain":"monitor_run","operationRevision":8,"ownerId":"owner-1","workspaceGeneration":"1","resourceScope":{"recordRef":{"resourceId":"d1c83e8e-9d52-485d-a407-1b1f207d7064","kind":"managed-monitor_run","schemaVersion":1,"byteLength":1283,"digest":"fef66570184ea584e3eb75f67de769a04cfc020ec295ff2b530c9066c79c7903"},"phases":["observe"]},"leaseDurationMs":60000,"expiresAt":1790520825183}
[cold-reopen writer-b] {"equal":true,"outbox":[]}
[grant-B (monitor-1 is cancelled with no delivery)] {"sessionKey":{"tenantId":"t-rig","workspaceId":"ws-rig","sessionId":"84c5baa4-9900-4475-bb1e-00ea61bd2825"},"operationId":"monitor-1:1","domain":"monitor_run","operationRevision":8,"ownerId":"owner-1","workspaceGeneration":"1","resourceScope":{"recordRef":{"resourceId":"d1c83e8e-9d52-485d-a407-1b1f207d7064","kind":"managed-monitor_run","schemaVersion":1,"byteLength":1283,"digest":"fef66570184ea584e3eb75f67de769a04cfc020ec295ff2b530c9066c79c7903"},"phases":["observe"]},"leaseDurationMs":60000,"expiresAt":1790520825382}
[summary] {"mismatches":0,"publicEqualsTs":true,"taskUpdatedCount":8,"coldReopenEqual":true}
