[create] {"sessionId":"f78ea6ce-fbde-4001-a0f0-84f36bcfe9f9","capabilities":{"items":true,"snapshots":true,"artifacts":false,"resync":true,"session_lifecycle":true,"tasks":true}}
[tasks-empty] {"status":200,"body":{"object":"list","data":[],"has_more":false,"next_cursor":null}}
[webshell-session-capabilities] {"status":200,"capabilities":{"tasks":true}}
[commit] {"id":"monitor-1","rev":1,"seq":"2-2","ts":"pending/unbound","java":"pending/unbound","fixture":"pending/unbound","same":true}
[commit] {"id":"monitor-2","rev":1,"seq":"3-3","ts":"pending/null","java":"pending/null","fixture":"pending/null","same":true}
[commit] {"id":"monitor-1","rev":2,"seq":"4-4","ts":"pending/provisioning","java":"pending/provisioning","fixture":"pending/provisioning","same":true}
[commit] {"id":"monitor-2","rev":2,"seq":"5-5","ts":"failed/null","java":"failed/null","fixture":"failed/null","same":true}
[commit] {"id":"monitor-1","rev":3,"seq":"6-6","ts":"running/ready","java":"running/ready","fixture":"running/ready","same":true}
[commit] {"id":"monitor-1","rev":4,"seq":"7-7","ts":"running/ready","java":"running/ready","fixture":"running/ready","same":true}
[commit] {"id":"monitor-1","rev":5,"seq":"8-8","ts":"recovery_blocked/lost","java":"recovery_blocked/lost","fixture":"recovery_blocked/lost","same":true}
[commit] {"id":"monitor-1","rev":6,"seq":"9-9","ts":"degraded/ready","java":"degraded/ready","fixture":"degraded/ready","same":true}
[commit] {"id":"monitor-1","rev":7,"seq":"10-10","ts":"degraded/ready","java":"degraded/ready","fixture":"degraded/ready","same":true}
[commit] {"id":"monitor-1","rev":8,"seq":"11-13","ts":"cancelled/null","java":"cancelled/null","fixture":"cancelled/null","same":true}
[stepped-back] {"refused":"ManagedSessionConflictError: monitor_run record monitor-2 cannot follow its revision 2.","before":{"tx":12,"resources":20,"records":2},"after":{"tx":12,"resources":20,"records":2}}
[input-tx] [["11","13","3","commitMonitorRun","monitor-1:8"]]
[ts-taskViews] [{"taskId":"task_9a38abc88af59f81f9333ef0f8064f51c9201468fa631917e0051dc784f3d61e","sessionId":"f78ea6ce-fbde-4001-a0f0-84f36bcfe9f9","kind":"monitor","state":"failed","runtimeState":null,"definitionRevision":null,"createdAt":1790576021899,"startedAt":null,"settledAt":1790576023024},{"taskId":"task_560a7616261db01e99c4a612372948f8080c2b993f6e55a9ec8628cd2b323618","sessionId":"f78ea6ce-fbde-4001-a0f0-84f36bcfe9f9","kind":"monitor","state":"cancelled","runtimeState":null,"definitionRevision":null,"createdAt":1790576020980,"startedAt":1790576023241,"settledAt":1790576024792}]
[ts-outbox] []
[public-list] {"status":200,"body":{"object":"list","data":[{"id":"task_9a38abc88af59f81f9333ef0f8064f51c9201468fa631917e0051dc784f3d61e","object":"agent.task","session_id":"f78ea6ce-fbde-4001-a0f0-84f36bcfe9f9","kind":"monitor","state":"failed","created_at":1790576021899,"settled_at":1790576023024,"artifact_refs":[],"action_capabilities":[]},{"id":"task_560a7616261db01e99c4a612372948f8080c2b993f6e55a9ec8628cd2b323618","object":"agent.task","session_id":"f78ea6ce-fbde-4001-a0f0-84f36bcfe9f9","kind":"monitor","state":"cancelled","created_at":1790576020980,"started_at":1790576023241,"settled_at":1790576024792,"artifact_refs":[],"action_capabilities":[]}],"has_more":false,"next_cursor":null}}
[public==ts (order+fields)] true
[detail] {"taskId":"task_9a38abc88af","public":200,"webshell":200,"webshellBody":{"taskId":"task_9a38abc88af59f81f9333ef0f8064f51c9201468fa631917e0051dc784f3d61e","sessionId":"f78ea6ce-fbde-4001-a0f0-84f36bcfe9f9","kind":"monitor","state":"failed","createdAt":1790576021899,"settledAt":1790576023024,"artifactRefs":[],"actionCapabilities":[]}}
[detail] {"taskId":"task_560a7616261","public":200,"webshell":200,"webshellBody":{"taskId":"task_560a7616261db01e99c4a612372948f8080c2b993f6e55a9ec8628cd2b323618","sessionId":"f78ea6ce-fbde-4001-a0f0-84f36bcfe9f9","kind":"monitor","state":"cancelled","createdAt":1790576020980,"startedAt":1790576023241,"settledAt":1790576024792,"artifactRefs":[],"actionCapabilities":[]}}
[webshell-query] {"status":200,"ids":["task_9a38abc88af","task_560a7616261"],"nextCursor":null,"hasMore":false}
[isolation+errors] {"foreignTenant":[404,"session_not_found"],"foreignDetail":[404,"session_not_found"],"otherActorSameTenant":[200,"data=2"],"noActor":[200,"data=2"],"unknownTask":[404,"task_not_found"],"malformedTaskId":[404,"task_not_found"],"badCursor":[400,"invalid_cursor"],"limit0":[400,"invalid_limit"],"limit101":[400,"invalid_limit"],"limitAbc":[400,"invalid_request"]}
[events] {"status":200,"total":9,"types":["session.created","task.updated","task.updated","task.updated","task.updated","task.updated","task.updated","task.updated","task.updated"]}
[task.updated] ["2:560a7616:pending","3:9a38abc8:pending","4:560a7616:pending","5:9a38abc8:failed","6:560a7616:running","7:560a7616:recovery_blocked","8:560a7616:degraded","9:560a7616:cancelled"]
[grant-A] {"sessionKey":{"tenantId":"t-rig","workspaceId":"ws-rig","sessionId":"f78ea6ce-fbde-4001-a0f0-84f36bcfe9f9"},"operationId":"monitor-1:1","domain":"monitor_run","operationRevision":8,"ownerId":"owner-1","workspaceGeneration":"1","resourceScope":{"recordRef":{"resourceId":"20b7facc-6c5d-48f0-8f43-815b93ef8f5e","kind":"managed-monitor_run","schemaVersion":1,"byteLength":1283,"digest":"1a0e2059c867870b747250d2d4b2a6d5303d6deb0c8a26099738f5ee6b7c6a5b"},"phases":["observe"]},"leaseDurationMs":60000,"expiresAt":1790576086225}
[cold-reopen writer-b] {"equal":true,"outbox":[]}
[grant-B (monitor-1 is cancelled with no delivery)] {"sessionKey":{"tenantId":"t-rig","workspaceId":"ws-rig","sessionId":"f78ea6ce-fbde-4001-a0f0-84f36bcfe9f9"},"operationId":"monitor-1:1","domain":"monitor_run","operationRevision":8,"ownerId":"owner-1","workspaceGeneration":"1","resourceScope":{"recordRef":{"resourceId":"20b7facc-6c5d-48f0-8f43-815b93ef8f5e","kind":"managed-monitor_run","schemaVersion":1,"byteLength":1283,"digest":"1a0e2059c867870b747250d2d4b2a6d5303d6deb0c8a26099738f5ee6b7c6a5b"},"phases":["observe"]},"leaseDurationMs":60000,"expiresAt":1790576088129}
[summary] {"mismatches":0,"publicEqualsTs":true,"taskUpdatedCount":8,"coldReopenEqual":true}
