[  11.8s] [pre jar] started; Flyway history (V14+):
[  11.9s] [pre history] #14 V14 "managed event replay" V14__managed_event_replay.sql checksum=200190638 ok=1
[  11.9s] [pre history] #15 V15 "managed event identity" db.migration.V15__managed_event_identity checksum=NULL ok=1
[  14.4s] [pre archive (Harness healthy)] 200 status=archived
[  14.4s] [pre archive (Harness close 503)] 503 hosted_harness_unavailable
[  14.5s] [pre delete (Harness close 503)] 503 hosted_harness_unavailable
[  14.5s] [pre commands] [["ARCHIVE_SESSION","COMPLETED","ACTIVE"],["ARCHIVE_SESSION","PENDING","ACTIVE"],["DELETE_SESSION","PENDING","ACTIVE"]]
[  22.0s] [PR jar] started after 6.0s; Flyway history (V14+):
[  22.1s] [PR history] #14 V14 "managed event replay" V14__managed_event_replay.sql checksum=200190638 ok=1
[  22.1s] [PR history] #15 V15 "managed event identity" db.migration.V15__managed_event_identity checksum=NULL ok=1
[  22.1s] [PR history] #16 V16 "runtime loss evidence" V16__runtime_loss_evidence.sql checksum=2104958993 ok=1
[  22.1s] [PR history] #17 V17 "managed session operation" V17__managed_session_operation.sql checksum=1110071400 ok=1
[  22.1s] [PR commands] [["ARCHIVE_SESSION","COMPLETED"],["ARCHIVE_SESSION","MIGRATED"],["DELETE_SESSION","MIGRATED"]]
[  22.2s] [PR migrated operations] [{"session":"154f7832","operation":"op_898c547fbb0a11f1a3f13266ea49459a","kind":"ARCHIVE","key":"arch-666e228","actor":"''"},{"session":"33972aa3","operation":"op_898c576cbb0a11f1a3f13266ea49459a","kind":"DELETE","key":"del-c28d716c","actor":"''"}]
[  22.5s] [PR ARCHIVE completed] 200 archive/completed stage=harness_confirmed delivery=confirmed replayed=false receipt=rcpt_9f7db0f… | status=ARCHIVED boot=a08f711d | writer SEALED lease_until=07:03:07
[  22.6s] [PR DELETE completed] 200 delete/completed stage=harness_confirmed delivery=confirmed replayed=false receipt=rcpt_c4cea20… | status=DELETED boot=- | writer SEALED lease_until=07:03:07
[  22.6s] [PR Harness closes] /session/69d253fb-… -> 204; /session/154f7832-… -> 204; /session/33972aa3-… -> 204
[  22.6s] [retry migrated archive key] 202 archive/completed stage=harness_confirmed delivery=confirmed replayed=true receipt=rcpt_9f7db0f… same=true
[  22.6s] [retry migrated delete key] 202 delete/completed stage=harness_confirmed delivery=confirmed replayed=true receipt=rcpt_c4cea20… same=true
[  22.7s] [retry completed pre archive key] 409 session_state_conflict
[  23.9s] [new Session close] 202 close/pending stage=java_durable delivery=pending replayed=false -> 200 close/completed stage=harness_confirmed delivery=confirmed replayed=false receipt=rcpt_c32b5a4…
[  24.0s] [new Session archive] 202 archive/completed stage=java_durable delivery=confirmed replayed=false receipt=rcpt_e2108b6… -> 200 archive/completed stage=java_durable delivery=confirmed replayed=false receipt=rcpt_e2108b6…
[  24.3s] [new Session delete] 202 delete/pending stage=java_durable delivery=pending replayed=false -> 200 delete/completed stage=java_durable delivery=confirmed replayed=false receipt=rcpt_cfa5436…
[  24.3s] [done] upgrade pre -> PR on mysql complete
