[  14.7s] [w0e jar] started; Flyway history (V14+):
[  14.8s] [w0e history] #14 V14 "managed event replay" V14__managed_event_replay.sql checksum=200190638 ok=1
[  14.8s] [w0e history] #15 V15 "managed event identity" db.migration.V15__managed_event_identity checksum=NULL ok=1
[  14.8s] [w0e history] #16 V16 "runtime loss evidence" V16__runtime_loss_evidence.sql checksum=2104958993 ok=1
[  16.7s] [w0e archive (Harness healthy)] 200 status=archived
[  16.7s] [w0e archive (Harness close 503)] 503 hosted_harness_unavailable
[  16.8s] [w0e delete (Harness close 503)] 503 hosted_harness_unavailable
[  16.8s] [w0e commands] [["ARCHIVE_SESSION","COMPLETED","ACTIVE"],["ARCHIVE_SESSION","PENDING","ACTIVE"],["DELETE_SESSION","PENDING","ACTIVE"]]
[  21.7s] [PR jar] started after 3.4s; Flyway history (V14+):
[  21.8s] [PR history] #14 V14 "managed event replay" V14__managed_event_replay.sql checksum=200190638 ok=1
[  21.8s] [PR history] #15 V15 "managed event identity" db.migration.V15__managed_event_identity checksum=NULL ok=1
[  21.8s] [PR history] #16 V16 "runtime loss evidence" V16__runtime_loss_evidence.sql checksum=2104958993 ok=1
[  21.8s] [PR history] #17 V17 "managed session operation" V17__managed_session_operation.sql checksum=1110071400 ok=1
[  21.8s] [PR commands] [["ARCHIVE_SESSION","COMPLETED"],["ARCHIVE_SESSION","MIGRATED"],["DELETE_SESSION","MIGRATED"]]
[  21.9s] [PR migrated operations] [{"session":"2fa19daf","operation":"op_7b503b4abb0a11f1a3f13266ea49459a","kind":"ARCHIVE","key":"arch-6dd4786","actor":"''"},{"session":"25458691","operation":"op_7b50423dbb0a11f1a3f13266ea49459a","kind":"DELETE","key":"del-7f5e1009","actor":"''"}]
[  22.0s] [PR ARCHIVE completed] 200 archive/completed stage=harness_confirmed delivery=confirmed replayed=false receipt=rcpt_398808b… | status=ARCHIVED boot=676d69c0 | writer SEALED lease_until=07:02:45
[  22.1s] [PR DELETE completed] 200 delete/completed stage=harness_confirmed delivery=confirmed replayed=false receipt=rcpt_ecf624b… | status=DELETED boot=- | writer SEALED lease_until=07:02:45
[  22.1s] [PR Harness closes] /session/0a98c79c-… -> 204; /session/2fa19daf-… -> 204; /session/25458691-… -> 204
[  22.1s] [retry migrated archive key] 202 archive/completed stage=harness_confirmed delivery=confirmed replayed=true receipt=rcpt_398808b… same=true
[  22.1s] [retry migrated delete key] 202 delete/completed stage=harness_confirmed delivery=confirmed replayed=true receipt=rcpt_ecf624b… same=true
[  22.1s] [retry completed w0e archive key] 409 session_state_conflict
[  23.2s] [new Session close] 202 close/pending stage=java_durable delivery=pending replayed=false -> 200 close/completed stage=harness_confirmed delivery=confirmed replayed=false receipt=rcpt_c2d2e77…
[  23.3s] [new Session archive] 202 archive/completed stage=java_durable delivery=confirmed replayed=false receipt=rcpt_6b00036… -> 200 archive/completed stage=java_durable delivery=confirmed replayed=false receipt=rcpt_6b00036…
[  23.6s] [new Session delete] 202 delete/pending stage=java_durable delivery=pending replayed=false -> 200 delete/completed stage=java_durable delivery=confirmed replayed=false receipt=rcpt_6ca9fbe…
[  23.6s] [done] upgrade w0e -> PR on mysql complete
