=== P O2 path (00:18:59)
[R1-3 probe: output begins with the truncation sentinel, exit 0] admit=202 terminal=turn_complete(end_turn) recoveryBlocked=false 2991ms
[  model input] 257 B; marker x2; exit 0: true; omitted-marker: false; [Recent stderr]: false; odd chars in recent-stderr block: 0, in whole input: 0; worker path: false; ansi fragments: 0; U+FFFD: 0
[R1-3 probe: same, exit 1] admit=202 terminal=turn_complete(end_turn) recoveryBlocked=false 2931ms
[  model input] 265 B; marker x2; exit 1: true; omitted-marker: false; [Recent stderr]: false; odd chars in recent-stderr block: 0, in whole input: 0; worker path: false; ansi fragments: 0; U+FFFD: 0
[30,000-line log + stderr error] admit=202 terminal=turn_complete(end_turn) recoveryBlocked=false 2815ms
[  model input] 189 B; marker x0; exit 3: false; omitted-marker: false; [Recent stderr]: false; odd chars in recent-stderr block: 0, in whole input: 0; worker path: false; ansi fragments: 0; U+FFFD: 0
[200 KB stdout + CJK stderr (window starts on 1 continuation byte)] admit=202 terminal=turn_complete(end_turn) recoveryBlocked=false 3112ms
[  model input] 8192 B; marker x1; exit 2: true; omitted-marker: false; [Recent stderr]: false; odd chars in recent-stderr block: 0, in whole input: 0; worker path: false; ansi fragments: 0; U+FFFD: 0
[stdout-only 58,368 B] admit=202 terminal=turn_complete(end_turn) recoveryBlocked=false 2908ms
[  model input] 8192 B; marker x0; exit 0: true; omitted-marker: false; [Recent stderr]: false; odd chars in recent-stderr block: 0, in whole input: 0; worker path: false; ansi fragments: 0; U+FFFD: 0
[58,000 B stdout + short stderr (F3 band)] admit=202 terminal=turn_complete(end_turn) recoveryBlocked=false 3127ms
[  model input] 8192 B; marker x2; exit 3: true; omitted-marker: false; [Recent stderr]: true; odd chars in recent-stderr block: 0, in whole input: 0; worker path: false; ansi fragments: 0; U+FFFD: 0
[stdout only 62,000 B] admit=202 terminal=turn_complete(end_turn) recoveryBlocked=false 2912ms
[  model input] 8192 B; marker x0; exit 0: true; omitted-marker: false; [Recent stderr]: false; odd chars in recent-stderr block: 0, in whole input: 0; worker path: false; ansi fragments: 0; U+FFFD: 0
[stdout only 64,000 B] admit=202 terminal=turn_complete(end_turn) recoveryBlocked=false 3296ms
[  model input] 8192 B; marker x0; exit 0: true; omitted-marker: false; [Recent stderr]: false; odd chars in recent-stderr block: 0, in whole input: 0; worker path: false; ansi fragments: 0; U+FFFD: 0
[stdout only 66,000 B] admit=202 terminal=turn_complete(end_turn) recoveryBlocked=false 3407ms
[  model input] 8192 B; marker x0; exit 0: true; omitted-marker: false; [Recent stderr]: false; odd chars in recent-stderr block: 0, in whole input: 0; worker path: false; ansi fragments: 0; U+FFFD: 0
[stdout only 80,000 B] admit=202 terminal=turn_complete(end_turn) recoveryBlocked=false 3387ms
[  model input] 8192 B; marker x0; exit 0: true; omitted-marker: false; [Recent stderr]: false; odd chars in recent-stderr block: 0, in whole input: 0; worker path: false; ansi fragments: 0; U+FFFD: 0
[stdout only 200,000 B] admit=202 terminal=turn_complete(end_turn) recoveryBlocked=false 2910ms
[  model input] 8192 B; marker x0; exit 0: true; omitted-marker: false; [Recent stderr]: false; odd chars in recent-stderr block: 0, in whole input: 0; worker path: false; ansi fragments: 0; U+FFFD: 0
[200 KB stdout + 2,000 B ASCII stderr, exit 2] admit=202 terminal=turn_complete(end_turn) recoveryBlocked=false 3233ms
[  model input] 8192 B; marker x2; exit 2: true; omitted-marker: false; [Recent stderr]: true; odd chars in recent-stderr block: 0, in whole input: 0; worker path: false; ansi fragments: 0; U+FFFD: 0
[200 KB stdout + 8,000 B ASCII stderr, exit 2] admit=202 terminal=turn_complete(end_turn) recoveryBlocked=false 2928ms
[  model input] 8192 B; marker x1; exit 2: true; omitted-marker: false; [Recent stderr]: false; odd chars in recent-stderr block: 0, in whole input: 0; worker path: false; ansi fragments: 0; U+FFFD: 0
[200 KB stdout + 39,000 B ASCII stderr, exit 2] admit=202 terminal=turn_complete(end_turn) recoveryBlocked=false 3029ms
[  model input] 8192 B; marker x1; exit 2: true; omitted-marker: false; [Recent stderr]: false; odd chars in recent-stderr block: 0, in whole input: 0; worker path: false; ansi fragments: 0; U+FFFD: 0
=== P local path (00:19:50)
[R1-3 probe: output begins with the truncation sentinel, exit 0] admit=202 terminal=turn_complete(end_turn) recoveryBlocked=false 2615ms
[  model input] 257 B; marker x2; exit 0: true; omitted-marker: false; [Recent stderr]: false; odd chars in recent-stderr block: 0, in whole input: 0; worker path: false; ansi fragments: 0; U+FFFD: 0
[R1-3 probe: same, exit 1] admit=202 terminal=turn_complete(end_turn) recoveryBlocked=false 2729ms
[  model input] 265 B; marker x2; exit 1: true; omitted-marker: false; [Recent stderr]: false; odd chars in recent-stderr block: 0, in whole input: 0; worker path: false; ansi fragments: 0; U+FFFD: 0
[30,000-line log + stderr error] admit=202 terminal=turn_complete(end_turn) recoveryBlocked=false 2640ms
[  model input] 189 B; marker x0; exit 3: false; omitted-marker: false; [Recent stderr]: false; odd chars in recent-stderr block: 0, in whole input: 0; worker path: false; ansi fragments: 0; U+FFFD: 0
[200 KB stdout + CJK stderr (window starts on 1 continuation byte)] admit=202 terminal=turn_complete(end_turn) recoveryBlocked=false 2866ms
[  model input] 8308 B; marker x1; exit 2: true; omitted-marker: false; [Recent stderr]: false; odd chars in recent-stderr block: 0, in whole input: 0; worker path: false; ansi fragments: 0; U+FFFD: 0
[stdout-only 58,368 B] admit=202 terminal=turn_complete(end_turn) recoveryBlocked=false 3162ms
[  model input] 8310 B; marker x0; exit 0: true; omitted-marker: false; [Recent stderr]: false; odd chars in recent-stderr block: 0, in whole input: 0; worker path: false; ansi fragments: 0; U+FFFD: 0
[58,000 B stdout + short stderr (F3 band)] admit=202 terminal=turn_complete(end_turn) recoveryBlocked=false 4636ms
[  model input] 8308 B; marker x1; exit 3: true; omitted-marker: false; [Recent stderr]: true; odd chars in recent-stderr block: 0, in whole input: 0; worker path: false; ansi fragments: 0; U+FFFD: 0
[stdout only 62,000 B] admit=202 terminal=turn_complete(end_turn) recoveryBlocked=false 2599ms
[  model input] 8310 B; marker x0; exit 0: true; omitted-marker: false; [Recent stderr]: false; odd chars in recent-stderr block: 0, in whole input: 0; worker path: false; ansi fragments: 0; U+FFFD: 0
[stdout only 64,000 B] admit=202 terminal=turn_complete(end_turn) recoveryBlocked=false 14017ms
[  model input] 8310 B; marker x0; exit 0: true; omitted-marker: false; [Recent stderr]: false; odd chars in recent-stderr block: 0, in whole input: 0; worker path: false; ansi fragments: 0; U+FFFD: 0
[TypeError: fetch failed] {
=== T O2 path (00:21:09)
=== T local path (00:22:13)
[CJK stdout 200 KB, tail offset 0] admit=202 terminal=turn_complete(end_turn) recoveryBlocked=false 9877ms
[  model input] 8308 B; marker x1; exit 0: true; omitted-marker: false; [Recent stderr]: false; odd chars in recent-stderr block: 0, in whole input: 0; worker path: false; ansi fragments: 0; U+FFFD: 0
[CJK stdout 200 KB, tail offset 1] admit=202 terminal=turn_error recoveryBlocked=false 30835ms
[  model input] 0 B; marker x0; exit 0: false; omitted-marker: false; [Recent stderr]: false; odd chars in recent-stderr block: 0, in whole input: 0; worker path: false; ansi fragments: 0; U+FFFD: 0
[CJK stdout 200 KB, tail offset 2] admit=202 terminal=turn_error recoveryBlocked=false 34637ms
[  model input] 0 B; marker x0; exit 0: false; omitted-marker: false; [Recent stderr]: false; odd chars in recent-stderr block: 0, in whole input: 0; worker path: false; ansi fragments: 0; U+FFFD: 0
[TypeError: fetch failed] {
## pt done
