[create] 200 {"sessionId":"12784bb4-459b-4b10-80e0-3b64d2db3996","clientId":"1886c97a-cf57-4901-904e-baa57696fb83","workspaceCwd":"/root/rig/run/harness-s1-r10m100","lastEventId":1,"eventEpoch":"451718ca_8ea1_459c
[broker] POST /runtimes:warm -> 200
[broker] POST /tool-sessions:acquire -> 200
[broker] POST /executions:prepare -> 200 state=prepared
[broker] POST /executions/90829367:start -> 200 state=executing
[broker] GET /executions/90829367 -> 200 state=executing x213
[broker] GET /executions/90829367 -> 200 state=settled
[broker] POST /executions/90829367:acknowledge -> 200 state=settled
[broker] POST /tool-sessions/4281ce33:release -> 200
[turn] admit=202 terminal=turn_complete(end_turn) recoveryBlocked=false 28539ms
[oss] PUT 105 (created 105, exists 0) GET 315 versioning-checks 525 objects+105 bytes+110100480
[side-effects] generator ran 1 time(s)
[trace] call run_shell_command({"command":"/usr/bin/node /root/rig/gen.mjs r10m100 104857600 5242880 7 /root/rig/run/side) id=call-r10m100
[trace] result run_shell_command status=undefined "Command: /usr/bin/node /root/rig/gen.mjs r10m100 104857600 5242880 7 /root/rig/
[model-saw] {"error":"Command: /usr/bin/node /root/rig/gen.mjs r10m100 104857600 5242880 7 /root/rig/run/side-r10m100.log\nDirectory: (root)\nOutput: [Output exceeded the maximum captured size of 64.0 KB; captured the first 64.0 KB of 105.0 MB and discarded the rest to avoid constructing an oversized JavaScript string.]\nError: (none)\nExit Code: 7\nSignal: (none)\nProcess Group PGID: (none)","manifestRef":{"resourceId":"result-eeddd60fdccb65b0df04309c725c189e","kind":"managed-tool-result-manifest","schemaVersion":1,"byteLength":1627,"digest":"c8c90a9e11565eae59ef64fd93645f65666c4fe65983b5935fedb2e8f94423
[model-saw-bytes] 656 B; fake model received tool message 399 chars
[catalog] [{"id":"ac3415fe-4f35-4030-b7a6-a326052191d1","state":"OPEN","phase":"REFERENCED","captureBytes":268435456,"held":{"capture":110100480,"producer":13546,"admission":2346},"used":{"capture":110100480,"producer":13546,"admission":2346},"receiptSequence":"10","quarantined":"0"}]
[objects] {"admission/VERIFIED/inline":1,"manifest/VERIFIED/inline":1,"page/VERIFIED/inline":2,"segment/VERIFIED/oss":105,"terminal/VERIFIED/inline":1}
[bytes stdout] 100 segments, 104857600 B, sha256 eb69b74169f65720… oracle eb69b74169f65720… EXACT
[bytes stderr] 5 segments, 5242880 B, sha256 171494cfa64901ef… oracle 171494cfa64901ef… EXACT
