[create] 200
[submit] 202
[hold] POST /internal/managed-tool-publications/v1/sessions/7b1254e9/publications/6bbc279a/receipts/commit -> 200-held (server committed, reply withheld)
[crash] old Harness SIGKILLed after 4613 ms; generator runs so far: 1
[load] 200  after 60634 ms
[turn] admit=202 terminal=turn_complete(end_turn) recoveryBlocked=false ?ms
[oss] PUT 10 created 10 exists 0 GET 34 faults 0
[side-effects] generator ran 1 time(s); model calls 2, continuation calls 1
[proxy] POST /publications/6bbc279a/receipts/commit -> 200-held [forward-then-hold] 
[proxy] POST /writers:acquire -> 409 {"error":{"code":"managed_session_writer_conflict","message":"The Managed Session writer grant is stale or unavailable.","request_id":"7540c182-fa58-4ac9-9999-c779b65408ce"}}
[proxy] POST /writers:acquire -> 409 {"error":{"code":"managed_session_writer_conflict","message":"The Managed Session writer grant is stale or unavailable.","request_id":"e9120631-4be1-4e87-8fe6-483e23d7e947"}}
[proxy] POST /writers:acquire -> 409 {"error":{"code":"managed_session_writer_conflict","message":"The Managed Session writer grant is stale or unavailable.","request_id":"c312d86b-bdbb-4512-ab5e-f865a5fdd469"}}
[proxy] POST /writers:acquire -> 409 {"error":{"code":"managed_session_writer_conflict","message":"The Managed Session writer grant is stale or unavailable.","request_id":"1c9f09d6-de62-4472-9c39-1ccbbb186b0a"}}
[proxy] POST /writers:acquire -> 409 {"error":{"code":"managed_session_writer_conflict","message":"The Managed Session writer grant is stale or unavailable.","request_id":"980bcabb-1ade-4c87-9aae-379727e1da3b"}}
[proxy] POST /writers:acquire -> 409 {"error":{"code":"managed_session_writer_conflict","message":"The Managed Session writer grant is stale or unavailable.","request_id":"4c088b99-2812-4de6-bd84-272c82a9a8b4"}}
[proxy] POST /writers:acquire -> 409 {"error":{"code":"managed_session_writer_conflict","message":"The Managed Session writer grant is stale or unavailable.","request_id":"5b6aaebf-cf5b-44fe-8c31-f94e783da23c"}}
[proxy] POST /writers:acquire -> 409 {"error":{"code":"managed_session_writer_conflict","message":"The Managed Session writer grant is stale or unavailable.","request_id":"b538bcaa-ad34-437f-9270-0968415a4f7a"}}
[proxy] POST /writers:acquire -> 409 {"error":{"code":"managed_session_writer_conflict","message":"The Managed Session writer grant is stale or unavailable.","request_id":"2d3d3994-32ca-4e7c-a2b1-05bafb2b0da5"}}
[proxy] POST /writers:acquire -> 409 {"error":{"code":"managed_session_writer_conflict","message":"The Managed Session writer grant is stale or unavailable.","request_id":"49439122-8b61-40a3-928f-894342a9e093"}}
[proxy] POST /writers:acquire -> 409 {"error":{"code":"managed_session_writer_conflict","message":"The Managed Session writer grant is stale or unavailable.","request_id":"c2504438-7e17-4119-939d-3134dddef881"}}
[broker] POST /runtimes:warm -> 200 x2
[broker] POST /tool-sessions:acquire -> 200 x2
[broker] POST /executions:prepare -> 200 state=prepared
[broker] POST /executions/2087d814:start -> 200 state=executing
[broker] GET /executions/2087d814 -> 200 state=executing x19
[broker] GET /executions/2087d814 -> 200 state=settled
[broker] POST /executions/2087d814:acknowledge -> 200 state=settled
[broker] POST /tool-sessions/963e1f63:release -> 200
[catalog] ["6bbc279a state=OPEN phase=REFERENCED receiptSeq=9 quarantined=0 held={\"capture\":6291866,\"producer\":142184,\"admission\":151356} used={\"capture\":6291866,\"producer\":142184,\"admission\":151356}"]
[objects] {"admission/VERIFIED":1,"manifest/VERIFIED":1,"page/VERIFIED":2,"segment/VERIFIED":8,"terminal/VERIFIED":1}
[bytes stdout] 6 seg 5243213 B EXACT
[bytes stderr] 2 seg 1048653 B EXACT
[journal] {"activation.changed":2,"input.accepted":1,"wake.requested":1,"checkpoint.committed":6,"message.committed":4,"tool.intent":1,"tool.receipt":1,"turn.settled":1}
[history] function responses in transcript: 1 (1 unique uuids)
[assistant] "done r10hk"
[status] {"sessionId":"7b1254e9-32ab-4e3c-93c2-3a36c64907f2","hasActivePrompt":false,"recoveryBlocked":false}
[harness s3-r10hk] []
[harness s3-r10hk-2] []
