# s12-maintainer-head2-v1 db=g6 arm=head2 2026-10-03T07:20:06.637Z
[setup] arm=head2 profile=hosted-workspace-files/1 Session=packages/cli link node_modules/@acme/ui -> ../../../ui
[create] 200
[readDep] ["read_file",{"file_path":"node_modules/@acme/ui/src/index.ts"}] -> admit=202 terminal=turn_complete(end_turn) recoveryBlocked=false 1738ms
[readDep model saw] [{"type":"text","text":"Path 'node_modules/@acme/ui/src/index.ts' is not within the Session working directory."}]
[readDep record] {"error":"Path 'node_modules/@acme/ui/src/index.ts' is not within the Session working directory.","executionStatus":"error","runtimeError":{"message":"Path 'node_modules/@acme/ui/src/index.ts' is not within the Session working directory."}}
[readDep host path] model: false; durable record: false
[editDep] ["edit",{"file_path":"node_modules/@acme/ui/src/index.ts","old_string":"ui-source","new_string":"edited-from-cli"}] -> admit=202 terminal=turn_complete(end_turn) recoveryBlocked=false 642ms
[editDep model saw] [{"type":"text","text":"Hosted file history refused this batch's Write/Edit before execution: Hosted file history requires ordinary Workspace files."}]
[editDep record] {"error":"Hosted file history refused this batch's Write/Edit before execution: Hosted file history requires ordinary Workspace files."}
[editDep host path] model: false; durable record: false
[writeNewThroughDep] ["write_file",{"file_path":"node_modules/@acme/ui/src/created-by-cli.ts","content":"export {};\n"}] -> admit=202 terminal=turn_complete(end_turn) recoveryBlocked=false 822ms
[writeNewThroughDep model saw] [{"type":"text","text":"Hosted file history refused this batch's Write/Edit before execution: Hosted file history requires ordinary Workspace files."}]
[writeNewThroughDep record] {"error":"Hosted file history refused this batch's Write/Edit before execution: Hosted file history requires ordinary Workspace files."}
[writeNewThroughDep host path] model: false; durable record: false
[readThroughFile] ["read_file",{"file_path":"package.json/main"}] -> admit=202 terminal=turn_complete(end_turn) recoveryBlocked=false 1497ms
[readThroughFile model saw] [{"type":"text","text":"ENOTDIR: not a directory, realpath '/Users/wenshao/pr13166-rig/run/g6/roots/f/packages/cli/package.json/main'"}]
[readThroughFile record] {"error":"ENOTDIR: not a directory, realpath '/Users/wenshao/pr13166-rig/run/g6/roots/f/packages/cli/package.json/main'","executionStatus":"error","runtimeError":{"message":"ENOTDIR: not a directory, realpath '/Users/wenshao/pr13166-rig/run/g6/roots/f/packages/cli/package.json/main'"}}
[readThroughFile host path] model: true; durable record: true
[readLoop] ["read_file",{"file_path":"loop/x"}] -> admit=202 terminal=turn_complete(end_turn) recoveryBlocked=false 1152ms
[readLoop model saw] [{"type":"text","text":"ELOOP: too many symbolic links encountered, realpath '/Users/wenshao/pr13166-rig/run/g6/roots/f/packages/cli/loop/x'"}]
[readLoop record] {"error":"ELOOP: too many symbolic links encountered, realpath '/Users/wenshao/pr13166-rig/run/g6/roots/f/packages/cli/loop/x'","executionStatus":"error","runtimeError":{"message":"ELOOP: too many symbolic links encountered, realpath '/Users/wenshao/pr13166-rig/run/g6/roots/f/packages/cli/loop/x'"}}
[readLoop host path] model: true; durable record: true
[readMissing] ["read_file",{"file_path":"src/nope.ts"}] -> admit=202 terminal=turn_complete(end_turn) recoveryBlocked=false 1456ms
[readMissing model saw] [{"type":"text","text":"Could not read file because no file was found at the specified path."}]
[readMissing record] {"error":"Could not read file because no file was found at the specified path.","executionStatus":"error","runtimeError":{"message":"File not found: /Users/wenshao/pr13166-rig/run/g6/roots/f/packages/cli/src/nope.ts","type":"file_not_found"}}
[readMissing host path] model: false; durable record: true
[fs] packages/ui/src/index.ts="export const Button = 'ui-source';" created-by-cli.ts=false
[RESULT] s12-maintainer-head2-v1: 0 passed, 0 failed
