# s3-symlink-head2 db=g6 arm=head2 2026-10-03T07:16:14.128Z
[setup] arm=head2 profile=hosted-workspace-files/2 ws=ws-e root=/Users/wenshao/pr13166-rig/run/g6/roots/e
[create A] 200
[globLinkPath] ["glob",{"pattern":"*","path":"peek"}] -> admit=202 terminal=turn_complete(end_turn) recoveryBlocked=false 1615ms
[globLinkPath result] {"error":"Path 'peek' is not within the Session working directory.","executionStatus":"error","runtimeError":{"message":"Path 'peek' is not within the Session working directory."}}
[globLinkPath model saw] [{"type":"text","text":"Path 'peek' is not within the Session working directory."}]
[globLinkPath host path] durable record: false; model: false
[globLinkPattern] ["glob",{"pattern":"peek/**/*"}] -> admit=202 terminal=turn_complete(end_turn) recoveryBlocked=false 1033ms
[globLinkPattern result] {"error":"Glob results must stay within the Session working directory.","executionStatus":"error","runtimeError":{"message":"Glob results must stay within the Session working directory."}}
[globLinkPattern model saw] [{"type":"text","text":"Glob results must stay within the Session working directory."}]
[globLinkPattern host path] durable record: false; model: false
[globAll] ["glob",{"pattern":"**/*"}] -> admit=202 terminal=turn_complete(end_turn) recoveryBlocked=false 1359ms
[globAll result] {"error":"Glob results must stay within the Session working directory.","executionStatus":"error","runtimeError":{"message":"Glob results must stay within the Session working directory."}}
[globAll model saw] [{"type":"text","text":"Glob results must stay within the Session working directory."}]
[globAll host path] durable record: false; model: false
[globStar] ["glob",{"pattern":"*"}] -> admit=202 terminal=turn_complete(end_turn) recoveryBlocked=false 1254ms
[globStar result] {"error":"Glob results must stay within the Session working directory.","executionStatus":"error","runtimeError":{"message":"Glob results must stay within the Session working directory."}}
[globStar model saw] [{"type":"text","text":"Glob results must stay within the Session working directory."}]
[globStar host path] durable record: false; model: false
[globTs] ["glob",{"pattern":"**/*.ts"}] -> admit=202 terminal=turn_complete(end_turn) recoveryBlocked=false 2160ms
[globTs result] {"output":"Found 1 file(s) matching \"**/*.ts\" within ., sorted by modification time (newest first):\n---\nsrc/index.ts","executionStatus":"success"}
[globTs model saw] [{"type":"text","text":"Found 1 file(s) matching \"**/*.ts\" within ., sorted by modification time (newest first):\n---\nsrc/index.ts"}]
[globTs host path] durable record: false; model: false
[globSrc] ["glob",{"pattern":"**/*","path":"src"}] -> admit=202 terminal=turn_complete(end_turn) recoveryBlocked=false 2032ms
[globSrc result] {"output":"Found 1 file(s) matching \"**/*\" within src, sorted by modification time (newest first):\n---\nsrc/index.ts","executionStatus":"success"}
[globSrc model saw] [{"type":"text","text":"Found 1 file(s) matching \"**/*\" within src, sorted by modification time (newest first):\n---\nsrc/index.ts"}]
[globSrc host path] durable record: false; model: false
[readThrough] ["read_file",{"file_path":"peek/secret.txt"}] -> admit=202 terminal=turn_complete(end_turn) recoveryBlocked=false 1649ms
[readThrough result] {"error":"Path 'peek/secret.txt' is not within the Session working directory.","executionStatus":"error","runtimeError":{"message":"Path 'peek/secret.txt' is not within the Session working directory."}}
[readThrough model saw] [{"type":"text","text":"Path 'peek/secret.txt' is not within the Session working directory."}]
[readThrough host path] durable record: false; model: false
[editThrough] ["edit",{"file_path":"peek/secret.txt","old_string":"SIBLING_SECRET","new_string":"EDITED_BY_A"}] -> admit=202 terminal=turn_complete(end_turn) recoveryBlocked=false 1167ms
[editThrough result] {"error":"Hosted file history refused this batch's Write/Edit before execution: Hosted file history requires ordinary Workspace files."}
[editThrough model saw] [{"type":"text","text":"Hosted file history refused this batch's Write/Edit before execution: Hosted file history requires ordinary Workspace files."}]
[editThrough host path] durable record: false; model: false
[overwriteThrough] ["write_file",{"file_path":"peek/secret.txt","content":"OVERWRITTEN_BY_A\n"}] -> admit=202 terminal=turn_complete(end_turn) recoveryBlocked=false 2063ms
[overwriteThrough result] {"error":"Hosted file history refused this batch's Write/Edit before execution: Hosted file history requires ordinary Workspace files."}
[overwriteThrough model saw] [{"type":"text","text":"Hosted file history refused this batch's Write/Edit before execution: Hosted file history requires ordinary Workspace files."}]
[overwriteThrough host path] durable record: false; model: false
[createThrough] ["write_file",{"file_path":"peek/new-from-a.txt","content":"WRITTEN_BY_A\n"}] -> admit=202 terminal=turn_complete(end_turn) recoveryBlocked=false 2401ms
[createThrough result] {"error":"Hosted file history refused this batch's Write/Edit before execution: Hosted file history requires ordinary Workspace files."}
[createThrough model saw] [{"type":"text","text":"Hosted file history refused this batch's Write/Edit before execution: Hosted file history requires ordinary Workspace files."}]
[createThrough host path] durable record: false; model: false
[createDeepThrough] ["write_file",{"file_path":"peek/sub/deep.txt","content":"DEEP_BY_A\n"}] -> admit=202 terminal=turn_complete(end_turn) recoveryBlocked=false 3042ms
[createDeepThrough result] {"error":"Hosted file history refused this batch's Write/Edit before execution: Hosted file history requires ordinary Workspace files."}
[createDeepThrough model saw] [{"type":"text","text":"Hosted file history refused this batch's Write/Edit before execution: Hosted file history requires ordinary Workspace files."}]
[createDeepThrough host path] durable record: false; model: false
[danglingWrite] ["write_file",{"file_path":"dangling","content":"VIA_DANGLING_LINK\n"}] -> admit=202 terminal=turn_complete(end_turn) recoveryBlocked=false 2546ms
[danglingWrite result] {"error":"Hosted file history refused this batch's Write/Edit before execution: Hosted file history requires ordinary Workspace files."}
[danglingWrite model saw] [{"type":"text","text":"Hosted file history refused this batch's Write/Edit before execution: Hosted file history requires ordinary Workspace files."}]
[danglingWrite host path] durable record: false; model: false
[readOwn] ["read_file",{"file_path":"src/index.ts"}] -> admit=202 terminal=turn_complete(end_turn) recoveryBlocked=false 3413ms
[readOwn result] {"output":"export const api = 1;\n","executionStatus":"success"}
[readOwn model saw] [{"type":"text","text":"export const api = 1;\n"}]
[readOwn host path] durable record: false; model: false
[fs] web/secret.txt="SIBLING_SECRET" web/new-from-a.txt="<absent>" web/sub/deep.txt="<absent>" web/not-yet.txt="<absent>"
[status] {"sessionId":"adf06ce2-ea06-4b7e-b658-06a4f285444b","hasActivePrompt":false,"recoveryBlocked":false}
[RESULT] s3-symlink-head2: 0 passed, 0 failed
