# s6-shell2-head2 db=g6 arm=head2 2026-10-03T07:17:14.873Z
[create] shell/2 {} -> 200
[turn] admit=202 terminal=turn_complete(end_turn) recoveryBlocked=false 3176ms
[trace] call glob({"pattern":"**/*.ts"})
[trace] result glob status=success "Found 1 file(s) matching \"**/*.ts\" within ., sorted by modification time (newest first):\n---\nsrc/a.ts"
[trace] call run_shell_command({"command":"ls -1 src && pwd | sed \"s#.*/##\""})
[trace] result run_shell_command status=success "Command: ls -1 src && pwd | sed \"s#.*/##\"\nDirectory: (root)\nOutput: a.ts\nw\nError: (none)\nExit Code: 0\nSignal: (none)\nProcess Group PGID: (none)"
[PASS] shell/2 {}: glob and run_shell_command both execute  -> glob:success,run_shell_command:success
[PASS] shell/2 {}: advertised  -> ["read_file","write_file","edit","run_shell_command","glob"]
[PASS] shell/2 {}: reload keeps shell/2  -> 200 ["read_file","write_file","edit","run_shell_command","glob"]
[PASS] shell/2 {}: load as shell/1 -> 409  -> 409 {"error":"hosted_tool_profile_conflict","code":"hosted_tool_profile_conflict"}
[create] shell/2 {"captureBytes":1048576} -> 200
[turn] admit=202 terminal=<none> recoveryBlocked=true 1808ms
[trace] call glob({"pattern":"**/*.ts"})
[trace] result glob status=success "Found 1 file(s) matching \"**/*.ts\" within ., sorted by modification time (newest first):\n---\nsrc/a.ts"
[trace] call run_shell_command({"command":"ls -1 src && pwd | sed \"s#.*/##\""})
[FAIL] shell/2 {"captureBytes":1048576}: glob and run_shell_command both execute  -> glob:success
[PASS] shell/2 {"captureBytes":1048576}: advertised  -> ["read_file","write_file","edit","run_shell_command","glob"]
[FAIL] shell/2 {"captureBytes":1048576}: reload keeps shell/2  -> 409 undefined
[PASS] shell/2 {"captureBytes":1048576}: load as shell/1 -> 409  -> 409 {"error":"hosted_tool_profile_conflict","code":"hosted_tool_profile_conflict"}
[RESULT] s6-shell2-head2: 6 passed, 2 failed
