[SHELL_1] admit=202 terminal=turn_complete(end_turn) recoveryBlocked=false 867ms
[SHELL_1 broker] POST /runtimes:warm -> 200
[SHELL_1 broker] POST /tool-sessions:acquire -> 200
[SHELL_1 broker] POST /tool-sessions/c872dea6:publisher -> 200
[SHELL_1 broker] POST /executions:prepare -> 200 state=prepared
[SHELL_1 broker] POST /executions/0ceb58c0:start -> 200 state=executing
[SHELL_1 broker] GET /executions/0ceb58c0 -> 200 state=executing
[SHELL_1 broker] GET /executions/0ceb58c0 -> 200 state=executing
[SHELL_1 broker] GET /executions/0ceb58c0 -> 200 state=settled
[SHELL_1 broker] POST /executions/0ceb58c0:acknowledge -> 200 state=settled
[SHELL_1 broker] POST /tool-sessions/c872dea6:release -> 200
[restart] Harness stopped and restarted (new boot); load -> 200
[SHELL_2] admit=202 terminal=turn_complete(end_turn) recoveryBlocked=false 774ms
[SHELL_2 broker] POST /runtimes:warm -> 200
[SHELL_2 broker] POST /tool-sessions:acquire -> 200
[SHELL_2 broker] POST /tool-sessions/0c82b6bd:publisher -> 200
[SHELL_2 broker] POST /executions:prepare -> 200 state=prepared
[SHELL_2 broker] POST /executions/e65726a4:start -> 200 state=executing
[SHELL_2 broker] GET /executions/e65726a4 -> 200 state=executing
[SHELL_2 broker] GET /executions/e65726a4 -> 200 state=executing
[SHELL_2 broker] GET /executions/e65726a4 -> 200 state=settled
[SHELL_2 broker] POST /executions/e65726a4:acknowledge -> 200 state=settled
[SHELL_2 broker] POST /tool-sessions/0c82b6bd:release -> 200
[harness] []
[fs] trace.txt="shell-1\nshell-2\n"
