
 RUN  v3.2.7 /root/git/pr11644/packages/web-shell/client

stderr | hooks/useComposerCore.dom.test.tsx > useComposerCore paste > keeps batch order, normalizes BMP, and aggregates rejected drops
An update to Harness inside a test was not wrapped in act(...).

When testing, code that causes React state updates should be wrapped into act(...):

act(() => {
  /* fire events that update state */
});
/* assert on the output */

This ensures that you're testing the behavior the user would see in the browser. Learn more at https://react.dev/link/wrap-tests-with-act

stderr | hooks/useComposerCore.dom.test.tsx > useComposerCore paste > keeps batch order, normalizes BMP, and aggregates rejected drops
An update to Harness inside a test was not wrapped in act(...).

When testing, code that causes React state updates should be wrapped into act(...):

act(() => {
  /* fire events that update state */
});
/* assert on the output */

This ensures that you're testing the behavior the user would see in the browser. Learn more at https://react.dev/link/wrap-tests-with-act

 ❯ hooks/useComposerCore.dom.test.tsx (77 tests | 1 failed) 1036ms
   ✓ useComposerCore tooltip portal > moves the CodeMirror tooltip portal and styles into the shared shadow root 77ms
   ✓ useComposerCore history and drafts > places the caret after a draft restored on initial mount 29ms
   ✓ useComposerCore history and drafts > keeps a pasted unknown slash query open until its catalog arrives 20ms
   ✓ useComposerCore history and drafts > opens an unloaded skill catalog for pasted /skills  10ms
   ✓ useComposerCore history and drafts > opens an unloaded skill catalog for pasted /skills rev 9ms
   × useComposerCore history and drafts > empty menu retains prior Escape default behavior 20ms
     → expected true to be false // Object.is equality
   ✓ useComposerCore history and drafts > empty menu retains prior Tab default behavior 9ms
   ✓ useComposerCore history and drafts > empty menu owns ArrowUp instead of recalling history 9ms
   ✓ useComposerCore history and drafts > empty menu owns ArrowDown instead of recalling history 9ms
   ✓ useComposerCore history and drafts > empty menu owns Tab on a cycle-mode host 12ms
   ✓ useComposerCore history and drafts > closes an unmatched menu when catalog loading completes without new commands 8ms
   ✓ useComposerCore history and drafts > submits a typed command even when its lazy catalog has no matches 11ms
   ✓ useComposerCore history and drafts > does not serialize the whole document again for a slash menu refresh 15ms
   ✓ useComposerCore history and drafts > keeps slash completion replacement coordinates absolute 11ms
   ✓ useComposerCore history and drafts > does not reread history storage on unrelated rerenders 7ms
   ✓ useComposerCore history and drafts > blocks submission while an external ingestion lane is busy 7ms
   ✓ useComposerCore history and drafts > blocks history retry and search-match submit while an upload is busy 7ms
   ✓ useComposerCore history and drafts > falls back to legacy prompt history until the workspace has its own history 13ms
   ✓ useComposerCore history and drafts > isolates prompt history by workspace and reloads it when the workspace changes 15ms
   ✓ useComposerCore history and drafts > isolates standalone history without falling back to legacy workspace prompts 17ms
   ✓ useComposerCore history and drafts > keeps legacy prompt history available in the Live scope 10ms
   ✓ useComposerCore history and drafts > resets history navigation when the session changes 15ms
   ✓ useComposerCore history and drafts > restores unsent text for each session and clears accepted drafts 12ms
   ✓ useComposerCore history and drafts > restores an unsent new-task draft after leaving and returning 27ms
   ✓ useComposerCore history and drafts > keeps an unscoped new-task draft in memory until its workspace resolves 9ms
   ✓ useComposerCore history and drafts > keeps newer unscoped input when the resolved workspace has an older draft 8ms
   ✓ useComposerCore history and drafts > restores an older workspace draft after a programmatic unscoped reset 8ms
   ✓ useComposerCore history and drafts > commits a new-task prompt after its session is allocated 9ms
   ✓ useComposerCore history and drafts > commits a delayed queued prompt to history exactly once 11ms
   ✓ useComposerCore history and drafts > does not clear newer input when a prompt is accepted in the same session 13ms
   ✓ useComposerCore history and drafts > does not clear retyped identical input after delayed acceptance 9ms
   ✓ useComposerCore history and drafts > does not clear the next session when a delayed prompt is accepted 9ms
   ✓ useComposerCore history and drafts > updates in-memory history for a delayed prompt in the same workspace 18ms
   ✓ useComposerCore history and drafts > closes history search when the session or workspace changes 8ms
   ✓ useComposerCore history and drafts > flushes the draft to localStorage on visibilitychange and pagehide 9ms
   ✓ useComposerCore paste > pastes editable text when PPT clipboard also includes an image 12ms
   ✓ useComposerCore paste > lets long plain text paste directly into the editor 10ms
   ✓ useComposerCore paste > ingests copied file references after a drop intent choice 28ms
   ✓ useComposerCore paste > drops held attachments with a notice when attachments become unavailable 28ms
   ✓ useComposerCore paste > rejects new attachment ingestion while attachments are unavailable 7ms
   ✓ useComposerCore paste > claims image drops, blocks submit while reading, and submits image-only 12ms
   ✓ useComposerCore paste > ingests dropped text files, sanitizes names, and submits them 29ms
   ✓ useComposerCore paste > removes a pasted file via its chip index 27ms
   ✓ useComposerCore paste > restores files with sanitized deduped names 6ms
   ✓ useComposerCore paste > keeps drag feedback across composer children and clears it globally 9ms
   ✓ useComposerCore paste > fileDragEnabled={false} leaves file drag-and-drop inert 8ms
   ✓ useComposerCore paste > keeps batch order, normalizes BMP, and aggregates rejected drops 59ms
   ✓ useComposerCore paste > continues later image batches when the notice consumer throws 9ms
   ✓ useComposerCore paste > aborts and isolates readers when the composer owner changes 10ms
   ✓ useComposerCore tags > makes only inline file tags previewable with the file click handler 18ms
   ✓ useComposerCore tags > uses file format icons while preserving explicit icons and directories 12ms
   ✓ useComposerCore tags > resubmits restored input annotations with the draft 9ms
   ✓ useComposerCore tags > keeps earlier annotations when another restored prompt is prepended 9ms
   ✓ useComposerCore tags > maps restored annotations through edits before their range 9ms
   ✓ useComposerCore tags > drops a restored annotation when its range is edited 11ms
   ✓ useComposerCore tags > keeps the composer API stable across tag updates 7ms
   ✓ useComposerCore tags > does not rerender when removing a missing tag 6ms
   ✓ useComposerCore tags > falls back when inline custom tag rendering throws 8ms
   ✓ useComposerCore tags > falls back when inline custom tag tooltip rendering throws 8ms
   ✓ useComposerCore tags > uses a custom inline tooltip without a native title for kind undefined 14ms
   ✓ useComposerCore tags > uses a custom inline tooltip without a native title for kind file 10ms
   ✓ useComposerCore tags > falls back to a native title when attaching an inline tooltip fails 9ms
   ✓ useComposerCore tags > guards inline mask icon sources 9ms
   ✓ useComposerCore tags > renders built-in icons for inline composer tags 13ms
   ✓ useComposerCore tags > reports inline composer tags as attachments 9ms
   ✓ useComposerCore tags > preserves surrounding text when an inline tag chip is removed 10ms
   ✓ useComposerCore tags > appends end-placed inline tags without stealing focus 10ms
   ✓ useComposerCore tags > updates inline tag state when a document change removes the last tag 9ms
   ✓ useComposerCore tags > keeps inline tags after trimming leading whitespace on submit 10ms
   ✓ useComposerCore tags > restores parsed inline tags when arrow keys browse prompt history 14ms
   ✓ useComposerCore tags > restores shell history as raw command text without parsing tags 10ms
   ✓ useComposerCore tags > restores draft top tags after ArrowDown exits prompt history 9ms
   ✓ useComposerCore tags > restores tags when Tab or a search-result selection recalls history 17ms
   ✓ useComposerCore tags > does not prepend stale top tags when Ctrl-R submits a recalled inline tag 11ms
   ✓ useComposerCore tags > submits the selected plain Ctrl-R history text instead of a visible followup 8ms
   ✓ useComposerCore tags > keeps history source text and skips annotations for mismatched parser output 10ms
   ✓ useComposerCore tags > restores tags when a history search submission is rejected 10ms
 ✓ components/ChatEditor.test.tsx (146 tests) 3363ms

⎯⎯⎯⎯⎯⎯⎯ Failed Tests 1 ⎯⎯⎯⎯⎯⎯⎯

 FAIL  hooks/useComposerCore.dom.test.tsx > useComposerCore history and drafts > empty menu retains prior Escape default behavior
AssertionError: expected true to be false // Object.is equality

[32m- Expected[39m
[31m+ Received[39m

[32m- false[39m
[31m+ true[39m

 ❯ hooks/useComposerCore.dom.test.tsx:372:38
    370|       });
    371|       act(() => container!.querySelector('.cm-content')!.dispatchEvent…
    372|       expect(event.defaultPrevented).toBe(prevented);
       |                                      ^
    373|     },
    374|   );

⎯⎯⎯⎯⎯⎯⎯⎯⎯⎯⎯⎯⎯⎯⎯⎯⎯⎯⎯⎯⎯⎯⎯⎯[1/1]⎯


 Test Files  1 failed | 1 passed (2)
      Tests  1 failed | 222 passed (223)
   Start at  10:48:33
   Duration  5.15s (transform 1.19s, setup 31ms, collect 2.56s, tests 4.40s, environment 430ms, prepare 140ms)

JUNIT report written to /root/git/pr11644/packages/web-shell/junit.xml
