{
  "sdk": "/root/git/h11644/sdk-base-dist-r2/daemon.mjs",
  "out": {
    "coldSequential4": {
      "capabilities": 4,
      "lists": 4
    },
    "warmConcurrent4": {
      "capabilities": 4,
      "lists": 4
    },
    "explicitCapabilities": {
      "capabilities": 1,
      "lists": 0
    },
    "listAfterExplicit": {
      "capabilities": 1,
      "lists": 1
    },
    "coldConcurrent4_newClient": {
      "capabilities": 4,
      "lists": 4
    },
    "otherCapabilityCheck": {
      "capabilities": 1,
      "lists": 0,
      "error": "DaemonCapabilityMissingError"
    }
  },
  "sampleListPath": "GET /workspace/%2Froot%2Fgit%2Fh11644%2Fws%2Falpha-app/sessions?size=5&sourceType=default"
}
