16:20:32.027 spring.ready 20389 ms Current version of schema `r45_abh4c`: << Empty Schema >> | Migrating schema `r45_abh4c` to version "50 - workspace migration binary identity" | Migrating schema `r45_abh4c` to version "51 - workspace session lifecycle" | Migrating schema `r45_abh4c` to version "52 - managed mutation attempt sequence" | Migrating schema `r45_abh4c` to version "53 - managed workspace roles" | Migrating schema `r45_abh4c` to version "54 - managed child lineage relay" | Migrating schema `r45_abh4c` to version "55 - managed channel instance binding" | Migrating schema `r45_abh4c` to version "56 - managed operation actor key" | Successfully applied 56 migrations to schema `r45_abh4c`, now at version v56 (execution time 00:13.500s)
16:20:33.583 harness.ready
16:20:36.633 CELL A|warmup|pub|cr {"status":202,"code":null,"turn":"COMPLETED","error":null,"ms":1735}
16:20:36.697 CELL A|cap|cr {"get":{"workspaceTurns":true,"actions":true,"sessionClose":false,"sessionArchive":false,"sessionDelete":false},"query":{"workspaceTurns":true},"pub":{"session_close":false,"session_archive":false,"session_delete":false}}
16:20:36.747 CELL A|cap|op2 {"get":{"workspaceTurns":true,"actions":true,"sessionClose":false,"sessionArchive":false,"sessionDelete":false},"query":{"workspaceTurns":true},"pub":{"session_close":false,"session_archive":false,"session_delete":false}}
16:20:36.797 CELL A|cap|ow2 {"get":{"workspaceTurns":true,"actions":true,"sessionClose":false,"sessionArchive":false,"sessionDelete":false},"query":{"workspaceTurns":true},"pub":{"session_close":false,"session_archive":false,"session_delete":false}}
16:20:36.843 CELL A|cap|rd {"get":{"workspaceTurns":false,"actions":true,"sessionClose":false,"sessionArchive":false,"sessionDelete":false},"query":{"workspaceTurns":false},"pub":{"session_close":false,"session_archive":false,"session_delete":false}}
16:20:36.875 CELL A|cap|nn {"get":{"status":404,"code":"session_not_found"},"query":{"listed":false,"status":200},"pub":{"status":404,"code":"session_not_found"}}
16:20:38.117 CELL A|submit|pub|cr {"status":202,"code":null,"turn":"COMPLETED","error":null,"ms":999,"delta":{"turnReq":1,"pendingCmd":0,"turns":1,"ops":0}}
16:20:39.091 CELL A|submit|pub|op2 {"status":202,"code":null,"turn":"COMPLETED","error":null,"ms":723,"delta":{"turnReq":1,"pendingCmd":0,"turns":1,"ops":0}}
16:20:40.254 CELL A|submit|pub|ow2 {"status":202,"code":null,"turn":"COMPLETED","error":null,"ms":971,"delta":{"turnReq":1,"pendingCmd":0,"turns":1,"ops":0}}
16:20:40.404 CELL A|submit|pub|rd {"status":403,"code":"session_operation_forbidden","delta":{"turnReq":0,"pendingCmd":0,"turns":0,"ops":0}}
16:20:40.566 CELL A|submit|pub|nn {"status":404,"code":"session_not_found","delta":{"turnReq":0,"pendingCmd":0,"turns":0,"ops":0}}
16:20:41.460 CELL A|submit|web|cr {"status":202,"code":null,"turn":"COMPLETED","error":null,"ms":691,"delta":{"turnReq":1,"pendingCmd":0,"turns":1,"ops":0}}
16:20:42.847 CELL A|submit|web|op2 {"status":202,"code":null,"turn":"COMPLETED","error":null,"ms":1175,"delta":{"turnReq":1,"pendingCmd":0,"turns":1,"ops":0}}
16:20:43.718 CELL A|submit|web|ow2 {"status":202,"code":null,"turn":"COMPLETED","error":null,"ms":701,"delta":{"turnReq":1,"pendingCmd":0,"turns":1,"ops":0}}
16:20:43.893 CELL A|submit|web|rd {"status":403,"code":"session_operation_forbidden","delta":{"turnReq":0,"pendingCmd":0,"turns":0,"ops":0}}
16:20:44.048 CELL A|submit|web|nn {"status":404,"code":"session_not_found","delta":{"turnReq":0,"pendingCmd":0,"turns":0,"ops":0}}
16:20:45.074 CELL A|cancel|pub|cr {"held":true,"status":202,"code":null,"turn":"CANCELLED","error":null,"ms":469}
16:20:46.095 CELL A|cancel|pub|op2 {"held":true,"status":202,"code":null,"turn":"CANCELLED","error":null,"ms":468}
16:20:47.245 CELL A|cancel|pub|ow2 {"held":true,"status":202,"code":null,"turn":"CANCELLED","error":null,"ms":469}
16:20:48.384 CELL A|cancel|pub|rd {"held":true,"status":403,"code":"session_operation_forbidden","cleanup":{"status":202,"code":null,"turn":"CANCELLED","error":null,"ms":468}}
16:20:49.299 CELL A|cancel|pub|nn {"held":true,"status":404,"code":"session_not_found","cleanup":{"status":202,"code":null,"turn":"CANCELLED","error":null,"ms":263}}
16:20:50.790 CELL A|cancel|web|cr {"held":true,"status":202,"code":null,"turn":"CANCELLED","error":null,"ms":563}
16:20:52.143 CELL A|cancel|web|op2 {"held":true,"status":202,"code":null,"turn":"CANCELLED","error":null,"ms":583}
16:20:53.520 CELL A|cancel|web|ow2 {"held":true,"status":202,"code":null,"turn":"CANCELLED","error":null,"ms":494}
16:20:55.017 CELL A|cancel|web|rd {"held":true,"status":403,"code":"session_operation_forbidden","cleanup":{"status":202,"code":null,"turn":"CANCELLED","error":null,"ms":516}}
16:20:56.157 CELL A|cancel|web|nn {"held":true,"status":404,"code":"session_not_found","cleanup":{"status":202,"code":null,"turn":"CANCELLED","error":null,"ms":475}}
16:20:56.286 CELL A|rename|pub|cr {"status":200,"code":null,"title":"renamed by cr 7d66b5"}
16:20:56.374 CELL A|rename|pub|op2 {"status":200,"code":null,"title":"renamed by op2 7d66b5"}
16:20:56.458 CELL A|rename|pub|ow2 {"status":200,"code":null,"title":"renamed by ow2 7d66b5"}
16:20:56.487 CELL A|rename|pub|rd {"status":403,"code":"session_operation_forbidden","title":null}
16:20:56.508 CELL A|rename|pub|nn {"status":404,"code":"session_not_found","title":null}
16:20:56.876 CELL A|cwd|pub|cr {"status":202,"code":null,"state":"completed","failure":null,"cwdNow":"d00","moved":true}
16:20:57.241 CELL A|cwd|pub|op2 {"status":202,"code":null,"state":"completed","failure":null,"cwdNow":"d01","moved":true}
16:20:57.587 CELL A|cwd|pub|ow2 {"status":202,"code":null,"state":"completed","failure":null,"cwdNow":"d02","moved":true}
16:20:57.660 CELL A|cwd|pub|rd {"status":403,"code":"session_operation_forbidden","cwdNow":"d02","moved":false}
16:20:57.719 CELL A|cwd|pub|nn {"status":404,"code":"session_not_found","cwdNow":"d02","moved":false}
16:20:58.053 CELL A|cwd|web|cr {"status":202,"code":null,"state":"completed","failure":null,"cwdNow":"d05","moved":true}
16:20:58.402 CELL A|cwd|web|op2 {"status":202,"code":null,"state":"completed","failure":null,"cwdNow":"d06","moved":true}
16:20:58.758 CELL A|cwd|web|ow2 {"status":202,"code":null,"state":"completed","failure":null,"cwdNow":"d07","moved":true}
16:20:58.826 CELL A|cwd|web|rd {"status":403,"code":"session_operation_forbidden","cwdNow":"d07","moved":false}
16:20:58.890 CELL A|cwd|web|nn {"status":404,"code":"session_not_found","cwdNow":"d07","moved":false}
16:21:00.693 CELL A|respond|pub|cr {"status":202,"code":null,"op":{"state":"completed","failure":null},"turn":"COMPLETED","error":null,"ms":714,"fileWritten":true}
16:21:02.441 CELL A|respond|pub|op2 {"status":202,"code":null,"op":{"state":"completed","failure":null},"turn":"COMPLETED","error":null,"ms":914,"fileWritten":true}
16:21:04.198 CELL A|respond|pub|ow2 {"status":202,"code":null,"op":{"state":"completed","failure":null},"turn":"COMPLETED","error":null,"ms":923,"fileWritten":true}
16:21:05.887 CELL A|respond|pub|rd {"status":403,"code":"action_forbidden","cleanup":{"status":202,"code":null},"turn":"COMPLETED","error":null,"ms":1126,"fileWritten":true}
16:21:08.382 CELL A|respond|pub|nn {"status":404,"code":"session_not_found","cleanup":{"status":202,"code":null},"turn":"COMPLETED","error":null,"ms":1937,"fileWritten":true}
16:21:12.462 CELL A|respond|pub|anon {"status":404,"code":"session_not_found","cleanup":{"status":202,"code":null},"turn":"COMPLETED","error":null,"ms":2954,"fileWritten":true}
16:21:17.950 CELL A|respond|web|cr {"status":202,"code":null,"op":{"state":"completed","failure":null},"turn":"COMPLETED","error":null,"ms":3748,"fileWritten":true}
16:21:23.542 CELL A|respond|web|op2 {"status":202,"code":null,"op":{"state":"completed","failure":null},"turn":"COMPLETED","error":null,"ms":3680,"fileWritten":true}
16:21:28.588 CELL A|respond|web|ow2 {"status":202,"code":null,"op":{"state":"completed","failure":null},"turn":"COMPLETED","error":null,"ms":3437,"fileWritten":true}
16:21:34.074 CELL A|respond|web|rd {"status":403,"code":"action_forbidden","cleanup":{"status":202,"code":null},"turn":"COMPLETED","error":null,"ms":3880,"fileWritten":true}
16:21:38.800 CELL A|respond|web|nn {"status":404,"code":"session_not_found","cleanup":{"status":202,"code":null},"turn":"COMPLETED","error":null,"ms":3646,"fileWritten":true}
16:21:45.421 CELL A|respond|web|anon {"status":404,"code":"session_not_found","cleanup":{"status":202,"code":null},"turn":"COMPLETED","error":null,"ms":4434,"fileWritten":true}
16:21:45.962 CELL B|warmup|pub|cr {"status":202,"code":null,"turn":"COMPLETED","error":null,"ms":462}
16:21:46.934 CELL B|setup {"holdP":{"status":202,"code":null},"holdW":{"status":202,"code":null},"heldOk":true,"approval":{"status":202,"code":null},"action":true}
16:21:47.038 CELL B|cap|cr {"get":{"workspaceTurns":false,"actions":true,"sessionClose":false,"sessionArchive":false,"sessionDelete":false},"query":{"workspaceTurns":false},"pub":{"session_close":false,"session_archive":false,"session_delete":false}}
16:21:47.058 CELL B|cap|op2 {"get":{"workspaceTurns":false,"actions":true,"sessionClose":false,"sessionArchive":false,"sessionDelete":false},"query":{"workspaceTurns":false},"pub":{"session_close":false,"session_archive":false,"session_delete":false}}
16:21:47.080 CELL B|cap|ow2 {"get":{"workspaceTurns":false,"actions":true,"sessionClose":false,"sessionArchive":false,"sessionDelete":false},"query":{"workspaceTurns":false},"pub":{"session_close":false,"session_archive":false,"session_delete":false}}
16:21:47.096 CELL B|cap|rd {"get":{"workspaceTurns":false,"actions":true,"sessionClose":false,"sessionArchive":false,"sessionDelete":false},"query":{"workspaceTurns":false},"pub":{"session_close":false,"session_archive":false,"session_delete":false}}
16:21:47.208 CELL B|submit|pub|cr {"status":403,"code":"session_operation_forbidden","delta":{"turnReq":0,"pendingCmd":0,"turns":0,"ops":0}}
16:21:47.324 CELL B|submit|pub|op2 {"status":409,"code":"workspace_unavailable","delta":{"turnReq":0,"pendingCmd":0,"turns":0,"ops":0}}
16:21:47.438 CELL B|submit|pub|ow2 {"status":409,"code":"workspace_unavailable","delta":{"turnReq":0,"pendingCmd":0,"turns":0,"ops":0}}
16:21:47.546 CELL B|submit|pub|rd {"status":403,"code":"session_operation_forbidden","delta":{"turnReq":0,"pendingCmd":0,"turns":0,"ops":0}}
16:21:47.656 CELL B|submit|web|cr {"status":403,"code":"session_operation_forbidden","delta":{"turnReq":0,"pendingCmd":0,"turns":0,"ops":0}}
16:21:47.774 CELL B|submit|web|op2 {"status":409,"code":"workspace_unavailable","delta":{"turnReq":0,"pendingCmd":0,"turns":0,"ops":0}}
16:21:47.883 CELL B|submit|web|ow2 {"status":409,"code":"workspace_unavailable","delta":{"turnReq":0,"pendingCmd":0,"turns":0,"ops":0}}
16:21:48.004 CELL B|submit|web|rd {"status":403,"code":"session_operation_forbidden","delta":{"turnReq":0,"pendingCmd":0,"turns":0,"ops":0}}
16:21:48.009 CELL B|rename|pub|cr {"status":403,"code":"session_operation_forbidden"}
16:21:48.017 CELL B|rename|pub|op2 {"status":409,"code":"workspace_unavailable"}
16:21:48.024 CELL B|rename|pub|ow2 {"status":409,"code":"workspace_unavailable"}
16:21:48.075 CELL B|cwd|pub|cr {"status":403,"code":"session_operation_forbidden"}
16:21:48.119 CELL B|cwd|pub|op2 {"status":409,"code":"workspace_unavailable"}
16:21:48.168 CELL B|cwd|web|cr {"status":403,"code":"session_operation_forbidden"}
16:21:48.217 CELL B|cwd|web|op2 {"status":409,"code":"workspace_unavailable"}
16:21:48.335 CELL B|respond|pub|rd {"status":403,"code":"action_forbidden","delta":{"turnReq":0,"pendingCmd":0,"turns":0,"ops":0}}
16:21:48.459 CELL B|respond|pub|op2 {"status":409,"code":"workspace_unavailable","delta":{"turnReq":0,"pendingCmd":0,"turns":0,"ops":0}}
16:21:48.593 CELL B|respond|pub|ow2 {"status":409,"code":"workspace_unavailable","delta":{"turnReq":0,"pendingCmd":0,"turns":0,"ops":0}}
16:21:48.709 CELL B|respond|pub|cr {"status":409,"code":"workspace_unavailable","delta":{"turnReq":0,"pendingCmd":0,"turns":0,"ops":0}}
16:21:48.854 CELL B|respond|web|rd {"status":403,"code":"action_forbidden","delta":{"turnReq":0,"pendingCmd":0,"turns":0,"ops":0}}
16:21:48.977 CELL B|respond|web|op2 {"status":409,"code":"workspace_unavailable","delta":{"turnReq":0,"pendingCmd":0,"turns":0,"ops":0}}
16:21:49.121 CELL B|respond|web|ow2 {"status":409,"code":"workspace_unavailable","delta":{"turnReq":0,"pendingCmd":0,"turns":0,"ops":0}}
16:21:49.255 CELL B|respond|web|cr {"status":409,"code":"workspace_unavailable","delta":{"turnReq":0,"pendingCmd":0,"turns":0,"ops":0}}
16:21:49.738 CELL B|cancel|pub|op2 {"status":202,"code":null,"turn":"CANCELLED","error":null,"ms":470}
16:21:49.992 CELL B|cancel|web|op2 {"status":202,"code":null,"turn":"CANCELLED","error":null,"ms":245}
16:21:50.069 CELL B|totals {"turnReq":0,"pendingCmd":0,"turns":0,"ops":0}
16:21:50.169 CELL B|action-after-restore {"action":"requested","turn":["RUNNING",""]}
16:21:50.907 CELL B|respond-after-restore|pub|cr {"status":202,"code":null,"op":{"state":"completed","failure":null},"turn":"COMPLETED","error":null,"ms":472}
16:21:50.912 DONE matrix 99 s
16:21:51.329 harness.exit 0 null
16:21:51.939 spring.exit 143 null
