15:40:31.439 spring.ready 25117 ms Current version of schema `r45_h4lin`: << Empty Schema >> | Migrating schema `r45_h4lin` to version "50 - workspace migration binary identity" | Migrating schema `r45_h4lin` to version "51 - workspace session lifecycle" | Migrating schema `r45_h4lin` to version "52 - managed mutation attempt sequence" | Migrating schema `r45_h4lin` to version "53 - managed workspace roles" | Migrating schema `r45_h4lin` to version "54 - managed child lineage relay" | Migrating schema `r45_h4lin` to version "55 - managed channel instance binding" | Successfully applied 55 migrations to schema `r45_h4lin`, now at version v55 (execution time 00:11.790s)
15:40:34.242 harness.ready
15:40:40.305 CELL A|warmup|pub|cr {"status":202,"code":null,"turn":"COMPLETED","error":null,"ms":4049}
15:40:40.386 CELL A|cap|cr {"get":{"workspaceTurns":true,"actions":true,"sessionClose":false,"sessionArchive":false,"sessionDelete":false},"query":{"workspaceTurns":true},"pub":{"session_close":false,"session_archive":false,"session_delete":false}}
15:40:40.579 CELL A|cap|op2 {"get":{"workspaceTurns":false,"actions":true,"sessionClose":false,"sessionArchive":false,"sessionDelete":false},"query":{"workspaceTurns":false},"pub":{"session_close":false,"session_archive":false,"session_delete":false}}
15:40:40.711 CELL A|cap|ow2 {"get":{"workspaceTurns":false,"actions":true,"sessionClose":false,"sessionArchive":false,"sessionDelete":false},"query":{"workspaceTurns":false},"pub":{"session_close":false,"session_archive":false,"session_delete":false}}
15:40:40.761 CELL A|cap|rd {"get":{"workspaceTurns":false,"actions":true,"sessionClose":false,"sessionArchive":false,"sessionDelete":false},"query":{"workspaceTurns":false},"pub":{"session_close":false,"session_archive":false,"session_delete":false}}
15:40:40.822 CELL A|cap|nn {"get":{"status":404,"code":"session_not_found"},"query":{"listed":false,"status":200},"pub":{"status":404,"code":"session_not_found"}}
15:40:42.231 CELL A|submit|pub|cr {"status":202,"code":null,"turn":"COMPLETED","error":null,"ms":1009,"delta":{"turnReq":1,"pendingCmd":0,"turns":1,"ops":0}}
15:40:42.468 CELL A|submit|pub|op2 {"status":409,"code":"workspace_unavailable","delta":{"turnReq":0,"pendingCmd":0,"turns":0,"ops":0}}
15:40:42.854 CELL A|submit|pub|ow2 {"status":409,"code":"workspace_unavailable","delta":{"turnReq":0,"pendingCmd":0,"turns":0,"ops":0}}
15:40:43.076 CELL A|submit|pub|rd {"status":409,"code":"workspace_unavailable","delta":{"turnReq":0,"pendingCmd":0,"turns":0,"ops":0}}
15:40:43.273 CELL A|submit|pub|nn {"status":404,"code":"session_not_found","delta":{"turnReq":0,"pendingCmd":0,"turns":0,"ops":0}}
15:40:44.443 CELL A|submit|web|cr {"status":202,"code":null,"turn":"COMPLETED","error":null,"ms":944,"delta":{"turnReq":1,"pendingCmd":0,"turns":1,"ops":0}}
15:40:44.693 CELL A|submit|web|op2 {"status":409,"code":"workspace_unavailable","delta":{"turnReq":0,"pendingCmd":0,"turns":0,"ops":0}}
15:40:44.893 CELL A|submit|web|ow2 {"status":409,"code":"workspace_unavailable","delta":{"turnReq":0,"pendingCmd":0,"turns":0,"ops":0}}
15:40:45.123 CELL A|submit|web|rd {"status":409,"code":"workspace_unavailable","delta":{"turnReq":0,"pendingCmd":0,"turns":0,"ops":0}}
15:40:45.376 CELL A|submit|web|nn {"status":404,"code":"session_not_found","delta":{"turnReq":0,"pendingCmd":0,"turns":0,"ops":0}}
15:40:46.268 CELL A|cancel|pub|cr {"held":true,"status":202,"code":null,"turn":"CANCELLED","error":null,"ms":272}
15:40:46.993 CELL A|cancel|pub|op2 {"held":true,"status":409,"code":"workspace_unavailable","cleanup":{"status":202,"code":null,"turn":"CANCELLED","error":null,"ms":245}}
15:40:47.722 CELL A|cancel|pub|ow2 {"held":true,"status":409,"code":"workspace_unavailable","cleanup":{"status":202,"code":null,"turn":"CANCELLED","error":null,"ms":254}}
15:40:48.440 CELL A|cancel|pub|rd {"held":true,"status":409,"code":"workspace_unavailable","cleanup":{"status":202,"code":null,"turn":"CANCELLED","error":null,"ms":243}}
15:40:49.153 CELL A|cancel|pub|nn {"held":true,"status":404,"code":"session_not_found","cleanup":{"status":202,"code":null,"turn":"CANCELLED","error":null,"ms":243}}
15:40:49.970 CELL A|cancel|web|cr {"held":true,"status":202,"code":null,"turn":"CANCELLED","error":null,"ms":249}
15:40:51.124 CELL A|cancel|web|op2 {"held":true,"status":409,"code":"workspace_unavailable","cleanup":{"status":202,"code":null,"turn":"CANCELLED","error":null,"ms":474}}
15:40:52.741 CELL A|cancel|web|ow2 {"held":true,"status":409,"code":"workspace_unavailable","cleanup":{"status":202,"code":null,"turn":"CANCELLED","error":null,"ms":534}}
15:40:53.824 CELL A|cancel|web|rd {"held":true,"status":409,"code":"workspace_unavailable","cleanup":{"status":202,"code":null,"turn":"CANCELLED","error":null,"ms":268}}
15:40:54.786 CELL A|cancel|web|nn {"held":true,"status":404,"code":"session_not_found","cleanup":{"status":202,"code":null,"turn":"CANCELLED","error":null,"ms":271}}
15:40:54.927 CELL A|rename|pub|cr {"status":200,"code":null,"title":"renamed by cr 76ff0b"}
15:40:54.972 CELL A|rename|pub|op2 {"status":409,"code":"workspace_unavailable","title":null}
15:40:55.015 CELL A|rename|pub|ow2 {"status":409,"code":"workspace_unavailable","title":null}
15:40:55.074 CELL A|rename|pub|rd {"status":409,"code":"workspace_unavailable","title":null}
15:40:55.106 CELL A|rename|pub|nn {"status":404,"code":"session_not_found","title":null}
15:40:55.495 CELL A|cwd|pub|cr {"status":202,"code":null,"state":"completed","failure":null,"cwdNow":"d00","moved":true}
15:40:55.630 CELL A|cwd|pub|op2 {"status":403,"code":"session_operation_forbidden","cwdNow":"d00","moved":false}
15:40:55.759 CELL A|cwd|pub|ow2 {"status":403,"code":"session_operation_forbidden","cwdNow":"d00","moved":false}
15:40:55.876 CELL A|cwd|pub|rd {"status":403,"code":"session_operation_forbidden","cwdNow":"d00","moved":false}
15:40:56.000 CELL A|cwd|pub|nn {"status":404,"code":"session_not_found","cwdNow":"d00","moved":false}
15:40:56.401 CELL A|cwd|web|cr {"status":202,"code":null,"state":"completed","failure":null,"cwdNow":"d05","moved":true}
15:40:56.567 CELL A|cwd|web|op2 {"status":403,"code":"session_operation_forbidden","cwdNow":"d05","moved":false}
15:40:56.839 CELL A|cwd|web|ow2 {"status":403,"code":"session_operation_forbidden","cwdNow":"d05","moved":false}
15:40:56.950 CELL A|cwd|web|rd {"status":403,"code":"session_operation_forbidden","cwdNow":"d05","moved":false}
15:40:57.063 CELL A|cwd|web|nn {"status":404,"code":"session_not_found","cwdNow":"d05","moved":false}
15:41:01.815 CELL A|respond|pub|cr {"status":202,"code":null,"op":{"state":"completed","failure":null},"turn":"COMPLETED","error":null,"ms":1705,"fileWritten":true}
15:41:05.436 CELL A|respond|pub|op2 {"status":403,"code":"action_forbidden","cleanup":{"status":202,"code":null},"turn":"COMPLETED","error":null,"ms":2468,"fileWritten":true}
15:41:09.669 CELL A|respond|pub|ow2 {"status":403,"code":"action_forbidden","cleanup":{"status":202,"code":null},"turn":"COMPLETED","error":null,"ms":2671,"fileWritten":true}
15:41:14.511 CELL A|respond|pub|rd {"status":403,"code":"action_forbidden","cleanup":{"status":202,"code":null},"turn":"COMPLETED","error":null,"ms":3151,"fileWritten":true}
15:41:18.907 CELL A|respond|pub|nn {"status":404,"code":"session_not_found","cleanup":{"status":202,"code":null},"turn":"COMPLETED","error":null,"ms":3459,"fileWritten":true}
15:41:23.193 CELL A|respond|pub|anon {"status":404,"code":"session_not_found","cleanup":{"status":202,"code":null},"turn":"COMPLETED","error":null,"ms":3145,"fileWritten":true}
15:41:27.333 CELL A|respond|web|cr {"status":202,"code":null,"op":{"state":"completed","failure":null},"turn":"COMPLETED","error":null,"ms":2666,"fileWritten":true}
15:41:31.944 CELL A|respond|web|op2 {"status":403,"code":"action_forbidden","cleanup":{"status":202,"code":null},"turn":"COMPLETED","error":null,"ms":2814,"fileWritten":true}
15:41:37.812 CELL A|respond|web|ow2 {"status":403,"code":"action_forbidden","cleanup":{"status":202,"code":null},"turn":"COMPLETED","error":null,"ms":4489,"fileWritten":true}
15:41:42.862 CELL A|respond|web|rd {"status":403,"code":"action_forbidden","cleanup":{"status":202,"code":null},"turn":"COMPLETED","error":null,"ms":3402,"fileWritten":true}
15:41:47.073 CELL A|respond|web|nn {"status":404,"code":"session_not_found","cleanup":{"status":202,"code":null},"turn":"COMPLETED","error":null,"ms":2773,"fileWritten":true}
15:41:53.109 CELL A|respond|web|anon {"status":404,"code":"session_not_found","cleanup":{"status":202,"code":null},"turn":"COMPLETED","error":null,"ms":4685,"fileWritten":true}
15:41:53.109 DONE matrix 107 s
15:41:53.393 harness.exit 0 null
15:41:54.086 spring.exit 143 null
