15:45:05.345 spring.ready 49013 ms Current version of schema `r45_tm4fresh`: << Empty Schema >> | Migrating schema `r45_tm4fresh` to version "50 - workspace migration binary identity" | Migrating schema `r45_tm4fresh` to version "51 - workspace session lifecycle" | Migrating schema `r45_tm4fresh` to version "52 - managed mutation attempt sequence" | Migrating schema `r45_tm4fresh` to version "53 - managed workspace roles" | Migrating schema `r45_tm4fresh` to version "54 - managed child lineage relay" | Migrating schema `r45_tm4fresh` to version "55 - managed channel instance binding" | Migrating schema `r45_tm4fresh` to version "56 - managed operation actor key" | Successfully applied 56 migrations to schema `r45_tm4fresh`, now at version v56 (execution time 00:29.975s)
15:45:08.462 harness.ready
15:45:14.005 CELL A|warmup|pub|cr {"status":202,"code":null,"turn":"COMPLETED","error":null,"ms":3207}
15:45:14.074 CELL A|cap|cr {"get":{"workspaceTurns":true,"actions":true,"sessionClose":false,"sessionArchive":false,"sessionDelete":false},"query":{"workspaceTurns":true},"pub":{"session_close":false,"session_archive":false,"session_delete":false}}
15:45:14.119 CELL A|cap|op2 {"get":{"workspaceTurns":true,"actions":true,"sessionClose":false,"sessionArchive":false,"sessionDelete":false},"query":{"workspaceTurns":true},"pub":{"session_close":false,"session_archive":false,"session_delete":false}}
15:45:14.174 CELL A|cap|ow2 {"get":{"workspaceTurns":true,"actions":true,"sessionClose":false,"sessionArchive":false,"sessionDelete":false},"query":{"workspaceTurns":true},"pub":{"session_close":false,"session_archive":false,"session_delete":false}}
15:45:14.232 CELL A|cap|rd {"get":{"workspaceTurns":false,"actions":true,"sessionClose":false,"sessionArchive":false,"sessionDelete":false},"query":{"workspaceTurns":false},"pub":{"session_close":false,"session_archive":false,"session_delete":false}}
15:45:14.279 CELL A|cap|nn {"get":{"status":404,"code":"session_not_found"},"query":{"listed":false,"status":200},"pub":{"status":404,"code":"session_not_found"}}
15:45:15.538 CELL A|submit|pub|cr {"status":202,"code":null,"turn":"COMPLETED","error":null,"ms":995,"delta":{"turnReq":1,"pendingCmd":0,"turns":1,"ops":0}}
15:45:16.960 CELL A|submit|pub|op2 {"status":202,"code":null,"turn":"COMPLETED","error":null,"ms":1185,"delta":{"turnReq":1,"pendingCmd":0,"turns":1,"ops":0}}
15:45:18.934 CELL A|submit|pub|ow2 {"status":202,"code":null,"turn":"COMPLETED","error":null,"ms":1720,"delta":{"turnReq":1,"pendingCmd":0,"turns":1,"ops":0}}
15:45:19.200 CELL A|submit|pub|rd {"status":403,"code":"session_operation_forbidden","delta":{"turnReq":0,"pendingCmd":0,"turns":0,"ops":0}}
15:45:19.481 CELL A|submit|pub|nn {"status":404,"code":"session_not_found","delta":{"turnReq":0,"pendingCmd":0,"turns":0,"ops":0}}
15:45:21.879 CELL A|submit|web|cr {"status":202,"code":null,"turn":"COMPLETED","error":null,"ms":1894,"delta":{"turnReq":1,"pendingCmd":0,"turns":1,"ops":0}}
15:45:24.014 CELL A|submit|web|op2 {"status":202,"code":null,"turn":"COMPLETED","error":null,"ms":1773,"delta":{"turnReq":1,"pendingCmd":0,"turns":1,"ops":0}}
15:45:26.126 CELL A|submit|web|ow2 {"status":202,"code":null,"turn":"COMPLETED","error":null,"ms":1759,"delta":{"turnReq":1,"pendingCmd":0,"turns":1,"ops":0}}
15:45:26.429 CELL A|submit|web|rd {"status":403,"code":"session_operation_forbidden","delta":{"turnReq":0,"pendingCmd":0,"turns":0,"ops":0}}
15:45:26.724 CELL A|submit|web|nn {"status":404,"code":"session_not_found","delta":{"turnReq":0,"pendingCmd":0,"turns":0,"ops":0}}
15:45:28.771 CELL A|cancel|pub|cr {"held":true,"status":202,"code":null,"turn":"CANCELLED","error":null,"ms":553}
15:45:30.467 CELL A|cancel|pub|op2 {"held":true,"status":202,"code":null,"turn":"CANCELLED","error":null,"ms":480}
15:45:32.031 CELL A|cancel|pub|ow2 {"held":true,"status":202,"code":null,"turn":"CANCELLED","error":null,"ms":275}
15:45:34.250 CELL A|cancel|pub|rd {"held":true,"status":403,"code":"session_operation_forbidden","cleanup":{"status":202,"code":null,"turn":"CANCELLED","error":null,"ms":604}}
15:45:36.728 CELL A|cancel|pub|nn {"held":true,"status":404,"code":"session_not_found","cleanup":{"status":202,"code":null,"turn":"CANCELLED","error":null,"ms":687}}
15:45:38.886 CELL A|cancel|web|cr {"held":true,"status":202,"code":null,"turn":"CANCELLED","error":null,"ms":520}
15:45:40.897 CELL A|cancel|web|op2 {"held":true,"status":202,"code":null,"turn":"CANCELLED","error":null,"ms":486}
15:45:43.478 CELL A|cancel|web|ow2 {"held":true,"status":202,"code":null,"turn":"CANCELLED","error":null,"ms":567}
15:45:46.236 CELL A|cancel|web|rd {"held":true,"status":403,"code":"session_operation_forbidden","cleanup":{"status":202,"code":null,"turn":"CANCELLED","error":null,"ms":508}}
15:45:48.619 CELL A|cancel|web|nn {"held":true,"status":404,"code":"session_not_found","cleanup":{"status":202,"code":null,"turn":"CANCELLED","error":null,"ms":491}}
15:45:48.853 CELL A|rename|pub|cr {"status":200,"code":null,"title":"renamed by cr 475274"}
15:45:49.093 CELL A|rename|pub|op2 {"status":200,"code":null,"title":"renamed by op2 475274"}
15:45:49.296 CELL A|rename|pub|ow2 {"status":200,"code":null,"title":"renamed by ow2 475274"}
15:45:49.362 CELL A|rename|pub|rd {"status":403,"code":"session_operation_forbidden","title":null}
15:45:49.418 CELL A|rename|pub|nn {"status":404,"code":"session_not_found","title":null}
15:45:49.812 CELL A|cwd|pub|cr {"status":202,"code":null,"state":"completed","failure":null,"cwdNow":"d00","moved":true}
15:45:50.244 CELL A|cwd|pub|op2 {"status":202,"code":null,"state":"completed","failure":null,"cwdNow":"d01","moved":true}
15:45:50.684 CELL A|cwd|pub|ow2 {"status":202,"code":null,"state":"completed","failure":null,"cwdNow":"d02","moved":true}
15:45:50.801 CELL A|cwd|pub|rd {"status":403,"code":"session_operation_forbidden","cwdNow":"d02","moved":false}
15:45:50.961 CELL A|cwd|pub|nn {"status":404,"code":"session_not_found","cwdNow":"d02","moved":false}
15:45:51.549 CELL A|cwd|web|cr {"status":202,"code":null,"state":"completed","failure":null,"cwdNow":"d05","moved":true}
15:45:51.974 CELL A|cwd|web|op2 {"status":202,"code":null,"state":"completed","failure":null,"cwdNow":"d06","moved":true}
15:45:52.410 CELL A|cwd|web|ow2 {"status":202,"code":null,"state":"completed","failure":null,"cwdNow":"d07","moved":true}
15:45:52.537 CELL A|cwd|web|rd {"status":403,"code":"session_operation_forbidden","cwdNow":"d07","moved":false}
15:45:52.676 CELL A|cwd|web|nn {"status":404,"code":"session_not_found","cwdNow":"d07","moved":false}
15:45:57.877 CELL A|respond|pub|cr {"status":202,"code":null,"op":{"state":"completed","failure":null},"turn":"COMPLETED","error":null,"ms":2149,"fileWritten":true}
15:46:02.364 CELL A|respond|pub|op2 {"status":202,"code":null,"op":{"state":"completed","failure":null},"turn":"COMPLETED","error":null,"ms":2786,"fileWritten":true}
15:46:08.902 CELL A|respond|pub|ow2 {"status":202,"code":null,"op":{"state":"completed","failure":null},"turn":"COMPLETED","error":null,"ms":3678,"fileWritten":true}
15:46:16.114 CELL A|respond|pub|rd {"status":403,"code":"action_forbidden","cleanup":{"status":202,"code":null},"turn":"COMPLETED","error":null,"ms":5316,"fileWritten":true}
15:46:25.899 CELL A|respond|pub|nn {"status":404,"code":"session_not_found","cleanup":{"status":202,"code":null},"turn":"COMPLETED","error":null,"ms":7339,"fileWritten":true}
15:46:35.877 CELL A|respond|pub|anon {"status":404,"code":"session_not_found","cleanup":{"status":202,"code":null},"turn":"COMPLETED","error":null,"ms":7162,"fileWritten":true}
15:46:45.067 CELL A|respond|web|cr {"status":202,"code":null,"op":{"state":"completed","failure":null},"turn":"COMPLETED","error":null,"ms":6699,"fileWritten":true}
15:46:57.374 CELL A|respond|web|op2 {"status":202,"code":null,"op":{"state":"completed","failure":null},"turn":"COMPLETED","error":null,"ms":9179,"fileWritten":true}
15:47:11.141 CELL A|respond|web|ow2 {"status":202,"code":null,"op":{"state":"completed","failure":null},"turn":"COMPLETED","error":null,"ms":9343,"fileWritten":true}
15:47:21.607 CELL A|respond|web|rd {"status":403,"code":"action_forbidden","cleanup":{"status":202,"code":null},"turn":"COMPLETED","error":null,"ms":6800,"fileWritten":true}
15:47:31.743 CELL A|respond|web|nn {"status":404,"code":"session_not_found","cleanup":{"status":202,"code":null},"turn":"COMPLETED","error":null,"ms":6115,"fileWritten":true}
15:47:40.840 CELL A|respond|web|anon {"status":404,"code":"session_not_found","cleanup":{"status":202,"code":null},"turn":"COMPLETED","error":null,"ms":6342,"fileWritten":true}
15:47:41.363 CELL O|archive|pub|cr {"status":403,"code":"session_operation_forbidden","sessionStatus":"ACTIVE","capArchive":false}
15:47:41.871 CELL O|archive|pub|ow2 {"status":409,"code":"session_state_conflict","sessionStatus":"ACTIVE","capArchive":false}
15:47:42.341 CELL O|archive|pub|op2 {"status":403,"code":"session_operation_forbidden","sessionStatus":"ACTIVE","capArchive":false}
15:47:42.827 CELL O|archive|web|cr {"status":403,"code":"session_operation_forbidden","sessionStatus":"ACTIVE","capArchive":false}
15:47:43.369 CELL O|archive|web|ow2 {"status":409,"code":"session_state_conflict","sessionStatus":"ACTIVE","capArchive":false}
15:47:43.857 CELL O|archive|web|op2 {"status":403,"code":"session_operation_forbidden","sessionStatus":"ACTIVE","capArchive":false}
15:47:44.576 CELL L|close|pub|cr {"status":409,"code":"workspace_unavailable","row":"ACTIVE/"}
15:47:44.907 CELL L|close|pub|op2 {"status":403,"code":"session_operation_forbidden","row":"ACTIVE/"}
15:47:45.219 CELL L|close|pub|ow2 {"status":403,"code":"session_operation_forbidden","row":"ACTIVE/"}
15:47:45.623 CELL L|close|pub|rd {"status":403,"code":"session_operation_forbidden","row":"ACTIVE/"}
15:47:46.153 CELL L|close|pub|nn {"status":404,"code":"session_not_found","row":"ACTIVE/"}
15:47:46.611 CELL L|close|web|cr {"status":409,"code":"workspace_unavailable","row":"ACTIVE/"}
15:47:46.917 CELL L|close|web|op2 {"status":403,"code":"session_operation_forbidden","row":"ACTIVE/"}
15:47:47.230 CELL L|close|web|ow2 {"status":403,"code":"session_operation_forbidden","row":"ACTIVE/"}
15:47:47.550 CELL L|close|web|rd {"status":403,"code":"session_operation_forbidden","row":"ACTIVE/"}
15:47:47.871 CELL L|close|web|nn {"status":404,"code":"session_not_found","row":"ACTIVE/"}
15:47:48.243 CELL L|delete|pub|cr {"status":409,"code":"workspace_unavailable","row":"ACTIVE/"}
15:47:48.513 CELL L|delete|pub|op2 {"status":403,"code":"session_operation_forbidden","row":"ACTIVE/"}
15:47:48.814 CELL L|delete|pub|ow2 {"status":403,"code":"session_operation_forbidden","row":"ACTIVE/"}
15:47:49.126 CELL L|delete|pub|rd {"status":403,"code":"session_operation_forbidden","row":"ACTIVE/"}
15:47:49.437 CELL L|delete|pub|nn {"status":404,"code":"session_not_found","row":"ACTIVE/"}
15:47:49.749 CELL L|delete|web|cr {"status":409,"code":"workspace_unavailable","row":"ACTIVE/"}
15:47:50.041 CELL L|delete|web|op2 {"status":403,"code":"session_operation_forbidden","row":"ACTIVE/"}
15:47:50.330 CELL L|delete|web|ow2 {"status":403,"code":"session_operation_forbidden","row":"ACTIVE/"}
15:47:50.704 CELL L|delete|web|rd {"status":403,"code":"session_operation_forbidden","row":"ACTIVE/"}
15:47:51.037 CELL L|delete|web|nn {"status":404,"code":"session_not_found","row":"ACTIVE/"}
15:47:53.001 CELL B|warmup|pub|cr {"status":202,"code":null,"turn":"COMPLETED","error":null,"ms":1744}
15:47:57.841 CELL B|setup {"holdP":{"status":202,"code":null},"holdW":{"status":202,"code":null},"heldOk":true,"approval":{"status":202,"code":null},"action":true}
15:47:58.126 CELL B|cap|cr {"get":{"workspaceTurns":false,"actions":true,"sessionClose":false,"sessionArchive":false,"sessionDelete":false},"query":{"workspaceTurns":false},"pub":{"session_close":false,"session_archive":false,"session_delete":false}}
15:47:58.241 CELL B|cap|op2 {"get":{"workspaceTurns":false,"actions":true,"sessionClose":false,"sessionArchive":false,"sessionDelete":false},"query":{"workspaceTurns":false},"pub":{"session_close":false,"session_archive":false,"session_delete":false}}
15:47:58.489 CELL B|cap|ow2 {"get":{"workspaceTurns":false,"actions":true,"sessionClose":false,"sessionArchive":false,"sessionDelete":false},"query":{"workspaceTurns":false},"pub":{"session_close":false,"session_archive":false,"session_delete":false}}
15:47:58.581 CELL B|cap|rd {"get":{"workspaceTurns":false,"actions":true,"sessionClose":false,"sessionArchive":false,"sessionDelete":false},"query":{"workspaceTurns":false},"pub":{"session_close":false,"session_archive":false,"session_delete":false}}
15:47:59.016 CELL B|submit|pub|cr {"status":403,"code":"session_operation_forbidden","delta":{"turnReq":0,"pendingCmd":0,"turns":0,"ops":0}}
15:47:59.617 CELL B|submit|pub|op2 {"status":409,"code":"workspace_unavailable","delta":{"turnReq":0,"pendingCmd":0,"turns":0,"ops":0}}
15:47:59.925 CELL B|submit|pub|ow2 {"status":409,"code":"workspace_unavailable","delta":{"turnReq":0,"pendingCmd":0,"turns":0,"ops":0}}
15:48:00.251 CELL B|submit|pub|rd {"status":403,"code":"session_operation_forbidden","delta":{"turnReq":0,"pendingCmd":0,"turns":0,"ops":0}}
15:48:00.664 CELL B|submit|web|cr {"status":403,"code":"session_operation_forbidden","delta":{"turnReq":0,"pendingCmd":0,"turns":0,"ops":0}}
15:48:01.003 CELL B|submit|web|op2 {"status":409,"code":"workspace_unavailable","delta":{"turnReq":0,"pendingCmd":0,"turns":0,"ops":0}}
15:48:01.616 CELL B|submit|web|ow2 {"status":409,"code":"workspace_unavailable","delta":{"turnReq":0,"pendingCmd":0,"turns":0,"ops":0}}
15:48:01.943 CELL B|submit|web|rd {"status":403,"code":"session_operation_forbidden","delta":{"turnReq":0,"pendingCmd":0,"turns":0,"ops":0}}
15:48:01.976 CELL B|rename|pub|cr {"status":403,"code":"session_operation_forbidden"}
15:48:02.021 CELL B|rename|pub|op2 {"status":409,"code":"workspace_unavailable"}
15:48:02.068 CELL B|rename|pub|ow2 {"status":409,"code":"workspace_unavailable"}
15:48:02.232 CELL B|cwd|pub|cr {"status":403,"code":"session_operation_forbidden"}
15:48:02.385 CELL B|cwd|pub|op2 {"status":409,"code":"workspace_unavailable"}
15:48:02.503 CELL B|cwd|web|cr {"status":403,"code":"session_operation_forbidden"}
15:48:02.687 CELL B|cwd|web|op2 {"status":409,"code":"workspace_unavailable"}
15:48:03.005 CELL B|respond|pub|rd {"status":403,"code":"action_forbidden","delta":{"turnReq":0,"pendingCmd":0,"turns":0,"ops":0}}
15:48:03.415 CELL B|respond|pub|op2 {"status":409,"code":"workspace_unavailable","delta":{"turnReq":0,"pendingCmd":0,"turns":0,"ops":0}}
15:48:03.859 CELL B|respond|pub|ow2 {"status":409,"code":"workspace_unavailable","delta":{"turnReq":0,"pendingCmd":0,"turns":0,"ops":0}}
15:48:04.249 CELL B|respond|pub|cr {"status":409,"code":"workspace_unavailable","delta":{"turnReq":0,"pendingCmd":0,"turns":0,"ops":0}}
15:48:04.494 CELL B|respond|web|rd {"status":403,"code":"action_forbidden","delta":{"turnReq":0,"pendingCmd":0,"turns":0,"ops":0}}
15:48:04.838 CELL B|respond|web|op2 {"status":409,"code":"workspace_unavailable","delta":{"turnReq":0,"pendingCmd":0,"turns":0,"ops":0}}
15:48:05.150 CELL B|respond|web|ow2 {"status":409,"code":"workspace_unavailable","delta":{"turnReq":0,"pendingCmd":0,"turns":0,"ops":0}}
15:48:05.614 CELL B|respond|web|cr {"status":409,"code":"workspace_unavailable","delta":{"turnReq":0,"pendingCmd":0,"turns":0,"ops":0}}
15:48:06.350 CELL B|cancel|pub|op2 {"status":202,"code":null,"turn":"CANCELLED","error":null,"ms":695}
15:48:06.919 CELL B|cancel|web|op2 {"status":202,"code":null,"turn":"CANCELLED","error":null,"ms":520}
15:48:07.045 CELL B|totals {"turnReq":0,"pendingCmd":0,"turns":0,"ops":0}
15:48:07.275 CELL B|action-after-restore {"action":"requested","turn":["RUNNING",""]}
15:48:10.464 CELL B|respond-after-restore|pub|cr {"status":202,"code":null,"op":{"state":"completed","failure":null},"turn":"COMPLETED","error":null,"ms":2568}
15:48:10.569 CELL C|submit|pub|cr {"status":409,"code":"workspace_unavailable","cap":false}
15:48:10.615 CELL C|submit|pub|op2 {"status":409,"code":"workspace_unavailable","cap":false}
15:48:10.653 DONE matrix 235 s
15:48:12.321 harness.exit 0 null
15:48:13.138 spring.exit 143 null
