# s1-delta  db=ui  2026-10-03T06:16:42.525Z
PASS  session created  -> 202 27449778-a674-4c14-93a8-6b36833f89a0
PASS  first turn completed  -> {"status":"COMPLETED","error":"","ms":451}
NOTE  after turn 1  -> lastSequence=9 snapshotCovered=9
PASS  both arms show turn 1
PASS  turn 2 admitted  -> 202
PASS  turn 2 completed on the server  -> {"status":"COMPLETED","error":"","ms":3955}
NOTE  server sequences  -> turn 2 = 10..44
NOTE  wire corrupted frames (all readers)  -> [{"req":8,"id":"23","event":"item.output_text.delta","action":"corrupt"},{"req":4,"id":"23","event":"item.output_text.delta","action":"corrupt"},{"req":11,"id":"23","event":"item.output_text.delta","action":"corrupt"},{"req":14,"id":"23","event":"item.output_text.delta","action":"corrupt"},{"req":17,"id":"23","event":"item.output_text.delta","action":"corrupt"},{"req":20,"id":"23","event":"item.output_text.delta","action":"corrupt"}]
NOTE  server resync_required frames  -> 0
NOTE  base: markers  -> {"count":9,"distinct":9,"missing":[10,11,12,13,14,15,16,17,18,19,20,21,22,23,24,25,26,27,28,29,30],"dup":[],"ordered":true,"max":9}
NOTE  base: alerts  -> ["Unterminated string in JSON at position 85 (line 1 column 86)"]
NOTE  base: stream requests after submit  -> 4 cursors=[22,22,22,22] gapsMs=[3017,3009,3013]
NOTE  base: transcript reloads after submit  -> 0
NOTE  base: console warnings  -> []
NOTE  head: markers  -> {"count":29,"distinct":29,"missing":[10],"dup":[],"ordered":true,"max":30}
NOTE  head: alerts  -> []
NOTE  head: stream requests after submit  -> 0 cursors=[] gapsMs=[]
NOTE  head: transcript reloads after submit  -> 0
NOTE  head: console warnings  -> ["[web-shell] skipping a corrupt Managed Agent event frame (id: 23, event: item.output_text.delta): SyntaxError: Unterminated string in JSON at position 85 (line 1 column 86)\n    at JSON.parse (<anonymo"]
NOTE  base: after full page reload  -> {"markers":{"count":30,"distinct":30,"missing":[],"dup":[],"ordered":true,"max":30},"alerts":[]}
NOTE  head: after full page reload  -> {"markers":{"count":30,"distinct":30,"missing":[],"dup":[],"ordered":true,"max":30},"alerts":[]}
== s1-delta: 5 passed, 0 failed
