# s2-terminal  db=ui  2026-10-03T06:17:45.204Z
PASS  session created  -> 202 f6c96318-8414-4f17-adf5-61b140c2640d
PASS  first turn completed  -> {"status":"COMPLETED","error":"","ms":450}
NOTE  after turn 1  -> lastSequence=9 snapshotCovered=9
PASS  both arms show turn 1
PASS  turn 2 admitted  -> 202
PASS  turn 2 completed on the server  -> {"status":"COMPLETED","error":"","ms":2430}
NOTE  server sequences  -> turn 2 = 10..34
NOTE  wire corrupted frames (all readers)  -> [{"req":68,"id":"34","event":"turn.completed","action":"corrupt"},{"req":64,"id":"34","event":"turn.completed","action":"corrupt"},{"req":74,"id":"34","event":"turn.completed","action":"corrupt"},{"req":77,"id":"34","event":"turn.completed","action":"corrupt"},{"req":80,"id":"34","event":"turn.completed","action":"corrupt"},{"req":83,"id":"34","event":"turn.completed","action":"corrupt"}]
NOTE  server resync_required frames  -> 0
NOTE  base: markers  -> {"count":20,"distinct":20,"missing":[],"dup":[],"ordered":true,"max":20}
NOTE  base: alerts  -> ["Unterminated string in JSON at position 77 (line 1 column 78)"]
NOTE  base: stream requests after submit  -> 4 cursors=[33,33,33,33] gapsMs=[3009,3010,3011]
NOTE  base: transcript reloads after submit  -> 0
NOTE  base: console warnings  -> []
NOTE  head: markers  -> {"count":20,"distinct":20,"missing":[],"dup":[],"ordered":true,"max":20}
NOTE  head: alerts  -> []
NOTE  head: stream requests after submit  -> 1 cursors=[34] gapsMs=[]
NOTE  head: transcript reloads after submit  -> 1
NOTE  head: console warnings  -> ["[web-shell] resyncing on a corrupt Managed Agent frame (id: 34, event: turn.completed): SyntaxError: Unterminated string in JSON at position 77 (line 1 column 78)\n    at JSON.parse (<anonymous>)\n    a"]
NOTE  base: after full page reload  -> {"markers":{"count":20,"distinct":20,"missing":[],"dup":[],"ordered":true,"max":20},"alerts":[]}
NOTE  head: after full page reload  -> {"markers":{"count":20,"distinct":20,"missing":[],"dup":[],"ordered":true,"max":20},"alerts":[]}
== s2-terminal: 5 passed, 0 failed
