# s3-run  db=ui  2026-10-03T06:18:06.837Z
PASS  session created  -> 202 222f546c-8b58-4b9e-b169-a1dd3102a3be
PASS  first turn completed  -> {"status":"COMPLETED","error":"","ms":452}
NOTE  after turn 1  -> lastSequence=9 snapshotCovered=9
PASS  both arms show turn 1
PASS  turn 2 admitted  -> 202
PASS  turn 2 completed on the server  -> {"status":"COMPLETED","error":"","ms":3972}
NOTE  server sequences  -> turn 2 = 10..44
NOTE  wire corrupted frames (all readers)  -> [{"req":101,"id":"24","event":"item.output_text.delta","action":"corrupt"},{"req":97,"id":"24","event":"item.output_text.delta","action":"corrupt"},{"req":101,"id":"25","event":"item.output_text.delta","action":"corrupt"},{"req":97,"id":"25","event":"item.output_text.delta","action":"corrupt"},{"req":101,"id":"26","event":"item.output_text.delta","action":"corrupt"},{"req":101,"id":"27","event":"item.output_text.delta","action":"corrupt"},{"req":107,"id":"24","event":"item.output_text.delta","action":"corrupt"},{"req":107,"id":"25","event":"item.output_text.delta","action":"corrupt"},{"req":107,"id":"26","event":"item.output_text.delta","action":"corrupt"},{"req":107,"id":"27","event":"item.output_text.delta","action":"corrupt"},{"req":110,"id":"24","event":"item.output_text.delta","action":"corrupt"},{"req":110,"id":"25","event":"item.output_text.delta","action":"corrupt"},{"req":110,"id":"26","event":"item.output_text.delta","action":"corrupt"},{"req":110,"id":"27","event":"item.output_text.delta","action":"corrupt"},{"req":113,"id":"24","event":"item.output_text.delta","action":"corrupt"},{"req":113,"id":"25","event":"item.output_text.delta","action":"corrupt"},{"req":113,"id":"26","event":"item.output_text.delta","action":"corrupt"},{"req":113,"id":"27","event":"item.output_text.delta","action":"corrupt"},{"req":116,"id":"24","event":"item.output_text.delta","action":"corrupt"},{"req":116,"id":"25","event":"item.output_text.delta","action":"corrupt"},{"req":116,"id":"26","event":"item.output_text.delta","action":"corrupt"},{"req":116,"id":"27","event":"item.output_text.delta","action":"corrupt"}]
NOTE  server resync_required frames  -> 0
NOTE  base: markers  -> {"count":10,"distinct":10,"missing":[11,12,13,14,15,16,17,18,19,20,21,22,23,24,25,26,27,28,29,30],"dup":[],"ordered":true,"max":10}
NOTE  base: alerts  -> ["Unterminated string in JSON at position 85 (line 1 column 86)"]
NOTE  base: stream requests after submit  -> 4 cursors=[23,23,23,23] gapsMs=[3007,3012,3010]
NOTE  base: transcript reloads after submit  -> 0
NOTE  base: console warnings  -> []
NOTE  head: markers  -> {"count":30,"distinct":30,"missing":[],"dup":[],"ordered":true,"max":30}
NOTE  head: alerts  -> []
NOTE  head: stream requests after submit  -> 1 cursors=[27] gapsMs=[]
NOTE  head: transcript reloads after submit  -> 1
NOTE  head: console warnings  -> ["[web-shell] skipping a corrupt Managed Agent event frame (id: 24, event: item.output_text.delta): SyntaxError: Unterminated string in JSON at position 85 (line 1 column 86)\n    at JSON.parse (<anonymo","[web-shell] resyncing on a corrupt Managed Agent frame (id: 27, event: item.output_text.delta): SyntaxError: Unterminated string in JSON at position 85 (line 1 column 86)\n    at JSON.parse (<anonymous"]
NOTE  base: after full page reload  -> {"markers":{"count":30,"distinct":30,"missing":[],"dup":[],"ordered":true,"max":30},"alerts":[]}
NOTE  head: after full page reload  -> {"markers":{"count":30,"distinct":30,"missing":[],"dup":[],"ordered":true,"max":30},"alerts":[]}
== s3-run: 5 passed, 0 failed
