# s3b-nodata  db=ui  2026-10-03T06:18:30.026Z
PASS  session created  -> 202 1790a46a-ad0e-4c65-b717-2b0039984a6f
PASS  first turn completed  -> {"status":"COMPLETED","error":"","ms":476}
NOTE  after turn 1  -> lastSequence=9 snapshotCovered=9
PASS  both arms show turn 1
PASS  turn 2 admitted  -> 202
PASS  turn 2 completed on the server  -> {"status":"COMPLETED","error":"","ms":3952}
NOTE  server sequences  -> turn 2 = 10..44
NOTE  wire corrupted frames (all readers)  -> [{"req":136,"id":"23","event":"item.output_text.delta","action":"nodata"},{"req":132,"id":"23","event":"item.output_text.delta","action":"nodata"}]
NOTE  server resync_required frames  -> 0
NOTE  base: markers  -> {"count":29,"distinct":29,"missing":[10],"dup":[],"ordered":true,"max":30}
NOTE  base: alerts  -> []
NOTE  base: stream requests after submit  -> 0 cursors=[] gapsMs=[]
NOTE  base: transcript reloads after submit  -> 0
NOTE  base: console warnings  -> []
NOTE  head: markers  -> {"count":29,"distinct":29,"missing":[10],"dup":[],"ordered":true,"max":30}
NOTE  head: alerts  -> []
NOTE  head: stream requests after submit  -> 0 cursors=[] gapsMs=[]
NOTE  head: transcript reloads after submit  -> 0
NOTE  head: console warnings  -> ["[web-shell] skipping a corrupt Managed Agent event frame (id: 23, event: item.output_text.delta): Error: frame has no data payload\n    at decodeFrame (http://localhost:5206/components/managed/java-man"]
NOTE  base: after full page reload  -> {"markers":{"count":30,"distinct":30,"missing":[],"dup":[],"ordered":true,"max":30},"alerts":[]}
NOTE  head: after full page reload  -> {"markers":{"count":30,"distinct":30,"missing":[],"dup":[],"ordered":true,"max":30},"alerts":[]}
== s3b-nodata: 5 passed, 0 failed
