TAP version 13
# Subtest: autofix-status-heartbeat body
    # Subtest: renders the bilingual working comment with the starting state
    ok 1 - renders the bilingual working comment with the starting state
      ---
      duration_ms: 3.956808
      type: 'test'
      ...
    # Subtest: reports agent activity from the agent.log mtime
    ok 2 - reports agent activity from the agent.log mtime
      ---
      duration_ms: 6.758211
      type: 'test'
      ...
    # Subtest: clamps a future mtime to "active 0 min ago" instead of negative
    ok 3 - clamps a future mtime to "active 0 min ago" instead of negative
      ---
      duration_ms: 7.191455
      type: 'test'
      ...
    # Subtest: clamps a clock skew before the start epoch to "Running for 0 min"
    ok 4 - clamps a clock skew before the start epoch to "Running for 0 min"
      ---
      duration_ms: 3.294178
      type: 'test'
      ...
    # Subtest: ignores a non-numeric NOW_EPOCH plant instead of evaluating it
    ok 5 - ignores a non-numeric NOW_EPOCH plant instead of evaluating it
      ---
      duration_ms: 7.417077
      type: 'test'
      ...
    # Subtest: refuses to run without its required environment
    ok 6 - refuses to run without its required environment
      ---
      duration_ms: 3.475088
      type: 'test'
      ...
    # Subtest: rejects an unknown subcommand
    ok 7 - rejects an unknown subcommand
      ---
      duration_ms: 7.713063
      type: 'test'
      ...
    1..7
ok 1 - autofix-status-heartbeat body
  ---
  duration_ms: 40.784716
  type: 'suite'
  ...
# Subtest: autofix-status-heartbeat loop
    # Subtest: PATCHes the same comment on every tick with growing elapsed time
    ok 1 - PATCHes the same comment on every tick with growing elapsed time
      ---
      duration_ms: 2115.818463
      type: 'test'
      ...
    # Subtest: sleeps between ticks instead of busy-looping
    ok 2 - sleeps between ticks instead of busy-looping
      ---
      duration_ms: 3612.033505
      type: 'test'
      ...
    # Subtest: self-exits when the pid file disappears
    ok 3 - self-exits when the pid file disappears
      ---
      duration_ms: 1010.773313
      type: 'test'
      ...
    # Subtest: self-exits when the pid file is REPLACED by a newer round
    ok 4 - self-exits when the pid file is REPLACED by a newer round
      ---
      duration_ms: 1009.853717
      type: 'test'
      ...
    # Subtest: degrades malformed interval and age-cap overrides to defaults
    ok 5 - degrades malformed interval and age-cap overrides to defaults
      ---
      duration_ms: 310.130598
      type: 'test'
      ...
    # Subtest: runs each PATCH under timeout so a black-holed request cannot outlive the age cap
    ok 6 - runs each PATCH under timeout so a black-holed request cannot outlive the age cap
      ---
      duration_ms: 1107.623302
      type: 'test'
      ...
    # Subtest: refuses to loop without its required environment
    ok 7 - refuses to loop without its required environment
      ---
      duration_ms: 4.722994
      type: 'test'
      ...
    # Subtest: refuses to loop without a gh token — no immortal never-pulsing loop
    ok 8 - refuses to loop without a gh token — no immortal never-pulsing loop
      ---
      duration_ms: 2.732534
      type: 'test'
      ...
    # Subtest: refuses a GH_TOKEN-only launch — the pins drop that channel before gh
    ok 9 - refuses a GH_TOKEN-only launch — the pins drop that channel before gh
      ---
      duration_ms: 2.658702
      type: 'test'
      ...
    # Subtest: refuses to loop without TRUSTED_PATH — no tick on an unpinned PATH
    ok 10 - refuses to loop without TRUSTED_PATH — no tick on an unpinned PATH
      ---
      duration_ms: 2.677974
      type: 'test'
      ...
    # Subtest: refuses to loop when a BODY var is missing — no immortal unpulsing loop
    ok 11 - refuses to loop when a BODY var is missing — no immortal unpulsing loop
      ---
      duration_ms: 2.824676
      type: 'test'
      ...
    # Subtest: self-exits at the age cap
    ok 12 - self-exits at the age cap
      ---
      duration_ms: 1008.273616
      type: 'test'
      ...
    # Subtest: stops on the heartbeat-stop marker
    ok 13 - stops on the heartbeat-stop marker
      ---
      duration_ms: 1011.526584
      type: 'test'
      ...
    # Subtest: keeps pulsing through a failing gh
    ok 14 - keeps pulsing through a failing gh
      ---
      duration_ms: 2112.649522
      type: 'test'
      ...
    # Subtest: pins the tick PATH from TRUSTED_PATH — a plant ahead of it is never resolved
    ok 15 - pins the tick PATH from TRUSTED_PATH — a plant ahead of it is never resolved
      ---
      duration_ms: 1106.815847
      type: 'test'
      ...
    # Subtest: pins gh hermetically for every tick — a fresh config dir per call, removed after
    ok 16 - pins gh hermetically for every tick — a fresh config dir per call, removed after
      ---
      duration_ms: 3059.823473
      type: 'test'
      ...
    # Subtest: skips the tick on a failed config mint — never gh against a shared config
    ok 17 - skips the tick on a failed config mint — never gh against a shared config
      ---
      duration_ms: 2112.116502
      type: 'test'
      ...
    # Subtest: the failed-mint gate failure carries the observed log state
    ok 18 - the failed-mint gate failure carries the observed log state
      ---
      duration_ms: 303.473197
      type: 'test'
      ...
    # Subtest: stamps each tick in flight around the gh call and clears it after
    ok 19 - stamps each tick in flight around the gh call and clears it after
      ---
      duration_ms: 3087.647697
      type: 'test'
      ...
    # Subtest: a session kill empties the whole loop even when it lands mid-tick
    ok 20 - a session kill empties the whole loop even when it lands mid-tick
      ---
      duration_ms: 1252.126066
      type: 'test'
      ...
    # Subtest: a planted FIFO at heartbeat.pid cannot block the loop past the bounded read
    ok 21 - a planted FIFO at heartbeat.pid cannot block the loop past the bounded read
      ---
      duration_ms: 6012.289888
      type: 'test'
      ...
    # Subtest: a planted endless stream at heartbeat.pid cannot unbound the pid read
    ok 22 - a planted endless stream at heartbeat.pid cannot unbound the pid read
      ---
      duration_ms: 1010.231287
      type: 'test'
      ...
    # Subtest: a planted FIFO at heartbeat-tick-inflight cannot block the loop past the bounded write
    ok 23 - a planted FIFO at heartbeat-tick-inflight cannot block the loop past the bounded write
      ---
      duration_ms: 6029.877173
      type: 'test'
      ...
    1..23
ok 2 - autofix-status-heartbeat loop
  ---
  duration_ms: 37290.536401
  type: 'suite'
  ...
1..2
# tests 30
# suites 2
# pass 30
# fail 0
# cancelled 0
# skipped 0
# todo 0
# duration_ms 37388.479737
