08:35:30.273 machine_id=f03cd9a6530b4a84b59095456b085bfb boot_id=2acfa6ec-f195-4860-bf3d-ed0678afd735 uptime=1105s kernel=6.8.0-117-generic
08:35:30.286 arm: head-off | active=active health=200
08:35:31.585 file Session A 4e1b4d67-0b68-4ea9-a96f-56ba0dbec867 create=200
08:35:32.721 A turn 1 (before any change): admit=202 terminal=turn_complete(end_turn) recoveryBlocked=false 1116 ms text="Writing.DONE after 1 tool result(s): [{"type":"text","text":"Successfully created and wrote to new file: /srv/w1a/a/project/seed.txt."}]"
08:35:32.722    broker: runtimes:warm→200  tool-sessions:acquire→200  executions:prepare→200  executions/:id:start→200  executions/:id→200  tool-sessions/:id:release→200
08:35:37.801 case 1 control: nothing changed
08:35:37.803    -> EXECUTED -> /srv/w1a/a/project/case1.txt
08:35:37.804    load=200 turn=turn_complete model+2 written=/srv/w1a/a/project/case1.txt | GET session=200 events=200
08:35:41.484    health=200
08:35:42.731    original dev=64769 ino=788592; replacement dev=64769 ino=788602
08:35:47.076 case 2 root replaced at the same pathname (mv a a.prev; mkdir a/project)
08:35:47.077    -> REFUSED (; runtimes:warm→200  tool-sessions:acquire→503(runtime_session_acquire_failed))
08:35:47.077    load=200 turn= model+1 written=nowhere | GET session=200 events=200
08:35:50.696    health=200
08:35:51.169    !! reload after undo: 409 {"error":"hosted_turn_recovery_required","code":"hosted_turn_recovery_required"}
08:35:51.170 == summary
08:35:51.170    1 ok  control: nothing changed -> EXECUTED -> /srv/w1a/a/project/case1.txt
08:35:51.170    2 ok  root replaced at the same pathname (mv a a.prev; mkdir a/project) -> REFUSED (; runtimes:warm→200  tool-sessions:acquire→503(runtime_session_acquire_failed))
08:35:51.171    files under a/project: case1.txt seed.txt
08:35:51.275 S2-DONE
