08:32:18.468 machine_id=f03cd9a6530b4a84b59095456b085bfb boot_id=2acfa6ec-f195-4860-bf3d-ed0678afd735 uptime=913s kernel=6.8.0-117-generic
08:32:18.479 arm: head-on | active=active health=200
08:32:19.810 file Session A d8dd220b-c640-42b5-b061-43523cba3bd4 create=200
08:32:20.859   maint register-a: exit=0 546 ms -> Workspace storage maintenance operation verified.
08:32:24.013    health=200 === 2026-09-30T08:32:20.881Z start pid=7386 boot_id=2acfa6ec-f195-4860-bf3d-ed0678afd735 machine_id=f03cd9a6530b4a84b59095456b085bfb jar=head-server.jar dist=dist-head verified=true durable=true harness=false db=w1a_s2
08:32:24.463    A load=200
08:32:25.606 A turn 1 (before any change): admit=202 terminal=turn_complete(end_turn) recoveryBlocked=false 1122 ms text="Writing.DONE after 1 tool result(s): [{"type":"text","text":"Successfully created and wrote to new file: /srv/w1a/a/project/seed.txt."}]"
08:32:25.607    broker: runtimes:warm→200  tool-sessions:acquire→200  executions:prepare→200  executions/:id:start→200  executions/:id→200  tool-sessions/:id:release→200
08:32:31.221 case 1 control: nothing changed
08:32:31.222    -> EXECUTED -> /srv/w1a/a/project/case1.txt
08:32:31.222    load=200 turn=turn_complete model+2 written=/srv/w1a/a/project/case1.txt | GET session=200 events=200
08:32:31.223    inspect: state=ready revision=1 operation=null completed=67383126-b7f8-40e3-a7dc-152e83a4453c holder=false identity=match marker=match registration=valid
08:32:34.855    health=200
08:32:36.097    original dev=64769 ino=788592; replacement dev=64769 ino=788602
08:32:40.957 case 2 root replaced at the same pathname (mv a a.prev; mkdir a/project)
08:32:40.958    -> REFUSED (turn_error; runtimes:warm→409(workspace_unavailable))
08:32:40.958    load=200 turn=turn_error model+1 written=nowhere | GET session=200 events=200
08:32:40.959    inspect: state=ready revision=1 operation=null completed=67383126-b7f8-40e3-a7dc-152e83a4453c holder=false identity=mismatch marker=unavailable registration=valid
08:32:44.403    health=200
08:32:50.731 case 3 replacement root with the marker copied into it
08:32:50.732    -> REFUSED (turn_error; runtimes:warm→409(workspace_unavailable))
08:32:50.732    load=200 turn=turn_error model+1 written=nowhere | GET session=200 events=200
08:32:50.733    inspect: state=ready revision=1 operation=null completed=67383126-b7f8-40e3-a7dc-152e83a4453c holder=false identity=mismatch marker=match registration=valid
08:32:54.103    health=200
08:33:00.894 case 4 original root back in place (control after the two replacements)
08:33:00.894    -> EXECUTED -> /srv/w1a/a/project/case4.txt
08:33:00.894    load=200 turn=turn_complete model+2 written=/srv/w1a/a/project/case4.txt | GET session=200 events=200
08:33:00.895    inspect: state=ready revision=1 operation=null completed=67383126-b7f8-40e3-a7dc-152e83a4453c holder=false identity=match marker=match registration=valid
08:33:04.523    health=200
08:33:11.161 case 5 marker removed from the original root
08:33:11.162    -> REFUSED (turn_error; runtimes:warm→409(workspace_unavailable))
08:33:11.162    load=200 turn=turn_error model+1 written=nowhere | GET session=200 events=200
08:33:11.162    inspect: state=ready revision=1 operation=null completed=67383126-b7f8-40e3-a7dc-152e83a4453c holder=false identity=match marker=unavailable registration=valid
08:33:14.808    health=200
08:33:21.679 case 6 marker registrationId edited
08:33:21.679    -> REFUSED (turn_error; runtimes:warm→409(workspace_unavailable))
08:33:21.680    load=200 turn=turn_error model+1 written=nowhere | GET session=200 events=200
08:33:21.680    inspect: state=ready revision=1 operation=null completed=67383126-b7f8-40e3-a7dc-152e83a4453c holder=false identity=match marker=mismatch registration=valid
08:33:25.291    health=200
08:33:32.784 case 7 marker re-serialized (pretty-printed, same values)
08:33:32.784    -> EXECUTED -> /srv/w1a/a/project/case7.txt
08:33:32.785    load=200 turn=turn_complete model+2 written=/srv/w1a/a/project/case7.txt | GET session=200 events=200
08:33:32.785    inspect: state=ready revision=1 operation=null completed=67383126-b7f8-40e3-a7dc-152e83a4453c holder=false identity=match marker=match registration=valid
08:33:36.408    health=200
08:33:43.742 case 8 marker replaced by a symlink to an identical copy
08:33:43.742    -> REFUSED (turn_error; runtimes:warm→409(workspace_unavailable))
08:33:43.742    load=200 turn=turn_error model+1 written=nowhere | GET session=200 events=200
08:33:43.743    inspect: state=ready revision=1 operation=null completed=67383126-b7f8-40e3-a7dc-152e83a4453c holder=false identity=match marker=unavailable registration=valid
08:33:47.379    health=200
08:33:54.666 case 9 saved cwd missing (mv project project.bak)
08:33:54.667    -> REFUSED (turn_error; runtimes:warm→409(workspace_unavailable))
08:33:54.667    load=200 turn=turn_error model+1 written=nowhere | GET session=200 events=200
08:33:54.668    inspect: state=ready revision=1 operation=null completed=67383126-b7f8-40e3-a7dc-152e83a4453c holder=false identity=match marker=match registration=valid
08:33:58.269    health=200
08:34:05.895 case 10 saved cwd replaced by a symlink to another directory
08:34:05.896    -> REFUSED (turn_error; runtimes:warm→409(workspace_unavailable))
08:34:05.896    load=200 turn=turn_error model+1 written=nowhere | GET session=200 events=200
08:34:05.897    inspect: state=ready revision=1 operation=null completed=67383126-b7f8-40e3-a7dc-152e83a4453c holder=false identity=match marker=match registration=valid
08:34:09.511    health=200
08:34:15.140 case 11 root replaced by a symlink to the moved original (mv a a.real; ln -s a.real a)
08:34:15.141    -> server did not start
08:34:15.141    	at java.base/java.lang.reflect.Method.invoke(Method.java:580) ~[na:na] / 	at org.springframework.beans.factory.support.SimpleInstantiationStrategy.lambda$instantiate$0(SimpleInstantiationStrategy.java:172) ~[spring-beans-6.2.19.jar!/:6.2.19] / 	... 71 common frames omitted
08:34:15.141    inspect: state=ready revision=1 operation=null completed=67383126-b7f8-40e3-a7dc-152e83a4453c holder=false identity=mismatch marker=match registration=valid
08:34:18.338    health=200
08:34:20.743   maint fence-a-rev1: exit=0 515 ms -> Workspace storage maintenance operation verified.
08:34:20.778    row: row state=FENCED rev=1 op=8bd9f9ff completed=- dev=64769 ino=788592 reg=b9aea635 holder=-
08:34:26.561 case 12 storage fenced offline (fence <rev 1> <op>)
08:34:26.562    -> REFUSED (turn_error; runtimes:warm→409(workspace_unavailable))
08:34:26.562    load=200 turn=turn_error model+1 written=nowhere | GET session=200 events=200
08:34:26.562    inspect: state=fenced revision=1 operation=8bd9f9ff-b39f-4311-91ae-1588a846c6a0 completed=null holder=false identity=match marker=match registration=valid
08:34:27.495   maint fence-a-rev1-retry: exit=0 499 ms -> Workspace storage maintenance operation verified.
08:34:28.000   maint fence-a-other-op-while-fenced: exit=1 504 ms -> REFUSED: Workspace execution authority is unavailable.
08:34:28.479   maint restore-a-other-op: exit=1 478 ms -> REFUSED: Workspace execution authority is unavailable.
08:34:28.961   maint restore-a-wrong-rev: exit=1 481 ms -> REFUSED: Workspace execution authority is unavailable.
08:34:29.494   maint restore-a: exit=0 532 ms -> Workspace storage maintenance operation verified.
08:34:29.527    row: row state=READY rev=2 op=- completed=8bd9f9ff dev=64769 ino=788592 reg=b9aea635 holder=-
08:34:30.078   maint restore-a-retry: exit=0 550 ms -> Workspace storage maintenance operation verified.
08:34:30.112    row after the retry: row state=READY rev=2 op=- completed=8bd9f9ff dev=64769 ino=788592 reg=b9aea635 holder=-
08:34:30.657   maint delayed-old-fence-rev1: exit=1 544 ms -> REFUSED: Workspace execution authority is unavailable.
08:34:30.691    row after the delayed fence: row state=READY rev=2 op=- completed=8bd9f9ff dev=64769 ino=788592 reg=b9aea635 holder=-
08:34:33.822    health=200
08:34:42.150 case 13 after restore-original (revision 2)
08:34:42.151    -> EXECUTED -> /srv/w1a/a/project/case13.txt
08:34:42.151    load=200 turn=turn_complete model+2 written=/srv/w1a/a/project/case13.txt | GET session=200 events=200
08:34:42.151    inspect: state=ready revision=2 operation=null completed=8bd9f9ff-b39f-4311-91ae-1588a846c6a0 holder=false identity=match marker=match registration=valid
08:34:45.750    health=200
08:34:47.578 == summary
08:34:47.581    1 ok  control: nothing changed -> EXECUTED -> /srv/w1a/a/project/case1.txt
08:34:47.582    2 ok  root replaced at the same pathname (mv a a.prev; mkdir a/project) -> REFUSED (turn_error; runtimes:warm→409(workspace_unavailable))
08:34:47.582    3 ok  replacement root with the marker copied into it -> REFUSED (turn_error; runtimes:warm→409(workspace_unavailable))
08:34:47.582    4 ok  original root back in place (control after the two replacements) -> EXECUTED -> /srv/w1a/a/project/case4.txt
08:34:47.583    5 ok  marker removed from the original root -> REFUSED (turn_error; runtimes:warm→409(workspace_unavailable))
08:34:47.583    6 ok  marker registrationId edited -> REFUSED (turn_error; runtimes:warm→409(workspace_unavailable))
08:34:47.583    7 ok  marker re-serialized (pretty-printed, same values) -> EXECUTED -> /srv/w1a/a/project/case7.txt
08:34:47.583    8 ok  marker replaced by a symlink to an identical copy -> REFUSED (turn_error; runtimes:warm→409(workspace_unavailable))
08:34:47.584    9 ok  saved cwd missing (mv project project.bak) -> REFUSED (turn_error; runtimes:warm→409(workspace_unavailable))
08:34:47.584   10 ok  saved cwd replaced by a symlink to another directory -> REFUSED (turn_error; runtimes:warm→409(workspace_unavailable))
08:34:47.584   11 ok  root replaced by a symlink to the moved original (mv a a.real; ln -s a.real a) -> server did not start
08:34:47.584   12 ok  storage fenced offline (fence <rev 1> <op>) -> REFUSED (turn_error; runtimes:warm→409(workspace_unavailable))
08:34:47.585   13 ok  after restore-original (revision 2) -> EXECUTED -> /srv/w1a/a/project/case13.txt
08:34:47.586    files under a/project: case1.txt case13.txt case4.txt case7.txt seed.txt
08:34:47.712 S2-DONE
