08:59:31.829 machine_id=f03cd9a6530b4a84b59095456b085bfb boot_id=2acfa6ec-f195-4860-bf3d-ed0678afd735 uptime=2546s kernel=6.8.0-117-generic
08:59:31.840 arm: base | active=active health=200 DB=w1a_s2c JAR=base-server.jar DIST=dist-base VERIFIED=absent DURABLE=true TRUSTED=false HARNESS=false STORAGES="a b c d" ROOTBASE=/srv/w1a EXTRA=
08:59:32.898 Session A create=200
08:59:34.049 A turn 1: admit=202 terminal=turn_complete(end_turn) recoveryBlocked=false 1132 
08:59:34.050    broker: runtimes:warm→200  tool-sessions:acquire→200  executions:prepare→200  executions/:id:start→200  executions/:id→200  tool-sessions/:id:release→200
08:59:34.081    holder=none (base schema: no mount columns)
08:59:34.614 == root replaced while stopped: original dev=64769 ino=788592 -> replacement dev=64769 ino=791764
08:59:37.797    health=200
08:59:38.004 new Session N on the same Workspace: create=200
08:59:39.093    N tool Turn (write): admit=202 terminal=turn_complete(end_turn) recoveryBlocked=false 1071 ms text="Writing.DONE after 1 tool resul
08:59:39.094    broker: runtimes:warm→200  tool-sessions:acquire→200  executions:prepare→200  executions/:id:start→200  executions/:id→200  tool-sessions/:id:release→200
08:59:39.094    new.txt written: directory at the configured path
08:59:39.671    N tool Turn (read seed.txt): admit=202 terminal=turn_complete(end_turn) recoveryBlocked=false 560 ms text="Reading.DONE after 1 tool result(s): [{"type":"text","text":"Could not read file because no file was found at the specified path."}]"
08:59:39.671    broker: runtimes:warm→200  tool-sessions:acquire→200  executions:prepare→200  executions/:id:start→200  executions/:id→200  tool-sessions/:id:release→200
08:59:39.703    holder=none (base schema: no mount columns)
08:59:39.982 existing Session A: load=200
08:59:40.279    A tool Turn: admit=202 terminal=<no terminal event> after 283 ms; status={"sessionId":"bbdc4fda-8e9d-47d9-8c25-5096f128d77f","hasActivePrompt":false,"recoveryBlocked":true}
08:59:40.280    broker: runtimes:warm→200  tool-sessions:acquire→503(runtime_session_acquire_failed)
08:59:40.312    after-a.txt written: nowhere; holder=f324f469f7… (base schema: no mount columns); model calls +1
08:59:40.313 == undo: service stopped, original root moved back, service started
08:59:44.006    health=200
08:59:44.483 existing Session A after the original root is back: load=409 {"error":"hosted_turn_recovery_required","code":"hosted_turn_recovery_required"}
08:59:44.521    holder=f324f469f7… (base schema: no mount columns); files in the original: seed.txt; files left in the replacement: new.txt
08:59:44.624 S2C-DONE
