09:01:23.445 machine_id=f03cd9a6530b4a84b59095456b085bfb boot_id=2acfa6ec-f195-4860-bf3d-ed0678afd735 uptime=2658s kernel=6.8.0-117-generic
09:01:23.459 arm=head mode=kinds | active=active health=200 DB=w1a_s3 JAR=head-server.jar DIST=dist-head VERIFIED=false DURABLE=true TRUSTED=false HARNESS=false STORAGES="a b c d" ROOTBASE=/srv/w1a EXTRA=
09:01:26.914 resource kinds in a 2-Turn renamed Shell Session: 17 -> definition, root, activation-install, admission, input, checkpoint, message, tool-args, tool-definition, tool-input, tool-result-content, tool-result-page, tool-result-manifest, tool-outcome, turn-result, session_metadata, activation-boundary
09:01:30.474 definition             (oldest of  1,   112 B) unavailable -> load 503 managed_session_open_failed       83 ms | next input: -                              | model +0 Broker +0 Shell +0 | repaired: load 200, next Shell Turn turn_complete
09:01:33.902 root                   (oldest of  1,    60 B) unavailable -> load 409 hosted_turn_recovery_required     77 ms | next input: -                              | model +0 Broker +0 Shell +0 | repaired: load 200, next Shell Turn turn_complete
09:01:37.270 activation-install     (oldest of  1,   151 B) unavailable -> load 409 hosted_turn_recovery_required     87 ms | next input: -                              | model +0 Broker +0 Shell +0 | repaired: load 200, next Shell Turn turn_complete
09:01:40.575 admission              (oldest of  2,   134 B) unavailable -> load 409 hosted_turn_recovery_required     74 ms | next input: -                              | model +0 Broker +0 Shell +0 | repaired: load 200, next Shell Turn turn_complete
09:01:43.879 input                  (oldest of  2,   131 B) unavailable -> load 409 hosted_turn_recovery_required     77 ms | next input: -                              | model +0 Broker +0 Shell +0 | repaired: load 200, next Shell Turn turn_complete
09:01:47.562 checkpoint             (oldest of 11,  1393 B) unavailable -> load 409 hosted_turn_recovery_required    183 ms | next input: -                              | model +0 Broker +0 Shell +0 | repaired: load 200, next Shell Turn turn_complete
09:01:50.979 message                (oldest of  8,   465 B) unavailable -> load 409 hosted_turn_recovery_required    108 ms | next input: -                              | model +0 Broker +0 Shell +0 | repaired: load 200, next Shell Turn turn_complete
09:01:55.316 tool-args              (oldest of  2,   138 B) unavailable -> load 409 hosted_turn_recovery_required    184 ms | next input: -                              | model +0 Broker +0 Shell +0 | repaired: load 200, next Shell Turn turn_complete
09:02:00.057 tool-definition        (oldest of  2,   449 B) unavailable -> load 409 hosted_turn_recovery_required    130 ms | next input: -                              | model +0 Broker +0 Shell +0 | repaired: load 200, next Shell Turn turn_complete
09:02:04.147 tool-input             (oldest of  2,   333 B) unavailable -> load 409 hosted_turn_recovery_required    177 ms | next input: -                              | model +0 Broker +0 Shell +0 | repaired: load 200, next Shell Turn turn_complete
09:02:08.454 tool-result-content    (oldest of  7,   692 B) unavailable -> load 409 hosted_turn_recovery_required    368 ms | next input: -                              | model +0 Broker +0 Shell +0 | repaired: load 200, next Shell Turn turn_complete
09:02:12.381 tool-result-page       (oldest of  3,   255 B) unavailable -> load 409 hosted_turn_recovery_required    392 ms | next input: -                              | model +0 Broker +0 Shell +0 | repaired: load 200, next Shell Turn turn_complete
09:02:15.656 tool-result-manifest   (oldest of  2,  1586 B) unavailable -> load 409 hosted_turn_recovery_required    121 ms | next input: -                              | model +0 Broker +0 Shell +0 | repaired: load 200, next Shell Turn turn_complete
09:02:18.982 tool-outcome           (oldest of  2,  1931 B) unavailable -> load 409 hosted_turn_recovery_required    129 ms | next input: -                              | model +0 Broker +0 Shell +0 | repaired: load 200, next Shell Turn turn_complete
09:02:22.190 turn-result            (oldest of  2,   419 B) unavailable -> load 409 hosted_turn_recovery_required    130 ms | next input: -                              | model +0 Broker +0 Shell +0 | repaired: load 200, next Shell Turn turn_complete
09:02:25.578 session_metadata       (oldest of  1,   158 B) unavailable -> load 409 hosted_turn_recovery_required    237 ms | next input: -                              | model +0 Broker +0 Shell +0 | repaired: load 200, next Shell Turn turn_complete
09:02:29.112 activation-boundary    (oldest of  1,   156 B) unavailable -> load 409 hosted_turn_recovery_required    243 ms | next input: -                              | model +0 Broker +0 Shell +0 | repaired: load 200, next Shell Turn turn_complete
09:02:29.114 == head: 17/17 kinds refused at load; 0 loaded with a missing resource (of those, next input failed: 0, next input completed: 0)
09:02:29.215 S3-DONE
