09:02:41.349 machine_id=f03cd9a6530b4a84b59095456b085bfb boot_id=2acfa6ec-f195-4860-bf3d-ed0678afd735 uptime=2736s kernel=6.8.0-117-generic
09:02:41.373 arm=base mode=kinds | active=active health=200 DB=w1a_s3b JAR=base-server.jar DIST=dist-base VERIFIED=absent DURABLE=true TRUSTED=false HARNESS=false STORAGES="a b c d" ROOTBASE=/srv/w1a EXTRA=
09:02:44.918 resource kinds in a 2-Turn renamed Shell Session: 17 -> definition, root, activation-install, admission, input, checkpoint, message, tool-definition, tool-args, tool-input, tool-result-content, tool-result-page, tool-result-manifest, tool-outcome, turn-result, session_metadata, activation-boundary
09:02:48.085 definition             (oldest of  1,   112 B) unavailable -> load 503 managed_session_open_failed       78 ms | next input: -                              | model +0 Broker +0 Shell +0 | repaired: load 200, next Shell Turn turn_complete
09:02:51.484 root                   (oldest of  1,    60 B) unavailable -> load 200                                   50 ms | next input: turn_complete                  | model +1 Broker +1 Shell +0 | repaired: load 200, next Shell Turn turn_complete
09:02:54.680 activation-install     (oldest of  1,   151 B) unavailable -> load 200                                   52 ms | next input: turn_complete                  | model +1 Broker +1 Shell +0 | repaired: load 200, next Shell Turn turn_complete
09:02:57.731 admission              (oldest of  2,   134 B) unavailable -> load 200                                   51 ms | next input: turn_complete                  | model +1 Broker +1 Shell +0 | repaired: load 200, next Shell Turn turn_complete
09:03:00.663 input                  (oldest of  2,   131 B) unavailable -> load 200                                   44 ms | next input: turn_complete                  | model +1 Broker +1 Shell +0 | repaired: load 200, next Shell Turn turn_complete
09:03:03.644 checkpoint             (oldest of 11,  1393 B) unavailable -> load 200                                   49 ms | next input: turn_complete                  | model +1 Broker +1 Shell +0 | repaired: load 200, next Shell Turn turn_complete
09:03:07.054 message                (oldest of  8,   465 B) unavailable -> load 200                                   51 ms | next input: turn_error                     | model +0 Broker +0 Shell +0 | repaired: load 200, next Shell Turn turn_complete
09:03:10.520 tool-definition        (oldest of  2,   449 B) unavailable -> load 200                                   51 ms | next input: turn_complete                  | model +1 Broker +1 Shell +0 | repaired: load 200, next Shell Turn turn_complete
09:03:13.861 tool-args              (oldest of  2,   138 B) unavailable -> load 200                                   51 ms | next input: turn_complete                  | model +1 Broker +1 Shell +0 | repaired: load 200, next Shell Turn turn_complete
09:03:17.247 tool-input             (oldest of  2,   333 B) unavailable -> load 200                                   47 ms | next input: turn_complete                  | model +1 Broker +1 Shell +0 | repaired: load 200, next Shell Turn turn_complete
09:03:20.406 tool-result-content    (oldest of  7,    15 B) unavailable -> load 200                                   48 ms | next input: turn_complete                  | model +1 Broker +1 Shell +0 | repaired: load 200, next Shell Turn turn_complete
09:03:23.556 tool-result-page       (oldest of  3,   255 B) unavailable -> load 200                                   52 ms | next input: turn_complete                  | model +1 Broker +1 Shell +0 | repaired: load 200, next Shell Turn turn_complete
09:03:26.634 tool-result-manifest   (oldest of  2,  1586 B) unavailable -> load 200                                   48 ms | next input: turn_complete                  | model +1 Broker +1 Shell +0 | repaired: load 200, next Shell Turn turn_complete
09:03:29.827 tool-outcome           (oldest of  2,  1931 B) unavailable -> load 200                                   52 ms | next input: turn_complete                  | model +1 Broker +1 Shell +0 | repaired: load 200, next Shell Turn turn_complete
09:03:33.101 turn-result            (oldest of  2,   419 B) unavailable -> load 200                                   48 ms | next input: turn_complete                  | model +1 Broker +1 Shell +0 | repaired: load 200, next Shell Turn turn_complete
09:03:36.582 session_metadata       (oldest of  1,   158 B) unavailable -> load 200                                   67 ms | next input: turn_complete                  | model +1 Broker +1 Shell +0 | repaired: load 200, next Shell Turn turn_complete
09:03:40.115 activation-boundary    (oldest of  1,   156 B) unavailable -> load 200                                   42 ms | next input: turn_complete                  | model +1 Broker +1 Shell +0 | repaired: load 200, next Shell Turn turn_complete
09:03:40.123 == base: 1/17 kinds refused at load; 16 loaded with a missing resource (of those, next input failed: 1, next input completed: 15)
09:03:40.226 S3-DONE
