09:38:35.154 machine_id=f03cd9a6530b4a84b59095456b085bfb boot_id=2acfa6ec-f195-4860-bf3d-ed0678afd735 uptime=4890s kernel=6.8.0-117-generic
09:38:35.166 arm=head mode=sweep | active=active health=200 DB=w1a_s7 JAR=head-server.jar DIST=dist-head VERIFIED=false DURABLE=true TRUSTED=false HARNESS=false STORAGES="a b c d" ROOTBASE=/srv/w1a EXTRA= DBPORT=3306 DBPASS=rootpw DBCONT=w0e3-db
09:38:38.471 Session b296c2f0-37d6-4506-856c-a9f591a54b4c: 51 retained resources, 45133 bytes
09:38:38.906 control load: 200 434 ms
09:39:43.351 missing definition                 refused  1 /  1   503 managed_session_open_failed
09:39:43.352 missing root                       refused  1 /  1   409 hosted_turn_recovery_required
09:39:43.352 missing activation-install         refused  1 /  1   409 hosted_turn_recovery_required
09:39:43.352 missing input                      refused  2 /  2   409 hosted_turn_recovery_required
09:39:43.352 missing admission                  refused  2 /  2   409 hosted_turn_recovery_required
09:39:43.353 missing checkpoint                 refused 11 / 11   409 hosted_turn_recovery_required
09:39:43.353 missing message                    refused  8 /  8   409 hosted_turn_recovery_required
09:39:43.353 missing tool-args                  refused  2 /  2   409 hosted_turn_recovery_required
09:39:43.353 missing tool-definition            refused  2 /  2   409 hosted_turn_recovery_required
09:39:43.354 missing tool-input                 refused  2 /  2   409 hosted_turn_recovery_required
09:39:43.354 missing tool-result-content        refused  7 /  7   409 hosted_turn_recovery_required
09:39:43.354 missing tool-result-page           refused  3 /  3   409 hosted_turn_recovery_required
09:39:43.354 missing tool-result-manifest       refused  2 /  2   409 hosted_turn_recovery_required
09:39:43.355 missing tool-outcome               refused  2 /  2   409 hosted_turn_recovery_required
09:39:43.355 missing turn-result                refused  2 /  2   409 hosted_turn_recovery_required
09:39:43.355 missing session_metadata           refused  2 /  2   409 hosted_turn_recovery_required
09:39:43.355 missing activation-boundary        refused  1 /  1   409 hosted_turn_recovery_required
09:39:43.356 emptied definition                 refused  1 /  1   503 managed_session_open_failed
09:39:43.356 emptied root                       refused  1 /  1   409 hosted_turn_recovery_required
09:39:43.356 emptied activation-install         refused  1 /  1   409 hosted_turn_recovery_required
09:39:43.356 emptied input                      refused  2 /  2   409 hosted_turn_recovery_required
09:39:43.357 emptied admission                  refused  2 /  2   409 hosted_turn_recovery_required
09:39:43.357 emptied checkpoint                 refused 11 / 11   409 hosted_turn_recovery_required
09:39:43.357 emptied message                    refused  8 /  8   409 hosted_turn_recovery_required
09:39:43.357 emptied tool-args                  refused  2 /  2   409 hosted_turn_recovery_required
09:39:43.357 emptied tool-definition            refused  2 /  2   409 hosted_turn_recovery_required
09:39:43.358 emptied tool-input                 refused  2 /  2   409 hosted_turn_recovery_required
09:39:43.358 emptied tool-result-content        refused  7 /  7   409 hosted_turn_recovery_required
09:39:43.358 emptied tool-result-page           refused  3 /  3   409 hosted_turn_recovery_required
09:39:43.358 emptied tool-result-manifest       refused  2 /  2   409 hosted_turn_recovery_required
09:39:43.359 emptied tool-outcome               refused  2 /  2   409 hosted_turn_recovery_required
09:39:43.359 emptied turn-result                refused  2 /  2   409 hosted_turn_recovery_required
09:39:43.359 emptied session_metadata           refused  2 /  2   409 hosted_turn_recovery_required
09:39:43.359 emptied activation-boundary        refused  1 /  1   409 hosted_turn_recovery_required
09:39:43.360 flipped definition                 refused  1 /  1   503 managed_session_open_failed
09:39:43.360 flipped root                       refused  1 /  1   409 hosted_turn_recovery_required
09:39:43.360 flipped activation-install         refused  1 /  1   409 hosted_turn_recovery_required
09:39:43.361 flipped input                      refused  2 /  2   409 hosted_turn_recovery_required
09:39:43.361 flipped admission                  refused  2 /  2   409 hosted_turn_recovery_required
09:39:43.361 flipped checkpoint                 refused 11 / 11   409 hosted_turn_recovery_required
09:39:43.361 flipped message                    refused  8 /  8   409 hosted_turn_recovery_required
09:39:43.361 flipped tool-args                  refused  2 /  2   409 hosted_turn_recovery_required
09:39:43.362 flipped tool-definition            refused  2 /  2   409 hosted_turn_recovery_required
09:39:43.362 flipped tool-input                 refused  2 /  2   409 hosted_turn_recovery_required
09:39:43.362 flipped tool-result-content        refused  7 /  7   409 hosted_turn_recovery_required
09:39:43.362 flipped tool-result-page           refused  3 /  3   409 hosted_turn_recovery_required
09:39:43.362 flipped tool-result-manifest       refused  2 /  2   409 hosted_turn_recovery_required
09:39:43.363 flipped tool-outcome               refused  2 /  2   409 hosted_turn_recovery_required
09:39:43.363 flipped turn-result                refused  2 /  2   409 hosted_turn_recovery_required
09:39:43.363 flipped session_metadata           refused  2 /  2   409 hosted_turn_recovery_required
09:39:43.363 flipped activation-boundary        refused  1 /  1   409 hosted_turn_recovery_required
09:39:43.364 == sweep: 153/153 damaged loads refused in 64 s; model calls +0, Broker calls +0, Shell runs +0
09:39:43.397 resources after the sweep: 359 (+308); new kinds: managed-activation-install, managed-activation-boundary
09:39:44.841 everything repaired: load 200 1444 ms
09:39:45.510    next Shell Turn: admit=202 terminal=turn_complete(end_turn) recoveryBlocked=false 659 ms text="Running a Shell comman
09:39:45.626 S3-DONE
