09:42:23.709 machine_id=f03cd9a6530b4a84b59095456b085bfb boot_id=2acfa6ec-f195-4860-bf3d-ed0678afd735 uptime=5118s kernel=6.8.0-117-generic
09:42:23.722 active=active health=200 DB=w1a_s6 JAR=head-server.jar DIST=dist-head VERIFIED=true DURABLE=true TRUSTED=false HARNESS=true STORAGES="a b c d" ROOTBASE=/srv/w1a EXTRA= DBPORT=3306 DBPASS=rootpw DBCONT=w0e3-db
09:42:23.723 harness: {"pid":70131,"harnessPid":70141,"harness":"http://127.0.0.1:17088","bootId":"092d00da-a4fd-422e-86ad-04eb139d587a","model":"http://127.0.0.1:43369/v1"}
09:42:26.273 P1 registered storage a (READY rev 1)
09:42:26.276    POST /v1/agents/sessions -> 202; turn COMPLETED / - / 0 after 2133 ms; model calls +2
09:42:26.276    broker: runtimes:warm→200  tool-sessions:acquire→200  executions:prepare→200  executions/:id:start→200  executions/:id→200  tool-sessions/:id:release→200
09:42:26.277    /srv/w1a/a/project/pub.txt: written
09:42:26.792 P2 storage c, never registered
09:42:26.793    POST /v1/agents/sessions -> 202; turn FAILED / workspace_unavailable / 0 after 516 ms; model calls +0
09:42:26.794    broker: <no Broker calls>
09:42:26.794    /srv/w1a/c/project/pub.txt: not written
09:42:26.795    last error event: {"schema_version":1,"projection_version":1,"sequence":5,"event_id":"evt_e97c015c1ecf4880b913301b944cac80","session_id":"ce323e3c-ec0e-4af0-9280-2daa70880cf1","turn_id":"turn_65f55e3412d94c3b91d1f900e8893652","type":"turn.failed","created_at":1790761346,"data":
09:42:27.313 P3 storage b, registered then fenced
09:42:27.315    POST /v1/agents/sessions -> 202; turn FAILED / workspace_unavailable / 0 after 520 ms; model calls +0
09:42:27.315    broker: <no Broker calls>
09:42:27.316    /srv/w1a/b/project/pub.txt: not written
09:42:27.316    last error event: {"schema_version":1,"projection_version":1,"sequence":5,"event_id":"evt_68fd523f4b3c425fafaa516d64f9862e","session_id":"8ba98c11-71d7-4fd1-8487-3e8d1a62c569","turn_id":"turn_3c72f25ed0ca47f09f010d8911756558","type":"turn.failed","created_at":1790761346,"data":
09:42:27.813 P4 storage d, registered then replaced at the same pathname
09:42:27.814    POST /v1/agents/sessions -> 202; turn FAILED / workspace_unavailable / 0 after 497 ms; model calls +0
09:42:27.814    broker: <no Broker calls>
09:42:27.815    /srv/w1a/d/project/pub.txt: not written
09:42:27.816    last error event: {"schema_version":1,"projection_version":1,"sequence":5,"event_id":"evt_b3b08433f6174c4b8a2d40e7bb5844af","session_id":"4214220a-6d39-40b6-a868-4e8d514d90e0","turn_id":"turn_36de070142694cff97346433fd93cc8f","type":"turn.failed","created_at":1790761347,"data":
09:42:28.890 P5 registered storage a, text-only initial Turn
09:42:28.891    POST /v1/agents/sessions -> 202; turn COMPLETED / - / 0 after 1074 ms; model calls +1
09:42:28.891    broker: runtimes:warm→200
09:42:29.374 P6 storage c (unregistered), text-only initial Turn
09:42:29.375    POST /v1/agents/sessions -> 202; turn FAILED / workspace_unavailable / 0 after 484 ms; model calls +0
09:42:29.375    broker: <no Broker calls>
09:42:29.375    last error event: {"schema_version":1,"projection_version":1,"sequence":5,"event_id":"evt_e53e7f2b7a0d44508b7d7bf840643296","session_id":"b156fbd4-062c-4bb9-a930-af6d330c15b3","turn_id":"turn_50198a3dbbcc4ae1a6c81e0f02ac497a","type":"turn.failed","created_at":1790761348,"data":
09:42:29.376 == history of the completed Session after a Spring restart (the Harness keeps running)
09:42:32.943    health=200
09:42:33.041    GET session=200 events=200 (7 events) turns=200 (completed)
09:42:33.108    public next input on the completed G0 Session: 409 workspace_unavailable
09:42:33.109 S6-DONE
