   2546 C1 LEGACY broker SIGKILL, then worker SIGKILL pid=159 stat=absent
   3372 C1 LEGACY attempt 1 warm -> ok=false status=503 code=runtime_broker_runtime_lost retryable=true in 477 ms
   3430 C1 LEGACY   binding id=9fc0f36c-448f-4859-abf2-a53a9df081c9 gen=1 state=LOST lease=http://127.0.0.1:43229/ lossEvidence=JOURNAL_LOST stopEvidence=null newWorkers=0
   3627 C1 LEGACY attempt 2 warm -> ok=false status=503 code=runtime_broker_runtime_lost retryable=true in 196 ms
   3649 C1 LEGACY   binding id=9fc0f36c-448f-4859-abf2-a53a9df081c9 gen=1 state=LOST lease=http://127.0.0.1:43229/ lossEvidence=JOURNAL_LOST stopEvidence=null newWorkers=0
   5788 C1 MANAGED broker SIGKILL, then worker SIGKILL pid=359 stat=absent
   6511 C1 MANAGED attempt 1 warm -> ok=false status=503 code=runtime_broker_runtime_lost retryable=true in 429 ms
   6534 C1 MANAGED   binding id=64edfc78-5306-4f99-bd02-5e6b028fa62d gen=1 state=LOST lease=http://127.0.0.1:43607/ lossEvidence=JOURNAL_LOST stopEvidence=null newWorkers=0
   6684 C1 MANAGED attempt 2 warm -> ok=false status=503 code=runtime_broker_runtime_lost retryable=true in 150 ms
   6699 C1 MANAGED   binding id=64edfc78-5306-4f99-bd02-5e6b028fa62d gen=1 state=LOST lease=http://127.0.0.1:43607/ lossEvidence=JOURNAL_LOST stopEvidence=null newWorkers=0
   7931 P1 LEGACY held attest; binding id=38cccfdc-289c-4888-bf1c-d5b6f501393c gen=1 state=PROVISIONING lease=null lossEvidence=null stopEvidence=null
   9594 P1 LEGACY broker SIGKILL, worker SIGKILL pid=574 stat=absent
  12674 P1 LEGACY attempt 1 warm -> ok=false status=409 code=runtime_broker_recovery_blocked retryable=false in 272 ms
  12692 P1 LEGACY   binding id=38cccfdc-289c-4888-bf1c-d5b6f501393c gen=1 state=RECOVERY_BLOCKED lease=null lossEvidence=null stopEvidence=null newWorkers=0
  12818 P1 LEGACY attempt 2 warm -> ok=false status=409 code=runtime_broker_resource_conflict retryable=false in 125 ms
  12834 P1 LEGACY   binding id=38cccfdc-289c-4888-bf1c-d5b6f501393c gen=1 state=RECOVERY_BLOCKED lease=null lossEvidence=null stopEvidence=null newWorkers=0
  12934 P1 LEGACY attempt 3 warm -> ok=false status=409 code=runtime_broker_resource_conflict retryable=false in 97 ms
  12949 P1 LEGACY   binding id=38cccfdc-289c-4888-bf1c-d5b6f501393c gen=1 state=RECOVERY_BLOCKED lease=null lossEvidence=null stopEvidence=null newWorkers=0
  13025 P1 LEGACY attempt 4 warm -> ok=false status=409 code=runtime_broker_resource_conflict retryable=false in 75 ms
  13043 P1 LEGACY   binding id=38cccfdc-289c-4888-bf1c-d5b6f501393c gen=1 state=RECOVERY_BLOCKED lease=null lossEvidence=null stopEvidence=null newWorkers=0
  13045 P1 LEGACY durable dir mode=rwx------
  13046 P1 LEGACY   f02b9adff30f….json mode=rw------- size=445
  13049 P1 LEGACY     state=RETIRED pid=574 started=ticks:17274404 endpoint=
  13051 P1 LEGACY     handle={"resourceId":"f02b9adff30fab8297ce7a308d58882f3fe88b22fe2a0f55cea043edc7db167b","hostId":"6a7c4b8a14b0d66d11808bc2e4892b13","bootId":"08fabd5c-2347-4e29-a451-bff6bedd9aac","pidNamespace":"pid:[4026532515]","timeNamespace":"time:[4026532575]","identityDigest":"b85e8b7bdbd70973e981a8486c24bfaf1b9236266a827e0bac13389b1d53646e"}
  13052 P1 LEGACY   f02b9adff30f….lock mode=rw------- size=0
  13052 P1 LEGACY   f02b9adff30f….ready mode=rw------- size=240
  14296 P1 MANAGED held attest; binding id=d57f62e6-2da6-4853-94af-13a929a3524b gen=1 state=PROVISIONING lease=null lossEvidence=null stopEvidence=null
  15963 P1 MANAGED broker SIGKILL, worker SIGKILL pid=761 stat=absent
  18998 P1 MANAGED attempt 1 warm -> ok=false status=409 code=runtime_broker_recovery_blocked retryable=false in 208 ms
  19012 P1 MANAGED   binding id=d57f62e6-2da6-4853-94af-13a929a3524b gen=1 state=RECOVERY_BLOCKED lease=null lossEvidence=null stopEvidence=null newWorkers=0
  19121 P1 MANAGED attempt 2 warm -> ok=false status=409 code=runtime_broker_resource_conflict retryable=false in 108 ms
  19136 P1 MANAGED   binding id=d57f62e6-2da6-4853-94af-13a929a3524b gen=1 state=RECOVERY_BLOCKED lease=null lossEvidence=null stopEvidence=null newWorkers=0
  19239 P1 MANAGED attempt 3 warm -> ok=false status=409 code=runtime_broker_resource_conflict retryable=false in 101 ms
  19253 P1 MANAGED   binding id=d57f62e6-2da6-4853-94af-13a929a3524b gen=1 state=RECOVERY_BLOCKED lease=null lossEvidence=null stopEvidence=null newWorkers=0
  19345 P1 MANAGED attempt 4 warm -> ok=false status=409 code=runtime_broker_resource_conflict retryable=false in 91 ms
  19362 P1 MANAGED   binding id=d57f62e6-2da6-4853-94af-13a929a3524b gen=1 state=RECOVERY_BLOCKED lease=null lossEvidence=null stopEvidence=null newWorkers=0
  19363 P1 MANAGED durable dir mode=rwx------
  19363 P1 MANAGED   56581df40f9c….json mode=rw------- size=445
  19364 P1 MANAGED     state=RETIRED pid=761 started=ticks:17275045 endpoint=
  19364 P1 MANAGED     handle={"resourceId":"56581df40f9c1e69031e93611881bf0609cd146b5f17dbae454ab2e2ff34e489","hostId":"6a7c4b8a14b0d66d11808bc2e4892b13","bootId":"08fabd5c-2347-4e29-a451-bff6bedd9aac","pidNamespace":"pid:[4026532515]","timeNamespace":"time:[4026532575]","identityDigest":"3f330e4bf016e8416ecde13f41a3b8d51780dbc4f99147860f9ad8666630bc3b"}
  19364 P1 MANAGED   56581df40f9c….lock mode=rw------- size=0
  19364 P1 MANAGED   56581df40f9c….ready mode=rw------- size=277
  20969 P1b LEGACY first warm -> status=503 code=managed_runtime_unavailable retryable=true
  20989 P1b LEGACY   binding id=bb39f262-1889-492b-9ad2-d9bc7dbd3a8f gen=1 state=PROVISIONING lease=null lossEvidence=null stopEvidence=null
  21085 P1b LEGACY attempt 2 warm -> ok=false status=409 code=runtime_broker_recovery_blocked retryable=false in 94 ms
  21099 P1b LEGACY   binding id=bb39f262-1889-492b-9ad2-d9bc7dbd3a8f gen=1 state=RECOVERY_BLOCKED lease=null lossEvidence=null stopEvidence=null liveWorkers=0
  21195 P1b LEGACY attempt 3 warm -> ok=false status=409 code=runtime_broker_resource_conflict retryable=false in 95 ms
  21211 P1b LEGACY   binding id=bb39f262-1889-492b-9ad2-d9bc7dbd3a8f gen=1 state=RECOVERY_BLOCKED lease=null lossEvidence=null stopEvidence=null liveWorkers=0
  21295 P1b LEGACY attempt 4 warm -> ok=false status=409 code=runtime_broker_resource_conflict retryable=false in 83 ms
  21308 P1b LEGACY   binding id=bb39f262-1889-492b-9ad2-d9bc7dbd3a8f gen=1 state=RECOVERY_BLOCKED lease=null lossEvidence=null stopEvidence=null liveWorkers=0
  22905 P1b MANAGED first warm -> status=409 code=runtime_broker_recovery_blocked retryable=false
  22918 P1b MANAGED   binding id=6b698642-220e-4bc8-be54-1f9701ff78e6 gen=1 state=RECOVERY_BLOCKED lease=null lossEvidence=null stopEvidence=null
  22996 P1b MANAGED attempt 2 warm -> ok=false status=409 code=runtime_broker_resource_conflict retryable=false in 77 ms
  23010 P1b MANAGED   binding id=6b698642-220e-4bc8-be54-1f9701ff78e6 gen=1 state=RECOVERY_BLOCKED lease=null lossEvidence=null stopEvidence=null liveWorkers=0
  23086 P1b MANAGED attempt 3 warm -> ok=false status=409 code=runtime_broker_resource_conflict retryable=false in 75 ms
  23102 P1b MANAGED   binding id=6b698642-220e-4bc8-be54-1f9701ff78e6 gen=1 state=RECOVERY_BLOCKED lease=null lossEvidence=null stopEvidence=null liveWorkers=0
  23179 P1b MANAGED attempt 4 warm -> ok=false status=409 code=runtime_broker_resource_conflict retryable=false in 76 ms
  23194 P1b MANAGED   binding id=6b698642-220e-4bc8-be54-1f9701ff78e6 gen=1 state=RECOVERY_BLOCKED lease=null lossEvidence=null stopEvidence=null liveWorkers=0
