   3360 C1 LEGACY broker SIGKILL, then worker SIGKILL pid=158 stat=absent
   4516 C1 LEGACY attempt 1 warm -> ok=false status=503 code=runtime_broker_runtime_lost retryable=true in 765 ms
   4583 C1 LEGACY   binding id=7cdd5498-a89a-459d-a562-3eb55bb7de8e gen=1 state=LOST lease=http://127.0.0.1:42811/ lossEvidence=JOURNAL_LOST stopEvidence=null newWorkers=0
   4824 C1 LEGACY attempt 2 warm -> ok=false status=503 code=runtime_broker_runtime_lost retryable=true in 240 ms
   4848 C1 LEGACY   binding id=7cdd5498-a89a-459d-a562-3eb55bb7de8e gen=1 state=LOST lease=http://127.0.0.1:42811/ lossEvidence=JOURNAL_LOST stopEvidence=null newWorkers=0
   7188 C1 MANAGED broker SIGKILL, then worker SIGKILL pid=358 stat=absent
   7956 C1 MANAGED attempt 1 warm -> ok=false status=503 code=runtime_broker_runtime_lost retryable=true in 448 ms
   7988 C1 MANAGED   binding id=0870e787-2bce-4e83-908a-6f7315c11f87 gen=1 state=LOST lease=http://127.0.0.1:35449/ lossEvidence=JOURNAL_LOST stopEvidence=null newWorkers=0
   8145 C1 MANAGED attempt 2 warm -> ok=false status=503 code=runtime_broker_runtime_lost retryable=true in 156 ms
   8169 C1 MANAGED   binding id=0870e787-2bce-4e83-908a-6f7315c11f87 gen=1 state=LOST lease=http://127.0.0.1:35449/ lossEvidence=JOURNAL_LOST stopEvidence=null newWorkers=0
   9583 P1 LEGACY held attest; binding id=b32d1fe6-f270-46e3-94cf-751b9c5590bb gen=1 state=PROVISIONING lease=null lossEvidence=null stopEvidence=null
  11254 P1 LEGACY broker SIGKILL, worker SIGKILL pid=574 stat=absent
  11789 P1 LEGACY attempt 1 warm -> ok=false status=503 code=runtime_provisioning_in_progress retryable=true in 203 ms
  11814 P1 LEGACY   binding id=b32d1fe6-f270-46e3-94cf-751b9c5590bb gen=1 state=PROVISIONING lease=null lossEvidence=null stopEvidence=null newWorkers=0
  11867 P1 LEGACY attempt 2 warm -> ok=false status=503 code=runtime_provisioning_in_progress retryable=true in 52 ms
  11881 P1 LEGACY   binding id=b32d1fe6-f270-46e3-94cf-751b9c5590bb gen=1 state=PROVISIONING lease=null lossEvidence=null stopEvidence=null newWorkers=0
  11942 P1 LEGACY attempt 3 warm -> ok=false status=503 code=runtime_provisioning_in_progress retryable=true in 60 ms
  11966 P1 LEGACY   binding id=b32d1fe6-f270-46e3-94cf-751b9c5590bb gen=1 state=PROVISIONING lease=null lossEvidence=null stopEvidence=null newWorkers=0
  12024 P1 LEGACY attempt 4 warm -> ok=false status=503 code=runtime_provisioning_in_progress retryable=true in 57 ms
  12048 P1 LEGACY   binding id=b32d1fe6-f270-46e3-94cf-751b9c5590bb gen=1 state=PROVISIONING lease=null lossEvidence=null stopEvidence=null newWorkers=0
  12049 P1 LEGACY durable dir mode=rwx------
  12052 P1 LEGACY   4bcb15b09ae1….json mode=rw------- size=448
  12054 P1 LEGACY     state=REGISTERED pid=574 started=ticks:17051084 endpoint=
  12054 P1 LEGACY     handle.value=null
  12055 P1 LEGACY   4bcb15b09ae1….lock mode=rw------- size=0
  12057 P1 LEGACY   4bcb15b09ae1….ready mode=rw------- size=240
  13419 P1 MANAGED held attest; binding id=f19fc0f9-ffd4-4741-aac5-bdf9c4dbbe74 gen=1 state=PROVISIONING lease=null lossEvidence=null stopEvidence=null
  15114 P1 MANAGED broker SIGKILL, worker SIGKILL pid=710 stat=absent
  15714 P1 MANAGED attempt 1 warm -> ok=false status=409 code=runtime_broker_recovery_blocked retryable=false in 255 ms
  15730 P1 MANAGED   binding id=f19fc0f9-ffd4-4741-aac5-bdf9c4dbbe74 gen=1 state=RECOVERY_BLOCKED lease=null lossEvidence=null stopEvidence=null newWorkers=0
  23839 P1 MANAGED attempt 2 warm -> ok=false status=503 code=runtime_broker_reconcile_timeout retryable=true in 8108 ms
  23862 P1 MANAGED   binding id=f19fc0f9-ffd4-4741-aac5-bdf9c4dbbe74 gen=1 state=RECOVERY_BLOCKED lease=null lossEvidence=null stopEvidence=null newWorkers=0
  31974 P1 MANAGED attempt 3 warm -> ok=false status=503 code=runtime_broker_reconcile_timeout retryable=true in 8111 ms
  31992 P1 MANAGED   binding id=f19fc0f9-ffd4-4741-aac5-bdf9c4dbbe74 gen=1 state=RECOVERY_BLOCKED lease=null lossEvidence=null stopEvidence=null newWorkers=0
  40073 P1 MANAGED attempt 4 warm -> ok=false status=503 code=runtime_broker_reconcile_timeout retryable=true in 8079 ms
  40097 P1 MANAGED   binding id=f19fc0f9-ffd4-4741-aac5-bdf9c4dbbe74 gen=1 state=RECOVERY_BLOCKED lease=null lossEvidence=null stopEvidence=null newWorkers=0
  40097 P1 MANAGED durable dir mode=rwx------
  40098 P1 MANAGED   bda447c0a2e1….json mode=rw------- size=445
  40099 P1 MANAGED     state=RETIRED pid=710 started=ticks:17051470 endpoint=
  40099 P1 MANAGED     handle.value=null
  40099 P1 MANAGED   bda447c0a2e1….lock mode=rw------- size=0
  40100 P1 MANAGED   bda447c0a2e1….ready mode=rw------- size=277
  40534 R1 LEGACY os.name=Linux machine-id=6a7c4b8a14b0d66d11808bc2e4892b13 boot_id=08fabd5c-2347-4e29-a451-bff6bedd9aac pid:[4026532515] time:[4026532575]
  42492 R1 LEGACY worker pid=1121 state=S ppid=1084 starttime=17054323 cwd=/tmp/runtime-broker-fault-gate12384981321820122930 stdout=/tmp/runtime-broker-fault-gate12384981321820122930/durable/839c8ff77a1d1ce072dfdb804374ca07357b7eedae86485f9e1130f63f1bef3d.ready
  42496 R1 LEGACY durable dir mode=rwx------
  42498 R1 LEGACY   839c8ff77a1d….json mode=rw------- size=467
  42499 R1 LEGACY     state=READY pid=1121 started=ticks:17054323 endpoint=http://127.0.0.1:44089/
  42501 R1 LEGACY     handle.value=null
  42502 R1 LEGACY   839c8ff77a1d….lock mode=rw------- size=0
  42503 R1 LEGACY   839c8ff77a1d….ready mode=rw------- size=240
  42534 R1 LEGACY binding id=b4bd9c9a-7124-44aa-99a5-c83d1497d758 gen=1 state=READY lease=http://127.0.0.1:44089/ lossEvidence=null stopEvidence=null
  43167 R1 MANAGED os.name=Linux machine-id=6a7c4b8a14b0d66d11808bc2e4892b13 boot_id=08fabd5c-2347-4e29-a451-bff6bedd9aac pid:[4026532515] time:[4026532575]
  45734 R1 MANAGED worker pid=1239 state=S ppid=1202 starttime=17054609 cwd=/tmp/runtime-broker-fault-gate349453829522280618 stdout=/tmp/runtime-broker-fault-gate349453829522280618/durable/44d2a940c5ff97c6bce5ff4ee8b46da9dd8f951fbacd70e7fd6bdacb5af35a62.ready
  45740 R1 MANAGED durable dir mode=rwx------
  45746 R1 MANAGED   44d2a940c5ff….json mode=rw------- size=467
  45748 R1 MANAGED     state=READY pid=1239 started=ticks:17054609 endpoint=http://127.0.0.1:37483/
  45754 R1 MANAGED     handle.value=null
  45758 R1 MANAGED   44d2a940c5ff….lock mode=rw------- size=0
  45761 R1 MANAGED   44d2a940c5ff….ready mode=rw------- size=277
  45810 R1 MANAGED binding id=9a7986d6-c548-43a0-9780-ba472dc9cd51 gen=1 state=READY lease=http://127.0.0.1:37483/ lossEvidence=null stopEvidence=null
  48229 P1b LEGACY first warm -> status=503 code=managed_runtime_unavailable retryable=true
  48241 P1b LEGACY   binding id=3b859a9e-d582-4567-ac19-d746700aeb76 gen=1 state=PROVISIONING lease=null lossEvidence=null stopEvidence=null
  48392 P1b LEGACY attempt 2 warm -> ok=false status=409 code=runtime_broker_recovery_blocked retryable=false in 150 ms
  48411 P1b LEGACY   binding id=3b859a9e-d582-4567-ac19-d746700aeb76 gen=1 state=RECOVERY_BLOCKED lease=null lossEvidence=null stopEvidence=null liveWorkers=0
  56496 P1b LEGACY attempt 3 warm -> ok=false status=503 code=runtime_broker_reconcile_timeout retryable=true in 8083 ms
  56519 P1b LEGACY   binding id=3b859a9e-d582-4567-ac19-d746700aeb76 gen=1 state=RECOVERY_BLOCKED lease=null lossEvidence=null stopEvidence=null liveWorkers=0
  64613 P1b LEGACY attempt 4 warm -> ok=false status=503 code=runtime_broker_reconcile_timeout retryable=true in 8093 ms
  64658 P1b LEGACY   binding id=3b859a9e-d582-4567-ac19-d746700aeb76 gen=1 state=RECOVERY_BLOCKED lease=null lossEvidence=null stopEvidence=null liveWorkers=0
  66796 P1b MANAGED first warm -> status=409 code=runtime_broker_recovery_blocked retryable=false
  66829 P1b MANAGED   binding id=fdac5d3e-43cf-40a0-9f1e-f58dd95e794a gen=1 state=RECOVERY_BLOCKED lease=null lossEvidence=null stopEvidence=null
  74983 P1b MANAGED attempt 2 warm -> ok=false status=503 code=runtime_broker_reconcile_timeout retryable=true in 8153 ms
  75031 P1b MANAGED   binding id=fdac5d3e-43cf-40a0-9f1e-f58dd95e794a gen=1 state=RECOVERY_BLOCKED lease=null lossEvidence=null stopEvidence=null liveWorkers=0
  83156 P1b MANAGED attempt 3 warm -> ok=false status=503 code=runtime_broker_reconcile_timeout retryable=true in 8123 ms
  83190 P1b MANAGED   binding id=fdac5d3e-43cf-40a0-9f1e-f58dd95e794a gen=1 state=RECOVERY_BLOCKED lease=null lossEvidence=null stopEvidence=null liveWorkers=0
  91286 P1b MANAGED attempt 4 warm -> ok=false status=503 code=runtime_broker_reconcile_timeout retryable=true in 8095 ms
  91311 P1b MANAGED   binding id=fdac5d3e-43cf-40a0-9f1e-f58dd95e794a gen=1 state=RECOVERY_BLOCKED lease=null lossEvidence=null stopEvidence=null liveWorkers=0
