
 RUN  v3.2.7 /Users/wenshao/pr13138-rig/wt-r2/packages/cli
      Coverage enabled with v8

 ❯ src/serve/workspace-recovery-bundle.cand.test.ts (15 tests | 3 failed | 10 skipped) 48ms
   ↓ local offline recovery bundle > streams the complete copied tree with unusual names and internal relative links
   × local offline recovery bundle > refuses a extra candidate difference 18ms
     → expected [Function] to throw error including 'snapshot_source_mismatch' but got 'source_drift'
   × local offline recovery bundle > refuses a missing candidate difference 5ms
     → expected [Function] to throw error including 'snapshot_source_mismatch' but got 'ENOENT: no such file or directory, ls…'
   ✓ local offline recovery bundle > refuses a bytes candidate difference 4ms
   ✓ local offline recovery bundle > refuses a mode candidate difference 4ms
   × local offline recovery bundle > sweeps only its own interrupted temporaries before the census 17ms
     → undeclared_bundle_entry
   ↓ local offline recovery bundle > rejects absolute entries before sealing
   ↓ local offline recovery bundle > rejects escape entries before sealing
   ↓ local offline recovery bundle > rejects loop entries before sealing
   ↓ local offline recovery bundle > rejects dangling entries before sealing
   ↓ local offline recovery bundle > rejects not-directory entries before sealing
   ↓ local offline recovery bundle > rejects hardlink entries before sealing
   ↓ local offline recovery bundle > pins every retained history backup and treats a missing referenced backup as corruption
   ↓ local offline recovery bundle > atomically reuses matching exports and refuses conflicting bytes without overwriting them
   ↓ local offline recovery bundle > verifies sealed files after source loss and rejects any undeclared artifact

⎯⎯⎯⎯⎯⎯⎯ Failed Tests 3 ⎯⎯⎯⎯⎯⎯⎯

 FAIL  src/serve/workspace-recovery-bundle.cand.test.ts > local offline recovery bundle > refuses a extra candidate difference
AssertionError: expected [Function] to throw error including 'snapshot_source_mismatch' but got 'source_drift'

Expected: [32m"s[7mnapshot_source_mismatch[27m"[39m
Received: [31m"s[7mource_drift[27m"[39m

 ❯ src/serve/workspace-recovery-bundle.cand.test.ts:116:7
    114|         await chmod(join(f.candidate, 'workspace', 'file'), 0o700);
    115|       // Neither side changed a pinned path: the copy is wrong, so the…
    116|       await expect(f.bundle.compareTree(f.source, 'workspace')).reject…
       |       ^
    117|         'snapshot_source_mismatch',
    118|       );

⎯⎯⎯⎯⎯⎯⎯⎯⎯⎯⎯⎯⎯⎯⎯⎯⎯⎯⎯⎯⎯⎯⎯⎯[1/3]⎯

 FAIL  src/serve/workspace-recovery-bundle.cand.test.ts > local offline recovery bundle > refuses a missing candidate difference
AssertionError: expected [Function] to throw error including 'snapshot_source_mismatch' but got 'ENOENT: no such file or directory, ls…'

Expected: [32m"snapshot_source_mismatch"[39m
Received: [31m"ENOENT: no such file or directory, lstat '/private/var/folders/cn/nhdg71c51tq27p1876r8r9rr0000gn/T/w1b-bundle-QGwNWm/candidate/workspace/file'"[39m

 ❯ src/serve/workspace-recovery-bundle.cand.test.ts:116:7
    114|         await chmod(join(f.candidate, 'workspace', 'file'), 0o700);
    115|       // Neither side changed a pinned path: the copy is wrong, so the…
    116|       await expect(f.bundle.compareTree(f.source, 'workspace')).reject…
       |       ^
    117|         'snapshot_source_mismatch',
    118|       );

⎯⎯⎯⎯⎯⎯⎯⎯⎯⎯⎯⎯⎯⎯⎯⎯⎯⎯⎯⎯⎯⎯⎯⎯[2/3]⎯

 FAIL  src/serve/workspace-recovery-bundle.cand.test.ts > local offline recovery bundle > sweeps only its own interrupted temporaries before the census
Error: undeclared_bundle_entry
 ❯ LocalRecoveryBundle.census src/serve/workspace-recovery-bundle.ts:651:19
    649|             !metadata.isFile()
    650|           )
    651|             throw new Error('undeclared_bundle_entry');
       |                   ^
    652|         }
    653|         continue;
 ❯ src/serve/workspace-recovery-bundle.cand.test.ts:135:12

⎯⎯⎯⎯⎯⎯⎯⎯⎯⎯⎯⎯⎯⎯⎯⎯⎯⎯⎯⎯⎯⎯⎯⎯[3/3]⎯


 Test Files  1 failed (1)
      Tests  3 failed | 2 passed | 10 skipped (15)
   Start at  07:53:17
   Duration  6.89s (transform 61ms, setup 195ms, collect 28ms, tests 48ms, environment 0ms, prepare 66ms)

JUNIT report written to /Users/wenshao/pr13138-rig/wt-r2/packages/cli/junit.xml
