11:21:51.583 machine_id=f03cd9a6530b4a84b59095456b085bfb boot_id=8430654b-7696-4e10-9988-dcba9d29f358 uptime=95s kernel=6.8.0-117-generic
11:21:51.602 arm: head-on | active=active health=200
11:21:53.034 file Session A 8180ae6b-1ebc-4d1e-9b6c-a188bbbaf831 create=200
11:21:54.124   maint register-a: exit=0 613 ms -> Workspace storage maintenance operation verified.
11:21:57.292    health=200 === 2026-09-30T11:21:54.185Z start pid=3004 boot_id=8430654b-7696-4e10-9988-dcba9d29f358 machine_id=f03cd9a6530b4a84b59095456b085bfb jar=head-server.jar dist=dist-head verified=true durable=true harness=false db=w1n_maria
11:21:57.782    A load=200
11:21:59.322 A turn 1 (before any change): admit=202 terminal=turn_complete(end_turn) recoveryBlocked=false 1513 ms text="Writing.DONE after 1 tool result(s): [{"type":"text","text":"Successfully created and wrote to new file: /srv/w1a/a/project/seed.txt."}]"
11:21:59.331    broker: runtimes:warm→200  tool-sessions:acquire→200  executions:prepare→200  executions/:id:start→200  executions/:id→200  tool-sessions/:id:release→200
11:21:59.345    worker pids: 3081
11:22:05.066 case 1 control: nothing changed
11:22:05.071    -> EXECUTED -> /srv/w1a/a/project/case1.txt
11:22:05.077    load=200 turn=turn_complete model+2 written=/srv/w1a/a/project/case1.txt | GET session=200 events=200
11:22:05.077    inspect: state=ready revision=1 operation=null completed=1bc38950-3e47-4f53-9a1f-8484268a7748 holder=false identity=match marker=match registration=valid
11:22:08.643    health=200
11:22:10.110    original dev=64769 ino=788592; replacement dev=64769 ino=788720
11:22:15.042 case 2 root replaced at the same pathname (mv a a.prev; mkdir a/project)
11:22:15.048    -> REFUSED (turn_error; runtimes:warm→409(workspace_unavailable))
11:22:15.055    load=200 turn=turn_error model+1 written=nowhere | GET session=200 events=200
11:22:15.056    inspect: state=ready revision=1 operation=null completed=1bc38950-3e47-4f53-9a1f-8484268a7748 holder=false identity=mismatch marker=unavailable registration=valid
11:22:18.627    health=200
11:22:25.174 case 3 replacement root with the marker copied into it
11:22:25.188    -> REFUSED (turn_error; runtimes:warm→409(workspace_unavailable))
11:22:25.193    load=200 turn=turn_error model+1 written=nowhere | GET session=200 events=200
11:22:25.205    inspect: state=ready revision=1 operation=null completed=1bc38950-3e47-4f53-9a1f-8484268a7748 holder=false identity=mismatch marker=match registration=valid
11:22:28.557    health=200
11:22:36.030 case 4 original root back in place (control after the two replacements)
11:22:36.031    -> EXECUTED -> /srv/w1a/a/project/case4.txt
11:22:36.031    load=200 turn=turn_complete model+2 written=/srv/w1a/a/project/case4.txt | GET session=200 events=200
11:22:36.031    inspect: state=ready revision=1 operation=null completed=1bc38950-3e47-4f53-9a1f-8484268a7748 holder=false identity=match marker=match registration=valid
11:22:39.626    health=200
11:22:47.283 case 5 marker removed from the original root
11:22:47.284    -> REFUSED (turn_error; runtimes:warm→409(workspace_unavailable))
11:22:47.284    load=200 turn=turn_error model+1 written=nowhere | GET session=200 events=200
11:22:47.285    inspect: state=ready revision=1 operation=null completed=1bc38950-3e47-4f53-9a1f-8484268a7748 holder=false identity=match marker=unavailable registration=valid
11:22:50.884    health=200
11:22:58.155 case 6 marker registrationId edited
11:22:58.156    -> REFUSED (turn_error; runtimes:warm→409(workspace_unavailable))
11:22:58.157    load=200 turn=turn_error model+1 written=nowhere | GET session=200 events=200
11:22:58.157    inspect: state=ready revision=1 operation=null completed=1bc38950-3e47-4f53-9a1f-8484268a7748 holder=false identity=match marker=mismatch registration=valid
11:23:01.743    health=200
11:23:09.214 case 7 marker re-serialized (pretty-printed, same values)
11:23:09.214    -> EXECUTED -> /srv/w1a/a/project/case7.txt
11:23:09.215    load=200 turn=turn_complete model+2 written=/srv/w1a/a/project/case7.txt | GET session=200 events=200
11:23:09.215    inspect: state=ready revision=1 operation=null completed=1bc38950-3e47-4f53-9a1f-8484268a7748 holder=false identity=match marker=match registration=valid
11:23:12.847    health=200
11:23:20.009 case 8 marker replaced by a symlink to an identical copy
11:23:20.009    -> REFUSED (turn_error; runtimes:warm→409(workspace_unavailable))
11:23:20.010    load=200 turn=turn_error model+1 written=nowhere | GET session=200 events=200
11:23:20.010    inspect: state=ready revision=1 operation=null completed=1bc38950-3e47-4f53-9a1f-8484268a7748 holder=false identity=match marker=unavailable registration=valid
11:23:23.631    health=200
11:23:31.054 case 9 saved cwd missing (mv project project.bak)
11:23:31.055    -> REFUSED (turn_error; runtimes:warm→409(workspace_unavailable))
11:23:31.056    load=200 turn=turn_error model+1 written=nowhere | GET session=200 events=200
11:23:31.056    inspect: state=ready revision=1 operation=null completed=1bc38950-3e47-4f53-9a1f-8484268a7748 holder=false identity=match marker=match registration=valid
11:23:34.621    health=200
11:23:42.060 case 10 saved cwd replaced by a symlink to another directory
11:23:42.064    -> REFUSED (turn_error; runtimes:warm→409(workspace_unavailable))
11:23:42.064    load=200 turn=turn_error model+1 written=nowhere | GET session=200 events=200
11:23:42.064    inspect: state=ready revision=1 operation=null completed=1bc38950-3e47-4f53-9a1f-8484268a7748 holder=false identity=match marker=match registration=valid
11:23:45.698    health=200
11:23:51.101 case 11 root replaced by a symlink to the moved original (mv a a.real; ln -s a.real a)
11:23:51.102    -> server did not start
11:23:51.102    	at java.base/java.lang.reflect.Method.invoke(Method.java:580) ~[na:na] / 	at org.springframework.beans.factory.support.SimpleInstantiationStrategy.lambda$instantiate$0(SimpleInstantiationStrategy.java:172) ~[spring-beans-6.2.19.jar!/:6.2.19] / 	... 71 common frames omitted
11:23:51.102    inspect: state=ready revision=1 operation=null completed=1bc38950-3e47-4f53-9a1f-8484268a7748 holder=false identity=mismatch marker=match registration=valid
11:23:54.272    health=200
11:23:56.699   maint fence-a-rev1: exit=0 509 ms -> Workspace storage maintenance operation verified.
11:23:56.731    row: row state=FENCED rev=1 op=fd642653 completed=- dev=64769 ino=788592 reg=c162bf6b holder=-
11:24:02.420 case 12 storage fenced offline (fence <rev 1> <op>)
11:24:02.425    -> REFUSED (turn_error; runtimes:warm→409(workspace_unavailable))
11:24:02.425    load=200 turn=turn_error model+1 written=nowhere | GET session=200 events=200
11:24:02.425    inspect: state=fenced revision=1 operation=fd642653-e377-4fc1-981b-68542504bb15 completed=null holder=false identity=match marker=match registration=valid
11:24:03.322   maint fence-a-rev1-retry: exit=0 465 ms -> Workspace storage maintenance operation verified.
11:24:03.794   maint fence-a-other-op-while-fenced: exit=1 466 ms -> REFUSED: Workspace execution authority is unavailable.
11:24:04.292   maint restore-a-other-op: exit=1 493 ms -> REFUSED: Workspace execution authority is unavailable.
11:24:04.800   maint restore-a-wrong-rev: exit=1 498 ms -> REFUSED: Workspace execution authority is unavailable.
11:24:05.308   maint restore-a: exit=0 507 ms -> Workspace storage maintenance operation verified.
11:24:05.343    row: row state=READY rev=2 op=- completed=fd642653 dev=64769 ino=788592 reg=c162bf6b holder=-
11:24:05.872   maint restore-a-retry: exit=0 527 ms -> Workspace storage maintenance operation verified.
11:24:05.916    row after the retry: row state=READY rev=2 op=- completed=fd642653 dev=64769 ino=788592 reg=c162bf6b holder=-
11:24:06.485   maint delayed-old-fence-rev1: exit=1 566 ms -> REFUSED: Workspace execution authority is unavailable.
11:24:06.583    row after the delayed fence: row state=READY rev=2 op=- completed=fd642653 dev=64769 ino=788592 reg=c162bf6b holder=-
11:24:09.734    health=200
11:24:17.897 case 13 after restore-original (revision 2)
11:24:17.903    -> EXECUTED -> /srv/w1a/a/project/case13.txt
11:24:17.903    load=200 turn=turn_complete model+2 written=/srv/w1a/a/project/case13.txt | GET session=200 events=200
11:24:17.904    inspect: state=ready revision=2 operation=null completed=fd642653-e377-4fc1-981b-68542504bb15 holder=false identity=match marker=match registration=valid
11:24:21.494    health=200
11:24:23.964 == summary
11:24:23.969    1 ok  control: nothing changed -> EXECUTED -> /srv/w1a/a/project/case1.txt
11:24:23.969    2 ok  root replaced at the same pathname (mv a a.prev; mkdir a/project) -> REFUSED (turn_error; runtimes:warm→409(workspace_unavailable))
11:24:23.970    3 ok  replacement root with the marker copied into it -> REFUSED (turn_error; runtimes:warm→409(workspace_unavailable))
11:24:23.971    4 ok  original root back in place (control after the two replacements) -> EXECUTED -> /srv/w1a/a/project/case4.txt
11:24:23.971    5 ok  marker removed from the original root -> REFUSED (turn_error; runtimes:warm→409(workspace_unavailable))
11:24:23.976    6 ok  marker registrationId edited -> REFUSED (turn_error; runtimes:warm→409(workspace_unavailable))
11:24:23.977    7 ok  marker re-serialized (pretty-printed, same values) -> EXECUTED -> /srv/w1a/a/project/case7.txt
11:24:23.977    8 ok  marker replaced by a symlink to an identical copy -> REFUSED (turn_error; runtimes:warm→409(workspace_unavailable))
11:24:23.983    9 ok  saved cwd missing (mv project project.bak) -> REFUSED (turn_error; runtimes:warm→409(workspace_unavailable))
11:24:23.984   10 ok  saved cwd replaced by a symlink to another directory -> REFUSED (turn_error; runtimes:warm→409(workspace_unavailable))
11:24:23.985   11 ok  root replaced by a symlink to the moved original (mv a a.real; ln -s a.real a) -> server did not start
11:24:23.985   12 ok  storage fenced offline (fence <rev 1> <op>) -> REFUSED (turn_error; runtimes:warm→409(workspace_unavailable))
11:24:23.986   13 ok  after restore-original (revision 2) -> EXECUTED -> /srv/w1a/a/project/case13.txt
11:24:23.989    files under a/project: case1.txt case13.txt case4.txt case7.txt seed.txt
11:24:24.121 S2-DONE
