10:21:55.436 machine_id=f03cd9a6530b4a84b59095456b085bfb boot_id=2acfa6ec-f195-4860-bf3d-ed0678afd735 uptime=7490s kernel=6.8.0-117-generic
10:21:55.454 arm: head-on | active=active health=200 DB=w1n_s2c JAR=head-server.jar DIST=dist-head VERIFIED=true DURABLE=true TRUSTED=false HARNESS=false STORAGES="a b c d" ROOTBASE=/srv/w1a EXTRA= DBPORT=3306 DBPASS=rootpw DBCONT=w0e3-db
10:21:56.528 Session A create=200
10:21:57.542   maint register-a: exit=0 572 ms -> Workspace storage maintenance operation verified.
10:22:00.700    health=200
10:22:01.462    A load=200
10:22:03.140 A turn 1: admit=202 terminal=turn_complete(end_turn) recoveryBlocked=false 1633 
10:22:03.141    broker: runtimes:warm→200  tool-sessions:acquire→200  executions:prepare→200  executions/:id:start→200  executions/:id→200  tool-sessions/:id:release→200
10:22:03.177    holder=none mount_state=READY
10:22:03.605 == root replaced while stopped: original dev=64769 ino=788592 -> replacement dev=64769 ino=791935
10:22:08.831    health=200
10:22:09.961 existing Session A: load=200
10:22:10.536    A tool Turn: admit=202 terminal=turn_error after 547 ms; status={"sessionId":"d93393a1-129e-4241-a22b-1ea62e59f54b","hasActivePrompt":false,"recoveryBlocked":false}
10:22:10.537    broker: runtimes:warm→409(workspace_unavailable)
10:22:10.575    after-a.txt written: nowhere; holder=none mount_state=READY; model calls +1
10:22:10.755 new Session N on the same Workspace: create=200
10:22:11.000    N tool Turn (write): admit=202 terminal=turn_error {"sessionId":"85cfc70c-6def-4f54-9101-d58a121f9cad","promptId":"fd5a39b4-d935-43
10:22:11.001    broker: runtimes:warm→409(workspace_unavailable)
10:22:11.002    new.txt written: nowhere
10:22:11.244    N tool Turn (read seed.txt): admit=202 terminal=turn_error {"sessionId":"85cfc70c-6def-4f54-9101-d58a121f9cad","promptId":"27e0b673-392a-4215-ad7e-d623e0d93e28","code":"hosted_turn_failed","message":"Hosted Harness turn failed."} recoveryBlocked=false 215 ms
10:22:11.245    broker: runtimes:warm→409(workspace_unavailable)
10:22:11.287    holder=none mount_state=READY
10:22:11.287 == undo: service stopped, original root moved back, service started
10:22:16.023    health=200
10:22:17.267 existing Session A after the original root is back: load=200 
10:22:18.393    A tool Turn: admit=202 terminal=turn_complete(end_turn) recoveryBlocked=false 1091 ms text="Writing.DONE after 1 tool resul
10:22:18.394    broker: runtimes:warm→200  tool-sessions:acquire→200  executions:prepare→200  executions/:id:start→200  executions/:id→200  tool-sessions/:id:release→200
10:22:18.430    holder=none mount_state=READY; files in the original: back.txt seed.txt; files left in the replacement: <none>
10:22:18.533 S2C-DONE
