# s1-basic  db=r3s  2026-10-04T16:42:09.279Z
PASS  create bound Session 202/201  -> status=202 id=f37720af-d1dd-4e3e-a83d-6a037ede479c
PASS  initial G0 Turn completes in child/  -> {"status":"COMPLETED","error":"","ms":2368}
PASS  binding before = (child, rev 1)  -> {"cwd":"child","rev":1,"version":15,"status":"ACTIVE"}
NOTE  public Session read before (workspace field)  -> {"workspace_id":"ws-a","cwd_relative":"child","context_revision":1,"state":"ready"}
PASS  public POST /cwd → 202 pending, normalized target  -> 202 {"id":"op_347eb399fc2e4a5dbb71f7b37344b6fc","session_id":"f37720af-d1dd-4e3e-a83d-6a037ede479c","type":"cwd_change","status":"pending","expected_context_revision":1,"target_cwd_relative":"child2","replayed":false}
PASS  operation completes with result_context_revision=2  -> 116 ms {"id":"op_347eb399fc2e4a5dbb71f7b37344b6fc","session_id":"f37720af-d1dd-4e3e-a83d-6a037ede479c","type":"cwd_change","status":"completed","expected_context_revision":1,"target_cwd_relative":"child2","result_context_revision":2,"replayed":false}
PASS  DB binding after = (child2, rev 2)  -> {"cwd":"child2","rev":2,"version":17,"status":"ACTIVE"}
PASS  DB op row COMPLETED/CONFIRMED with receipt  -> {"state":"COMPLETED","delivery":"CONFIRMED","error":"","target":"child2","expected":"1","result":"2","attempts":0,"gen":1,"receipt":"rcpt_f445739893fb48339878daa6963e89f2"}
PASS  replay, other spelling child2/./ → 202 same id, replayed=true, completed  -> 202 {"id":"op_347eb399fc2e4a5dbb71f7b37344b6fc","session_id":"f37720af-d1dd-4e3e-a83d-6a037ede479c","type":"cwd_change","status":"completed","expected_context_revision":1,"target_cwd_relative":"child2","result_context_revision":2,"replayed":true}
PASS  replay ./child2 → same op  -> 202 op_347eb399fc2e4a5dbb71f7b37344b6fc
PASS  same key, different target → 409 idempotency_conflict  -> 409 {"error":{"code":"idempotency_conflict","message":"The idempotency key was reused with different content.","request_id":"915cb306-d695-40ff-8c44-8fb3b619ed55"}}
PASS  same key, different expected revision → 409 idempotency_conflict  -> 409 {"error":{"code":"idempotency_conflict","message":"The idempotency key was reused with different content.","request_id":"f1729007-bffa-452d-a170-a97be204d747"}}
PASS  fresh key, stale expected revision 1 → 409 context_revision_conflict  -> 409 {"error":{"code":"context_revision_conflict","message":"The Session context revision has changed.","request_id":"265f46e5-16c5-42dd-b82e-a0663878b223"}}
PASS  WebShell POST /sessions/cwd/change → 202 pending, camelCase  -> 202 {"operationId":"op_a4bb7b0239344200bc45ac0546a29038","sessionId":"f37720af-d1dd-4e3e-a83d-6a037ede479c","type":"cwd_change","status":"pending","expectedContextRevision":2,"targetCwdRelative":"child3/deep","replayed":false}
PASS  WebShell echoes client request id header  -> x-request-id=rig-req-s1
PASS  WebShell operation completes with resultContextRevision=3  -> 12 ms {"operationId":"op_a4bb7b0239344200bc45ac0546a29038","sessionId":"f37720af-d1dd-4e3e-a83d-6a037ede479c","type":"cwd_change","status":"completed","expectedContextRevision":2,"targetCwdRelative":"child3/deep","resultContextRevision":3,"replayed":false}
PASS  WebShell replay (other spelling) → same op, replayed=true  -> 202 {"operationId":"op_a4bb7b0239344200bc45ac0546a29038","sessionId":"f37720af-d1dd-4e3e-a83d-6a037ede479c","type":"cwd_change","status":"completed","expectedContextRevision":2,"targetCwdRelative":"child3/deep","resultContextRevision":3,"replayed":true}
PASS  cross-surface read: public GET of WebShell op returns cwd shape  -> {"id":"op_a4bb7b0239344200bc45ac0546a29038","session_id":"f37720af-d1dd-4e3e-a83d-6a037ede479c","type":"cwd_change","status":"completed","expected_context_revision":2,"target_cwd_relative":"child3/deep","result_context_revision":3,"replayed":false}
PASS  cross-surface read: WebShell query of public op returns cwd shape  -> {"operationId":"op_347eb399fc2e4a5dbb71f7b37344b6fc","sessionId":"f37720af-d1dd-4e3e-a83d-6a037ede479c","type":"cwd_change","status":"completed","expectedContextRevision":1,"targetCwdRelative":"child2","resultContextRevision":2,"replayed":false}
PASS  DB binding after = (child3/deep, rev 3)  -> {"cwd":"child3/deep","rev":3,"version":19,"status":"ACTIVE"}
PASS  exactly two session.context.changed rows (one per completed change)  -> [{"seq":9,"data":{"workspaceId":"ws-a","cwdRelative":"child2","sessionId":"f37720af-d1dd-4e3e-a83d-6a037ede479c","operationId":"op_347eb399fc2e4a5dbb71f7b37344b6fc","contextRevision":2},"source":"operation:op_347eb399fc2e4a5dbb71f7b37344b6fc:completed"},{"seq":10,"data":{"workspaceId":"ws-a","cwdRelative":"child3/deep","sessionId":"f37720af-d1dd-4e3e-a83d-6a037ede479c","operationId":"op_a4bb7b0239344200bc45ac0546a29038","contextRevision":3},"source":"operation:op_a4bb7b0239344200bc45ac0546a29038:completed"}]
PASS  event data = {sessionId, operationId, workspaceId, cwdRelative, contextRevision}  -> [{"workspaceId":"ws-a","cwdRelative":"child2","sessionId":"f37720af-d1dd-4e3e-a83d-6a037ede479c","operationId":"op_347eb399fc2e4a5dbb71f7b37344b6fc","contextRevision":2},{"workspaceId":"ws-a","cwdRelative":"child3/deep","sessionId":"f37720af-d1dd-4e3e-a83d-6a037ede479c","operationId":"op_a4bb7b0239344200bc45ac0546a29038","contextRevision":3}]
PASS  public events read lists both context events  -> [{"schema_version":1,"projection_version":1,"sequence":9,"event_id":"evt_5c1680014445478f91d09fe165867f7f","session_id":"f37720af-d1dd-4e3e-a83d-6a037ede479c","type":"session.context.changed","created_at":1791132132,"data":{"workspaceId":"ws-a","cwdRelative":"child2","sessionId":"f37720af-d1dd-4e3e-a83d-6a037ede479c","operationId":"op_347eb399fc2e4a5dbb71f7b37344b6fc","contextRevision":2},"terminal":false},{"schema_version":1,"projection_version":1,"sequence":10,"event_id":"evt_b38fb49134a443c1991a8c5c640433a2","session_id":"f37720af-d1dd-4e3e-a83d-6a037ede479c","type":"session.context.changed
PASS  live public SSE delivered both context events once each  -> status=200 total=10 ctx=2 [{"ev":"session.context.changed","data":{"schema_version":1,"projection_version":1,"sequence":9,"event_id":"evt_5c1680014445478f91d09fe165867f7f","session_id":"f37720af-d1dd-4e3e-a83d-6a037ede479c","type":"session.context.changed","created_at":1791132132,"data":{"workspaceId":"ws-a","cwdRelative":"child2","sessionId":"f37720af-d1dd-4e3e-a83d-6a037ede479c","operationId":"op_347eb399fc2e4a5dbb71f7b3
PASS  live WebShell SSE delivered both context events once each  -> status=200 total=10 ctx=2 [{"ev":"session.context.changed","data":{"schemaVersion":1,"projectionVersion":1,"sequence":9,"eventId":"evt_5c1680014445478f91d09fe165867f7f","sessionId":"f37720af-d1dd-4e3e-a83d-6a037ede479c","type":"session.context.changed","createdAt":1791132132770,"data":{"workspaceId":"ws-a","cwdRelative":"child2","sessionId":"f37720af-d1dd-4e3e-a83d-6a037ede479c","operationId":"op_347eb399fc2e4a5dbb71f7b373
NOTE  public Session read after (workspace field)  -> {"workspace_id":"ws-a","cwd_relative":"child3/deep","context_revision":3,"state":"ready"}
== s1-basic: 24 passed, 0 failed
