== passthrough
{"pid":66575,"first":["serve","--profile","hosted-harness"],"hosted":false,"dropped":[]}
{"pid":66576,"first":["managed-runtime-worker"],"hosted":false,"dropped":[]}
{"pid":66578,"first":["managed-runtime-worker"],"hosted":false,"dropped":[]}
{"pid":66579,"first":["serve","--profile","hosted-harness"],"hosted":false,"dropped":[]}
{"pid":66580,"first":["managed-runtime-worker"],"hosted":false,"dropped":[]}
{"pid":66582,"first":["managed-runtime-worker"],"hosted":false,"dropped":[]}
== no-broker
{"pid":66611,"first":["serve","--profile","hosted-harness"],"hosted":true,"dropped":["--managed-runtime-broker-url","--managed-runtime-broker-token"]}
{"pid":66612,"first":["managed-runtime-worker"],"hosted":false,"dropped":[]}
{"pid":66613,"first":["serve","--profile","hosted-harness"],"hosted":true,"dropped":["--managed-runtime-broker-url","--managed-runtime-broker-token"]}
{"pid":66614,"first":["managed-runtime-worker"],"hosted":false,"dropped":[]}
== passthrough
{"pid":67005,"first":["serve","--profile","hosted-harness"],"hosted":false,"dropped":[]}
{"pid":67039,"first":["managed-runtime-worker"],"hosted":false,"dropped":[]}
{"pid":67044,"first":["managed-runtime-worker"],"hosted":false,"dropped":[]}
{"pid":67045,"first":["serve","--profile","hosted-harness"],"hosted":false,"dropped":[]}
{"pid":67046,"first":["managed-runtime-worker"],"hosted":false,"dropped":[]}
{"pid":67048,"first":["managed-runtime-worker"],"hosted":false,"dropped":[]}
== no-broker
{"pid":67086,"first":["serve","--profile","hosted-harness"],"hosted":true,"dropped":["--managed-runtime-broker-url","--managed-runtime-broker-token"]}
{"pid":67088,"first":["managed-runtime-worker"],"hosted":false,"dropped":[]}
{"pid":67089,"first":["serve","--profile","hosted-harness"],"hosted":true,"dropped":["--managed-runtime-broker-url","--managed-runtime-broker-token"]}
{"pid":67090,"first":["managed-runtime-worker"],"hosted":false,"dropped":[]}
