[SHELL_1] admit=202 terminal=turn_complete(end_turn) recoveryBlocked=false 1051ms
[SHELL_1 broker] POST /runtimes:warm -> 200
[SHELL_1 broker] POST /tool-sessions:acquire -> 200
[SHELL_1 broker] POST /tool-sessions/d77b9052:publisher -> 200
[SHELL_1 broker] POST /executions:prepare -> 200 state=prepared
[SHELL_1 broker] POST /executions/c0bcab61:start -> 200 state=executing
[SHELL_1 broker] GET /executions/c0bcab61 -> 200 state=executing
[SHELL_1 broker] GET /executions/c0bcab61 -> 200 state=executing
[SHELL_1 broker] GET /executions/c0bcab61 -> 200 state=settled
[SHELL_1 broker] POST /executions/c0bcab61:acknowledge -> 200 state=settled
[SHELL_1 broker] POST /tool-sessions/d77b9052:release -> 200
[reload] detach + load -> 200
[SHELL_2] admit=202 terminal=turn_complete(end_turn) recoveryBlocked=false 331ms
[SHELL_2 broker] POST /runtimes:warm -> 200
[SHELL_2 broker] POST /tool-sessions:acquire -> 200
[SHELL_2 broker] POST /tool-sessions/ea6ae995:publisher -> 200
[SHELL_2 broker] POST /executions:prepare -> 200 state=prepared
[SHELL_2 broker] POST /executions/7493ef85:start -> 200 state=executing
[SHELL_2 broker] GET /executions/7493ef85 -> 200 state=executing
[SHELL_2 broker] GET /executions/7493ef85 -> 200 state=settled
[SHELL_2 broker] POST /executions/7493ef85:acknowledge -> 200 state=settled
[SHELL_2 broker] POST /tool-sessions/ea6ae995:release -> 200
[harness] []
[fs] trace.txt="shell-1\nshell-2\n"
