[SHELL_1] admit=202 terminal=turn_complete(end_turn) recoveryBlocked=false 817ms
[SHELL_1 broker] POST /runtimes:warm -> 200
[SHELL_1 broker] POST /tool-sessions:acquire -> 200
[SHELL_1 broker] POST /tool-sessions/20d06116:publisher -> 200
[SHELL_1 broker] POST /executions:prepare -> 200 state=prepared
[SHELL_1 broker] POST /executions/7e3b07e4:start -> 200 state=executing
[SHELL_1 broker] GET /executions/7e3b07e4 -> 200 state=executing
[SHELL_1 broker] GET /executions/7e3b07e4 -> 200 state=executing
[SHELL_1 broker] GET /executions/7e3b07e4 -> 200 state=settled
[SHELL_1 broker] POST /executions/7e3b07e4:acknowledge -> 200 state=settled
[SHELL_1 broker] POST /tool-sessions/20d06116:release -> 200
[crash] Harness SIGKILLed without detach; new Harness load -> 200 after 60382 ms
[SHELL_2] admit=202 terminal=turn_complete(end_turn) recoveryBlocked=false 528ms
[SHELL_2 broker] POST /runtimes:warm -> 200
[SHELL_2 broker] POST /tool-sessions:acquire -> 200
[SHELL_2 broker] POST /tool-sessions/b476401c:publisher -> 200
[SHELL_2 broker] POST /executions:prepare -> 200 state=prepared
[SHELL_2 broker] POST /executions/83ac03f1:start -> 200 state=executing
[SHELL_2 broker] GET /executions/83ac03f1 -> 200 state=executing
[SHELL_2 broker] GET /executions/83ac03f1 -> 200 state=settled
[SHELL_2 broker] POST /executions/83ac03f1:acknowledge -> 200 state=settled
[SHELL_2 broker] POST /tool-sessions/b476401c:release -> 200
[SHELL_3] admit=202 terminal=turn_complete(end_turn) recoveryBlocked=false 448ms
[SHELL_3 broker] POST /runtimes:warm -> 200
[SHELL_3 broker] POST /tool-sessions:acquire -> 200
[SHELL_3 broker] POST /tool-sessions/df704bfc:publisher -> 200
[SHELL_3 broker] POST /executions:prepare -> 200 state=prepared
[SHELL_3 broker] POST /executions/7a65b72b:start -> 200 state=executing
[SHELL_3 broker] GET /executions/7a65b72b -> 200 state=executing
[SHELL_3 broker] GET /executions/7a65b72b -> 200 state=settled
[SHELL_3 broker] POST /executions/7a65b72b:acknowledge -> 200 state=settled
[SHELL_3 broker] POST /tool-sessions/df704bfc:release -> 200
[harness] []
[fs] trace.txt="shell-1\nshell-2\nshell-3\n"
