[SHELL_1] admit=202 terminal=turn_complete(end_turn) recoveryBlocked=false 813ms
[SHELL_1 broker] POST /runtimes:warm -> 200
[SHELL_1 broker] POST /tool-sessions:acquire -> 200
[SHELL_1 broker] POST /tool-sessions/22ab860f:publisher -> 200
[SHELL_1 broker] POST /executions:prepare -> 200 state=prepared
[SHELL_1 broker] POST /executions/4a3f9a92:start -> 200 state=executing
[SHELL_1 broker] GET /executions/4a3f9a92 -> 200 state=executing
[SHELL_1 broker] GET /executions/4a3f9a92 -> 200 state=executing
[SHELL_1 broker] GET /executions/4a3f9a92 -> 200 state=settled
[SHELL_1 broker] POST /executions/4a3f9a92:acknowledge -> 200 state=settled
[SHELL_1 broker] POST /tool-sessions/22ab860f:release -> 200
[reload] detach + load -> 200
[SHELL_2] admit=202 terminal=turn_complete(end_turn) recoveryBlocked=false 339ms
[SHELL_2 broker] POST /runtimes:warm -> 200
[SHELL_2 broker] POST /tool-sessions:acquire -> 200
[SHELL_2 broker] POST /tool-sessions/7979ac03:publisher -> 200
[SHELL_2 broker] POST /executions:prepare -> 200 state=prepared
[SHELL_2 broker] POST /executions/1775f604:start -> 200 state=executing
[SHELL_2 broker] GET /executions/1775f604 -> 200 state=executing
[SHELL_2 broker] GET /executions/1775f604 -> 200 state=settled
[SHELL_2 broker] POST /executions/1775f604:acknowledge -> 200 state=settled
[SHELL_2 broker] POST /tool-sessions/7979ac03:release -> 200
[harness] []
[fs] trace.txt="shell-1\nshell-2\n"
