   2805 P3b LEGACY durable spawn-failure attempt 1 warm -> ok=false status=409 code=runtime_broker_recovery_blocked retryable=false in 576 ms
   2904 P3b LEGACY durable   binding id=32529bbb-9cbf-4bed-b4ed-ed3652642f56 gen=1 state=RECOVERY_BLOCKED lease=null lossEvidence=null stopEvidence=null
   2905 P3b LEGACY durable after spawn failure durable dir mode=rwx------
   2909 P3b LEGACY durable after spawn failure   64da2d125d68….json mode=rw------- size=431
   2912 P3b LEGACY durable after spawn failure     state=LAUNCHING pid=0 started= endpoint=
   2915 P3b LEGACY durable after spawn failure     handle={"resourceId":"64da2d125d68028ebab1082378782fff069fbea272a76fa497f961366b4b0c0a","hostId":"6a7c4b8a14b0d66d11808bc2e4892b13","bootId":"08fabd5c-2347-4e29-a451-bff6bedd9aac","pidNamespace":"pid:[4026532380]","timeNamespace":"time:[4026532443]","identityDigest":"77ec155f13510f39740c10c2d61834d27322b43064a0ad222680ea51061ed248"}
   2916 P3b LEGACY durable after spawn failure   64da2d125d68….lock mode=rw------- size=0
   2918 P3b LEGACY durable after spawn failure   64da2d125d68….ready mode=rw------- size=0
   6449 P3b LEGACY durable fixed attempt 1 warm -> ok=false status=409 code=runtime_broker_resource_conflict retryable=false in 250 ms
   6483 P3b LEGACY durable   binding id=32529bbb-9cbf-4bed-b4ed-ed3652642f56 gen=1 state=RECOVERY_BLOCKED lease=null lossEvidence=null stopEvidence=null liveWorkers=0
   9196 P3b LEGACY durable fixed attempt 2 warm -> ok=false status=409 code=runtime_broker_resource_conflict retryable=false in 198 ms
   9227 P3b LEGACY durable   binding id=32529bbb-9cbf-4bed-b4ed-ed3652642f56 gen=1 state=RECOVERY_BLOCKED lease=null lossEvidence=null stopEvidence=null liveWorkers=0
  13751 P3b MANAGED durable spawn-failure attempt 1 warm -> ok=false status=409 code=runtime_broker_recovery_blocked retryable=false in 294 ms
  13791 P3b MANAGED durable   binding id=5c0eff17-1466-482c-895a-4766cc4565f8 gen=1 state=RECOVERY_BLOCKED lease=null lossEvidence=null stopEvidence=null
  13792 P3b MANAGED durable after spawn failure durable dir mode=rwx------
  13793 P3b MANAGED durable after spawn failure   22e8fcde647f….json mode=rw------- size=431
  13793 P3b MANAGED durable after spawn failure     state=LAUNCHING pid=0 started= endpoint=
  13794 P3b MANAGED durable after spawn failure     handle={"resourceId":"22e8fcde647f79585d1f8d706eb73c63d4d9b09ab2401e2c7d0ca95ba16f1512","hostId":"6a7c4b8a14b0d66d11808bc2e4892b13","bootId":"08fabd5c-2347-4e29-a451-bff6bedd9aac","pidNamespace":"pid:[4026532380]","timeNamespace":"time:[4026532443]","identityDigest":"774e91f61014a85e8accf40e1393b210abe4b879620bcbcec82d811f64e1c8a0"}
  13794 P3b MANAGED durable after spawn failure   22e8fcde647f….lock mode=rw------- size=0
  13795 P3b MANAGED durable after spawn failure   22e8fcde647f….ready mode=rw------- size=0
  17347 P3b MANAGED durable fixed attempt 1 warm -> ok=false status=409 code=runtime_broker_resource_conflict retryable=false in 288 ms
  17409 P3b MANAGED durable   binding id=5c0eff17-1466-482c-895a-4766cc4565f8 gen=1 state=RECOVERY_BLOCKED lease=null lossEvidence=null stopEvidence=null liveWorkers=0
  20122 P3b MANAGED durable fixed attempt 2 warm -> ok=false status=409 code=runtime_broker_resource_conflict retryable=false in 206 ms
  20153 P3b MANAGED durable   binding id=5c0eff17-1466-482c-895a-4766cc4565f8 gen=1 state=RECOVERY_BLOCKED lease=null lossEvidence=null stopEvidence=null liveWorkers=0
  24557 P3 LEGACY ephemeral misconfigured attempt 1 warm -> ok=false status=503 code=runtime_provision_failed retryable=true in 244 ms
  24575 P3 LEGACY ephemeral   binding id=a84d6298-d1b4-4e42-b8d6-459912859f9a gen=1 state=PROVISIONING lease=null lossEvidence=null stopEvidence=null
  27235 P3 LEGACY ephemeral misconfigured attempt 2 warm -> ok=false status=503 code=runtime_provision_failed retryable=true in 157 ms
  27264 P3 LEGACY ephemeral   binding id=a84d6298-d1b4-4e42-b8d6-459912859f9a gen=1 state=PROVISIONING lease=null lossEvidence=null stopEvidence=null
  34026 P3 LEGACY ephemeral fixed attempt 1 warm -> ok=true status=0 code=null retryable=false in 921 ms
  34050 P3 LEGACY ephemeral   binding id=a84d6298-d1b4-4e42-b8d6-459912859f9a gen=1 state=READY lease=http://127.0.0.1:40909/ lossEvidence=null stopEvidence=null liveWorkers=1
  36629 P3 LEGACY ephemeral fixed attempt 2 warm -> ok=true status=0 code=null retryable=false in 71 ms
  36654 P3 LEGACY ephemeral   binding id=a84d6298-d1b4-4e42-b8d6-459912859f9a gen=1 state=READY lease=http://127.0.0.1:40909/ lossEvidence=null stopEvidence=null liveWorkers=1
  39211 P3 LEGACY ephemeral fixed attempt 3 warm -> ok=true status=0 code=null retryable=false in 51 ms
  39239 P3 LEGACY ephemeral   binding id=a84d6298-d1b4-4e42-b8d6-459912859f9a gen=1 state=READY lease=http://127.0.0.1:40909/ lossEvidence=null stopEvidence=null liveWorkers=1
  43752 P3 LEGACY durable misconfigured attempt 1 warm -> ok=false status=409 code=runtime_broker_recovery_blocked retryable=false in 364 ms
  43770 P3 LEGACY durable   binding id=b55e87b7-b1e4-46b8-8772-bb875080119b gen=1 state=RECOVERY_BLOCKED lease=null lossEvidence=null stopEvidence=null
  46417 P3 LEGACY durable misconfigured attempt 2 warm -> ok=false status=409 code=runtime_broker_resource_conflict retryable=false in 145 ms
  46441 P3 LEGACY durable   binding id=b55e87b7-b1e4-46b8-8772-bb875080119b gen=1 state=RECOVERY_BLOCKED lease=null lossEvidence=null stopEvidence=null
  52610 P3 LEGACY durable fixed attempt 1 warm -> ok=false status=409 code=runtime_broker_resource_conflict retryable=false in 257 ms
  52628 P3 LEGACY durable   binding id=b55e87b7-b1e4-46b8-8772-bb875080119b gen=1 state=RECOVERY_BLOCKED lease=null lossEvidence=null stopEvidence=null liveWorkers=0
  55306 P3 LEGACY durable fixed attempt 2 warm -> ok=false status=409 code=runtime_broker_resource_conflict retryable=false in 169 ms
  55327 P3 LEGACY durable   binding id=b55e87b7-b1e4-46b8-8772-bb875080119b gen=1 state=RECOVERY_BLOCKED lease=null lossEvidence=null stopEvidence=null liveWorkers=0
  57955 P3 LEGACY durable fixed attempt 3 warm -> ok=false status=409 code=runtime_broker_resource_conflict retryable=false in 120 ms
  57977 P3 LEGACY durable   binding id=b55e87b7-b1e4-46b8-8772-bb875080119b gen=1 state=RECOVERY_BLOCKED lease=null lossEvidence=null stopEvidence=null liveWorkers=0
  60487 P3 LEGACY durable durable dir mode=rwx------
  60489 P3 LEGACY durable   03a3c47d569f….json mode=rw------- size=445
  60493 P3 LEGACY durable     state=RETIRED pid=674 started=ticks:26157460 endpoint=
  60494 P3 LEGACY durable     handle={"resourceId":"03a3c47d569fa5e172b4fe22ce33e00241d4b6c170b29f17ea75b6387949ed14","hostId":"6a7c4b8a14b0d66d11808bc2e4892b13","bootId":"08fabd5c-2347-4e29-a451-bff6bedd9aac","pidNamespace":"pid:[4026532380]","timeNamespace":"time:[4026532443]","identityDigest":"3886609375059d24bb8d4f0906609ae50e34f6eab1349731db06e0215c4845a7"}
  60495 P3 LEGACY durable   03a3c47d569f….lock mode=rw------- size=0
  60496 P3 LEGACY durable   03a3c47d569f….ready mode=rw------- size=0
  62703 P3 MANAGED ephemeral misconfigured attempt 1 warm -> ok=false status=503 code=runtime_provision_failed retryable=false in 420 ms
  62749 P3 MANAGED ephemeral   binding id=bc87f947-659d-4138-aa4e-a789be43a56a gen=1 state=RECOVERY_BLOCKED lease=null lossEvidence=null stopEvidence=null
  65419 P3 MANAGED ephemeral misconfigured attempt 2 warm -> ok=false status=409 code=runtime_broker_recovery_blocked retryable=false in 167 ms
  65535 P3 MANAGED ephemeral   binding id=bc87f947-659d-4138-aa4e-a789be43a56a gen=1 state=RECOVERY_BLOCKED lease=null lossEvidence=null stopEvidence=null
  71480 P3 MANAGED ephemeral fixed attempt 1 warm -> ok=false status=409 code=runtime_broker_recovery_blocked retryable=false in 208 ms
  71552 P3 MANAGED ephemeral   binding id=bc87f947-659d-4138-aa4e-a789be43a56a gen=1 state=RECOVERY_BLOCKED lease=null lossEvidence=null stopEvidence=null liveWorkers=0
  74247 P3 MANAGED ephemeral fixed attempt 2 warm -> ok=false status=409 code=runtime_broker_recovery_blocked retryable=false in 184 ms
  74353 P3 MANAGED ephemeral   binding id=bc87f947-659d-4138-aa4e-a789be43a56a gen=1 state=RECOVERY_BLOCKED lease=null lossEvidence=null stopEvidence=null liveWorkers=0
  76979 P3 MANAGED ephemeral fixed attempt 3 warm -> ok=false status=409 code=runtime_broker_recovery_blocked retryable=false in 121 ms
  77061 P3 MANAGED ephemeral   binding id=bc87f947-659d-4138-aa4e-a789be43a56a gen=1 state=RECOVERY_BLOCKED lease=null lossEvidence=null stopEvidence=null liveWorkers=0
  81551 P3 MANAGED durable misconfigured attempt 1 warm -> ok=false status=409 code=runtime_broker_recovery_blocked retryable=false in 438 ms
  81646 P3 MANAGED durable   binding id=298484bb-63f2-48f6-9098-f5385a52da8d gen=1 state=RECOVERY_BLOCKED lease=null lossEvidence=null stopEvidence=null
  84276 P3 MANAGED durable misconfigured attempt 2 warm -> ok=false status=409 code=runtime_broker_resource_conflict retryable=false in 126 ms
  84300 P3 MANAGED durable   binding id=298484bb-63f2-48f6-9098-f5385a52da8d gen=1 state=RECOVERY_BLOCKED lease=null lossEvidence=null stopEvidence=null
  90320 P3 MANAGED durable fixed attempt 1 warm -> ok=false status=409 code=runtime_broker_resource_conflict retryable=false in 336 ms
  90384 P3 MANAGED durable   binding id=298484bb-63f2-48f6-9098-f5385a52da8d gen=1 state=RECOVERY_BLOCKED lease=null lossEvidence=null stopEvidence=null liveWorkers=0
  93102 P3 MANAGED durable fixed attempt 2 warm -> ok=false status=409 code=runtime_broker_resource_conflict retryable=false in 212 ms
  93123 P3 MANAGED durable   binding id=298484bb-63f2-48f6-9098-f5385a52da8d gen=1 state=RECOVERY_BLOCKED lease=null lossEvidence=null stopEvidence=null liveWorkers=0
  95852 P3 MANAGED durable fixed attempt 3 warm -> ok=false status=409 code=runtime_broker_resource_conflict retryable=false in 221 ms
  95882 P3 MANAGED durable   binding id=298484bb-63f2-48f6-9098-f5385a52da8d gen=1 state=RECOVERY_BLOCKED lease=null lossEvidence=null stopEvidence=null liveWorkers=0
  98389 P3 MANAGED durable durable dir mode=rwx------
  98399 P3 MANAGED durable   b27e279f33b9….json mode=rw------- size=431
  98427 P3 MANAGED durable     state=LAUNCHING pid=0 started= endpoint=
  98435 P3 MANAGED durable     handle={"resourceId":"b27e279f33b998c075c58b1a99696f000ed3fb33c737d3ef4fbf2ae76da02f16","hostId":"6a7c4b8a14b0d66d11808bc2e4892b13","bootId":"08fabd5c-2347-4e29-a451-bff6bedd9aac","pidNamespace":"pid:[4026532380]","timeNamespace":"time:[4026532443]","identityDigest":"91f662459ffab2d3a74034624881fb21a4cf0a09ea39c6020d9bdf979c86d2b6"}
  98458 P3 MANAGED durable   b27e279f33b9….lock mode=rw------- size=0
  98479 P3 MANAGED durable   b27e279f33b9….ready mode=rw------- size=0
 101575 C1 LEGACY broker SIGKILL, then worker SIGKILL pid=1194 stat=absent
 102992 C1 LEGACY attempt 1 warm -> ok=false status=503 code=runtime_broker_runtime_lost retryable=true in 937 ms
 103048 C1 LEGACY   binding id=01c5a747-8249-48cb-a8f6-c8bd02d714db gen=1 state=LOST lease=http://127.0.0.1:38295/ lossEvidence=JOURNAL_LOST stopEvidence=null newWorkers=0
 103385 C1 LEGACY attempt 2 warm -> ok=false status=503 code=runtime_broker_runtime_lost retryable=true in 336 ms
 103413 C1 LEGACY   binding id=01c5a747-8249-48cb-a8f6-c8bd02d714db gen=1 state=LOST lease=http://127.0.0.1:38295/ lossEvidence=JOURNAL_LOST stopEvidence=null newWorkers=0
 106588 C1 MANAGED broker SIGKILL, then worker SIGKILL pid=1397 stat=absent
 108923 C1 MANAGED attempt 1 warm -> ok=false status=503 code=runtime_broker_runtime_lost retryable=true in 1989 ms
 109103 C1 MANAGED   binding id=a29e98da-4aac-4d17-af84-141a23a4ca94 gen=1 state=LOST lease=http://127.0.0.1:38577/ lossEvidence=JOURNAL_LOST stopEvidence=null newWorkers=0
 110329 C1 MANAGED attempt 2 warm -> ok=false status=503 code=runtime_broker_runtime_lost retryable=true in 1220 ms
 110604 C1 MANAGED   binding id=a29e98da-4aac-4d17-af84-141a23a4ca94 gen=1 state=LOST lease=http://127.0.0.1:38577/ lossEvidence=JOURNAL_LOST stopEvidence=null newWorkers=0
 112151 P1 LEGACY held attest; binding id=e91880f3-4c85-41f6-84a2-5dfb610725eb gen=1 state=PROVISIONING lease=null lossEvidence=null stopEvidence=null
 113834 P1 LEGACY broker SIGKILL, worker SIGKILL pid=1607 stat=absent
 117356 P1 LEGACY attempt 1 warm -> ok=false status=409 code=runtime_broker_recovery_blocked retryable=false in 666 ms
 117482 P1 LEGACY   binding id=e91880f3-4c85-41f6-84a2-5dfb610725eb gen=1 state=RECOVERY_BLOCKED lease=null lossEvidence=null stopEvidence=null newWorkers=0
 118123 P1 LEGACY attempt 2 warm -> ok=false status=409 code=runtime_broker_resource_conflict retryable=false in 639 ms
 118209 P1 LEGACY   binding id=e91880f3-4c85-41f6-84a2-5dfb610725eb gen=1 state=RECOVERY_BLOCKED lease=null lossEvidence=null stopEvidence=null newWorkers=0
 118439 P1 LEGACY attempt 3 warm -> ok=false status=409 code=runtime_broker_resource_conflict retryable=false in 228 ms
 118527 P1 LEGACY   binding id=e91880f3-4c85-41f6-84a2-5dfb610725eb gen=1 state=RECOVERY_BLOCKED lease=null lossEvidence=null stopEvidence=null newWorkers=0
 118863 P1 LEGACY attempt 4 warm -> ok=false status=409 code=runtime_broker_resource_conflict retryable=false in 332 ms
 118947 P1 LEGACY   binding id=e91880f3-4c85-41f6-84a2-5dfb610725eb gen=1 state=RECOVERY_BLOCKED lease=null lossEvidence=null stopEvidence=null newWorkers=0
 118951 P1 LEGACY durable dir mode=rwx------
 118966 P1 LEGACY   166a2f0b7379….json mode=rw------- size=446
 118983 P1 LEGACY     state=RETIRED pid=1607 started=ticks:26164262 endpoint=
 118984 P1 LEGACY     handle={"resourceId":"166a2f0b7379b21756ac696aa570846ccff3b295ce746934c8087fa010cb00f7","hostId":"6a7c4b8a14b0d66d11808bc2e4892b13","bootId":"08fabd5c-2347-4e29-a451-bff6bedd9aac","pidNamespace":"pid:[4026532380]","timeNamespace":"time:[4026532443]","identityDigest":"68f18860f682321de011777f0c66fc48081cfb0aaaa887aa80c00b2082509565"}
 118991 P1 LEGACY   166a2f0b7379….lock mode=rw------- size=0
 119006 P1 LEGACY   166a2f0b7379….ready mode=rw------- size=240
 120477 P1 MANAGED held attest; binding id=9d88161a-6770-490b-9753-9f84455f4e29 gen=1 state=PROVISIONING lease=null lossEvidence=null stopEvidence=null
 122168 P1 MANAGED broker SIGKILL, worker SIGKILL pid=1794 stat=absent
 125324 P1 MANAGED attempt 1 warm -> ok=false status=409 code=runtime_broker_recovery_blocked retryable=false in 314 ms
 125378 P1 MANAGED   binding id=9d88161a-6770-490b-9753-9f84455f4e29 gen=1 state=RECOVERY_BLOCKED lease=null lossEvidence=null stopEvidence=null newWorkers=0
 125530 P1 MANAGED attempt 2 warm -> ok=false status=409 code=runtime_broker_resource_conflict retryable=false in 147 ms
 125570 P1 MANAGED   binding id=9d88161a-6770-490b-9753-9f84455f4e29 gen=1 state=RECOVERY_BLOCKED lease=null lossEvidence=null stopEvidence=null newWorkers=0
 125759 P1 MANAGED attempt 3 warm -> ok=false status=409 code=runtime_broker_resource_conflict retryable=false in 188 ms
 125779 P1 MANAGED   binding id=9d88161a-6770-490b-9753-9f84455f4e29 gen=1 state=RECOVERY_BLOCKED lease=null lossEvidence=null stopEvidence=null newWorkers=0
 125915 P1 MANAGED attempt 4 warm -> ok=false status=409 code=runtime_broker_resource_conflict retryable=false in 134 ms
 125935 P1 MANAGED   binding id=9d88161a-6770-490b-9753-9f84455f4e29 gen=1 state=RECOVERY_BLOCKED lease=null lossEvidence=null stopEvidence=null newWorkers=0
 125940 P1 MANAGED durable dir mode=rwx------
 125941 P1 MANAGED   5fb74c62760d….json mode=rw------- size=446
 125941 P1 MANAGED     state=RETIRED pid=1794 started=ticks:26165097 endpoint=
 125942 P1 MANAGED     handle={"resourceId":"5fb74c62760d9e97084c1de7a2d8979ccec22b793b575d3794a7658b1883f611","hostId":"6a7c4b8a14b0d66d11808bc2e4892b13","bootId":"08fabd5c-2347-4e29-a451-bff6bedd9aac","pidNamespace":"pid:[4026532380]","timeNamespace":"time:[4026532443]","identityDigest":"c9c6cdc190feeb968008b170d03d789efcd8e40f14b1b61af2d75162c931a9c8"}
 125942 P1 MANAGED   5fb74c62760d….lock mode=rw------- size=0
 125949 P1 MANAGED   5fb74c62760d….ready mode=rw------- size=277
 128062 Z2 LEGACY adopt warm -> ok=true status=0 code=null retryable=false in 295 ms
 128676 Z2 LEGACY adopted worker SIGKILL pid=1980 stat=absent
 128792 Z2 LEGACY attempt 1 warm -> ok=false status=503 code=runtime_provision_failed retryable=true in 114 ms
 128811 Z2 LEGACY   binding id=7796ae88-46cc-4a92-ba12-a826f5568611 gen=1 state=LOST lease=http://127.0.0.1:44587/ lossEvidence=null stopEvidence=null newWorkers=0
 128960 Z2 LEGACY attempt 2 warm -> ok=false status=503 code=runtime_broker_runtime_lost retryable=true in 147 ms
 128977 Z2 LEGACY   binding id=7796ae88-46cc-4a92-ba12-a826f5568611 gen=1 state=LOST lease=http://127.0.0.1:44587/ lossEvidence=JOURNAL_LOST stopEvidence=null newWorkers=0
 129124 Z2 LEGACY attempt 3 warm -> ok=false status=503 code=runtime_broker_runtime_lost retryable=true in 146 ms
 129143 Z2 LEGACY   binding id=7796ae88-46cc-4a92-ba12-a826f5568611 gen=1 state=LOST lease=http://127.0.0.1:44587/ lossEvidence=JOURNAL_LOST stopEvidence=null newWorkers=0
 132308 Z2 MANAGED adopt warm -> ok=true status=0 code=null retryable=false in 531 ms
 132917 Z2 MANAGED adopted worker SIGKILL pid=2211 stat=absent
 133151 Z2 MANAGED attempt 1 warm -> ok=false status=503 code=runtime_provision_failed retryable=true in 230 ms
 133194 Z2 MANAGED   binding id=b4341f39-c744-446e-9243-b0f497b360ad gen=1 state=LOST lease=http://127.0.0.1:37843/ lossEvidence=null stopEvidence=null newWorkers=0
 133397 Z2 MANAGED attempt 2 warm -> ok=false status=503 code=runtime_broker_runtime_lost retryable=true in 202 ms
 133415 Z2 MANAGED   binding id=b4341f39-c744-446e-9243-b0f497b360ad gen=1 state=LOST lease=http://127.0.0.1:37843/ lossEvidence=JOURNAL_LOST stopEvidence=null newWorkers=0
 133786 Z2 MANAGED attempt 3 warm -> ok=false status=503 code=runtime_broker_runtime_lost retryable=true in 367 ms
 133835 Z2 MANAGED   binding id=b4341f39-c744-446e-9243-b0f497b360ad gen=1 state=LOST lease=http://127.0.0.1:37843/ lossEvidence=JOURNAL_LOST stopEvidence=null newWorkers=0
 135893 P4 LEGACY ephemeral slot-1 boot failure warm -> status=503 code=managed_runtime_unavailable
 137315 P4 LEGACY ephemeral slot-1 attempt 2 warm -> ok=true status=0 code=null retryable=false in 1413 ms
 137639 P4 LEGACY ephemeral   slot-1 binding id=85a9d54a-3ed5-422e-8765-5542e2e4cb94 gen=1 state=READY lease=http://127.0.0.1:41183/ lossEvidence=null stopEvidence=null
 139486 P4 LEGACY ephemeral OTHER workspace-b, same tenant warm -> ok=true status=0 code=null retryable=false in 1371 ms
 139551 P4 LEGACY ephemeral   workspace-b binding state=READY lease=http://127.0.0.1:33935/
 142215 P4 LEGACY durable slot-1 boot failure warm -> status=503 code=managed_runtime_unavailable
 143292 P4 LEGACY durable slot-1 attempt 2 warm -> ok=false status=409 code=runtime_broker_recovery_blocked retryable=false in 1073 ms
 143575 P4 LEGACY durable   slot-1 binding id=4523bc91-f4d4-4ca1-8ff4-dbe641eef61a gen=1 state=RECOVERY_BLOCKED lease=null lossEvidence=null stopEvidence=null
 145973 P4 LEGACY durable OTHER workspace-b, same tenant warm -> ok=true status=0 code=null retryable=false in 2038 ms
 146252 P4 LEGACY durable   workspace-b binding state=READY lease=http://127.0.0.1:33567/
 148647 P4 MANAGED ephemeral slot-1 boot failure warm -> status=503 code=runtime_provision_failed
 148689 P4 MANAGED ephemeral slot-1 attempt 2 warm -> ok=false status=409 code=runtime_broker_recovery_blocked retryable=false in 39 ms
 148918 P4 MANAGED ephemeral   slot-1 binding id=b2c9e342-7414-4513-b61c-446ed7670a97 gen=1 state=RECOVERY_BLOCKED lease=null lossEvidence=null stopEvidence=null
 150371 P4 MANAGED ephemeral OTHER harness-2, same workspace warm -> ok=true status=0 code=null in 1444 ms
 150648 P4 MANAGED ephemeral   harness-2 binding state=READY lease=http://127.0.0.1:45283/
 152635 P4 MANAGED durable slot-1 boot failure warm -> status=409 code=runtime_broker_recovery_blocked
 153308 P4 MANAGED durable slot-1 attempt 2 warm -> ok=false status=409 code=runtime_broker_resource_conflict retryable=false in 666 ms
 153589 P4 MANAGED durable   slot-1 binding id=1daae658-3d2b-4ac9-afd8-e2275729dc53 gen=1 state=RECOVERY_BLOCKED lease=null lossEvidence=null stopEvidence=null
 154877 P4 MANAGED durable OTHER harness-2, same workspace warm -> ok=true status=0 code=null in 1277 ms
 154932 P4 MANAGED durable   harness-2 binding state=READY lease=http://127.0.0.1:40183/
 157100 T1 LEGACY adopt warm -> ok=true status=0 code=null retryable=false in 312 ms
 157142 T1 LEGACY   binding id=c26864c1-fed9-48e0-b3e4-2d84471817e8 gen=1 state=READY lease=http://127.0.0.1:45561/ lossEvidence=null stopEvidence=null
 157191 T1 LEGACY confirm with attest RESET warm -> ok=false status=503 code=managed_runtime_unavailable retryable=true in 49 ms
 157211 T1 LEGACY   binding id=c26864c1-fed9-48e0-b3e4-2d84471817e8 gen=1 state=READY lease=http://127.0.0.1:45561/ lossEvidence=null stopEvidence=null workerAlive=true
 157244 T1 LEGACY next warm warm -> ok=true status=0 code=null retryable=false in 30 ms
 157257 T1 LEGACY   binding id=c26864c1-fed9-48e0-b3e4-2d84471817e8 gen=1 state=READY lease=http://127.0.0.1:45561/ lossEvidence=null stopEvidence=null workerAlive=true newWorkers=0
 159476 T1 MANAGED adopt warm -> ok=true status=0 code=null retryable=false in 368 ms
 159534 T1 MANAGED   binding id=fb7c637b-4892-45d8-9894-a0e5c86fbf73 gen=1 state=READY lease=http://127.0.0.1:35247/ lossEvidence=null stopEvidence=null
 159606 T1 MANAGED confirm with attest RESET warm -> ok=false status=503 code=managed_runtime_unavailable retryable=true in 66 ms
 159647 T1 MANAGED   binding id=fb7c637b-4892-45d8-9894-a0e5c86fbf73 gen=1 state=READY lease=http://127.0.0.1:35247/ lossEvidence=null stopEvidence=null workerAlive=true
 159678 T1 MANAGED next warm warm -> ok=true status=0 code=null retryable=false in 30 ms
 159705 T1 MANAGED   binding id=fb7c637b-4892-45d8-9894-a0e5c86fbf73 gen=1 state=READY lease=http://127.0.0.1:35247/ lossEvidence=null stopEvidence=null workerAlive=true newWorkers=0
 161444 P1b LEGACY first warm -> status=503 code=managed_runtime_unavailable retryable=true
 161469 P1b LEGACY   binding id=71d382d8-289b-419b-ab94-221d91a0e717 gen=1 state=PROVISIONING lease=null lossEvidence=null stopEvidence=null
 161614 P1b LEGACY attempt 2 warm -> ok=false status=409 code=runtime_broker_recovery_blocked retryable=false in 144 ms
 161656 P1b LEGACY   binding id=71d382d8-289b-419b-ab94-221d91a0e717 gen=1 state=RECOVERY_BLOCKED lease=null lossEvidence=null stopEvidence=null liveWorkers=0
 161775 P1b LEGACY attempt 3 warm -> ok=false status=409 code=runtime_broker_resource_conflict retryable=false in 118 ms
 161804 P1b LEGACY   binding id=71d382d8-289b-419b-ab94-221d91a0e717 gen=1 state=RECOVERY_BLOCKED lease=null lossEvidence=null stopEvidence=null liveWorkers=0
 161932 P1b LEGACY attempt 4 warm -> ok=false status=409 code=runtime_broker_resource_conflict retryable=false in 120 ms
 161955 P1b LEGACY   binding id=71d382d8-289b-419b-ab94-221d91a0e717 gen=1 state=RECOVERY_BLOCKED lease=null lossEvidence=null stopEvidence=null liveWorkers=0
 163838 P1b MANAGED first warm -> status=409 code=runtime_broker_recovery_blocked retryable=false
 163851 P1b MANAGED   binding id=fbd75582-7472-4b9e-b36d-eaac71f09250 gen=1 state=RECOVERY_BLOCKED lease=null lossEvidence=null stopEvidence=null
 163923 P1b MANAGED attempt 2 warm -> ok=false status=409 code=runtime_broker_resource_conflict retryable=false in 71 ms
 163937 P1b MANAGED   binding id=fbd75582-7472-4b9e-b36d-eaac71f09250 gen=1 state=RECOVERY_BLOCKED lease=null lossEvidence=null stopEvidence=null liveWorkers=0
 164003 P1b MANAGED attempt 3 warm -> ok=false status=409 code=runtime_broker_resource_conflict retryable=false in 65 ms
 164014 P1b MANAGED   binding id=fbd75582-7472-4b9e-b36d-eaac71f09250 gen=1 state=RECOVERY_BLOCKED lease=null lossEvidence=null stopEvidence=null liveWorkers=0
 164082 P1b MANAGED attempt 4 warm -> ok=false status=409 code=runtime_broker_resource_conflict retryable=false in 66 ms
 164097 P1b MANAGED   binding id=fbd75582-7472-4b9e-b36d-eaac71f09250 gen=1 state=RECOVERY_BLOCKED lease=null lossEvidence=null stopEvidence=null liveWorkers=0
