# s3-symlink-head db=g1 arm=head 2026-10-02T14:36:15.028Z
[setup] arm=head profile=hosted-workspace-files/2 ws=ws-e root=/Users/wenshao/pr13166-rig/run/g1/roots/e
[create A] 200
[globLinkPath] ["glob",{"pattern":"*","path":"peek"}] -> admit=202 terminal=turn_complete(end_turn) recoveryBlocked=false 1538ms
[globLinkPath result] {"error":"Path 'peek' is not within the Session working directory.","executionStatus":"error","runtimeError":{"message":"Path 'peek' is not within the Session working directory."}}
[globLinkPath model saw] [{"type":"text","text":"Path 'peek' is not within the Session working directory."}]
[globLinkPath host path] durable record: false; model: false
[globLinkPattern] ["glob",{"pattern":"peek/**/*"}] -> admit=202 terminal=turn_complete(end_turn) recoveryBlocked=false 1102ms
[globLinkPattern result] {"error":"Glob results must stay within the Session working directory.","executionStatus":"error","runtimeError":{"message":"Glob results must stay within the Session working directory."}}
[globLinkPattern model saw] [{"type":"text","text":"Glob results must stay within the Session working directory."}]
[globLinkPattern host path] durable record: false; model: false
[globAll] ["glob",{"pattern":"**/*"}] -> admit=202 terminal=turn_complete(end_turn) recoveryBlocked=false 848ms
[globAll result] {"error":"Glob results must stay within the Session working directory.","executionStatus":"error","runtimeError":{"message":"Glob results must stay within the Session working directory."}}
[globAll model saw] [{"type":"text","text":"Glob results must stay within the Session working directory."}]
[globAll host path] durable record: false; model: false
[globStar] ["glob",{"pattern":"*"}] -> admit=202 terminal=turn_complete(end_turn) recoveryBlocked=false 979ms
[globStar result] {"error":"Glob results must stay within the Session working directory.","executionStatus":"error","runtimeError":{"message":"Glob results must stay within the Session working directory."}}
[globStar model saw] [{"type":"text","text":"Glob results must stay within the Session working directory."}]
[globStar host path] durable record: false; model: false
[globTs] ["glob",{"pattern":"**/*.ts"}] -> admit=202 terminal=turn_complete(end_turn) recoveryBlocked=false 1085ms
[globTs result] {"output":"Found 1 file(s) matching \"**/*.ts\" within ., sorted by modification time (newest first):\n---\nsrc/index.ts","executionStatus":"success"}
[globTs model saw] [{"type":"text","text":"Found 1 file(s) matching \"**/*.ts\" within ., sorted by modification time (newest first):\n---\nsrc/index.ts"}]
[globTs host path] durable record: false; model: false
[globSrc] ["glob",{"pattern":"**/*","path":"src"}] -> admit=202 terminal=turn_complete(end_turn) recoveryBlocked=false 1421ms
[globSrc result] {"output":"Found 1 file(s) matching \"**/*\" within src, sorted by modification time (newest first):\n---\nsrc/index.ts","executionStatus":"success"}
[globSrc model saw] [{"type":"text","text":"Found 1 file(s) matching \"**/*\" within src, sorted by modification time (newest first):\n---\nsrc/index.ts"}]
[globSrc host path] durable record: false; model: false
[readThrough] ["read_file",{"file_path":"peek/secret.txt"}] -> admit=202 terminal=turn_complete(end_turn) recoveryBlocked=false 1739ms
[readThrough result] {"error":"Path '/Users/wenshao/pr13166-rig/run/g1/roots/e/services/api/peek/secret.txt' is not within the Session working directory.","executionStatus":"error","runtimeError":{"message":"Path '/Users/wenshao/pr13166-rig/run/g1/roots/e/services/api/peek/secret.txt' is not within the Session working directory."}}
[readThrough model saw] [{"type":"text","text":"Path '/Users/wenshao/pr13166-rig/run/g1/roots/e/services/api/peek/secret.txt' is not within the Session working directory."}]
[readThrough host path] durable record: true; model: true
[editThrough] ["edit",{"file_path":"peek/secret.txt","old_string":"SIBLING_SECRET","new_string":"EDITED_BY_A"}] -> admit=202 terminal=turn_complete(end_turn) recoveryBlocked=false 1026ms
[editThrough result] {"error":"Hosted file history refused this batch's Write/Edit before execution: Hosted file history requires ordinary Workspace files."}
[editThrough model saw] [{"type":"text","text":"Hosted file history refused this batch's Write/Edit before execution: Hosted file history requires ordinary Workspace files."}]
[editThrough host path] durable record: false; model: false
[overwriteThrough] ["write_file",{"file_path":"peek/secret.txt","content":"OVERWRITTEN_BY_A\n"}] -> admit=202 terminal=turn_complete(end_turn) recoveryBlocked=false 1159ms
[overwriteThrough result] {"error":"Hosted file history refused this batch's Write/Edit before execution: Hosted file history requires ordinary Workspace files."}
[overwriteThrough model saw] [{"type":"text","text":"Hosted file history refused this batch's Write/Edit before execution: Hosted file history requires ordinary Workspace files."}]
[overwriteThrough host path] durable record: false; model: false
[createThrough] ["write_file",{"file_path":"peek/new-from-a.txt","content":"WRITTEN_BY_A\n"}] -> admit=202 terminal=turn_complete(end_turn) recoveryBlocked=false 1446ms
[createThrough result] {"error":"Hosted file history refused this batch's Write/Edit before execution: Hosted file history requires ordinary Workspace files."}
[createThrough model saw] [{"type":"text","text":"Hosted file history refused this batch's Write/Edit before execution: Hosted file history requires ordinary Workspace files."}]
[createThrough host path] durable record: false; model: false
[createDeepThrough] ["write_file",{"file_path":"peek/sub/deep.txt","content":"DEEP_BY_A\n"}] -> admit=202 terminal=turn_complete(end_turn) recoveryBlocked=false 1385ms
[createDeepThrough result] {"error":"Hosted file history refused this batch's Write/Edit before execution: Hosted file history requires ordinary Workspace files."}
[createDeepThrough model saw] [{"type":"text","text":"Hosted file history refused this batch's Write/Edit before execution: Hosted file history requires ordinary Workspace files."}]
[createDeepThrough host path] durable record: false; model: false
[danglingWrite] ["write_file",{"file_path":"dangling","content":"VIA_DANGLING_LINK\n"}] -> admit=202 terminal=turn_complete(end_turn) recoveryBlocked=false 1269ms
[danglingWrite result] {"error":"Hosted file history refused this batch's Write/Edit before execution: Hosted file history requires ordinary Workspace files."}
[danglingWrite model saw] [{"type":"text","text":"Hosted file history refused this batch's Write/Edit before execution: Hosted file history requires ordinary Workspace files."}]
[danglingWrite host path] durable record: false; model: false
[readOwn] ["read_file",{"file_path":"src/index.ts"}] -> admit=202 terminal=turn_complete(end_turn) recoveryBlocked=false 1596ms
[readOwn result] {"output":"export const api = 1;\n","executionStatus":"success"}
[readOwn model saw] [{"type":"text","text":"export const api = 1;\n"}]
[readOwn host path] durable record: false; model: false
[fs] web/secret.txt="SIBLING_SECRET" web/new-from-a.txt="<absent>" web/sub/deep.txt="<absent>" web/not-yet.txt="<absent>"
[status] {"sessionId":"379457a7-2536-4e62-8d7b-e5ce6889538f","hasActivePrompt":false,"recoveryBlocked":false}
[RESULT] s3-symlink-head: 0 passed, 0 failed
