JDK 21.0.12+8-LTS  HttpClient.Version.HTTP_2  -> http://127.0.0.1:40057
PASS success                      200 ok           no-store=y body=exact  wire=HTTP_1_1
PASS missing-authorization        401 credentials  no-store=y code=ok  wire=HTTP_1_1
PASS missing-no-store             400 protocol     no-store=y code=ok  wire=HTTP_1_1
PASS wrong-lease                  409 identity     no-store=y code=ok  wire=HTTP_1_1
PASS wrong-epoch                  409 identity     no-store=y code=ok  wire=HTTP_1_1
PASS wrong-workspace-generation   409 identity     no-store=y code=ok  wire=HTTP_1_1
PASS unknown-body-field           400 protocol     no-store=y code=ok  wire=HTTP_1_1
PASS wrong-protocol-version       400 protocol     no-store=y code=ok  wire=HTTP_1_1
PASS malformed-json               400 protocol     no-store=y code=ok  wire=HTTP_1_1
PASS unsupported-json-charset     400 protocol     no-store=y code=ok  wire=HTTP_1_1
PASS unsupported-content-encoding 400 protocol     no-store=y code=ok  wire=HTTP_1_1
PASS malformed-capability-digest  400 protocol     no-store=y code=ok  wire=HTTP_1_1
PASS oversized-body               413 protocol     no-store=y code=ok  wire=HTTP_1_1
PASS query-string-route           404 incompatible no-store=y  wire=HTTP_1_1
PASS trailing-slash-route         404 incompatible no-store=y  wire=HTTP_1_1
PASS wrong-method                 404 incompatible no-store=y  wire=HTTP_1_1
PASS unknown-path                 404 incompatible no-store=y  wire=HTTP_1_1
PASS wrong-token                  401 credentials  no-store=y code=ok  wire=HTTP_1_1
PASS wrong-token-length           401 credentials  no-store=y code=ok  wire=HTTP_1_1
PASS wrong-auth-scheme            401 credentials  no-store=y code=ok  wire=HTTP_1_1
PASS wrong-provision-request      409 identity     no-store=y code=ok  wire=HTTP_1_1
PASS wrong-tenant                 409 identity     no-store=y code=ok  wire=HTTP_1_1
PASS wrong-workspace              409 identity     no-store=y code=ok  wire=HTTP_1_1
PASS wrong-workspace-cwd          409 identity     no-store=y code=ok  wire=HTTP_1_1
PASS wrong-capability-digest      409 identity     no-store=y code=ok  wire=HTTP_1_1
PASS wrong-isolation-class        409 identity     no-store=y code=ok  wire=HTTP_1_1
PASS empty-provision-request      400 protocol     no-store=y code=ok  wire=HTTP_1_1
PASS empty-tenant                 400 protocol     no-store=y code=ok  wire=HTTP_1_1
PASS empty-workspace              400 protocol     no-store=y code=ok  wire=HTTP_1_1
PASS numeric-workspace-generation 400 protocol     no-store=y code=ok  wire=HTTP_1_1
PASS empty-workspace-cwd          400 protocol     no-store=y code=ok  wire=HTTP_1_1
PASS array-capability-digest      400 protocol     no-store=y code=ok  wire=HTTP_1_1
PASS unknown-isolation-class      400 protocol     no-store=y code=ok  wire=HTTP_1_1
PASS non-json-content-type        400 protocol     no-store=y code=ok  wire=HTTP_1_1
PASS gzip-content-encoding        400 protocol     no-store=y code=ok  wire=HTTP_1_1
PASS case-variant-route           404 incompatible no-store=y  wire=HTTP_1_1
PASS options-method               404 incompatible no-store=y  wire=HTTP_1_1
37/37 fixture cases conform from the JDK client
EXIT=0
