RESULT	head	aggregate-256x-18lvl-num	REFUSED ManagedSessionRecordError[managed_session_invalid_record]: event evt-agg-0 exceeds 1048576 bytes.	logBytes+0	6811.4ms
RESULT	head	aggregate-resources	maxRSS=1429MB	userCPU=6.00s
EXIT	count=256 levels=18 leaf=num	rc=0	wall=6927ms
RESULT	head	aggregate-8x-13lvl-nul	REFUSED ManagedSessionRecordError[managed_session_invalid_record]: event evt-agg-0 exceeds 1048576 bytes.	logBytes+0	378.1ms
RESULT	head	aggregate-resources	maxRSS=520MB	userCPU=0.35s
EXIT	count=8 levels=13 leaf=nul	rc=0	wall=472ms
RESULT	head	aggregate-64x-13lvl-nul	REFUSED ManagedSessionRecordError[managed_session_invalid_record]: event evt-agg-0 exceeds 1048576 bytes.	logBytes+0	2793.6ms
RESULT	head	aggregate-resources	maxRSS=3159MB	userCPU=1.96s
EXIT	count=64 levels=13 leaf=nul	rc=0	wall=2897ms
/bin/bash: line 1: 1022502 Aborted                 timeout 300 node probe-authority.mjs head /root/verify/pr13311/head aggregate $1 $2 $3 $R/agg-$1-$2-$3 > $R/agg.txt 2>&1
FATAL ERROR: Reached heap limit Allocation failed - JavaScript heap out of memory
EXIT	count=256 levels=13 leaf=nul	rc=134	wall=4123ms
RESULT	base	aggregate-256x-18lvl-num	REFUSED ManagedSessionRecordError[managed_session_invalid_record]: event evt-agg-0 exceeds 1048576 bytes.	logBytes+0	283842.9ms
RESULT	base	aggregate-resources	maxRSS=1462MB	userCPU=282.89s
EXIT	base count=256 levels=18 leaf=num	rc=0	wall=284048ms
/bin/bash: line 1: 1075179 Aborted                 timeout 300 node probe-authority.mjs $arm /root/verify/pr13311/$arm aggregate $1 $2 $3 $R/agg-$arm-$1-$2-$3 > $R/agg.txt 2>&1
FATAL ERROR: Reached heap limit Allocation failed - JavaScript heap out of memory
EXIT	base count=256 levels=13 leaf=nul	rc=134	wall=18446ms
RESULT	r1	aggregate-256x-18lvl-num	REFUSED ManagedSessionRecordError[managed_session_invalid_record]: event evt-agg-0 exceeds 1048576 bytes.	logBytes+0	7441.4ms
RESULT	r1	aggregate-resources	maxRSS=1430MB	userCPU=7.23s
EXIT	r1 count=256 levels=18 leaf=num	rc=0	wall=7586ms
/bin/bash: line 1: 1078392 Aborted                 timeout 300 node probe-authority.mjs $arm /root/verify/pr13311/$arm aggregate $1 $2 $3 $R/agg-$arm-$1-$2-$3 > $R/agg.txt 2>&1
FATAL ERROR: Reached heap limit Allocation failed - JavaScript heap out of memory
EXIT	r1 count=256 levels=13 leaf=nul	rc=134	wall=7525ms
