RESULT	base	F2-shared-chain-60-deepest-at-64	COMMITTED seq=2	logBytes+2500	9.1ms
RESULT	base	F2-shared-chain-61-deepest-at-65	REFUSED ManagedSessionRecordError[managed_session_invalid_record]: event.payload.target.shell.first.next.next.next.next.next.next.next.next.next.next.next.next.next.next.next.next.next.next.next.next.next.next.next.ne	logBytes+0	0.6ms
RESULT	base	R1-11-activation-turn-payload-subject	COMMITTED seq=3	logBytes+1686	10.7ms
RESULT	base	R1-9-wake-sourceEventId-names-itself	COMMITTED seq=4	logBytes+1453	10.6ms
RESULT	base	control-wake	COMMITTED seq=5	logBytes+1416	4.9ms
RESULT	base	readback-same-build	read FAILED ManagedSessionRecordError[managed_session_invalid_record]: record exceeds the maximum JSON depth of 64.
TRANSCRIPT	/root/verify/pr13311/scratch/delta-base/runtime/projects/-root-verify-pr13311-scratch-delta-base-project/chats/550e8400-e29b-41d4-a716-446655440000.jsonl
RESULT	r1	F2-shared-chain-60-deepest-at-64	REFUSED ManagedSessionRecordError[managed_session_invalid_record]: event.payload.target.shell.second exceeds the maximum JSON depth of 64.	logBytes+0	0.2ms
RESULT	r1	F2-shared-chain-61-deepest-at-65	REFUSED ManagedSessionRecordError[managed_session_invalid_record]: event.payload.target.shell.first.next.next.next.next.next.next.next.next.next.next.next.next.next.next.next.next.next.next.next.next.next.next.next.ne	logBytes+0	0.4ms
RESULT	r1	R1-11-activation-turn-payload-subject	COMMITTED seq=2	logBytes+1682	5.8ms
RESULT	r1	R1-9-wake-sourceEventId-names-itself	COMMITTED seq=3	logBytes+1449	4.8ms
RESULT	r1	control-wake	COMMITTED seq=4	logBytes+1412	6.5ms
RESULT	r1	readback-same-build	read OK committed=4 events=4 kinds=[activation.changed,activation.changed,wake.requested,wake.requested]
TRANSCRIPT	/root/verify/pr13311/scratch/delta-r1/runtime/projects/-root-verify-pr13311-scratch-delta-r1-project/chats/550e8400-e29b-41d4-a716-446655440000.jsonl
RESULT	head	F2-shared-chain-60-deepest-at-64	COMMITTED seq=2	logBytes+2500	10.1ms
RESULT	head	F2-shared-chain-61-deepest-at-65	REFUSED ManagedSessionRecordError[managed_session_invalid_record]: event.payload.target.shell.first.next.next.next.next.next.next.next.next.next.next.next.next.next.next.next.next.next.next.next.next.next.next.next.ne	logBytes+0	0.7ms
RESULT	head	R1-11-activation-turn-payload-subject	REFUSED ManagedSessionRecordError[managed_session_invalid_record]: payload.subject must identify the activation it changes.	logBytes+0	0.3ms
RESULT	head	R1-9-wake-sourceEventId-names-itself	REFUSED ManagedSessionRecordError[managed_session_invalid_record]: payload.sourceEventId must not name itself.	logBytes+0	0.1ms
RESULT	head	control-wake	COMMITTED seq=3	logBytes+1416	11.4ms
RESULT	head	readback-same-build	read FAILED ManagedSessionRecordError[managed_session_invalid_record]: record exceeds the maximum JSON depth of 64.
TRANSCRIPT	/root/verify/pr13311/scratch/delta-head/runtime/projects/-root-verify-pr13311-scratch-delta-head-project/chats/550e8400-e29b-41d4-a716-446655440000.jsonl
