RESULT	base	replay	01-head-sf.tsv	tx=19	ok=19	failed=0	kinds={"activation.changed":5,"input.accepted":2,"wake.requested":2,"checkpoint.committed":3,"message.committed":4,"model.attempt":4,"turn.settled":2}
CENSUS	base	activation.changed with activation payload subject (R3-3 id/epoch check ran)	5
CENSUS	base	activation.changed with envelope subject (R3-3 envelope match ran)	0
CENSUS	base	wake.requested with envelope subject (R3-3 envelope match ran)	0
CENSUS	base	wake.requested without envelope subject	2
CENSUS	base	message.committed with non-null parentMessageId (R3-4 ran)	3
CENSUS	base	checkpoint.committed with non-null previousCheckpointId (R3-4 ran)	2
CENSUS	base	config.bound with non-null previousRevision (R3-4 ran)	0
CENSUS	base	activation.changed payload subject type=hook_operation (R1-11 keeps legal)	0
CENSUS	base	activation.changed payload subject type=turn (R1-11 now refuses)	0
CENSUS	base	activation.changed without payload subject	0
CENSUS	base	wake.requested sourceEventId === eventId (R1-9 now refuses)	0
CENSUS	base	wake.requested sourceEventId checked against eventId (R1-9 ran)	2
RESULT	base	replay	02-base-sf.tsv	tx=19	ok=19	failed=0	kinds={"activation.changed":5,"input.accepted":2,"wake.requested":2,"checkpoint.committed":3,"message.committed":4,"model.attempt":4,"turn.settled":2}
CENSUS	base	activation.changed with activation payload subject (R3-3 id/epoch check ran)	5
CENSUS	base	activation.changed with envelope subject (R3-3 envelope match ran)	0
CENSUS	base	wake.requested with envelope subject (R3-3 envelope match ran)	0
CENSUS	base	wake.requested without envelope subject	2
CENSUS	base	message.committed with non-null parentMessageId (R3-4 ran)	3
CENSUS	base	checkpoint.committed with non-null previousCheckpointId (R3-4 ran)	2
CENSUS	base	config.bound with non-null previousRevision (R3-4 ran)	0
CENSUS	base	activation.changed payload subject type=hook_operation (R1-11 keeps legal)	0
CENSUS	base	activation.changed payload subject type=turn (R1-11 now refuses)	0
CENSUS	base	activation.changed without payload subject	0
CENSUS	base	wake.requested sourceEventId === eventId (R1-9 now refuses)	0
CENSUS	base	wake.requested sourceEventId checked against eventId (R1-9 ran)	2
RESULT	base	replay	03-head-sf-r2.tsv	tx=20	ok=20	failed=0	kinds={"activation.changed":6,"input.accepted":2,"wake.requested":2,"checkpoint.committed":3,"message.committed":4,"model.attempt":4,"turn.settled":2}
CENSUS	base	activation.changed with activation payload subject (R3-3 id/epoch check ran)	6
CENSUS	base	activation.changed with envelope subject (R3-3 envelope match ran)	0
CENSUS	base	wake.requested with envelope subject (R3-3 envelope match ran)	0
CENSUS	base	wake.requested without envelope subject	2
CENSUS	base	message.committed with non-null parentMessageId (R3-4 ran)	3
CENSUS	base	checkpoint.committed with non-null previousCheckpointId (R3-4 ran)	2
CENSUS	base	config.bound with non-null previousRevision (R3-4 ran)	0
CENSUS	base	activation.changed payload subject type=hook_operation (R1-11 keeps legal)	0
CENSUS	base	activation.changed payload subject type=turn (R1-11 now refuses)	0
CENSUS	base	activation.changed without payload subject	0
CENSUS	base	wake.requested sourceEventId === eventId (R1-9 now refuses)	0
CENSUS	base	wake.requested sourceEventId checked against eventId (R1-9 ran)	2
RESULT	base	replay	11-base-continuation.tsv	tx=29	ok=29	failed=0	kinds={"activation.changed":9,"input.accepted":1,"wake.requested":1,"checkpoint.committed":6,"message.committed":4,"model.attempt":3,"domain.committed":2,"tool.intent":1,"message.delta":2,"turn.settled":1}
CENSUS	base	activation.changed with activation payload subject (R3-3 id/epoch check ran)	9
CENSUS	base	activation.changed with envelope subject (R3-3 envelope match ran)	0
CENSUS	base	wake.requested with envelope subject (R3-3 envelope match ran)	0
CENSUS	base	wake.requested without envelope subject	1
CENSUS	base	message.committed with non-null parentMessageId (R3-4 ran)	3
CENSUS	base	checkpoint.committed with non-null previousCheckpointId (R3-4 ran)	5
CENSUS	base	config.bound with non-null previousRevision (R3-4 ran)	0
CENSUS	base	activation.changed payload subject type=hook_operation (R1-11 keeps legal)	0
CENSUS	base	activation.changed payload subject type=turn (R1-11 now refuses)	0
CENSUS	base	activation.changed without payload subject	0
CENSUS	base	wake.requested sourceEventId === eventId (R1-9 now refuses)	0
CENSUS	base	wake.requested sourceEventId checked against eventId (R1-9 ran)	1
RESULT	base	replay	11-base-inflight.tsv	tx=26	ok=26	failed=0	kinds={"activation.changed":8,"input.accepted":1,"wake.requested":1,"checkpoint.committed":6,"message.committed":4,"model.attempt":2,"domain.committed":2,"tool.intent":1,"message.delta":1,"turn.settled":1}
CENSUS	base	activation.changed with activation payload subject (R3-3 id/epoch check ran)	8
CENSUS	base	activation.changed with envelope subject (R3-3 envelope match ran)	0
CENSUS	base	wake.requested with envelope subject (R3-3 envelope match ran)	0
CENSUS	base	wake.requested without envelope subject	1
CENSUS	base	message.committed with non-null parentMessageId (R3-4 ran)	3
CENSUS	base	checkpoint.committed with non-null previousCheckpointId (R3-4 ran)	5
CENSUS	base	config.bound with non-null previousRevision (R3-4 ran)	0
CENSUS	base	activation.changed payload subject type=hook_operation (R1-11 keeps legal)	0
CENSUS	base	activation.changed payload subject type=turn (R1-11 now refuses)	0
CENSUS	base	activation.changed without payload subject	0
CENSUS	base	wake.requested sourceEventId === eventId (R1-9 now refuses)	0
CENSUS	base	wake.requested sourceEventId checked against eventId (R1-9 ran)	1
RESULT	base	replay	11-head-continuation.tsv	tx=28	ok=28	failed=0	kinds={"activation.changed":8,"input.accepted":1,"wake.requested":1,"checkpoint.committed":6,"message.committed":4,"model.attempt":3,"domain.committed":2,"tool.intent":1,"message.delta":2,"turn.settled":1}
CENSUS	base	activation.changed with activation payload subject (R3-3 id/epoch check ran)	8
CENSUS	base	activation.changed with envelope subject (R3-3 envelope match ran)	0
CENSUS	base	wake.requested with envelope subject (R3-3 envelope match ran)	0
CENSUS	base	wake.requested without envelope subject	1
CENSUS	base	message.committed with non-null parentMessageId (R3-4 ran)	3
CENSUS	base	checkpoint.committed with non-null previousCheckpointId (R3-4 ran)	5
CENSUS	base	config.bound with non-null previousRevision (R3-4 ran)	0
CENSUS	base	activation.changed payload subject type=hook_operation (R1-11 keeps legal)	0
CENSUS	base	activation.changed payload subject type=turn (R1-11 now refuses)	0
CENSUS	base	activation.changed without payload subject	0
CENSUS	base	wake.requested sourceEventId === eventId (R1-9 now refuses)	0
CENSUS	base	wake.requested sourceEventId checked against eventId (R1-9 ran)	1
RESULT	base	replay	11-head-inflight.tsv	tx=26	ok=26	failed=0	kinds={"activation.changed":8,"input.accepted":1,"wake.requested":1,"checkpoint.committed":6,"message.committed":4,"model.attempt":2,"domain.committed":2,"tool.intent":1,"message.delta":1,"turn.settled":1}
CENSUS	base	activation.changed with activation payload subject (R3-3 id/epoch check ran)	8
CENSUS	base	activation.changed with envelope subject (R3-3 envelope match ran)	0
CENSUS	base	wake.requested with envelope subject (R3-3 envelope match ran)	0
CENSUS	base	wake.requested without envelope subject	1
CENSUS	base	message.committed with non-null parentMessageId (R3-4 ran)	3
CENSUS	base	checkpoint.committed with non-null previousCheckpointId (R3-4 ran)	5
CENSUS	base	config.bound with non-null previousRevision (R3-4 ran)	0
CENSUS	base	activation.changed payload subject type=hook_operation (R1-11 keeps legal)	0
CENSUS	base	activation.changed payload subject type=turn (R1-11 now refuses)	0
CENSUS	base	activation.changed without payload subject	0
CENSUS	base	wake.requested sourceEventId === eventId (R1-9 now refuses)	0
CENSUS	base	wake.requested sourceEventId checked against eventId (R1-9 ran)	1
RESULT	base	replay	12-base-continuation.tsv	tx=28	ok=28	failed=0	kinds={"activation.changed":8,"input.accepted":1,"wake.requested":1,"checkpoint.committed":6,"message.committed":4,"model.attempt":3,"domain.committed":2,"tool.intent":1,"message.delta":2,"turn.settled":1}
CENSUS	base	activation.changed with activation payload subject (R3-3 id/epoch check ran)	8
CENSUS	base	activation.changed with envelope subject (R3-3 envelope match ran)	0
CENSUS	base	wake.requested with envelope subject (R3-3 envelope match ran)	0
CENSUS	base	wake.requested without envelope subject	1
CENSUS	base	message.committed with non-null parentMessageId (R3-4 ran)	3
CENSUS	base	checkpoint.committed with non-null previousCheckpointId (R3-4 ran)	5
CENSUS	base	config.bound with non-null previousRevision (R3-4 ran)	0
CENSUS	base	activation.changed payload subject type=hook_operation (R1-11 keeps legal)	0
CENSUS	base	activation.changed payload subject type=turn (R1-11 now refuses)	0
CENSUS	base	activation.changed without payload subject	0
CENSUS	base	wake.requested sourceEventId === eventId (R1-9 now refuses)	0
CENSUS	base	wake.requested sourceEventId checked against eventId (R1-9 ran)	1
RESULT	base	replay	12-base-inflight.tsv	tx=26	ok=26	failed=0	kinds={"activation.changed":8,"input.accepted":1,"wake.requested":1,"checkpoint.committed":6,"message.committed":4,"model.attempt":2,"domain.committed":2,"tool.intent":1,"message.delta":1,"turn.settled":1}
CENSUS	base	activation.changed with activation payload subject (R3-3 id/epoch check ran)	8
CENSUS	base	activation.changed with envelope subject (R3-3 envelope match ran)	0
CENSUS	base	wake.requested with envelope subject (R3-3 envelope match ran)	0
CENSUS	base	wake.requested without envelope subject	1
CENSUS	base	message.committed with non-null parentMessageId (R3-4 ran)	3
CENSUS	base	checkpoint.committed with non-null previousCheckpointId (R3-4 ran)	5
CENSUS	base	config.bound with non-null previousRevision (R3-4 ran)	0
CENSUS	base	activation.changed payload subject type=hook_operation (R1-11 keeps legal)	0
CENSUS	base	activation.changed payload subject type=turn (R1-11 now refuses)	0
CENSUS	base	activation.changed without payload subject	0
CENSUS	base	wake.requested sourceEventId === eventId (R1-9 now refuses)	0
CENSUS	base	wake.requested sourceEventId checked against eventId (R1-9 ran)	1
RESULT	base	replay	12-head-continuation.tsv	tx=28	ok=28	failed=0	kinds={"activation.changed":8,"input.accepted":1,"wake.requested":1,"checkpoint.committed":6,"message.committed":4,"model.attempt":3,"domain.committed":2,"tool.intent":1,"message.delta":2,"turn.settled":1}
CENSUS	base	activation.changed with activation payload subject (R3-3 id/epoch check ran)	8
CENSUS	base	activation.changed with envelope subject (R3-3 envelope match ran)	0
CENSUS	base	wake.requested with envelope subject (R3-3 envelope match ran)	0
CENSUS	base	wake.requested without envelope subject	1
CENSUS	base	message.committed with non-null parentMessageId (R3-4 ran)	3
CENSUS	base	checkpoint.committed with non-null previousCheckpointId (R3-4 ran)	5
CENSUS	base	config.bound with non-null previousRevision (R3-4 ran)	0
CENSUS	base	activation.changed payload subject type=hook_operation (R1-11 keeps legal)	0
CENSUS	base	activation.changed payload subject type=turn (R1-11 now refuses)	0
CENSUS	base	activation.changed without payload subject	0
CENSUS	base	wake.requested sourceEventId === eventId (R1-9 now refuses)	0
CENSUS	base	wake.requested sourceEventId checked against eventId (R1-9 ran)	1
RESULT	base	replay	12-head-inflight.tsv	tx=26	ok=26	failed=0	kinds={"activation.changed":8,"input.accepted":1,"wake.requested":1,"checkpoint.committed":6,"message.committed":4,"model.attempt":2,"domain.committed":2,"tool.intent":1,"message.delta":1,"turn.settled":1}
CENSUS	base	activation.changed with activation payload subject (R3-3 id/epoch check ran)	8
CENSUS	base	activation.changed with envelope subject (R3-3 envelope match ran)	0
CENSUS	base	wake.requested with envelope subject (R3-3 envelope match ran)	0
CENSUS	base	wake.requested without envelope subject	1
CENSUS	base	message.committed with non-null parentMessageId (R3-4 ran)	3
CENSUS	base	checkpoint.committed with non-null previousCheckpointId (R3-4 ran)	5
CENSUS	base	config.bound with non-null previousRevision (R3-4 ran)	0
CENSUS	base	activation.changed payload subject type=hook_operation (R1-11 keeps legal)	0
CENSUS	base	activation.changed payload subject type=turn (R1-11 now refuses)	0
CENSUS	base	activation.changed without payload subject	0
CENSUS	base	wake.requested sourceEventId === eventId (R1-9 now refuses)	0
CENSUS	base	wake.requested sourceEventId checked against eventId (R1-9 ran)	1
RESULT	r1	replay	01-head-sf.tsv	tx=19	ok=19	failed=0	kinds={"activation.changed":5,"input.accepted":2,"wake.requested":2,"checkpoint.committed":3,"message.committed":4,"model.attempt":4,"turn.settled":2}
CENSUS	r1	activation.changed with activation payload subject (R3-3 id/epoch check ran)	5
CENSUS	r1	activation.changed with envelope subject (R3-3 envelope match ran)	0
CENSUS	r1	wake.requested with envelope subject (R3-3 envelope match ran)	0
CENSUS	r1	wake.requested without envelope subject	2
CENSUS	r1	message.committed with non-null parentMessageId (R3-4 ran)	3
CENSUS	r1	checkpoint.committed with non-null previousCheckpointId (R3-4 ran)	2
CENSUS	r1	config.bound with non-null previousRevision (R3-4 ran)	0
CENSUS	r1	activation.changed payload subject type=hook_operation (R1-11 keeps legal)	0
CENSUS	r1	activation.changed payload subject type=turn (R1-11 now refuses)	0
CENSUS	r1	activation.changed without payload subject	0
CENSUS	r1	wake.requested sourceEventId === eventId (R1-9 now refuses)	0
CENSUS	r1	wake.requested sourceEventId checked against eventId (R1-9 ran)	2
RESULT	r1	replay	02-base-sf.tsv	tx=19	ok=19	failed=0	kinds={"activation.changed":5,"input.accepted":2,"wake.requested":2,"checkpoint.committed":3,"message.committed":4,"model.attempt":4,"turn.settled":2}
CENSUS	r1	activation.changed with activation payload subject (R3-3 id/epoch check ran)	5
CENSUS	r1	activation.changed with envelope subject (R3-3 envelope match ran)	0
CENSUS	r1	wake.requested with envelope subject (R3-3 envelope match ran)	0
CENSUS	r1	wake.requested without envelope subject	2
CENSUS	r1	message.committed with non-null parentMessageId (R3-4 ran)	3
CENSUS	r1	checkpoint.committed with non-null previousCheckpointId (R3-4 ran)	2
CENSUS	r1	config.bound with non-null previousRevision (R3-4 ran)	0
CENSUS	r1	activation.changed payload subject type=hook_operation (R1-11 keeps legal)	0
CENSUS	r1	activation.changed payload subject type=turn (R1-11 now refuses)	0
CENSUS	r1	activation.changed without payload subject	0
CENSUS	r1	wake.requested sourceEventId === eventId (R1-9 now refuses)	0
CENSUS	r1	wake.requested sourceEventId checked against eventId (R1-9 ran)	2
RESULT	r1	replay	03-head-sf-r2.tsv	tx=20	ok=20	failed=0	kinds={"activation.changed":6,"input.accepted":2,"wake.requested":2,"checkpoint.committed":3,"message.committed":4,"model.attempt":4,"turn.settled":2}
CENSUS	r1	activation.changed with activation payload subject (R3-3 id/epoch check ran)	6
CENSUS	r1	activation.changed with envelope subject (R3-3 envelope match ran)	0
CENSUS	r1	wake.requested with envelope subject (R3-3 envelope match ran)	0
CENSUS	r1	wake.requested without envelope subject	2
CENSUS	r1	message.committed with non-null parentMessageId (R3-4 ran)	3
CENSUS	r1	checkpoint.committed with non-null previousCheckpointId (R3-4 ran)	2
CENSUS	r1	config.bound with non-null previousRevision (R3-4 ran)	0
CENSUS	r1	activation.changed payload subject type=hook_operation (R1-11 keeps legal)	0
CENSUS	r1	activation.changed payload subject type=turn (R1-11 now refuses)	0
CENSUS	r1	activation.changed without payload subject	0
CENSUS	r1	wake.requested sourceEventId === eventId (R1-9 now refuses)	0
CENSUS	r1	wake.requested sourceEventId checked against eventId (R1-9 ran)	2
RESULT	r1	replay	11-base-continuation.tsv	tx=29	ok=29	failed=0	kinds={"activation.changed":9,"input.accepted":1,"wake.requested":1,"checkpoint.committed":6,"message.committed":4,"model.attempt":3,"domain.committed":2,"tool.intent":1,"message.delta":2,"turn.settled":1}
CENSUS	r1	activation.changed with activation payload subject (R3-3 id/epoch check ran)	9
CENSUS	r1	activation.changed with envelope subject (R3-3 envelope match ran)	0
CENSUS	r1	wake.requested with envelope subject (R3-3 envelope match ran)	0
CENSUS	r1	wake.requested without envelope subject	1
CENSUS	r1	message.committed with non-null parentMessageId (R3-4 ran)	3
CENSUS	r1	checkpoint.committed with non-null previousCheckpointId (R3-4 ran)	5
CENSUS	r1	config.bound with non-null previousRevision (R3-4 ran)	0
CENSUS	r1	activation.changed payload subject type=hook_operation (R1-11 keeps legal)	0
CENSUS	r1	activation.changed payload subject type=turn (R1-11 now refuses)	0
CENSUS	r1	activation.changed without payload subject	0
CENSUS	r1	wake.requested sourceEventId === eventId (R1-9 now refuses)	0
CENSUS	r1	wake.requested sourceEventId checked against eventId (R1-9 ran)	1
RESULT	r1	replay	11-base-inflight.tsv	tx=26	ok=26	failed=0	kinds={"activation.changed":8,"input.accepted":1,"wake.requested":1,"checkpoint.committed":6,"message.committed":4,"model.attempt":2,"domain.committed":2,"tool.intent":1,"message.delta":1,"turn.settled":1}
CENSUS	r1	activation.changed with activation payload subject (R3-3 id/epoch check ran)	8
CENSUS	r1	activation.changed with envelope subject (R3-3 envelope match ran)	0
CENSUS	r1	wake.requested with envelope subject (R3-3 envelope match ran)	0
CENSUS	r1	wake.requested without envelope subject	1
CENSUS	r1	message.committed with non-null parentMessageId (R3-4 ran)	3
CENSUS	r1	checkpoint.committed with non-null previousCheckpointId (R3-4 ran)	5
CENSUS	r1	config.bound with non-null previousRevision (R3-4 ran)	0
CENSUS	r1	activation.changed payload subject type=hook_operation (R1-11 keeps legal)	0
CENSUS	r1	activation.changed payload subject type=turn (R1-11 now refuses)	0
CENSUS	r1	activation.changed without payload subject	0
CENSUS	r1	wake.requested sourceEventId === eventId (R1-9 now refuses)	0
CENSUS	r1	wake.requested sourceEventId checked against eventId (R1-9 ran)	1
RESULT	r1	replay	11-head-continuation.tsv	tx=28	ok=28	failed=0	kinds={"activation.changed":8,"input.accepted":1,"wake.requested":1,"checkpoint.committed":6,"message.committed":4,"model.attempt":3,"domain.committed":2,"tool.intent":1,"message.delta":2,"turn.settled":1}
CENSUS	r1	activation.changed with activation payload subject (R3-3 id/epoch check ran)	8
CENSUS	r1	activation.changed with envelope subject (R3-3 envelope match ran)	0
CENSUS	r1	wake.requested with envelope subject (R3-3 envelope match ran)	0
CENSUS	r1	wake.requested without envelope subject	1
CENSUS	r1	message.committed with non-null parentMessageId (R3-4 ran)	3
CENSUS	r1	checkpoint.committed with non-null previousCheckpointId (R3-4 ran)	5
CENSUS	r1	config.bound with non-null previousRevision (R3-4 ran)	0
CENSUS	r1	activation.changed payload subject type=hook_operation (R1-11 keeps legal)	0
CENSUS	r1	activation.changed payload subject type=turn (R1-11 now refuses)	0
CENSUS	r1	activation.changed without payload subject	0
CENSUS	r1	wake.requested sourceEventId === eventId (R1-9 now refuses)	0
CENSUS	r1	wake.requested sourceEventId checked against eventId (R1-9 ran)	1
RESULT	r1	replay	11-head-inflight.tsv	tx=26	ok=26	failed=0	kinds={"activation.changed":8,"input.accepted":1,"wake.requested":1,"checkpoint.committed":6,"message.committed":4,"model.attempt":2,"domain.committed":2,"tool.intent":1,"message.delta":1,"turn.settled":1}
CENSUS	r1	activation.changed with activation payload subject (R3-3 id/epoch check ran)	8
CENSUS	r1	activation.changed with envelope subject (R3-3 envelope match ran)	0
CENSUS	r1	wake.requested with envelope subject (R3-3 envelope match ran)	0
CENSUS	r1	wake.requested without envelope subject	1
CENSUS	r1	message.committed with non-null parentMessageId (R3-4 ran)	3
CENSUS	r1	checkpoint.committed with non-null previousCheckpointId (R3-4 ran)	5
CENSUS	r1	config.bound with non-null previousRevision (R3-4 ran)	0
CENSUS	r1	activation.changed payload subject type=hook_operation (R1-11 keeps legal)	0
CENSUS	r1	activation.changed payload subject type=turn (R1-11 now refuses)	0
CENSUS	r1	activation.changed without payload subject	0
CENSUS	r1	wake.requested sourceEventId === eventId (R1-9 now refuses)	0
CENSUS	r1	wake.requested sourceEventId checked against eventId (R1-9 ran)	1
RESULT	r1	replay	12-base-continuation.tsv	tx=28	ok=28	failed=0	kinds={"activation.changed":8,"input.accepted":1,"wake.requested":1,"checkpoint.committed":6,"message.committed":4,"model.attempt":3,"domain.committed":2,"tool.intent":1,"message.delta":2,"turn.settled":1}
CENSUS	r1	activation.changed with activation payload subject (R3-3 id/epoch check ran)	8
CENSUS	r1	activation.changed with envelope subject (R3-3 envelope match ran)	0
CENSUS	r1	wake.requested with envelope subject (R3-3 envelope match ran)	0
CENSUS	r1	wake.requested without envelope subject	1
CENSUS	r1	message.committed with non-null parentMessageId (R3-4 ran)	3
CENSUS	r1	checkpoint.committed with non-null previousCheckpointId (R3-4 ran)	5
CENSUS	r1	config.bound with non-null previousRevision (R3-4 ran)	0
CENSUS	r1	activation.changed payload subject type=hook_operation (R1-11 keeps legal)	0
CENSUS	r1	activation.changed payload subject type=turn (R1-11 now refuses)	0
CENSUS	r1	activation.changed without payload subject	0
CENSUS	r1	wake.requested sourceEventId === eventId (R1-9 now refuses)	0
CENSUS	r1	wake.requested sourceEventId checked against eventId (R1-9 ran)	1
RESULT	r1	replay	12-base-inflight.tsv	tx=26	ok=26	failed=0	kinds={"activation.changed":8,"input.accepted":1,"wake.requested":1,"checkpoint.committed":6,"message.committed":4,"model.attempt":2,"domain.committed":2,"tool.intent":1,"message.delta":1,"turn.settled":1}
CENSUS	r1	activation.changed with activation payload subject (R3-3 id/epoch check ran)	8
CENSUS	r1	activation.changed with envelope subject (R3-3 envelope match ran)	0
CENSUS	r1	wake.requested with envelope subject (R3-3 envelope match ran)	0
CENSUS	r1	wake.requested without envelope subject	1
CENSUS	r1	message.committed with non-null parentMessageId (R3-4 ran)	3
CENSUS	r1	checkpoint.committed with non-null previousCheckpointId (R3-4 ran)	5
CENSUS	r1	config.bound with non-null previousRevision (R3-4 ran)	0
CENSUS	r1	activation.changed payload subject type=hook_operation (R1-11 keeps legal)	0
CENSUS	r1	activation.changed payload subject type=turn (R1-11 now refuses)	0
CENSUS	r1	activation.changed without payload subject	0
CENSUS	r1	wake.requested sourceEventId === eventId (R1-9 now refuses)	0
CENSUS	r1	wake.requested sourceEventId checked against eventId (R1-9 ran)	1
RESULT	r1	replay	12-head-continuation.tsv	tx=28	ok=28	failed=0	kinds={"activation.changed":8,"input.accepted":1,"wake.requested":1,"checkpoint.committed":6,"message.committed":4,"model.attempt":3,"domain.committed":2,"tool.intent":1,"message.delta":2,"turn.settled":1}
CENSUS	r1	activation.changed with activation payload subject (R3-3 id/epoch check ran)	8
CENSUS	r1	activation.changed with envelope subject (R3-3 envelope match ran)	0
CENSUS	r1	wake.requested with envelope subject (R3-3 envelope match ran)	0
CENSUS	r1	wake.requested without envelope subject	1
CENSUS	r1	message.committed with non-null parentMessageId (R3-4 ran)	3
CENSUS	r1	checkpoint.committed with non-null previousCheckpointId (R3-4 ran)	5
CENSUS	r1	config.bound with non-null previousRevision (R3-4 ran)	0
CENSUS	r1	activation.changed payload subject type=hook_operation (R1-11 keeps legal)	0
CENSUS	r1	activation.changed payload subject type=turn (R1-11 now refuses)	0
CENSUS	r1	activation.changed without payload subject	0
CENSUS	r1	wake.requested sourceEventId === eventId (R1-9 now refuses)	0
CENSUS	r1	wake.requested sourceEventId checked against eventId (R1-9 ran)	1
RESULT	r1	replay	12-head-inflight.tsv	tx=26	ok=26	failed=0	kinds={"activation.changed":8,"input.accepted":1,"wake.requested":1,"checkpoint.committed":6,"message.committed":4,"model.attempt":2,"domain.committed":2,"tool.intent":1,"message.delta":1,"turn.settled":1}
CENSUS	r1	activation.changed with activation payload subject (R3-3 id/epoch check ran)	8
CENSUS	r1	activation.changed with envelope subject (R3-3 envelope match ran)	0
CENSUS	r1	wake.requested with envelope subject (R3-3 envelope match ran)	0
CENSUS	r1	wake.requested without envelope subject	1
CENSUS	r1	message.committed with non-null parentMessageId (R3-4 ran)	3
CENSUS	r1	checkpoint.committed with non-null previousCheckpointId (R3-4 ran)	5
CENSUS	r1	config.bound with non-null previousRevision (R3-4 ran)	0
CENSUS	r1	activation.changed payload subject type=hook_operation (R1-11 keeps legal)	0
CENSUS	r1	activation.changed payload subject type=turn (R1-11 now refuses)	0
CENSUS	r1	activation.changed without payload subject	0
CENSUS	r1	wake.requested sourceEventId === eventId (R1-9 now refuses)	0
CENSUS	r1	wake.requested sourceEventId checked against eventId (R1-9 ran)	1
RESULT	head	replay	01-head-sf.tsv	tx=19	ok=19	failed=0	kinds={"activation.changed":5,"input.accepted":2,"wake.requested":2,"checkpoint.committed":3,"message.committed":4,"model.attempt":4,"turn.settled":2}
CENSUS	head	activation.changed with activation payload subject (R3-3 id/epoch check ran)	5
CENSUS	head	activation.changed with envelope subject (R3-3 envelope match ran)	0
CENSUS	head	wake.requested with envelope subject (R3-3 envelope match ran)	0
CENSUS	head	wake.requested without envelope subject	2
CENSUS	head	message.committed with non-null parentMessageId (R3-4 ran)	3
CENSUS	head	checkpoint.committed with non-null previousCheckpointId (R3-4 ran)	2
CENSUS	head	config.bound with non-null previousRevision (R3-4 ran)	0
CENSUS	head	activation.changed payload subject type=hook_operation (R1-11 keeps legal)	0
CENSUS	head	activation.changed payload subject type=turn (R1-11 now refuses)	0
CENSUS	head	activation.changed without payload subject	0
CENSUS	head	wake.requested sourceEventId === eventId (R1-9 now refuses)	0
CENSUS	head	wake.requested sourceEventId checked against eventId (R1-9 ran)	2
RESULT	head	replay	02-base-sf.tsv	tx=19	ok=19	failed=0	kinds={"activation.changed":5,"input.accepted":2,"wake.requested":2,"checkpoint.committed":3,"message.committed":4,"model.attempt":4,"turn.settled":2}
CENSUS	head	activation.changed with activation payload subject (R3-3 id/epoch check ran)	5
CENSUS	head	activation.changed with envelope subject (R3-3 envelope match ran)	0
CENSUS	head	wake.requested with envelope subject (R3-3 envelope match ran)	0
CENSUS	head	wake.requested without envelope subject	2
CENSUS	head	message.committed with non-null parentMessageId (R3-4 ran)	3
CENSUS	head	checkpoint.committed with non-null previousCheckpointId (R3-4 ran)	2
CENSUS	head	config.bound with non-null previousRevision (R3-4 ran)	0
CENSUS	head	activation.changed payload subject type=hook_operation (R1-11 keeps legal)	0
CENSUS	head	activation.changed payload subject type=turn (R1-11 now refuses)	0
CENSUS	head	activation.changed without payload subject	0
CENSUS	head	wake.requested sourceEventId === eventId (R1-9 now refuses)	0
CENSUS	head	wake.requested sourceEventId checked against eventId (R1-9 ran)	2
RESULT	head	replay	03-head-sf-r2.tsv	tx=20	ok=20	failed=0	kinds={"activation.changed":6,"input.accepted":2,"wake.requested":2,"checkpoint.committed":3,"message.committed":4,"model.attempt":4,"turn.settled":2}
CENSUS	head	activation.changed with activation payload subject (R3-3 id/epoch check ran)	6
CENSUS	head	activation.changed with envelope subject (R3-3 envelope match ran)	0
CENSUS	head	wake.requested with envelope subject (R3-3 envelope match ran)	0
CENSUS	head	wake.requested without envelope subject	2
CENSUS	head	message.committed with non-null parentMessageId (R3-4 ran)	3
CENSUS	head	checkpoint.committed with non-null previousCheckpointId (R3-4 ran)	2
CENSUS	head	config.bound with non-null previousRevision (R3-4 ran)	0
CENSUS	head	activation.changed payload subject type=hook_operation (R1-11 keeps legal)	0
CENSUS	head	activation.changed payload subject type=turn (R1-11 now refuses)	0
CENSUS	head	activation.changed without payload subject	0
CENSUS	head	wake.requested sourceEventId === eventId (R1-9 now refuses)	0
CENSUS	head	wake.requested sourceEventId checked against eventId (R1-9 ran)	2
RESULT	head	replay	11-base-continuation.tsv	tx=29	ok=29	failed=0	kinds={"activation.changed":9,"input.accepted":1,"wake.requested":1,"checkpoint.committed":6,"message.committed":4,"model.attempt":3,"domain.committed":2,"tool.intent":1,"message.delta":2,"turn.settled":1}
CENSUS	head	activation.changed with activation payload subject (R3-3 id/epoch check ran)	9
CENSUS	head	activation.changed with envelope subject (R3-3 envelope match ran)	0
CENSUS	head	wake.requested with envelope subject (R3-3 envelope match ran)	0
CENSUS	head	wake.requested without envelope subject	1
CENSUS	head	message.committed with non-null parentMessageId (R3-4 ran)	3
CENSUS	head	checkpoint.committed with non-null previousCheckpointId (R3-4 ran)	5
CENSUS	head	config.bound with non-null previousRevision (R3-4 ran)	0
CENSUS	head	activation.changed payload subject type=hook_operation (R1-11 keeps legal)	0
CENSUS	head	activation.changed payload subject type=turn (R1-11 now refuses)	0
CENSUS	head	activation.changed without payload subject	0
CENSUS	head	wake.requested sourceEventId === eventId (R1-9 now refuses)	0
CENSUS	head	wake.requested sourceEventId checked against eventId (R1-9 ran)	1
RESULT	head	replay	11-base-inflight.tsv	tx=26	ok=26	failed=0	kinds={"activation.changed":8,"input.accepted":1,"wake.requested":1,"checkpoint.committed":6,"message.committed":4,"model.attempt":2,"domain.committed":2,"tool.intent":1,"message.delta":1,"turn.settled":1}
CENSUS	head	activation.changed with activation payload subject (R3-3 id/epoch check ran)	8
CENSUS	head	activation.changed with envelope subject (R3-3 envelope match ran)	0
CENSUS	head	wake.requested with envelope subject (R3-3 envelope match ran)	0
CENSUS	head	wake.requested without envelope subject	1
CENSUS	head	message.committed with non-null parentMessageId (R3-4 ran)	3
CENSUS	head	checkpoint.committed with non-null previousCheckpointId (R3-4 ran)	5
CENSUS	head	config.bound with non-null previousRevision (R3-4 ran)	0
CENSUS	head	activation.changed payload subject type=hook_operation (R1-11 keeps legal)	0
CENSUS	head	activation.changed payload subject type=turn (R1-11 now refuses)	0
CENSUS	head	activation.changed without payload subject	0
CENSUS	head	wake.requested sourceEventId === eventId (R1-9 now refuses)	0
CENSUS	head	wake.requested sourceEventId checked against eventId (R1-9 ran)	1
RESULT	head	replay	11-head-continuation.tsv	tx=28	ok=28	failed=0	kinds={"activation.changed":8,"input.accepted":1,"wake.requested":1,"checkpoint.committed":6,"message.committed":4,"model.attempt":3,"domain.committed":2,"tool.intent":1,"message.delta":2,"turn.settled":1}
CENSUS	head	activation.changed with activation payload subject (R3-3 id/epoch check ran)	8
CENSUS	head	activation.changed with envelope subject (R3-3 envelope match ran)	0
CENSUS	head	wake.requested with envelope subject (R3-3 envelope match ran)	0
CENSUS	head	wake.requested without envelope subject	1
CENSUS	head	message.committed with non-null parentMessageId (R3-4 ran)	3
CENSUS	head	checkpoint.committed with non-null previousCheckpointId (R3-4 ran)	5
CENSUS	head	config.bound with non-null previousRevision (R3-4 ran)	0
CENSUS	head	activation.changed payload subject type=hook_operation (R1-11 keeps legal)	0
CENSUS	head	activation.changed payload subject type=turn (R1-11 now refuses)	0
CENSUS	head	activation.changed without payload subject	0
CENSUS	head	wake.requested sourceEventId === eventId (R1-9 now refuses)	0
CENSUS	head	wake.requested sourceEventId checked against eventId (R1-9 ran)	1
RESULT	head	replay	11-head-inflight.tsv	tx=26	ok=26	failed=0	kinds={"activation.changed":8,"input.accepted":1,"wake.requested":1,"checkpoint.committed":6,"message.committed":4,"model.attempt":2,"domain.committed":2,"tool.intent":1,"message.delta":1,"turn.settled":1}
CENSUS	head	activation.changed with activation payload subject (R3-3 id/epoch check ran)	8
CENSUS	head	activation.changed with envelope subject (R3-3 envelope match ran)	0
CENSUS	head	wake.requested with envelope subject (R3-3 envelope match ran)	0
CENSUS	head	wake.requested without envelope subject	1
CENSUS	head	message.committed with non-null parentMessageId (R3-4 ran)	3
CENSUS	head	checkpoint.committed with non-null previousCheckpointId (R3-4 ran)	5
CENSUS	head	config.bound with non-null previousRevision (R3-4 ran)	0
CENSUS	head	activation.changed payload subject type=hook_operation (R1-11 keeps legal)	0
CENSUS	head	activation.changed payload subject type=turn (R1-11 now refuses)	0
CENSUS	head	activation.changed without payload subject	0
CENSUS	head	wake.requested sourceEventId === eventId (R1-9 now refuses)	0
CENSUS	head	wake.requested sourceEventId checked against eventId (R1-9 ran)	1
RESULT	head	replay	12-base-continuation.tsv	tx=28	ok=28	failed=0	kinds={"activation.changed":8,"input.accepted":1,"wake.requested":1,"checkpoint.committed":6,"message.committed":4,"model.attempt":3,"domain.committed":2,"tool.intent":1,"message.delta":2,"turn.settled":1}
CENSUS	head	activation.changed with activation payload subject (R3-3 id/epoch check ran)	8
CENSUS	head	activation.changed with envelope subject (R3-3 envelope match ran)	0
CENSUS	head	wake.requested with envelope subject (R3-3 envelope match ran)	0
CENSUS	head	wake.requested without envelope subject	1
CENSUS	head	message.committed with non-null parentMessageId (R3-4 ran)	3
CENSUS	head	checkpoint.committed with non-null previousCheckpointId (R3-4 ran)	5
CENSUS	head	config.bound with non-null previousRevision (R3-4 ran)	0
CENSUS	head	activation.changed payload subject type=hook_operation (R1-11 keeps legal)	0
CENSUS	head	activation.changed payload subject type=turn (R1-11 now refuses)	0
CENSUS	head	activation.changed without payload subject	0
CENSUS	head	wake.requested sourceEventId === eventId (R1-9 now refuses)	0
CENSUS	head	wake.requested sourceEventId checked against eventId (R1-9 ran)	1
RESULT	head	replay	12-base-inflight.tsv	tx=26	ok=26	failed=0	kinds={"activation.changed":8,"input.accepted":1,"wake.requested":1,"checkpoint.committed":6,"message.committed":4,"model.attempt":2,"domain.committed":2,"tool.intent":1,"message.delta":1,"turn.settled":1}
CENSUS	head	activation.changed with activation payload subject (R3-3 id/epoch check ran)	8
CENSUS	head	activation.changed with envelope subject (R3-3 envelope match ran)	0
CENSUS	head	wake.requested with envelope subject (R3-3 envelope match ran)	0
CENSUS	head	wake.requested without envelope subject	1
CENSUS	head	message.committed with non-null parentMessageId (R3-4 ran)	3
CENSUS	head	checkpoint.committed with non-null previousCheckpointId (R3-4 ran)	5
CENSUS	head	config.bound with non-null previousRevision (R3-4 ran)	0
CENSUS	head	activation.changed payload subject type=hook_operation (R1-11 keeps legal)	0
CENSUS	head	activation.changed payload subject type=turn (R1-11 now refuses)	0
CENSUS	head	activation.changed without payload subject	0
CENSUS	head	wake.requested sourceEventId === eventId (R1-9 now refuses)	0
CENSUS	head	wake.requested sourceEventId checked against eventId (R1-9 ran)	1
RESULT	head	replay	12-head-continuation.tsv	tx=28	ok=28	failed=0	kinds={"activation.changed":8,"input.accepted":1,"wake.requested":1,"checkpoint.committed":6,"message.committed":4,"model.attempt":3,"domain.committed":2,"tool.intent":1,"message.delta":2,"turn.settled":1}
CENSUS	head	activation.changed with activation payload subject (R3-3 id/epoch check ran)	8
CENSUS	head	activation.changed with envelope subject (R3-3 envelope match ran)	0
CENSUS	head	wake.requested with envelope subject (R3-3 envelope match ran)	0
CENSUS	head	wake.requested without envelope subject	1
CENSUS	head	message.committed with non-null parentMessageId (R3-4 ran)	3
CENSUS	head	checkpoint.committed with non-null previousCheckpointId (R3-4 ran)	5
CENSUS	head	config.bound with non-null previousRevision (R3-4 ran)	0
CENSUS	head	activation.changed payload subject type=hook_operation (R1-11 keeps legal)	0
CENSUS	head	activation.changed payload subject type=turn (R1-11 now refuses)	0
CENSUS	head	activation.changed without payload subject	0
CENSUS	head	wake.requested sourceEventId === eventId (R1-9 now refuses)	0
CENSUS	head	wake.requested sourceEventId checked against eventId (R1-9 ran)	1
RESULT	head	replay	12-head-inflight.tsv	tx=26	ok=26	failed=0	kinds={"activation.changed":8,"input.accepted":1,"wake.requested":1,"checkpoint.committed":6,"message.committed":4,"model.attempt":2,"domain.committed":2,"tool.intent":1,"message.delta":1,"turn.settled":1}
CENSUS	head	activation.changed with activation payload subject (R3-3 id/epoch check ran)	8
CENSUS	head	activation.changed with envelope subject (R3-3 envelope match ran)	0
CENSUS	head	wake.requested with envelope subject (R3-3 envelope match ran)	0
CENSUS	head	wake.requested without envelope subject	1
CENSUS	head	message.committed with non-null parentMessageId (R3-4 ran)	3
CENSUS	head	checkpoint.committed with non-null previousCheckpointId (R3-4 ran)	5
CENSUS	head	config.bound with non-null previousRevision (R3-4 ran)	0
CENSUS	head	activation.changed payload subject type=hook_operation (R1-11 keeps legal)	0
CENSUS	head	activation.changed payload subject type=turn (R1-11 now refuses)	0
CENSUS	head	activation.changed without payload subject	0
CENSUS	head	wake.requested sourceEventId === eventId (R1-9 now refuses)	0
CENSUS	head	wake.requested sourceEventId checked against eventId (R1-9 ran)	1
