=== main install matrix
[  0.01s] jvm        pid=93689 cmd=install inst_main
[  1.17s] install    ACQUIRING                       -> INSTALLED receipt sessionId=sess-1 | Worker /v3/context requests +1
[  1.33s] install    READY                           -> INSTALLED receipt sessionId=sess-2 | Worker /v3/context requests +1
[  1.50s] install    RELEASING                       -> INSTALLED receipt sessionId=sess-3 | Worker /v3/context requests +1
[  1.66s] install    RELEASED                        -> INSTALLED receipt sessionId=sess-4 | Worker /v3/context requests +1
[  1.82s] install    FAILED                          -> INSTALLED receipt sessionId=sess-5 | Worker /v3/context requests +1
[  1.98s] install    READY, binding drain requested  -> INSTALLED receipt sessionId=sess-6 | Worker /v3/context requests +1
=== main suppressed
[  4.66s] answer     503 runtime_broker_provision_timeout retryable=true suppressed=[] (4.24s; deadline=4000ms)
[  4.68s] db         [PROVISIONING handle=true lease=false]
=== merge install matrix
[  0.01s] jvm        pid=93992 cmd=install inst_merge
[  1.23s] install    ACQUIRING                       -> INSTALLED receipt sessionId=sess-1 | Worker /v3/context requests +1
[  1.39s] install    READY                           -> INSTALLED receipt sessionId=sess-2 | Worker /v3/context requests +1
[  1.55s] install    RELEASING                       -> REFUSED before sending: session must be acquiring or ready | Worker /v3/context requests +0
[  1.70s] install    RELEASED                        -> REFUSED before sending: session must be acquiring or ready | Worker /v3/context requests +0
[  1.85s] install    FAILED                          -> REFUSED before sending: session must be acquiring or ready | Worker /v3/context requests +0
[  2.01s] install    READY, binding drain requested  -> REFUSED before sending: session must belong to a READY Runtime binding | Worker /v3/context requests +0
=== merge suppressed
[  4.61s] answer     503 runtime_broker_provision_timeout retryable=true suppressed=[IllegalStateException(SQLException: rig: recovery block write refused)] (4.25s; deadline=4000ms)
[  4.63s] db         [PROVISIONING handle=true lease=false]
race main #1 [  3.17s] answer     503 runtime_provision_failed retryable=false suppressed=[] (2.75s; deadline=1000ms)
race merge #1 [  3.06s] answer     503 runtime_provision_failed retryable=false suppressed=[] (2.65s; deadline=1000ms)
race main #2 [  3.05s] answer     503 runtime_provision_failed retryable=false suppressed=[] (2.65s; deadline=1000ms)
race merge #2 [  3.11s] answer     503 runtime_provision_failed retryable=false suppressed=[] (2.76s; deadline=1000ms)
race main #3 [  3.00s] answer     503 runtime_provision_failed retryable=false suppressed=[] (2.64s; deadline=1000ms)
race merge #3 [  3.14s] answer     503 runtime_provision_failed retryable=false suppressed=[] (2.79s; deadline=1000ms)
