===== arm: UTC server (mysql:8.4.11), Connector/J defaults
session time_zone=SYSTEM system=UTC
databaseNow - Instant.now = 0 min
[cancel] created state=EXECUTING leaseUntil=2026-09-22T12:32:52Z now=2026-09-22T12:31:52.375352186Z
[cancel] after cancelExecution state=CANCEL_REQUESTED transport.cancel calls=1
[cancel] after a retried cancelExecution state=CANCEL_REQUESTED transport.cancel calls=2
[dead owner] 2.5 s after taking a 1 s lease (~1.5 s past expiry): state=EXECUTING leaseUntil=2026-09-22T12:31:53Z shouldDriveDispatch=true repo claim by another broker -> null, row now UNKNOWN
===== arm: CST server (mysql:8.4.11, TZ=Asia/Shanghai, time_zone=SYSTEM), Connector/J defaults
session time_zone=SYSTEM system=CST
databaseNow - Instant.now = 479 min
[cancel] created state=EXECUTING leaseUntil=2026-09-22T20:32:55Z now=2026-09-22T12:31:55.462141213Z
[cancel] after cancelExecution state=CANCEL_REQUESTED transport.cancel calls=1
[cancel] after a retried cancelExecution state=CANCEL_REQUESTED transport.cancel calls=2
[dead owner] 2.5 s after taking a 1 s lease (~1.5 s past expiry): state=EXECUTING leaseUntil=2026-09-22T20:31:56Z shouldDriveDispatch=false repo claim by another broker -> null, row now UNKNOWN
===== arm: every session America/New_York (UTC server, one pool)
session time_zone=America/New_York system=UTC
databaseNow - Instant.now = -240 min
[cancel] created state=EXECUTING leaseUntil=2026-09-22T08:32:58Z now=2026-09-22T12:31:58.574002272Z
[cancel] after cancelExecution state=CANCEL_REQUESTED transport.cancel calls=0
[cancel] after a retried cancelExecution state=CANCEL_REQUESTED transport.cancel calls=0
[dead owner] 2.5 s after taking a 1 s lease (~1.5 s past expiry): state=EXECUTING leaseUntil=2026-09-22T08:31:59Z shouldDriveDispatch=true repo claim by another broker -> null, row now UNKNOWN
