60 mutants; skipped (pattern absent): ['M44', 'M52', 'F3', 'F4']
M01   SURVIVED        findOrCreate: pre-insert lookup
M02   KILLED          findOrCreate: constraint-violation recovery
M03   KILLED          findOrCreate: return concurrent winner
M04   SURVIVED        findOrCreate: duplicate executionCallId -> IAE
M05   SURVIVED        findByIdempotencyKey: full-key re-check
M07   SURVIVED        CAS: sameIdentity
M08   KILLED          CAS: version fence
M09   SURVIVED        CAS: settled is final
M10   SURVIVED        CAS: UNKNOWN refused
M11   SURVIVED        CAS: sameDispatch
M12   KILLED          CAS: live lease
M13   KILLED          CAS: owner fence
M14   SURVIVED        CAS: generation fence
M15   KILLED          CAS: no move back to PREPARED
M16   KILLED          CAS: no move back to DISPATCHING
M17   KILLED          CAS: cancellation is sticky
M18   SURVIVED        CAS: version increments
M19   KILLED          claim: settled refused
M20   KILLED          claim: UNKNOWN refused
M21   KILLED          claim: same-owner live re-claim is a no-op
M22   KILLED          claim: foreign live lease refused
M23   KILLED          claim: expired EXECUTING/CANCEL_REQUESTED -> UNKNOWN
M24   KILLED          claim: expired CANCEL_REQUESTED -> UNKNOWN
M25   KILLED          claim: generation increments
M27   KILLED          renew: owner fence
M28   KILLED          renew: generation fence
M29   SURVIVED        renew: expired lease refused
M30   SURVIVED        renew: UNKNOWN refused
M31   SURVIVED        renew: settled refused
M32   KILLED          cancel: version fence
M33   SURVIVED        cancel: settled refused
M34   SURVIVED        cancel: repeated cancel is a no-op
M35   KILLED          cancel: EXECUTING -> CANCEL_REQUESTED
M36   KILLED          cancel: PREPARED settles immediately
M37   SURVIVED        resolveUnknown: sameIdentity
M38   SURVIVED        resolveUnknown: version fence
M39   SURVIVED        resolveUnknown: only UNKNOWN
M40   KILLED          hasActive: settled rows excluded
M41   KILLED          hasActive: full-id re-check
M42   SURVIVED        map: idempotency hash integrity
M43   SURVIVED        map: session hash integrity
M45   SURVIVED        requireCandidate: PREPARED only
M46   SURVIVED        requireReplacement: identity
M47   SURVIVED        requireReplacement: claim preserved
M48   SURVIVED        requireReplacement: version
M49   SURVIVED        requireReplacement: sequence monotonic
M50   SURVIVED        row lock (FOR UPDATE)
M51   SURVIVED        update: exactly one row
M53   SURVIVED        sameJsonMap: size
M54   SURVIVED        sameJsonMap: containsKey (null vs missing)
M55   KILLED          sameJsonValue: numbers by value
M56   SURVIVED        sameJsonValue: nested maps canonical
M57   SURVIVED        sameJsonValue: list items canonical
M58   SURVIVED        sameJsonValue: list size
M59   SURVIVED        sameIdentity: reference
M60   KILLED          sameRequest: reference
F1    KILLED          patch: fromJson DisableReferenceDetect
F1b   KILLED          patch: untyped reader (not TypeReference)
F2    KILLED          patch: toJson WriteBigDecimalAsPlain
N01   KILLED          66d1aedb: non-finite numbers rejected
killed 28/60
