# s3-symlink-r3head db=r3 arm=r3head 2026-10-03T12:54:49.832Z
[setup] arm=r3head profile=hosted-workspace-files/2 ws=ws-l root=/Users/wenshao/pr13168-r2/run/r3/roots/l
[create A] 200
[globLinkPath] ["glob",{"pattern":"*","path":"peek"}] -> admit=202 terminal=turn_complete(end_turn) recoveryBlocked=false 778ms
[globLinkPath result] {"error":"Path 'peek' is not within the Session working directory.","executionStatus":"error","runtimeError":{"message":"Path 'peek' is not within the Session working directory."}}
[globLinkPath model saw] [{"type":"text","text":"Path 'peek' is not within the Session working directory."}]
[globLinkPath host path] durable record: false; model: false
[globLinkPattern] ["glob",{"pattern":"peek/**/*"}] -> admit=202 terminal=turn_complete(end_turn) recoveryBlocked=false 444ms
[globLinkPattern result] {"error":"Glob results must stay within the Session working directory.","executionStatus":"error","runtimeError":{"message":"Glob results must stay within the Session working directory."}}
[globLinkPattern model saw] [{"type":"text","text":"Glob results must stay within the Session working directory."}]
[globLinkPattern host path] durable record: false; model: false
[globAll] ["glob",{"pattern":"**/*"}] -> admit=202 terminal=turn_complete(end_turn) recoveryBlocked=false 474ms
[globAll result] {"output":"Found 3 file(s) matching \"**/*\" within ., sorted by modification time (newest first):\n---\ndangling\npeek\nsrc/index.ts","executionStatus":"success"}
[globAll model saw] [{"type":"text","text":"Found 3 file(s) matching \"**/*\" within ., sorted by modification time (newest first):\n---\ndangling\npeek\nsrc/index.ts"}]
[globAll host path] durable record: false; model: false
[globStar] ["glob",{"pattern":"*"}] -> admit=202 terminal=turn_complete(end_turn) recoveryBlocked=false 595ms
[globStar result] {"output":"Found 2 file(s) matching \"*\" within ., sorted by modification time (newest first):\n---\ndangling\npeek","executionStatus":"success"}
[globStar model saw] [{"type":"text","text":"Found 2 file(s) matching \"*\" within ., sorted by modification time (newest first):\n---\ndangling\npeek"}]
[globStar host path] durable record: false; model: false
[globTs] ["glob",{"pattern":"**/*.ts"}] -> admit=202 terminal=turn_complete(end_turn) recoveryBlocked=false 773ms
[globTs result] {"output":"Found 1 file(s) matching \"**/*.ts\" within ., sorted by modification time (newest first):\n---\nsrc/index.ts","executionStatus":"success"}
[globTs model saw] [{"type":"text","text":"Found 1 file(s) matching \"**/*.ts\" within ., sorted by modification time (newest first):\n---\nsrc/index.ts"}]
[globTs host path] durable record: false; model: false
[globSrc] ["glob",{"pattern":"**/*","path":"src"}] -> admit=202 terminal=turn_complete(end_turn) recoveryBlocked=false 656ms
[globSrc result] {"output":"Found 1 file(s) matching \"**/*\" within src, sorted by modification time (newest first):\n---\nsrc/index.ts","executionStatus":"success"}
[globSrc model saw] [{"type":"text","text":"Found 1 file(s) matching \"**/*\" within src, sorted by modification time (newest first):\n---\nsrc/index.ts"}]
[globSrc host path] durable record: false; model: false
[braceAbsMatch] ["glob",{"pattern":"{/etc,/zz-nonexistent}/host*"}] -> admit=202 terminal=turn_complete(end_turn) recoveryBlocked=false 837ms
[braceAbsMatch result] {"error":"Hosted glob requires a nonempty pattern, and its optional path must be relative to the saved Session working directory. Absolute paths and \"..\" traversal are not allowed. Correct the arguments and retry."}
[braceAbsMatch model saw] [{"type":"text","text":"Hosted glob requires a nonempty pattern, and its optional path must be relative to the saved Session working directory. Absolute paths and \"..\" traversal are not allowed. Correct the arguments and retry."}]
[braceAbsMatch host path] durable record: false; model: false
[braceAbsNoMatch] ["glob",{"pattern":"{/etc,/zz-nonexistent}/zz-no-such-file*"}] -> admit=202 terminal=turn_complete(end_turn) recoveryBlocked=false 639ms
[braceAbsNoMatch result] {"error":"Hosted glob requires a nonempty pattern, and its optional path must be relative to the saved Session working directory. Absolute paths and \"..\" traversal are not allowed. Correct the arguments and retry."}
[braceAbsNoMatch model saw] [{"type":"text","text":"Hosted glob requires a nonempty pattern, and its optional path must be relative to the saved Session working directory. Absolute paths and \"..\" traversal are not allowed. Correct the arguments and retry."}]
[braceAbsNoMatch host path] durable record: false; model: false
[braceDotDot] ["glob",{"pattern":"{.,..}/web/*"}] -> admit=202 terminal=turn_complete(end_turn) recoveryBlocked=false 549ms
[braceDotDot result] {"error":"Hosted glob requires a nonempty pattern, and its optional path must be relative to the saved Session working directory. Absolute paths and \"..\" traversal are not allowed. Correct the arguments and retry."}
[braceDotDot model saw] [{"type":"text","text":"Hosted glob requires a nonempty pattern, and its optional path must be relative to the saved Session working directory. Absolute paths and \"..\" traversal are not allowed. Correct the arguments and retry."}]
[braceDotDot host path] durable record: false; model: false
[readThrough] ["read_file",{"file_path":"peek/secret.txt"}] -> admit=202 terminal=turn_complete(end_turn) recoveryBlocked=false 698ms
[readThrough result] {"error":"Path 'peek/secret.txt' is not within the Session working directory.","executionStatus":"error","runtimeError":{"message":"Path 'peek/secret.txt' is not within the Session working directory."}}
[readThrough model saw] [{"type":"text","text":"Path 'peek/secret.txt' is not within the Session working directory."}]
[readThrough host path] durable record: false; model: false
[editThrough] ["edit",{"file_path":"peek/secret.txt","old_string":"SIBLING_SECRET","new_string":"EDITED_BY_A"}] -> admit=202 terminal=turn_complete(end_turn) recoveryBlocked=false 715ms
[editThrough result] {"error":"Hosted file history refused this batch's Write/Edit before execution: Hosted file history requires ordinary Workspace files."}
[editThrough model saw] [{"type":"text","text":"Hosted file history refused this batch's Write/Edit before execution: Hosted file history requires ordinary Workspace files."}]
[editThrough host path] durable record: false; model: false
[overwriteThrough] ["write_file",{"file_path":"peek/secret.txt","content":"OVERWRITTEN_BY_A\n"}] -> admit=202 terminal=turn_complete(end_turn) recoveryBlocked=false 745ms
[overwriteThrough result] {"error":"Hosted file history refused this batch's Write/Edit before execution: Hosted file history requires ordinary Workspace files."}
[overwriteThrough model saw] [{"type":"text","text":"Hosted file history refused this batch's Write/Edit before execution: Hosted file history requires ordinary Workspace files."}]
[overwriteThrough host path] durable record: false; model: false
[createThrough] ["write_file",{"file_path":"peek/new-from-a.txt","content":"WRITTEN_BY_A\n"}] -> admit=202 terminal=turn_complete(end_turn) recoveryBlocked=false 768ms
[createThrough result] {"error":"Hosted file history refused this batch's Write/Edit before execution: Hosted file history requires ordinary Workspace files."}
[createThrough model saw] [{"type":"text","text":"Hosted file history refused this batch's Write/Edit before execution: Hosted file history requires ordinary Workspace files."}]
[createThrough host path] durable record: false; model: false
[createDeepThrough] ["write_file",{"file_path":"peek/sub/deep.txt","content":"DEEP_BY_A\n"}] -> admit=202 terminal=turn_complete(end_turn) recoveryBlocked=false 872ms
[createDeepThrough result] {"error":"Hosted file history refused this batch's Write/Edit before execution: Hosted file history requires ordinary Workspace files."}
[createDeepThrough model saw] [{"type":"text","text":"Hosted file history refused this batch's Write/Edit before execution: Hosted file history requires ordinary Workspace files."}]
[createDeepThrough host path] durable record: false; model: false
[danglingWrite] ["write_file",{"file_path":"dangling","content":"VIA_DANGLING_LINK\n"}] -> admit=202 terminal=turn_complete(end_turn) recoveryBlocked=false 731ms
[danglingWrite result] {"error":"Hosted file history refused this batch's Write/Edit before execution: Hosted file history requires ordinary Workspace files."}
[danglingWrite model saw] [{"type":"text","text":"Hosted file history refused this batch's Write/Edit before execution: Hosted file history requires ordinary Workspace files."}]
[danglingWrite host path] durable record: false; model: false
[readOwn] ["read_file",{"file_path":"src/index.ts"}] -> admit=202 terminal=turn_complete(end_turn) recoveryBlocked=false 881ms
[readOwn result] {"output":"export const api = 1;\n","executionStatus":"success"}
[readOwn model saw] [{"type":"text","text":"export const api = 1;\n"}]
[readOwn host path] durable record: false; model: false
[fs] web/secret.txt="SIBLING_SECRET" web/new-from-a.txt="<absent>" web/sub/deep.txt="<absent>" web/not-yet.txt="<absent>"
[status] {"sessionId":"537a8fc4-e8ce-48b7-ad07-2f8036ec6283","hasActivePrompt":false,"recoveryBlocked":false}
[RESULT] s3-symlink-r3head: 0 passed, 0 failed
