# s1-profiles-head6 db=g17 arm=head6 2026-10-06T10:41:48.306Z
[setup] arm=head6 harness=http://127.0.0.1:57915 ws=ws-c
[create] hosted-workspace-files/1 -> 200; turn admit=202 terminal=turn_complete(end_turn) recoveryBlocked=false 870ms; advertised=["read_file","write_file","edit"]
[create] hosted-workspace-files/2 -> 200; turn admit=202 terminal=turn_complete(end_turn) recoveryBlocked=false 411ms; advertised=["read_file","write_file","edit","glob"]
[create] hosted-workspace-shell/1 -> 200; turn admit=202 terminal=turn_complete(end_turn) recoveryBlocked=false 546ms; advertised=["read_file","write_file","edit","run_shell_command","monitor"]
[create] hosted-workspace-shell/2 -> 200; turn admit=202 terminal=turn_complete(end_turn) recoveryBlocked=false 436ms; advertised=["read_file","write_file","edit","run_shell_command","monitor","glob"]
[PASS] files/1 tools  -> ["read_file","write_file","edit"]
[PASS] files/2 tools  -> ["read_file","write_file","edit","glob"]
[PASS] shell/1 has no glob  -> ["read_file","write_file","edit","run_shell_command","monitor"]
[PASS] shell/2 = shell/1 + glob  -> ["read_file","write_file","edit","run_shell_command","monitor","glob"]
[pin] files/2 detach -> 204
[PASS] files/2 loaded as files/1 -> 409 hosted_tool_profile_conflict  -> 409 {"error":"hosted_tool_profile_conflict","code":"hosted_tool_profile_conflict"}
[PASS] files/2 loaded as shell/2 -> 409  -> 409 {"error":"hosted_tool_profile_conflict","code":"hosted_tool_profile_conflict"}
[PASS] files/2 reloaded with no profile keeps glob  -> 200 ["read_file","write_file","edit","glob"]
[PASS] files/1 loaded as files/2 -> 409  -> 409 {"error":"hosted_tool_profile_conflict","code":"hosted_tool_profile_conflict"}
[PASS] files/1 reloaded with no profile still has no glob  -> 200 ["read_file","write_file","edit"]
[unadvertised] admit=202 terminal=turn_error recoveryBlocked=false 485ms
[unadvertised broker] POST /runtimes:warm -> 200
[PASS] unadvertised glob: no Runtime execution prepared  -> POST /runtimes:warm -> 200
[PASS] unadvertised glob: Session not blocked  -> {"sessionId":"73e4e3e4-f030-4f9e-ab07-58637cb7b83a","hasActivePrompt":false,"recoveryBlocked":false}
[PASS] unadvertised glob: next Turn completes  -> admit=202 terminal=turn_complete(end_turn) recoveryBlocked=false 761ms
[holders] [["1feb5a8ebfbefe88750b440d905d8ab5a8abd81c930c2f4472977eb281baa258","<none>"]]
[RESULT] s1-profiles-head6: 12 passed, 0 failed
