# s3-symlink-head6 db=g17 arm=head6 2026-10-06T10:42:56.580Z
[setup] arm=head6 profile=hosted-workspace-files/2 ws=ws-e root=/Users/wenshao/pr13166-rig/run/g17/roots/e
[create A] 200
[globLinkPath] ["glob",{"pattern":"*","path":"peek"}] -> admit=202 terminal=turn_complete(end_turn) recoveryBlocked=false 2338ms
[globLinkPath result] {"error":"Path 'peek' is not within the Session working directory.","executionStatus":"error","runtimeError":{"message":"Path 'peek' is not within the Session working directory."}}
[globLinkPath model saw] [{"type":"text","text":"Path 'peek' is not within the Session working directory."}]
[globLinkPath host path] durable record: false; model: false
[globLinkPattern] ["glob",{"pattern":"peek/**/*"}] -> admit=202 terminal=turn_complete(end_turn) recoveryBlocked=false 1433ms
[globLinkPattern result] {"output":"No files found matching pattern \"peek/**/*\" within .","executionStatus":"success"}
[globLinkPattern model saw] [{"type":"text","text":"No files found matching pattern \"peek/**/*\" within ."}]
[globLinkPattern host path] durable record: false; model: false
[globAll] ["glob",{"pattern":"**/*"}] -> admit=202 terminal=turn_complete(end_turn) recoveryBlocked=false 1866ms
[globAll result] {"output":"Found 3 file(s) matching \"**/*\" within ., sorted by modification time (newest first):\n---\ndangling\npeek\nsrc/index.ts","executionStatus":"success"}
[globAll model saw] [{"type":"text","text":"Found 3 file(s) matching \"**/*\" within ., sorted by modification time (newest first):\n---\ndangling\npeek\nsrc/index.ts"}]
[globAll host path] durable record: false; model: false
[globStar] ["glob",{"pattern":"*"}] -> admit=202 terminal=turn_complete(end_turn) recoveryBlocked=false 1931ms
[globStar result] {"output":"Found 2 file(s) matching \"*\" within ., sorted by modification time (newest first):\n---\ndangling\npeek","executionStatus":"success"}
[globStar model saw] [{"type":"text","text":"Found 2 file(s) matching \"*\" within ., sorted by modification time (newest first):\n---\ndangling\npeek"}]
[globStar host path] durable record: false; model: false
[globTs] ["glob",{"pattern":"**/*.ts"}] -> admit=202 terminal=turn_complete(end_turn) recoveryBlocked=false 2355ms
[globTs result] {"output":"Found 1 file(s) matching \"**/*.ts\" within ., sorted by modification time (newest first):\n---\nsrc/index.ts","executionStatus":"success"}
[globTs model saw] [{"type":"text","text":"Found 1 file(s) matching \"**/*.ts\" within ., sorted by modification time (newest first):\n---\nsrc/index.ts"}]
[globTs host path] durable record: false; model: false
[globSrc] ["glob",{"pattern":"**/*","path":"src"}] -> admit=202 terminal=turn_complete(end_turn) recoveryBlocked=false 2161ms
[globSrc result] {"output":"Found 1 file(s) matching \"**/*\" within src, sorted by modification time (newest first):\n---\nsrc/index.ts","executionStatus":"success"}
[globSrc model saw] [{"type":"text","text":"Found 1 file(s) matching \"**/*\" within src, sorted by modification time (newest first):\n---\nsrc/index.ts"}]
[globSrc host path] durable record: false; model: false
[readThrough] ["read_file",{"file_path":"peek/secret.txt"}] -> admit=202 terminal=turn_complete(end_turn) recoveryBlocked=false 2777ms
[readThrough result] {"output":"SIBLING_SECRET\n","executionStatus":"success"}
[readThrough model saw] [{"type":"text","text":"SIBLING_SECRET\n"}]
[readThrough host path] durable record: false; model: false
[editThrough] ["edit",{"file_path":"peek/secret.txt","old_string":"SIBLING_SECRET","new_string":"EDITED_BY_A"}] -> admit=202 terminal=turn_complete(end_turn) recoveryBlocked=false 2291ms
[editThrough result] {"error":"Hosted file history refused this batch's Write/Edit before execution: Hosted file history requires ordinary Workspace files."}
[editThrough model saw] [{"type":"text","text":"Hosted file history refused this batch's Write/Edit before execution: Hosted file history requires ordinary Workspace files."}]
[editThrough host path] durable record: false; model: false
[overwriteThrough] ["write_file",{"file_path":"peek/secret.txt","content":"OVERWRITTEN_BY_A\n"}] -> admit=202 terminal=turn_complete(end_turn) recoveryBlocked=false 2398ms
[overwriteThrough result] {"error":"Hosted file history refused this batch's Write/Edit before execution: Hosted file history requires ordinary Workspace files."}
[overwriteThrough model saw] [{"type":"text","text":"Hosted file history refused this batch's Write/Edit before execution: Hosted file history requires ordinary Workspace files."}]
[overwriteThrough host path] durable record: false; model: false
[createThrough] ["write_file",{"file_path":"peek/new-from-a.txt","content":"WRITTEN_BY_A\n"}] -> admit=202 terminal=turn_complete(end_turn) recoveryBlocked=false 2530ms
[createThrough result] {"error":"Hosted file history refused this batch's Write/Edit before execution: Hosted file history requires ordinary Workspace files."}
[createThrough model saw] [{"type":"text","text":"Hosted file history refused this batch's Write/Edit before execution: Hosted file history requires ordinary Workspace files."}]
[createThrough host path] durable record: false; model: false
[createDeepThrough] ["write_file",{"file_path":"peek/sub/deep.txt","content":"DEEP_BY_A\n"}] -> admit=202 terminal=turn_complete(end_turn) recoveryBlocked=false 3667ms
[createDeepThrough result] {"error":"Hosted file history refused this batch's Write/Edit before execution: Hosted file history requires ordinary Workspace files."}
[createDeepThrough model saw] [{"type":"text","text":"Hosted file history refused this batch's Write/Edit before execution: Hosted file history requires ordinary Workspace files."}]
[createDeepThrough host path] durable record: false; model: false
[danglingWrite] ["write_file",{"file_path":"dangling","content":"VIA_DANGLING_LINK\n"}] -> admit=202 terminal=turn_complete(end_turn) recoveryBlocked=false 4608ms
[danglingWrite result] {"error":"Hosted file history refused this batch's Write/Edit before execution: Hosted file history requires ordinary Workspace files."}
[danglingWrite model saw] [{"type":"text","text":"Hosted file history refused this batch's Write/Edit before execution: Hosted file history requires ordinary Workspace files."}]
[danglingWrite host path] durable record: false; model: false
[readOwn] ["read_file",{"file_path":"src/index.ts"}] -> admit=202 terminal=turn_complete(end_turn) recoveryBlocked=false 4705ms
[readOwn result] {"output":"export const api = 1;\n","executionStatus":"success"}
[readOwn model saw] [{"type":"text","text":"export const api = 1;\n"}]
[readOwn host path] durable record: false; model: false
[fs] web/secret.txt="SIBLING_SECRET" web/new-from-a.txt="<absent>" web/sub/deep.txt="<absent>" web/not-yet.txt="<absent>"
[status] {"sessionId":"e49e53f3-aecb-41d9-aebb-76b3a6c5f7d7","hasActivePrompt":false,"recoveryBlocked":false}
[RESULT] s3-symlink-head6: 0 passed, 0 failed
