# s1-later-turns-ws-b-head  db=t6  2026-10-02T23:55:00.268Z
PASS  alice creates a bound Session with an initial Turn -> 202  -> 202 session=5070214a-43d3-4e11-89ae-1e6dd9d3276f
PASS  initial Turn COMPLETED  -> {"status":"COMPLETED","error":"","ms":3006}
PASS  initial Turn wrote child/proof.txt = after-t1  -> after-t1
PASS  initial Turn: 3 tool executions  -> 3
PASS  WebShell sessions/get as alice: 200, capabilities.workspaceTurns=true  -> 200 caps={"tasks":true,"artifacts":false,"actions":false,"workspaceTurns":true,"sessionClose":false,"sessionArchive":false,"sessionUnarchive":false,"sessionDelete":false}
PASS  WebShell sessions/get as carol: 200, capabilities.workspaceTurns=false  -> 200 caps={"tasks":true,"artifacts":false,"actions":false,"workspaceTurns":false,"sessionClose":false,"sessionArchive":false,"sessionUnarchive":false,"sessionDelete":false}
PASS  WebShell sessions/get as bob: 200, capabilities.workspaceTurns=false  -> 200 caps={"tasks":true,"artifacts":false,"actions":false,"workspaceTurns":false,"sessionClose":false,"sessionArchive":false,"sessionUnarchive":false,"sessionDelete":false}
PASS  WebShell sessions/get as mallory (no grant) -> 404  -> 404 session_not_found
PASS  WebShell sessions/query row carries the same capability for alice  -> {"tasks":true,"artifacts":false,"actions":false,"workspaceTurns":true,"sessionClose":false,"sessionArchive":false,"sessionUnarchive":false,"sessionDelete":false}
PASS  later Turn from carol -> 409 workspace_unavailable  -> 409 workspace_unavailable
PASS  later Turn from bob -> 409 workspace_unavailable  -> 409 workspace_unavailable
PASS  later Turn from mallory -> 404  -> 404 session_not_found
PASS  refused callers added no Turn  -> 1 vs 1
PASS  creator's later Turn -> 202  -> 202 {"session_id":"5070214a-43d3-4e11-89ae-1e6dd9d3276f","turn_id":"turn_f3f67eadc03244348c216e343fbe9666","status":"accepted","replayed":false}
PASS  later Turn COMPLETED  -> {"status":"COMPLETED","error":"","ms":2573}
PASS  later Turn rewrote child/proof.txt = after-t2 in the same bound cwd  -> after-t2
PASS  tool executions doubled (3 -> 6)  -> 6
PASS  Harness decoy cwd untouched
FAIL  later Turn: the model saw the earlier conversation (history kept)  -> requests=8 userTurns=2 msgs=10
PASS  replaying the later Turn key returns the same Turn  -> 202 turn_f3f67eadc03244348c216e343fbe9666
PASS  same key, different body -> 409 idempotency_conflict  -> 409 idempotency_conflict
PASS  another caller replaying the creator's key is still refused  -> 409 workspace_unavailable
PASS  creator submits a Turn that the model holds -> 202  -> 202
PASS  the held Turn reached the model
PASS  a second Turn while one runs -> 409 turn_active  -> 409 turn_active
PASS  cancel from carol -> 409  -> 409 workspace_unavailable
PASS  cancel from bob -> 409  -> 409 workspace_unavailable
PASS  cancel from mallory -> 404  -> 404 session_not_found
PASS  cancel from the creator -> 202  -> 202 {"session_id":"5070214a-43d3-4e11-89ae-1e6dd9d3276f","turn_id":"turn_85f9e2c5870c49faa9ecb3d8c7c1b5f4","status":"accepted","replayed":false}
PASS  held Turn ends CANCELLED  -> {"status":"CANCELLED","error":"","ms":724} after 757 ms
PASS  the Hosted Harness aborted the model request  -> aborted after 189 ms held
PASS  no tool ran in the cancelled Turn  -> 6
NOTE  Workspace execution lease rows after cancel  -> [["1feb5a8ebfbefe88750b440d905d8ab5a8abd81c930c2f4472977eb281baa258","<null>"],["2e9b77e70bf16ce0fc7f89df00bacd95950f13254e206dc6aa5a958972f11879","<null>"],["37735772167fedca8099b2d71864549d8a515c05968489904f054905d3ec773a","<null>"],["a29656f1b961f9406adde4d20b3ff7d099fde4918ae992dd612e68c57135d664","<null>"],["aa7fdddbad9e934baef67cdc8e710b2129d4ee7ebc78178a9a133a8d16f6d06d","<null>"],["d2349c85413306f2bdb449280cda53d43841e3a8db16ff520407d4c0c95b0df0","<null>"],["ddadb8f76f1c384cad01108a6bb3b91af9a858dd861615a68a59b1c645b48ca2","<null>"],["fe357806478cfa815532b0c76f029e4bb9ddd56f76f8e23dd73ffcf2631e82d9","<null>"]]
NOTE  runtime sessions for this Session  -> [["RELEASED","2"]]
PASS  a Turn after the cancel COMPLETES (Workspace and Runtime free)  -> 202 {"status":"COMPLETED","error":"","ms":2704}
PASS  file = after-t3; executions 9  -> after-t3 9
PASS  WebShell turns/submit as creator -> 202 and COMPLETED  -> 202 {"status":"COMPLETED","error":"","ms":2740} after-t4
PASS  WebShell turns/submit as bob -> 409 workspace_unavailable  -> 409 workspace_unavailable
PASS  WebShell turns/cancel as carol -> 409  -> 409 workspace_unavailable
PASS  WebShell turns/cancel as creator -> 202, Turn CANCELLED, model aborted  -> 202 {"status":"CANCELLED","error":"","ms":682}
PASS  rename from carol -> 409  -> 409 workspace_unavailable
PASS  rename from bob -> 409  -> 409 workspace_unavailable
PASS  rename from mallory -> 404  -> 404 session_not_found
PASS  rename from the creator -> 200 with the new title  -> 200 {"title":"Renamed by creator"}
PASS  a reader sees the new title  -> Renamed by creator
PASS  creator close (public) -> 409 (workspace_unavailable)  -> 409 workspace_unavailable
PASS  creator archive (public) -> 409 (workspace_unavailable|session_state_conflict)  -> 409 session_state_conflict
PASS  creator unarchive (public) -> 409 (workspace_unavailable|session_state_conflict)  -> 409 session_state_conflict
PASS  creator delete (public) -> 409 (workspace_unavailable|session_state_conflict)  -> 409 session_state_conflict
PASS  creator close (WebShell) -> 409 (workspace_unavailable)  -> 409 workspace_unavailable
PASS  creator archive (WebShell) -> 409 (workspace_unavailable|session_state_conflict)  -> 409 session_state_conflict
PASS  creator delete (WebShell) -> 409 (workspace_unavailable|session_state_conflict)  -> 409 session_state_conflict
PASS  Session still ACTIVE
NOTE  Turn history  -> [["turn_8961571014ce4d1abe5d095799663336","COMPLETED","","0"],["turn_f3f67eadc03244348c216e343fbe9666","COMPLETED","","0"],["turn_85f9e2c5870c49faa9ecb3d8c7c1b5f4","CANCELLED","","0"],["turn_e6d4d5121d6345519359d4cc5ca906e9","COMPLETED","","0"],["turn_d92013f4c31d4e88978df7d3dec48881","COMPLETED","","0"],["turn_66af40d2b834496895a7483165919e57","CANCELLED","","0"]]
== s1-later-turns-ws-b-head: 50 passed, 1 failed
