# c23-approve-retry-revoke-restore-ws-a1  db=ch9  2026-10-08T09:20:55.870Z
PASS  initial Turn COMPLETED after approval
PASS  later Turn waits for approval  -> tool_approval_e2c7ba412e742bd88853d21c437631b4
NOTE  approval answer (public)  -> 202 pending
NOTE  answer operation after 12000 ms under revoke (state, error, attempts)  -> ["RUNNING","","4"] (not settled); states seen ["RUNNING"]
NOTE  resolve calls reaching the Harness during the hold  -> ["-:200","respond:503"]
NOTE  Action row during the hold  -> ["requested"]
NOTE  Workspace file child/a2-56176.txt during the hold  -> null
PASS  revoke: answer stays retryable (PENDING, not FAILED) while the state is changed  -> ["RUNNING","","4"]
PASS  revoke: nothing delivered to the Harness while the state is changed  -> delivered=0 file=null
NOTE  answer operation after the restore  -> ["COMPLETED","","4"] at +6187 ms
NOTE  Action row after the restore  -> ["decided","decision_4ebe359a58708f740c954298afaef1ab6e790ae11ee53581d8e69433fcbd8370"]
NOTE  Turn after the restore  -> COMPLETED  at +2214 ms
NOTE  resolve calls reaching the Harness (all)  -> ["-:200","respond:503","-:200"]
NOTE  Workspace file child/a2-56176.txt / executions added  -> SECOND / 1
PASS  restore: the committed answer is delivered (op COMPLETED, Action decided)  -> ["COMPLETED","","4"] ["decided","decision_4ebe359a58708f740c954298afaef1ab6e790ae11ee53581d8e69433fcbd8370"]
PASS  restore: exactly one successful resolve reached the Harness  -> ["-:200","respond:503","-:200"]
PASS  restore: the Turn completes and the approved write lands  -> COMPLETED file=SECOND
NOTE  Turn history  -> [["turn_43e522733476416aaea2becb27eb3eaa","COMPLETED","","0"],["turn_1374c0f61e324362bea28c239f64c633","COMPLETED","","0"]]
== c23-approve-retry-revoke-restore-ws-a1: 7 passed, 0 failed
