# c23-approve-retry-revoke-cancel-ws-a2  db=ch9  2026-10-08T09:21:24.802Z
PASS  initial Turn COMPLETED after approval
PASS  later Turn waits for approval  -> tool_approval_3e02a6d65e28c2add248c4c47a84007d
NOTE  approval answer (public)  -> 202 pending
NOTE  answer operation after 12000 ms under revoke (state, error, attempts)  -> ["RUNNING","","4"] (not settled); states seen ["RUNNING"]
NOTE  resolve calls reaching the Harness during the hold  -> ["-:200","respond:503"]
NOTE  Action row during the hold  -> ["requested"]
NOTE  Workspace file child/a2-85131.txt during the hold  -> null
PASS  revoke: answer stays retryable (PENDING, not FAILED) while the state is changed  -> ["RUNNING","","4"]
PASS  revoke: nothing delivered to the Harness while the state is changed  -> delivered=0 file=null
NOTE  creator cancel with the state still changed  -> 202 accepted → CANCELLED  at +521 ms
NOTE  answer operation after the cancel  -> ["FAILED","action_cancelled","4"] at +6145 ms; attempts 5 s later 4
NOTE  Action row after the cancel  -> ["cancelled"]
NOTE  resolve calls reaching the Harness (all)  -> ["-:200","respond:503"]
NOTE  Workspace file child/a2-85131.txt / executions added  -> null / 0
PASS  cancel: creator cancel is admitted and the Turn ends CANCELLED  -> 202 CANCELLED
PASS  cancel: the pending answer settles and stops retrying  -> ["FAILED","action_cancelled","4"] attempts 4→4
PASS  cancel: the approved write never lands  -> file=null delivered=0
NOTE  Turn history  -> [["turn_81bbf1073ca045d98f1114848afc0fea","COMPLETED","","0"],["turn_9928e51e6fbe4035b7eccfc3610daee1","CANCELLED","","0"]]
== c23-approve-retry-revoke-cancel-ws-a2: 7 passed, 0 failed
