CAUGHT    checkpoint: never attach content to the running heartbeat  (6 failing)
            × StatusCardController > periodically republishes the full content for reconnected clients 13ms
            × StatusCardController > retries a failed full-content checkpoint on the next status update 27ms
            × StatusCardController > writes terminal state after an in-flight full-content checkpoint 5003ms
CAUGHT    checkpoint: interval 5s -> 7s  (6 failing)
            × StatusCardController > periodically republishes the full content for reconnected clients 8ms
            × StatusCardController > retries a failed full-content checkpoint on the next status update 9ms
            × StatusCardController > writes terminal state after an in-flight full-content checkpoint 5003ms
CAUGHT    checkpoint: drop the lastContentSyncSecond advance  (2 failing)
            × StatusCardController > periodically republishes the full content for reconnected clients 28ms
            FAIL  src/status-card-controller.test.ts > StatusCardController > periodically republishes the full content for reconnected clients
CAUGHT    classifier: no HTTP status is retryable  (10 failing)
            × DingtalkInteractiveCardClient > classifies HTTP 408 as retryable 6ms
            × DingtalkInteractiveCardClient > classifies HTTP 425 as retryable 1ms
            × DingtalkInteractiveCardClient > classifies HTTP 429 as retryable 1ms
CAUGHT    stream retry: never schedule a retry after a transient failure  (4 failing)
            × StatusCardController > retries the latest snapshot after a transient content failure 13ms
            × StatusCardController > falls back when the boundary drain write fails and keeps retrying 1ms
            FAIL  src/status-card-controller.test.ts > StatusCardController > retries the latest snapshot after a transient content failure
CAUGHT    stream retry: drop the streamRetryAttempt reset on success  (2 failing)
            × DingtalkChannel quoted media > still delivers the text when an over-long quoted file name fails the store 60ms
            FAIL  src/DingtalkAdapter.test.ts > DingtalkChannel quoted media > still delivers the text when an over-long quoted file name fails the store
CAUGHT    terminal retry: never retry a failed terminal write  (6 failing)
            × StatusCardController > finalizes a delivered card when its initial stream fails 6ms
            × StatusCardController > recovers terminal state after content and finalization failures 1ms
            × StatusCardController > backs off exponentially and caps terminal retries at 30s 1ms
CAUGHT    creation retry: never retry a transient creation failure  (2 failing)
            × StatusCardController > retries card creation after a transient failure and resumes streaming 7ms
            FAIL  src/status-card-controller.test.ts > StatusCardController > retries card creation after a transient failure and resumes streaming
CAUGHT    dispose: channel disconnect no longer disposes the controller  (2 failing)
            × DingtalkChannel status cards > disposes status-card recovery when disconnected 6ms
            FAIL  src/DingtalkAdapter.test.ts > DingtalkChannel status cards > disposes status-card recovery when disconnected
CAUGHT    backoff: cap 30s -> 300s  (2 failing)
            × StatusCardController > backs off exponentially and caps terminal retries at 30s 7ms
            FAIL  src/status-card-controller.test.ts > StatusCardController > backs off exponentially and caps terminal retries at 30s
CAUGHT    F1 fix (a2211707e2): re-capture the snapshot before awaiting ready  (2 failing)
            × StatusCardController > does not rewind content after delayed card creation 9ms
            FAIL  src/status-card-controller.test.ts > StatusCardController > does not rewind content after delayed card creation
CAUGHT    redundant-flush guard (bc35af3fc4): reschedule whenever a write is pending  (2 failing)
            × StatusCardController > does not rewind content after delayed card creation 6ms
            FAIL  src/status-card-controller.test.ts > StatusCardController > does not rewind content after delayed card creation
CAUGHT    token classifier (b7f629a7b5): treat every gettoken errcode as transient  (12 failing)
            × DingtalkChannel proactive send > classifies gettoken errcode 40001 as a non-retryable token error 9ms
            × DingtalkChannel proactive send > classifies gettoken errcode 40013 as a non-retryable token error 9ms
            × DingtalkChannel proactive send > classifies gettoken errcode 40089 as a non-retryable token error 4ms

13/13 mutants caught
EXIT=0
