# s43-b43n  db=r43n arm=b43n  2026-10-05T09:31:04.099Z
NOTE  S1 never-settling module (timeout 2000) turn  -> admit=202 STILL ACTIVE after 30021 ms
NOTE  S1 never-settling module (timeout 2000) module top-level runs / callbacks  -> eval-start=1 eval-done=0 callback=0
NOTE  S1 never-settling module (timeout 2000) hook execution record  -> running/"dispatch_started" | running/"dispatch_started"
NOTE  S1 never-settling module (timeout 2000) lease holder  -> hooks-activation-58bcebdcaf62863956bebd4a931b732b0ae1a5bc8073115f11ce279414d71b71
NOTE  S1 never-settling module (timeout 2000) cancel  -> cancel=204 (2 ms) STILL ACTIVE 20052 ms after cancel
NOTE  S1 never-settling module (timeout 2000) next prompt, same Session  -> admit=409 hosted_turn_active (2 ms)
NOTE  S1 never-settling module (timeout 2000) hook execution records after next prompt  -> running/"dispatch_started" | running/"dispatch_started"
NOTE  S1 never-settling module (timeout 2000) detach  -> 409 hosted_turn_active (2 ms)
NOTE  S1 never-settling module (timeout 2000) neighbour Session (no Hooks, same Workspace)  -> admit=202 STILL ACTIVE after 30078 ms wrote=false
NOTE  S2 cancel during evaluation (timeout 60000) module evaluation started  -> after 461 ms
NOTE  S2 cancel during evaluation (timeout 60000) cancel  -> cancel=204 (3 ms) STILL ACTIVE 20037 ms after cancel
NOTE  S2 cancel during evaluation (timeout 60000) hook execution record after cancel  -> running/"dispatch_started" | running/"dispatch_started"
NOTE  S2 cancel during evaluation (timeout 60000) gate opened -> module evaluation finished  -> after 52 ms
NOTE  S2 cancel during evaluation (timeout 60000) turn after gate opened  -> idle 20447 ms after cancel terminal=turn_complete(cancelled)
NOTE  S2 cancel during evaluation (timeout 60000) hook execution record  -> cancelled/"settled"+result | cancelled/"settled"+result
NOTE  S2 cancel during evaluation (timeout 60000) next prompt after evaluation finished  -> admit=202 terminal=turn_complete(end_turn) idle after 1251 ms recoveryBlocked=false callbacks=1
NOTE  S2 cancel during evaluation (timeout 60000) detach after evaluation finished  -> 204 (68 ms)
NOTE  S2b cancel, evaluation finishes, next turn (no detach in between) cancel  -> started=512 STILL ACTIVE after 20 s
NOTE  S2b cancel, evaluation finishes, next turn (no detach in between) status after cancel  -> recoveryBlocked=true records=running/"dispatch_started" | running/"dispatch_started"
NOTE  S2b cancel, evaluation finishes, next turn (no detach in between) turn after gate opened  -> idle terminal=turn_complete(cancelled)
NOTE  S2b cancel, evaluation finishes, next turn (no detach in between) status after the module finished  -> recoveryBlocked=false (eval-done after 50 ms)
NOTE  S2b cancel, evaluation finishes, next turn (no detach in between) next prompt after evaluation finished  -> admit=202 terminal=turn_complete(end_turn) idle after 936 ms recoveryBlocked=false (eval-done after 50 ms) callbacks=1
NOTE  S2b cancel, evaluation finishes, next turn (no detach in between) hook execution records  -> cancelled/"settled"+result | cancelled/"settled"+result | settled/"settled"+result | settled/"settled"+result
NOTE  S2b cancel, evaluation finishes, next turn (no detach in between) detach  -> 204 (57 ms)
NOTE  S2b cancel, evaluation finishes, next turn (no detach in between) hook execution records after detach  -> cancelled/"settled"+result | cancelled/"settled"+result | settled/"settled"+result | settled/"settled"+result
NOTE  S2b cancel, evaluation finishes, next turn (no detach in between) load  -> 200 (527 ms)
NOTE  S2b cancel, evaluation finishes, next turn (no detach in between) prompt after detach + load  -> admit=202 terminal=turn_complete(end_turn) idle after 1136 ms recoveryBlocked=false callbacks=2
NOTE  S2c next turn while evaluation still pending (timeout 3000) cancel  -> started=410 STILL ACTIVE after 20 s
NOTE  S2c next turn while evaluation still pending (timeout 3000) turn after gate opened  -> idle terminal=turn_complete(cancelled)
NOTE  S2c next turn while evaluation still pending (timeout 3000) prompt after evaluation finished  -> admit=202 terminal=turn_complete(end_turn) idle after 1046 ms recoveryBlocked=false callbacks=1
NOTE  S2c next turn while evaluation still pending (timeout 3000) detach  -> 204 (47 ms)
NOTE  S3 300 ms evaluation, timeout 10 turn  -> admit=202 terminal=turn_complete(end_turn) idle after 1267 ms recoveryBlocked=false callbacks=1
NOTE  S3 300 ms evaluation, timeout 10 hook execution record  -> settled/"settled"+result | settled/"settled"+result
NOTE  S4a 1500 ms evaluation, timeout 10 turn  -> admit=202 terminal=turn_complete(end_turn) idle after 2593 ms recoveryBlocked=false callbacks=1
NOTE  S4a 1500 ms evaluation, timeout 10 hook execution record  -> settled/"settled"+result | settled/"settled"+result
NOTE  S4a 1500 ms evaluation, timeout 10 module after 2 s  -> eval-done=1
NOTE  S4a 1500 ms evaluation, timeout 10 next prompt, same Session  -> admit=202 terminal=turn_complete(end_turn) idle after 944 ms recoveryBlocked=false
NOTE  S4a 1500 ms evaluation, timeout 10 detach  -> 204 (61 ms)
NOTE  S4a 1500 ms evaluation, timeout 10 load  -> 200 (577 ms)
NOTE  S4a 1500 ms evaluation, timeout 10 prompt after load  -> admit=202 terminal=turn_complete(end_turn) idle after 1038 ms recoveryBlocked=false
NOTE  S4a 1500 ms evaluation, timeout 10 neighbour Session (no Hooks, same Workspace)  -> admit=202 terminal=turn_complete(end_turn) idle after 1063 ms recoveryBlocked=false wrote=true
NOTE  S4b 1500 ms evaluation, timeout 3000 turn  -> admit=202 terminal=turn_complete(end_turn) idle after 2392 ms recoveryBlocked=false callbacks=1
NOTE  S4b 1500 ms evaluation, timeout 3000 hook execution record  -> settled/"settled"+result | settled/"settled"+result
NOTE  S5 module throws at top level turn  -> admit=202 terminal=<none> idle after 523 ms recoveryBlocked=true
NOTE  S5 module throws at top level hook execution record  -> running/"dispatch_started" | recovery_blocked/"not_started_proven"/handler_unavailable
NOTE  S5 module throws at top level next prompt, same Session  -> admit=409 hosted_turn_recovery_required (3 ms)
NOTE  S5 module throws at top level detach  -> 204 (198 ms)
NOTE  S7 DELETE while evaluation pending cancel  -> started=459 STILL ACTIVE after 20 s
NOTE  S7 DELETE while evaluation pending DELETE while evaluation pending  -> 409 hosted_turn_active (5 ms)
NOTE  S7 DELETE while evaluation pending lease holder  -> hooks-activation-87300046ac1922ddf0c0eeb2bf5a1925715798ef7e03068e19d729e8aa1bae4c
NOTE  S7 DELETE while evaluation pending turn after gate opened  -> idle terminal=turn_complete(cancelled)
NOTE  S7 DELETE while evaluation pending DELETE after evaluation finished  -> 204 (406 ms) (eval-done after 52 ms)
NOTE  S7 DELETE while evaluation pending lease holder after DELETE  -> <none>
NOTE  S6 Harness replaced while evaluation pending cancel  -> started=255 STILL ACTIVE after 20 s
NOTE  S6 Harness replaced while evaluation pending hook execution record before replacement  -> running/"dispatch_started" | running/"dispatch_started"
NOTE  S6 Harness replaced while evaluation pending lease holder before replacement  -> hooks-activation-47528831dd8e9dd52b5ef62c760d08615112c78b0c17ff2e8075f5ad5e958cc0
NOTE  S6 Harness replaced while evaluation pending load in new Harness  -> 200 (121 ms) after 38485 ms recoveryRequired
NOTE  S6 Harness replaced while evaluation pending Hook turn in new Harness, evaluation still pending  -> admit=409 hosted_turn_recovery_required (2 ms)
NOTE  S6 Harness replaced while evaluation pending hook execution records  -> running/"dispatch_started" | running/"dispatch_started"
NOTE  S6 Harness replaced while evaluation pending lease holder  -> hooks-activation-47528831dd8e9dd52b5ef62c760d08615112c78b0c17ff2e8075f5ad5e958cc0
NOTE  S6 Harness replaced while evaluation pending gate opened -> evaluation finished  -> after 53 ms
NOTE  S6 Harness replaced while evaluation pending Hook turn after evaluation finished  -> admit=409 hosted_turn_recovery_required (1 ms) callbacks=0
NOTE  S6 Harness replaced while evaluation pending lease holder after  -> hooks-activation-47528831dd8e9dd52b5ef62c760d08615112c78b0c17ff2e8075f5ad5e958cc0
NOTE  S6 Harness replaced while evaluation pending detach  -> 204 (93 ms)
NOTE  S6 Harness replaced while evaluation pending Harness log: hook owner warnings  -> <none>
== RESULT s43-b43n: 0 passed, 0 failed
