### /Users/wenshao/.local/share/fnm/node-versions/v22.23.2/installation/bin/node c1-cancel-refused.mjs ws-a a revoke alice
# c1-revoke-alice-late-ws-a  db=h9  2026-10-04T17:09:49.141Z
PASS  initial Turn COMPLETED  -> 3c228b17-b50e-4715-9d1c-d7f04a16b7e5
PASS  later Turn admitted  -> 202 turn_ca497b124ed24f89a3bc24d5d73ec0dc
NOTE  cancel by alice under revoke  -> 202 accepted in 6 ms; workspaceTurns=false
NOTE  Turn end  -> CANCELLED  at +261 ms
NOTE  model request  -> aborted after 110 ms
NOTE  Workspace file child/late-revoke-90636.txt  -> null
NOTE  tool executions added by the later Turn  -> 0
NOTE  refusal lifted after the Turn ended  -> +1812 ms
NOTE  next later Turn after restore  -> 202  -> COMPLETED; file=AFTER
NOTE  Turn history  -> [["turn_bff739e9879443dd8cf8b930c86b47ba","COMPLETED","","0"],["turn_ca497b124ed24f89a3bc24d5d73ec0dc","CANCELLED","","0"],["turn_bf4e84b0d1ff405db79769ac379126a7","COMPLETED","","0"]]
NOTE  command rows  -> [["SUBMIT_TURN","COMPLETED"],["CANCEL_TURN","COMPLETED"],["SUBMIT_TURN","COMPLETED"]]
== c1-revoke-alice-late-ws-a: 2 passed, 0 failed
RC=0
### /Users/wenshao/.local/share/fnm/node-versions/v22.23.2/installation/bin/node c1-cancel-refused.mjs ws-b b draining alice
# c1-draining-alice-late-ws-b  db=h9  2026-10-04T17:09:53.625Z
PASS  initial Turn COMPLETED  -> 2aabe9db-7e31-4b80-956e-b5a6c4f9fe21
PASS  later Turn admitted  -> 202 turn_a729b2b7c50e47149209b444b428eaab
NOTE  cancel by alice under draining  -> 202 accepted in 7 ms; workspaceTurns=false
NOTE  Turn end  -> CANCELLED  at +265 ms
NOTE  model request  -> aborted after 131 ms
NOTE  Workspace file child/late-draining-95106.txt  -> null
NOTE  tool executions added by the later Turn  -> 0
NOTE  refusal lifted after the Turn ended  -> +1814 ms
NOTE  next later Turn after restore  -> 202  -> COMPLETED; file=AFTER
NOTE  Turn history  -> [["turn_36a1de6594be4189a47b753929db82f5","COMPLETED","","0"],["turn_a729b2b7c50e47149209b444b428eaab","CANCELLED","","0"],["turn_4d7b69b1278645fc973c44cc0483b5aa","COMPLETED","","0"]]
NOTE  command rows  -> [["SUBMIT_TURN","COMPLETED"],["CANCEL_TURN","COMPLETED"],["SUBMIT_TURN","COMPLETED"]]
== c1-draining-alice-late-ws-b: 2 passed, 0 failed
RC=0
### /Users/wenshao/.local/share/fnm/node-versions/v22.23.2/installation/bin/node c1-cancel-refused.mjs ws-c c regen alice
# c1-regen-alice-late-ws-c  db=h9  2026-10-04T17:09:58.097Z
PASS  initial Turn COMPLETED  -> f1e24c7c-99c9-45f8-96da-41ddce24280a
PASS  later Turn admitted  -> 202 turn_08502b300097440991070a4c0d635662
NOTE  cancel by alice under regen  -> 202 accepted in 5 ms; workspaceTurns=false
NOTE  Turn end  -> CANCELLED  at +259 ms
NOTE  model request  -> aborted after 51 ms
NOTE  Workspace file child/late-regen-99585.txt  -> null
NOTE  tool executions added by the later Turn  -> 0
NOTE  refusal lifted after the Turn ended  -> +1818 ms
NOTE  next later Turn after restore  -> 202  -> COMPLETED; file=AFTER
NOTE  Turn history  -> [["turn_63f1cfde57f64fc3abbae52bb58d5323","COMPLETED","","0"],["turn_08502b300097440991070a4c0d635662","CANCELLED","","0"],["turn_5ea42e6d53194a5d87ce4e023b61a906","COMPLETED","","0"]]
NOTE  command rows  -> [["SUBMIT_TURN","COMPLETED"],["CANCEL_TURN","COMPLETED"],["SUBMIT_TURN","COMPLETED"]]
== c1-regen-alice-late-ws-c: 2 passed, 0 failed
RC=0
### env RESTORE=early /Users/wenshao/.local/share/fnm/node-versions/v22.23.2/installation/bin/node c1-cancel-refused.mjs ws-ea a revoke alice
# c1-revoke-alice-early-ws-ea  db=h9  2026-10-04T17:10:02.483Z
PASS  initial Turn COMPLETED  -> 094b8999-38c7-430e-97b2-ecd2ce82a357
PASS  later Turn admitted  -> 202 turn_f43ae0481da94eca8c803333f9cb4b2e
NOTE  cancel by alice under revoke  -> 202 accepted in 7 ms; workspaceTurns=false
NOTE  refusal lifted  -> +1062 ms
NOTE  Turn end  -> CANCELLED  at +1078 ms
NOTE  model request  -> aborted after 54 ms
NOTE  Workspace file child/late-revoke-3962.txt  -> null
NOTE  tool executions added by the later Turn  -> 0
NOTE  next later Turn after restore  -> 202  -> COMPLETED; file=AFTER
NOTE  Turn history  -> [["turn_ca05ecf91ff645b2ba14729acd0f9f5b","COMPLETED","","0"],["turn_f43ae0481da94eca8c803333f9cb4b2e","CANCELLED","","0"],["turn_f893645e176644bd975c956d4261bf48","COMPLETED","","0"]]
NOTE  command rows  -> [["SUBMIT_TURN","COMPLETED"],["CANCEL_TURN","COMPLETED"],["SUBMIT_TURN","COMPLETED"]]
== c1-revoke-alice-early-ws-ea: 2 passed, 0 failed
RC=0
### env RESTORE=early /Users/wenshao/.local/share/fnm/node-versions/v22.23.2/installation/bin/node c1-cancel-refused.mjs ws-eb b draining alice
# c1-draining-alice-early-ws-eb  db=h9  2026-10-04T17:10:07.641Z
PASS  initial Turn COMPLETED  -> d744c519-0500-43b5-9ccb-c4e00b201d1f
PASS  later Turn admitted  -> 202 turn_73caeb9af9fe4ec1a009e9deb909f548
NOTE  cancel by alice under draining  -> 202 accepted in 5 ms; workspaceTurns=false
NOTE  refusal lifted  -> +1064 ms
NOTE  Turn end  -> CANCELLED  at +1078 ms
NOTE  model request  -> aborted after 44 ms
NOTE  Workspace file child/late-draining-9134.txt  -> null
NOTE  tool executions added by the later Turn  -> 0
NOTE  next later Turn after restore  -> 202  -> COMPLETED; file=AFTER
NOTE  Turn history  -> [["turn_1cadf5f41d2b4930a8a40145e13b326d","COMPLETED","","0"],["turn_73caeb9af9fe4ec1a009e9deb909f548","CANCELLED","","0"],["turn_96f2b4e049f444c7924743e54a3114f4","COMPLETED","","0"]]
NOTE  command rows  -> [["SUBMIT_TURN","COMPLETED"],["CANCEL_TURN","COMPLETED"],["SUBMIT_TURN","COMPLETED"]]
== c1-draining-alice-early-ws-eb: 2 passed, 0 failed
RC=0
### /Users/wenshao/.local/share/fnm/node-versions/v22.23.2/installation/bin/node c1-cancel-refused.mjs ws-d d storage alice
# c1-storage-alice-late-ws-d  db=h9  2026-10-04T17:10:12.806Z
PASS  initial Turn COMPLETED  -> 573e9c62-00f6-487b-9177-ff9eb5b7c052
PASS  later Turn admitted  -> 202 turn_cf0f75bd5cd14421b521ecb9ab0055c1
NOTE  cancel by alice under storage  -> 202 accepted in 5 ms; workspaceTurns=false
NOTE  Turn end  -> CANCELLED  at +262 ms
NOTE  model request  -> aborted after 50 ms
NOTE  Workspace file child/late-storage-14296.txt  -> null
NOTE  tool executions added by the later Turn  -> 0
NOTE  refusal lifted after the Turn ended  -> +1813 ms
NOTE  next later Turn after restore  -> 202  -> COMPLETED; file=AFTER
NOTE  Turn history  -> [["turn_7411ec61d63f4c8caf73eba13383b9a7","COMPLETED","","0"],["turn_cf0f75bd5cd14421b521ecb9ab0055c1","CANCELLED","","0"],["turn_ea0eb49b302c420683ba7fd2d9194571","COMPLETED","","0"]]
NOTE  command rows  -> [["SUBMIT_TURN","COMPLETED"],["CANCEL_TURN","COMPLETED"],["SUBMIT_TURN","COMPLETED"]]
== c1-storage-alice-late-ws-d: 2 passed, 0 failed
RC=0
### /Users/wenshao/.local/share/fnm/node-versions/v22.23.2/installation/bin/node c1-cancel-refused.mjs ws-e e unread alice
# c1-unread-alice-late-ws-e  db=h9  2026-10-04T17:10:17.181Z
PASS  initial Turn COMPLETED  -> 833781fd-89a4-437f-bdfd-36baf5168350
PASS  later Turn admitted  -> 202 turn_f37704340e0e45698adbbaf3132ab290
NOTE  cancel by alice under unread  -> 404 session_not_found in 3 ms; workspaceTurns=undefined
NOTE  Turn end  -> FAILED hosted_turn_failed at +30418 ms
NOTE  model request  -> NOT aborted: answered with write_file after 30000 ms
NOTE  Workspace file child/late-unread-18451.txt  -> null
NOTE  tool executions added by the later Turn  -> 0
NOTE  refusal lifted after the Turn ended  -> +31975 ms
NOTE  next later Turn after restore  -> 202  -> COMPLETED; file=AFTER
NOTE  Turn history  -> [["turn_a0599161b35b4869bdd8a5a7d5b9fd9e","COMPLETED","","0"],["turn_f37704340e0e45698adbbaf3132ab290","FAILED","hosted_turn_failed","0"],["turn_540e3f816ea3430884d782e38d84371f","COMPLETED","","0"]]
NOTE  command rows  -> [["SUBMIT_TURN","COMPLETED"],["SUBMIT_TURN","COMPLETED"]]
== c1-unread-alice-late-ws-e: 2 passed, 0 failed
RC=0
### /Users/wenshao/.local/share/fnm/node-versions/v22.23.2/installation/bin/node c1-cancel-refused.mjs ws-f f control alice
# c1-control-alice-late-ws-f  db=h9  2026-10-04T17:10:51.284Z
PASS  initial Turn COMPLETED  -> b383d8d0-45a8-476d-a616-13088dde2a07
PASS  later Turn admitted  -> 202 turn_5bdc6916925949ad85b05e3a1e6bbd6d
NOTE  cancel by alice under control  -> 202 accepted in 4 ms; workspaceTurns=true
NOTE  Turn end  -> CANCELLED  at +248 ms
NOTE  model request  -> aborted after 42 ms
NOTE  Workspace file child/late-control-52768.txt  -> null
NOTE  tool executions added by the later Turn  -> 0
NOTE  refusal lifted after the Turn ended  -> +1799 ms
NOTE  next later Turn after restore  -> 202  -> COMPLETED; file=AFTER
NOTE  Turn history  -> [["turn_dd226b2dfc1940eb8bfc3ea75573ea37","COMPLETED","","0"],["turn_5bdc6916925949ad85b05e3a1e6bbd6d","CANCELLED","","0"],["turn_1d101bf3632f40228fadbe37ec3fcaa5","COMPLETED","","0"]]
NOTE  command rows  -> [["SUBMIT_TURN","COMPLETED"],["CANCEL_TURN","COMPLETED"],["SUBMIT_TURN","COMPLETED"]]
== c1-control-alice-late-ws-f: 2 passed, 0 failed
RC=0
### env HOLD=15000 /Users/wenshao/.local/share/fnm/node-versions/v22.23.2/installation/bin/node c1-cancel-refused.mjs ws-g g control bob
# c1-control-bob-late-ws-g  db=h9  2026-10-04T17:10:55.429Z
PASS  initial Turn COMPLETED  -> 2c8bef2a-b253-49df-a2ec-923067a940e3
PASS  later Turn admitted  -> 202 turn_98a717408cb0498897c7bd773fa41b70
NOTE  cancel by bob under control  -> 409 workspace_unavailable in 4 ms; workspaceTurns=true
NOTE  Turn end  -> COMPLETED  at +15723 ms
NOTE  model request  -> NOT aborted: answered with write_file after 15000 ms
NOTE  Workspace file child/late-control-56900.txt  -> written-after-cancel
NOTE  tool executions added by the later Turn  -> 1
NOTE  refusal lifted after the Turn ended  -> +17271 ms
NOTE  next later Turn after restore  -> 202  -> COMPLETED; file=AFTER
NOTE  Turn history  -> [["turn_5898cdf48b8744e1bc87f66055a5d181","COMPLETED","","0"],["turn_98a717408cb0498897c7bd773fa41b70","COMPLETED","","0"],["turn_4f2add92a78e41aab061501dcb03343c","COMPLETED","","0"]]
NOTE  command rows  -> [["SUBMIT_TURN","COMPLETED"],["SUBMIT_TURN","COMPLETED"]]
== c1-control-bob-late-ws-g: 2 passed, 0 failed
RC=0
### env HOLD=15000 /Users/wenshao/.local/share/fnm/node-versions/v22.23.2/installation/bin/node c1-cancel-refused.mjs ws-g g control carol
# c1-control-carol-late-ws-g  db=h9  2026-10-04T17:11:15.360Z
PASS  initial Turn COMPLETED  -> 1edd106d-8184-4808-bc8b-01033d1e44d7
PASS  later Turn admitted  -> 202 turn_ea01b1cb9c2c4b82b3d1eedf5f41876a
NOTE  cancel by carol under control  -> 409 workspace_unavailable in 4 ms; workspaceTurns=true
NOTE  Turn end  -> COMPLETED  at +15625 ms
NOTE  model request  -> NOT aborted: answered with write_file after 15000 ms
NOTE  Workspace file child/late-control-76794.txt  -> written-after-cancel
NOTE  tool executions added by the later Turn  -> 1
NOTE  refusal lifted after the Turn ended  -> +17176 ms
NOTE  next later Turn after restore  -> 202  -> COMPLETED; file=AFTER
NOTE  Turn history  -> [["turn_a12ae9c1fc9e449d9e46542ea0ad545e","COMPLETED","","0"],["turn_ea01b1cb9c2c4b82b3d1eedf5f41876a","COMPLETED","","0"],["turn_eb78a435466d494f955696717b2f68dd","COMPLETED","","0"]]
NOTE  command rows  -> [["SUBMIT_TURN","COMPLETED"],["SUBMIT_TURN","COMPLETED"]]
== c1-control-carol-late-ws-g: 2 passed, 0 failed
RC=0
### env HOLD=15000 /Users/wenshao/.local/share/fnm/node-versions/v22.23.2/installation/bin/node c1-cancel-refused.mjs ws-g g control mallory
# c1-control-mallory-late-ws-g  db=h9  2026-10-04T17:11:35.052Z
PASS  initial Turn COMPLETED  -> 7f1f25a9-2ec9-4b93-9ba0-bd29c0e6fc74
PASS  later Turn admitted  -> 202 turn_2f8d6b90fb724d18aee0413fd5674f21
NOTE  cancel by mallory under control  -> 404 session_not_found in 3 ms; workspaceTurns=true
NOTE  Turn end  -> COMPLETED  at +15688 ms
NOTE  model request  -> NOT aborted: answered with write_file after 15000 ms
NOTE  Workspace file child/late-control-96245.txt  -> written-after-cancel
NOTE  tool executions added by the later Turn  -> 1
NOTE  refusal lifted after the Turn ended  -> +17239 ms
NOTE  next later Turn after restore  -> 202  -> COMPLETED; file=AFTER
NOTE  Turn history  -> [["turn_52dd16b166c54e328229026674298b26","COMPLETED","","0"],["turn_2f8d6b90fb724d18aee0413fd5674f21","COMPLETED","","0"],["turn_3644e7853b0d417fa26e7e99efe343ac","COMPLETED","","0"]]
NOTE  command rows  -> [["SUBMIT_TURN","COMPLETED"],["SUBMIT_TURN","COMPLETED"]]
== c1-control-mallory-late-ws-g: 2 passed, 0 failed
RC=0
### env HOLD=15000 /Users/wenshao/.local/share/fnm/node-versions/v22.23.2/installation/bin/node c1-cancel-refused.mjs ws-g g revoke bob
# c1-revoke-bob-late-ws-g  db=h9  2026-10-04T17:11:54.558Z
PASS  initial Turn COMPLETED  -> 77642fc2-82d9-497d-a9be-4c62b2329f1d
PASS  later Turn admitted  -> 202 turn_dca187a9603e491195826e67ef1ab855
NOTE  cancel by bob under revoke  -> 409 workspace_unavailable in 3 ms; workspaceTurns=false
NOTE  Turn end  -> FAILED hosted_turn_failed at +15425 ms
NOTE  model request  -> NOT aborted: answered with write_file after 15000 ms
NOTE  Workspace file child/late-revoke-15966.txt  -> null
NOTE  tool executions added by the later Turn  -> 0
NOTE  refusal lifted after the Turn ended  -> +16974 ms
NOTE  next later Turn after restore  -> 202  -> COMPLETED; file=AFTER
NOTE  Turn history  -> [["turn_da56d76ceb324b9487144d897ceb2f8b","COMPLETED","","0"],["turn_dca187a9603e491195826e67ef1ab855","FAILED","hosted_turn_failed","0"],["turn_73a82f1a23424d45b105605a9905322f","COMPLETED","","0"]]
NOTE  command rows  -> [["SUBMIT_TURN","COMPLETED"],["SUBMIT_TURN","COMPLETED"]]
== c1-revoke-bob-late-ws-g: 2 passed, 0 failed
RC=0
### /Users/wenshao/.local/share/fnm/node-versions/v22.23.2/installation/bin/node c5-regen-admission.mjs ws-c5a a regen
# c5-regen-ws-c5a  db=h9  2026-10-04T17:12:14.012Z
PASS  initial Turn COMPLETED  -> f86baa2c-3041-4bb9-b7a8-e5c46bf27af6
NOTE  after regen: capability  -> workspaceTurns=false
NOTE  after regen: submit  -> 409 workspace_unavailable in 5 ms; turn=-; model calls +0
NOTE  after regen: rename  -> 409 workspace_unavailable
NOTE  rows before -> after the refused requests  -> {"turns":1,"commands":[]} -> {"turns":1,"commands":[]}
PASS  submit refused 409 workspace_unavailable  -> 409 workspace_unavailable
PASS  no Turn row written  -> 1 -> 1
PASS  rename refused 409  -> 409 workspace_unavailable
PASS  no command row written  -> 0 -> 0
PASS  after restore: rename 200 and later Turn COMPLETED  -> 200 restored regen; 202 COMPLETED
NOTE  Turn history  -> [["turn_ba493ba94b484a498b0122d140ce4884","COMPLETED","","0"],["turn_7061e30b2bf9471a9accd6e99e58f5ee","COMPLETED","","0"]]
== c5-regen-ws-c5a: 6 passed, 0 failed
RC=0
### /Users/wenshao/.local/share/fnm/node-versions/v22.23.2/installation/bin/node c5-regen-admission.mjs ws-c5b b storage
# c5-storage-ws-c5b  db=h9  2026-10-04T17:12:16.783Z
PASS  initial Turn COMPLETED  -> b3760191-76e6-49f2-8c96-3f7a07346c3a
NOTE  after storage: capability  -> workspaceTurns=false
NOTE  after storage: submit  -> 409 workspace_unavailable in 6 ms; turn=-; model calls +0
NOTE  after storage: rename  -> 409 workspace_unavailable
NOTE  rows before -> after the refused requests  -> {"turns":1,"commands":[]} -> {"turns":1,"commands":[]}
PASS  submit refused 409 workspace_unavailable  -> 409 workspace_unavailable
PASS  no Turn row written  -> 1 -> 1
PASS  rename refused 409  -> 409 workspace_unavailable
PASS  no command row written  -> 0 -> 0
PASS  after restore: rename 200 and later Turn COMPLETED  -> 200 restored storage; 202 COMPLETED
NOTE  Turn history  -> [["turn_a54c1a5b31074550b4a108ebf25f89ef","COMPLETED","","0"],["turn_583033f63d4f48f39cdf2860a08b0131","COMPLETED","","0"]]
== c5-storage-ws-c5b: 6 passed, 0 failed
RC=0
### /Users/wenshao/.local/share/fnm/node-versions/v22.23.2/installation/bin/node c7-replay-order.mjs ws-c7 c
# c7-replay-order-ws-c7  db=h9  2026-10-04T17:12:19.307Z
PASS  initial Turn COMPLETED  -> 0b2fe411-469b-4a1d-af94-9ead77cb721e
NOTE  alice: submit K1 / rename R1  -> 202 turn_4fef803aef254fcca0d6657675ac29f7; 200 private title
NOTE  mallory: GET session / replay alice's submit key / replay alice's rename key  -> {"actor":"mallory","read":404,"submitReplay":"404 session_not_found replay=-","renameReplay":"404 session_not_found"}
NOTE  bob: GET session / replay alice's submit key / replay alice's rename key  -> {"actor":"bob","read":200,"submitReplay":"409 workspace_unavailable replay=-","renameReplay":"409 workspace_unavailable"}
NOTE  carol: GET session / replay alice's submit key / replay alice's rename key  -> {"actor":"carol","read":200,"submitReplay":"409 workspace_unavailable replay=-","renameReplay":"409 workspace_unavailable"}
NOTE  alice after can_create revoked: replay K1 / R1  -> 202 turn_4fef803aef254fcca0d6657675ac29f7; 200 private title
NOTE  Turn history (no new Turn from replays)  -> [["turn_fd40eacffca64d4f90aa3d26122a5bfe","COMPLETED","","0"],["turn_4fef803aef254fcca0d6657675ac29f7","COMPLETED","","0"]]
== c7-replay-order-ws-c7: 1 passed, 0 failed
RC=0
### /Users/wenshao/.local/share/fnm/node-versions/v22.23.2/installation/bin/node c8-rename-refused.mjs bound ws-c8 d respond400
# c8-bound-respond400  db=h9  2026-10-04T17:12:21.201Z
PASS  initial Turn COMPLETED  -> 1945f707-4f3a-4fa7-b32e-8f57b3ff235f
NOTE  rename under respond400  -> 503 hosted_harness_unavailable; command rows ["rename-1791133941287-a03b:FAILED"]
NOTE  same key, same title, fault cleared  -> 200 first title replay=true; rows ["rename-1791133941287-a03b:COMPLETED"]
NOTE  fresh key  -> 200 second title; rows ["fresh-1791133941287-a03b:COMPLETED","rename-1791133941287-a03b:COMPLETED"]
NOTE  POST /title calls seen by the tap  -> ["respond:400","pass:200","pass:200"]
NOTE  session.* events  -> ["session.created ","session.update.requested control:RENAME_SESSION:rename-1791133941287-a03b:requested","session.updated control:RENAME_SESSION:rename-1791133941287-a03b:completed","session.update.requested control:RENAME_SESSION:fresh-1791133941287-a03b:requested","session.updated control:RENAME_SESSION:fresh-1791133941287-a03b:completed"]
== c8-bound-respond400: 1 passed, 0 failed
RC=0
### /Users/wenshao/.local/share/fnm/node-versions/v22.23.2/installation/bin/node c8-rename-refused.mjs bound ws-c8 d respond404
# c8-bound-respond404  db=h9  2026-10-04T17:12:22.875Z
PASS  initial Turn COMPLETED  -> 9d1c96cc-e38a-4846-b1bb-5ff5ccf9adae
NOTE  rename under respond404  -> 503 hosted_harness_unavailable; command rows ["rename-1791133942892-ef50:FAILED"]
NOTE  same key, same title, fault cleared  -> 200 first title replay=true; rows ["rename-1791133942892-ef50:COMPLETED"]
NOTE  fresh key  -> 200 second title; rows ["fresh-1791133942892-ef50:COMPLETED","rename-1791133942892-ef50:COMPLETED"]
NOTE  POST /title calls seen by the tap  -> ["respond:404","pass:200","pass:200"]
NOTE  session.* events  -> ["session.created ","session.update.requested control:RENAME_SESSION:rename-1791133942892-ef50:requested","session.updated control:RENAME_SESSION:rename-1791133942892-ef50:completed","session.update.requested control:RENAME_SESSION:fresh-1791133942892-ef50:requested","session.updated control:RENAME_SESSION:fresh-1791133942892-ef50:completed"]
== c8-bound-respond404: 1 passed, 0 failed
RC=0
### /Users/wenshao/.local/share/fnm/node-versions/v22.23.2/installation/bin/node c8-rename-refused.mjs bound ws-c8 d respond500
# c8-bound-respond500  db=h9  2026-10-04T17:12:24.482Z
PASS  initial Turn COMPLETED  -> c062aee3-17c3-4d2f-b012-f44af3654f50
NOTE  rename under respond500  -> 503 hosted_harness_unavailable; command rows ["rename-1791133944501-a326:FAILED"]
NOTE  same key, same title, fault cleared  -> 200 first title replay=true; rows ["rename-1791133944501-a326:COMPLETED"]
NOTE  fresh key  -> 200 second title; rows ["fresh-1791133944501-a326:COMPLETED","rename-1791133944501-a326:COMPLETED"]
NOTE  POST /title calls seen by the tap  -> ["respond:500","pass:200","pass:200"]
NOTE  session.* events  -> ["session.created ","session.update.requested control:RENAME_SESSION:rename-1791133944501-a326:requested","session.updated control:RENAME_SESSION:rename-1791133944501-a326:completed","session.update.requested control:RENAME_SESSION:fresh-1791133944501-a326:requested","session.updated control:RENAME_SESSION:fresh-1791133944501-a326:completed"]
== c8-bound-respond500: 1 passed, 0 failed
RC=0
### /Users/wenshao/.local/share/fnm/node-versions/v22.23.2/installation/bin/node c8-rename-refused.mjs bound ws-c8 d drop-before
# c8-bound-drop-before  db=h9  2026-10-04T17:12:26.089Z
PASS  initial Turn COMPLETED  -> 7af18d79-0a5e-4f2f-a265-6f55a2949b54
NOTE  rename under drop-before  -> 503 hosted_harness_unavailable; command rows ["rename-1791133946106-2b44:FAILED"]
NOTE  same key, same title, fault cleared  -> 200 first title replay=true; rows ["rename-1791133946106-2b44:COMPLETED"]
NOTE  fresh key  -> 200 second title; rows ["fresh-1791133946106-2b44:COMPLETED","rename-1791133946106-2b44:COMPLETED"]
NOTE  POST /title calls seen by the tap  -> ["drop-before:-","pass:200","pass:200"]
NOTE  session.* events  -> ["session.created ","session.update.requested control:RENAME_SESSION:rename-1791133946106-2b44:requested","session.updated control:RENAME_SESSION:rename-1791133946106-2b44:completed","session.update.requested control:RENAME_SESSION:fresh-1791133946106-2b44:requested","session.updated control:RENAME_SESSION:fresh-1791133946106-2b44:completed"]
== c8-bound-drop-before: 1 passed, 0 failed
RC=0
### /Users/wenshao/.local/share/fnm/node-versions/v22.23.2/installation/bin/node c8-rename-refused.mjs unbound - - respond400
# c8-unbound-respond400  db=h9  2026-10-04T17:12:27.936Z
PASS  initial Turn COMPLETED  -> 5cce8ac5-c803-406c-8dd6-a2577483b90c
NOTE  rename under respond400  -> 503 hosted_harness_unavailable; command rows ["rename-1791133947938-83dd:FAILED"]
NOTE  same key, same title, fault cleared  -> 200 first title replay=true; rows ["rename-1791133947938-83dd:COMPLETED"]
NOTE  fresh key  -> 200 second title; rows ["fresh-1791133947938-83dd:COMPLETED","rename-1791133947938-83dd:COMPLETED"]
NOTE  POST /title calls seen by the tap  -> ["respond:400","pass:200","pass:200"]
NOTE  session.* events  -> ["session.created ","session.update.requested control:RENAME_SESSION:rename-1791133947938-83dd:requested","session.updated control:RENAME_SESSION:rename-1791133947938-83dd:completed","session.update.requested control:RENAME_SESSION:fresh-1791133947938-83dd:requested","session.updated control:RENAME_SESSION:fresh-1791133947938-83dd:completed"]
== c8-unbound-respond400: 1 passed, 0 failed
RC=0
### /Users/wenshao/.local/share/fnm/node-versions/v22.23.2/installation/bin/node c8-rename-refused.mjs unbound - - respond500
# c8-unbound-respond500  db=h9  2026-10-04T17:12:28.867Z
PASS  initial Turn COMPLETED  -> 79b25eff-a645-4e9a-8382-106a93acaf2d
NOTE  rename under respond500  -> 503 hosted_harness_unavailable; command rows ["rename-1791133948869-f795:FAILED"]
NOTE  same key, same title, fault cleared  -> 200 first title replay=true; rows ["rename-1791133948869-f795:COMPLETED"]
NOTE  fresh key  -> 200 second title; rows ["fresh-1791133948869-f795:COMPLETED","rename-1791133948869-f795:COMPLETED"]
NOTE  POST /title calls seen by the tap  -> ["respond:500","pass:200","pass:200"]
NOTE  session.* events  -> ["session.created ","session.update.requested control:RENAME_SESSION:rename-1791133948869-f795:requested","session.updated control:RENAME_SESSION:rename-1791133948869-f795:completed","session.update.requested control:RENAME_SESSION:fresh-1791133948869-f795:requested","session.updated control:RENAME_SESSION:fresh-1791133948869-f795:completed"]
== c8-unbound-respond500: 1 passed, 0 failed
RC=0
### /Users/wenshao/.local/share/fnm/node-versions/v22.23.2/installation/bin/node c3-lost-delivery.mjs bound ws-c3 e drop-before 1
# c3-bound-drop-before-x1  db=h9  2026-10-04T17:12:29.803Z
PASS  initial Turn COMPLETED  -> 3421c5bd-08ea-4270-b7a6-740c209ee936
NOTE  cancel admission  -> 202 accepted
NOTE  POST /cancel attempts seen by the tap (ms after the cancel)  -> [{"at":12,"fault":"drop-before","status":null},{"at":19607,"fault":null,"status":204}]
NOTE  Turn end  -> CANCELLED  at +19837 ms
NOTE  model  -> aborted after 19932 ms held
NOTE  Workspace file written by the cancelled Turn  -> null; executions added=0
PASS  Turn ended CANCELLED  -> CANCELLED
PASS  cancel delivered after 1 lost attempt(s)  -> 2 attempts
NOTE  Turn history  -> [["turn_8c6deba9a01b4fe6a34030ee75a5fc82","COMPLETED","","0"],["turn_547d6f8b04e3425c9477862c27856dfa","CANCELLED","","0"]]
== c3-bound-drop-before-x1: 3 passed, 0 failed
RC=0
### /Users/wenshao/.local/share/fnm/node-versions/v22.23.2/installation/bin/node c3-lost-delivery.mjs unbound - - drop-before 1
# c3-unbound-drop-before-x1  db=h9  2026-10-04T17:12:53.119Z
PASS  initial Turn COMPLETED  -> 75a64209-081a-4e3d-bd16-eee974161eba
NOTE  cancel admission  -> 202 accepted
NOTE  POST /cancel attempts seen by the tap (ms after the cancel)  -> [{"at":13,"fault":"drop-before","status":null},{"at":19606,"fault":null,"status":204}]
NOTE  Turn end  -> CANCELLED  at +19870 ms
NOTE  model  -> aborted after 19933 ms held
PASS  Turn ended CANCELLED  -> CANCELLED
PASS  cancel delivered after 1 lost attempt(s)  -> 2 attempts
NOTE  Turn history  -> [["turn_2441daae49fa430a9ba397f2ee4489c9","COMPLETED","","0"],["turn_b7a71219bb71432ab113434958cdd4e1","CANCELLED","","0"]]
== c3-unbound-drop-before-x1: 3 passed, 0 failed
RC=0
BATCH-DONE 17:13:15
