### c14 revoke
started b4727621-3dc4-4c2a-a491-7be8066dea29 turn=turn_77b683d816ca4016bd7bdf40fbb9df73 initial=COMPLETED mode=revoke
stopped spring pid=94295 sig=TERM
spring up after 4s
# c14-cold-cache-revoke-ws-krevoke-n9  db=h9  2026-10-04T17:13:48.060Z
NOTE  Turn before the cancel (after the Spring restart)  -> ["turn_77b683d816ca4016bd7bdf40fbb9df73","RUNNING","","2"]
NOTE  creator cancel after the restart  -> 202 accepted
NOTE  Turn 90 s after the cancel  -> CANCELLED  at +3070 ms
NOTE  POST /cancel calls reaching the Harness  -> [{"at":2821,"status":204}]
NOTE  other Harness calls for the Session since the restart  -> ["POST /session/:id/prompt 202","POST /session/:id/load 200","POST /session/:id/cancel 204"]
NOTE  model request  -> aborted after 6756 ms
NOTE  Turn 60 s after can_create was restored  -> CANCELLED  
NOTE  Workspace file  -> null
NOTE  Turn history  -> [["turn_686c8aa9f93140ccb178f3e40e392a1d","COMPLETED","","0"],["turn_77b683d816ca4016bd7bdf40fbb9df73","CANCELLED","","2"]]
== c14-cold-cache-revoke-ws-krevoke-n9: 0 passed, 0 failed
### c14 none
started f7b94766-c6d2-489b-98da-9a658e15e683 turn=turn_71be108ca5c54244ad6927ad94c29597 initial=COMPLETED mode=none
stopped spring pid=3524 sig=TERM
spring up after 4s
# c14-cold-cache-none-ws-knone-n9  db=h9  2026-10-04T17:13:57.483Z
NOTE  Turn before the cancel (after the Spring restart)  -> ["turn_71be108ca5c54244ad6927ad94c29597","RUNNING","","2"]
NOTE  creator cancel after the restart  -> 202 accepted
NOTE  Turn 90 s after the cancel  -> CANCELLED  at +2842 ms
NOTE  POST /cancel calls reaching the Harness  -> [{"at":2625,"status":204}]
NOTE  other Harness calls for the Session since the restart  -> ["POST /session/:id/prompt 202","POST /session/:id/load 409","POST /session/:id/load 200","POST /session/:id/cancel 204"]
NOTE  model request  -> aborted after 6479 ms
NOTE  Turn 60 s after can_create was restored  -> CANCELLED  
NOTE  Workspace file  -> null
NOTE  Turn history  -> [["turn_ef3f0b78d7b04302a72e6a4d7c30e4b2","COMPLETED","","0"],["turn_71be108ca5c54244ad6927ad94c29597","CANCELLED","","2"]]
== c14-cold-cache-none-ws-knone-n9: 0 passed, 0 failed
### w1 none restart
started 127c2c75-1487-49d6-b9f4-262e59df9a1c turn=turn_87ba53987f01457e82e938aab96d0957 env=["12:provisioning","13:ready"] mode=none
stopped spring pid=3787 sig=TERM
spring up after 4s
# w1-observe-none-ws-wnone-n9  db=h9  2026-10-04T17:14:06.794Z
NOTE  environment events before the restart  -> ["12:provisioning","13:ready"]
NOTE  WebShell environment before the restart  -> {"state":"ready"} turn=- workspaceTurns=true
NOTE  environment events 25 s after the restart (no cancel)  -> ["12:provisioning","13:ready"]
NOTE  WebShell environment 25 s after the restart  -> {"state":"ready"} turn=- workspaceTurns=true
NOTE  Turn  -> ["turn_87ba53987f01457e82e938aab96d0957","RUNNING","","5"]
== w1-observe-none-ws-wnone-n9: 0 passed, 0 failed
# w1-cancel-none-ws-wnone-n9  db=h9  2026-10-04T17:14:31.937Z
NOTE  WebShell turns/cancel by the creator  -> 202 accepted
NOTE  Turn end  -> CANCELLED  at +6160 ms
NOTE  environment events after the cancel  -> ["12:provisioning","13:ready"]
NOTE  WebShell environment after the cancel  -> {"state":"ready"} turn=- workspaceTurns=true
NOTE  Turn after restore  -> CANCELLED 
NOTE  next Turn after restore  -> 202 FAILED; WebShell {"state":"starting"} turn=- workspaceTurns=true
NOTE  Turn history  -> [["turn_ae8fe31f49ad4c80aad9c1795611101a","COMPLETED","","0"],["turn_87ba53987f01457e82e938aab96d0957","CANCELLED","","5"],["turn_0fe1ca19b40b4728b24399558407564c","FAILED","hosted_turn_failed","0"]]
== w1-cancel-none-ws-wnone-n9: 0 passed, 0 failed
### w1 revoke restart
started a8e6e396-e0d7-41ad-a00b-42a4c6896336 turn=turn_b765f302d09a4826bd501a4863fd4005 env=["12:provisioning","13:ready"] mode=revoke
stopped spring pid=4115 sig=TERM
spring up after 5s
# w1-observe-revoke-ws-wrevoke-n9  db=h9  2026-10-04T17:15:27.570Z
NOTE  environment events before the restart  -> ["12:provisioning","13:ready"]
NOTE  WebShell environment before the restart  -> {"state":"ready"} turn=- workspaceTurns=false
NOTE  environment events 25 s after the restart (no cancel)  -> ["12:provisioning","13:ready"]
NOTE  WebShell environment 25 s after the restart  -> {"state":"ready"} turn=- workspaceTurns=false
NOTE  Turn  -> ["turn_b765f302d09a4826bd501a4863fd4005","RUNNING","","0"]
== w1-observe-revoke-ws-wrevoke-n9: 0 passed, 0 failed
# w1-cancel-revoke-ws-wrevoke-n9  db=h9  2026-10-04T17:15:52.743Z
NOTE  WebShell turns/cancel by the creator  -> 202 accepted
NOTE  Turn end  -> CANCELLED  at +20867 ms
NOTE  environment events after the cancel  -> ["12:provisioning","13:ready"]
NOTE  WebShell environment after the cancel  -> {"state":"ready"} turn=- workspaceTurns=false
NOTE  Turn after restore  -> CANCELLED 
NOTE  next Turn after restore  -> 202 FAILED; WebShell {"state":"starting"} turn=- workspaceTurns=true
NOTE  Turn history  -> [["turn_2dee486a388f417e86a4a5e36e461905","COMPLETED","","0"],["turn_b765f302d09a4826bd501a4863fd4005","CANCELLED","","0"],["turn_2aaec2d501374e9c830aa3ca3a5b411c","FAILED","hosted_turn_failed","0"]]
== w1-cancel-revoke-ws-wrevoke-n9: 0 passed, 0 failed
### w1 revoke-drain restart
started 03c38480-15a3-44af-9c1a-c0887fcb6ca1 turn=turn_92fe08b6d2e04679bc65e473654c3f9e env=["12:provisioning","13:ready"] mode=revoke-drain
stopped spring pid=6293 sig=TERM
spring up after 5s
# w1-observe-revoke-drain-ws-wrevoke-drain-n9  db=h9  2026-10-04T17:17:03.824Z
NOTE  environment events before the restart  -> ["12:provisioning","13:ready"]
NOTE  WebShell environment before the restart  -> {"state":"ready"} turn=- workspaceTurns=false
NOTE  environment events 25 s after the restart (no cancel)  -> ["12:provisioning","13:ready"]
NOTE  WebShell environment 25 s after the restart  -> {"state":"ready"} turn=- workspaceTurns=false
NOTE  Turn  -> ["turn_92fe08b6d2e04679bc65e473654c3f9e","RUNNING","","0"]
== w1-observe-revoke-drain-ws-wrevoke-drain-n9: 0 passed, 0 failed
# w1-cancel-revoke-drain-ws-wrevoke-drain-n9  db=h9  2026-10-04T17:17:28.978Z
NOTE  WebShell turns/cancel by the creator  -> 202 accepted
NOTE  Turn end  -> CANCELLED  at +20659 ms
NOTE  environment events after the cancel  -> ["12:provisioning","13:ready"]
NOTE  WebShell environment after the cancel  -> {"state":"ready"} turn=- workspaceTurns=false
NOTE  Turn after restore  -> CANCELLED 
NOTE  next Turn after restore  -> 202 FAILED; WebShell {"state":"starting"} turn=- workspaceTurns=true
NOTE  Turn history  -> [["turn_f2d199e83582498c919e8e3ebbd335d3","COMPLETED","","0"],["turn_92fe08b6d2e04679bc65e473654c3f9e","CANCELLED","","0"],["turn_08becb6d96c7423bbdad98427fdaf185","FAILED","hosted_turn_failed","0"]]
== w1-cancel-revoke-drain-ws-wrevoke-drain-n9: 0 passed, 0 failed
### w1 revoke-drain norestart
started 8afc8272-af03-4e35-9b34-1a8c3d83e367 turn=turn_75e3fb40e76343b6b5c04bf5993173e3 env=["12:provisioning","13:ready"] mode=revoke-drain
# w1-observe-revoke-drain-ws-wnr-n9  db=h9  2026-10-04T17:18:24.749Z
NOTE  environment events before the restart  -> ["12:provisioning","13:ready"]
NOTE  WebShell environment before the restart  -> {"state":"ready"} turn=- workspaceTurns=false
NOTE  environment events 25 s after the restart (no cancel)  -> ["12:provisioning","13:ready"]
NOTE  WebShell environment 25 s after the restart  -> {"state":"ready"} turn=- workspaceTurns=false
NOTE  Turn  -> ["turn_75e3fb40e76343b6b5c04bf5993173e3","RUNNING","","0"]
== w1-observe-revoke-drain-ws-wnr-n9: 0 passed, 0 failed
# w1-cancel-revoke-drain-ws-wnr-n9  db=h9  2026-10-04T17:18:49.882Z
NOTE  WebShell turns/cancel by the creator  -> 202 accepted
NOTE  Turn end  -> CANCELLED  at +295 ms
NOTE  environment events after the cancel  -> ["12:provisioning","13:ready"]
NOTE  WebShell environment after the cancel  -> {"state":"ready"} turn=- workspaceTurns=false
NOTE  Turn after restore  -> CANCELLED 
NOTE  next Turn after restore  -> 202 COMPLETED; WebShell {"state":"ready"} turn=- workspaceTurns=true
NOTE  Turn history  -> [["turn_ac26badc53ec48d78b7d9793ae65c62e","COMPLETED","","0"],["turn_75e3fb40e76343b6b5c04bf5993173e3","CANCELLED","","0"],["turn_975b1211c63647ceb149edccbde719b9","COMPLETED","","0"]]
== w1-cancel-revoke-drain-ws-wnr-n9: 0 passed, 0 failed
RESTART9-DONE 17:18:54
